[2026-06-29T09:25:17.559+0000] {local_task_job_runner.py:120} INFO - ::group::Pre task execution logs
[2026-06-29T09:25:17.667+0000] {taskinstance.py:2076} INFO - Dependencies all met for dep_context=non-requeueable deps ti=<TaskInstance: weather_daily_dag.transform_clean scheduled__2026-06-28T00:00:00+00:00 [queued]>
[2026-06-29T09:25:17.693+0000] {taskinstance.py:2076} INFO - Dependencies all met for dep_context=requeueable deps ti=<TaskInstance: weather_daily_dag.transform_clean scheduled__2026-06-28T00:00:00+00:00 [queued]>
[2026-06-29T09:25:17.694+0000] {taskinstance.py:2306} INFO - Starting attempt 1 of 4
[2026-06-29T09:25:17.748+0000] {taskinstance.py:2330} INFO - Executing <Task(PythonOperator): transform_clean> on 2026-06-28 00:00:00+00:00
[2026-06-29T09:25:17.778+0000] {warnings.py:110} WARNING - /home/***/.local/lib/python3.12/site-packages/***/task/task_runner/standard_task_runner.py:61: DeprecationWarning: This process (pid=185) is multi-threaded, use of fork() may lead to deadlocks in the child.
  pid = os.fork()

[2026-06-29T09:25:17.781+0000] {standard_task_runner.py:63} INFO - Started process 189 to run task
[2026-06-29T09:25:17.783+0000] {standard_task_runner.py:90} INFO - Running: ['***', 'tasks', 'run', 'weather_daily_dag', 'transform_clean', 'scheduled__2026-06-28T00:00:00+00:00', '--job-id', '7', '--raw', '--subdir', 'DAGS_FOLDER/weather_etl_dag.py', '--cfg-path', '/tmp/tmpv1vxbln7']
[2026-06-29T09:25:17.796+0000] {standard_task_runner.py:91} INFO - Job 7: Subtask transform_clean
[2026-06-29T09:25:17.950+0000] {task_command.py:426} INFO - Running <TaskInstance: weather_daily_dag.transform_clean scheduled__2026-06-28T00:00:00+00:00 [running]> on host 154fe34466cc
[2026-06-29T09:25:18.273+0000] {taskinstance.py:2648} INFO - Exporting env vars: AIRFLOW_CTX_DAG_OWNER='elia' AIRFLOW_CTX_DAG_ID='weather_daily_dag' AIRFLOW_CTX_TASK_ID='transform_clean' AIRFLOW_CTX_EXECUTION_DATE='2026-06-28T00:00:00+00:00' AIRFLOW_CTX_TRY_NUMBER='1' AIRFLOW_CTX_DAG_RUN_ID='scheduled__2026-06-28T00:00:00+00:00'
[2026-06-29T09:25:18.277+0000] {taskinstance.py:430} INFO - ::endgroup::
[2026-06-29T09:25:18.329+0000] {logging_mixin.py:188} INFO - [transform] 29 entrées à traiter
[2026-06-29T09:25:18.334+0000] {logging_mixin.py:188} INFO - [transform] raw_id=2 ERREUR: duplicate key value violates unique constraint "weather_clean_location_id_variable_id_timestamp_key"
DETAIL:  Key (location_id, variable_id, "timestamp")=(1, 3, 2026-06-29 00:00:00) already exists.
[2026-06-29T09:25:18.337+0000] {logging_mixin.py:188} INFO - [transform] raw_id=4 ERREUR: duplicate key value violates unique constraint "weather_clean_location_id_variable_id_timestamp_key"
DETAIL:  Key (location_id, variable_id, "timestamp")=(2, 3, 2026-06-29 00:00:00) already exists.
[2026-06-29T09:25:18.340+0000] {logging_mixin.py:188} INFO - [transform] raw_id=6 ERREUR: duplicate key value violates unique constraint "weather_clean_location_id_variable_id_timestamp_key"
DETAIL:  Key (location_id, variable_id, "timestamp")=(3, 3, 2026-06-29 00:00:00) already exists.
[2026-06-29T09:25:18.342+0000] {logging_mixin.py:188} INFO - [transform] raw_id=8 ERREUR: duplicate key value violates unique constraint "weather_clean_location_id_variable_id_timestamp_key"
DETAIL:  Key (location_id, variable_id, "timestamp")=(4, 3, 2026-06-29 00:00:00) already exists.
[2026-06-29T09:25:18.343+0000] {logging_mixin.py:188} INFO - [transform] raw_id=10 ERREUR: duplicate key value violates unique constraint "weather_clean_location_id_variable_id_timestamp_key"
DETAIL:  Key (location_id, variable_id, "timestamp")=(5, 3, 2026-06-29 00:00:00) already exists.
[2026-06-29T09:25:18.345+0000] {logging_mixin.py:188} INFO - [transform] raw_id=12 ERREUR: duplicate key value violates unique constraint "weather_clean_location_id_variable_id_timestamp_key"
DETAIL:  Key (location_id, variable_id, "timestamp")=(6, 3, 2026-06-29 00:00:00) already exists.
[2026-06-29T09:25:18.347+0000] {logging_mixin.py:188} INFO - [transform] raw_id=14 ERREUR: duplicate key value violates unique constraint "weather_clean_location_id_variable_id_timestamp_key"
DETAIL:  Key (location_id, variable_id, "timestamp")=(7, 3, 2026-06-29 00:00:00) already exists.
[2026-06-29T09:25:18.349+0000] {logging_mixin.py:188} INFO - [transform] raw_id=16 ERREUR: duplicate key value violates unique constraint "weather_clean_location_id_variable_id_timestamp_key"
DETAIL:  Key (location_id, variable_id, "timestamp")=(8, 3, 2026-06-29 00:00:00) already exists.
[2026-06-29T09:25:18.350+0000] {logging_mixin.py:188} INFO - [transform] raw_id=18 ERREUR: duplicate key value violates unique constraint "weather_clean_location_id_variable_id_timestamp_key"
DETAIL:  Key (location_id, variable_id, "timestamp")=(9, 3, 2026-06-29 00:00:00) already exists.
[2026-06-29T09:25:18.351+0000] {logging_mixin.py:188} INFO - [transform] raw_id=20 ERREUR: duplicate key value violates unique constraint "weather_clean_location_id_variable_id_timestamp_key"
DETAIL:  Key (location_id, variable_id, "timestamp")=(10, 3, 2026-06-29 00:00:00) already exists.
[2026-06-29T09:25:18.353+0000] {logging_mixin.py:188} INFO - [transform] raw_id=24 ERREUR: duplicate key value violates unique constraint "weather_clean_location_id_variable_id_timestamp_key"
DETAIL:  Key (location_id, variable_id, "timestamp")=(16, 3, 2026-06-29 00:00:00) already exists.
[2026-06-29T09:25:18.356+0000] {logging_mixin.py:188} INFO - [transform] raw_id=26 ERREUR: duplicate key value violates unique constraint "weather_clean_location_id_variable_id_timestamp_key"
DETAIL:  Key (location_id, variable_id, "timestamp")=(17, 3, 2026-06-29 00:00:00) already exists.
[2026-06-29T09:25:18.357+0000] {logging_mixin.py:188} INFO - [transform] raw_id=28 ERREUR: duplicate key value violates unique constraint "weather_clean_location_id_variable_id_timestamp_key"
DETAIL:  Key (location_id, variable_id, "timestamp")=(18, 3, 2026-06-29 00:00:00) already exists.
[2026-06-29T09:25:18.359+0000] {logging_mixin.py:188} INFO - [transform] raw_id=30 ERREUR: duplicate key value violates unique constraint "weather_clean_location_id_variable_id_timestamp_key"
DETAIL:  Key (location_id, variable_id, "timestamp")=(19, 3, 2026-06-29 00:00:00) already exists.
[2026-06-29T09:25:18.361+0000] {logging_mixin.py:188} INFO - [transform] raw_id=32 ERREUR: duplicate key value violates unique constraint "weather_clean_location_id_variable_id_timestamp_key"
DETAIL:  Key (location_id, variable_id, "timestamp")=(20, 3, 2026-06-29 00:00:00) already exists.
[2026-06-29T09:25:18.361+0000] {logging_mixin.py:188} INFO - [transform] raw_id=34 ERREUR: duplicate key value violates unique constraint "weather_clean_location_id_variable_id_timestamp_key"
DETAIL:  Key (location_id, variable_id, "timestamp")=(21, 3, 2026-06-29 00:00:00) already exists.
[2026-06-29T09:25:18.363+0000] {logging_mixin.py:188} INFO - [transform] raw_id=36 ERREUR: duplicate key value violates unique constraint "weather_clean_location_id_variable_id_timestamp_key"
DETAIL:  Key (location_id, variable_id, "timestamp")=(22, 3, 2026-06-29 00:00:00) already exists.
[2026-06-29T09:25:18.365+0000] {logging_mixin.py:188} INFO - [transform] raw_id=38 ERREUR: duplicate key value violates unique constraint "weather_clean_location_id_variable_id_timestamp_key"
DETAIL:  Key (location_id, variable_id, "timestamp")=(1, 10, 2026-06-29 00:00:00) already exists.
[2026-06-29T09:25:18.366+0000] {logging_mixin.py:188} INFO - [transform] raw_id=44 ERREUR: duplicate key value violates unique constraint "weather_clean_location_id_variable_id_timestamp_key"
DETAIL:  Key (location_id, variable_id, "timestamp")=(8, 10, 2026-06-29 00:00:00) already exists.
[2026-06-29T09:25:18.367+0000] {logging_mixin.py:188} INFO - [transform] raw_id=46 ERREUR: duplicate key value violates unique constraint "weather_clean_location_id_variable_id_timestamp_key"
DETAIL:  Key (location_id, variable_id, "timestamp")=(9, 10, 2026-06-29 00:00:00) already exists.
[2026-06-29T09:25:18.375+0000] {logging_mixin.py:188} INFO - [transform] raw_id=48 ERREUR: duplicate key value violates unique constraint "weather_clean_location_id_variable_id_timestamp_key"
DETAIL:  Key (location_id, variable_id, "timestamp")=(10, 10, 2026-06-29 00:00:00) already exists.
[2026-06-29T09:25:18.379+0000] {logging_mixin.py:188} INFO - [transform] raw_id=50 ERREUR: duplicate key value violates unique constraint "weather_clean_location_id_variable_id_timestamp_key"
DETAIL:  Key (location_id, variable_id, "timestamp")=(11, 10, 2026-06-29 00:00:00) already exists.
[2026-06-29T09:25:18.401+0000] {logging_mixin.py:188} INFO - [transform] raw_id=52 ERREUR: duplicate key value violates unique constraint "weather_clean_location_id_variable_id_timestamp_key"
DETAIL:  Key (location_id, variable_id, "timestamp")=(12, 10, 2026-06-29 00:00:00) already exists.
[2026-06-29T09:25:18.411+0000] {logging_mixin.py:188} INFO - [transform] raw_id=54 ERREUR: duplicate key value violates unique constraint "weather_clean_location_id_variable_id_timestamp_key"
DETAIL:  Key (location_id, variable_id, "timestamp")=(13, 10, 2026-06-29 00:00:00) already exists.
[2026-06-29T09:25:18.415+0000] {logging_mixin.py:188} INFO - [transform] raw_id=56 ERREUR: duplicate key value violates unique constraint "weather_clean_location_id_variable_id_timestamp_key"
DETAIL:  Key (location_id, variable_id, "timestamp")=(14, 10, 2026-06-29 00:00:00) already exists.
[2026-06-29T09:25:18.418+0000] {logging_mixin.py:188} INFO - [transform] raw_id=58 ERREUR: duplicate key value violates unique constraint "weather_clean_location_id_variable_id_timestamp_key"
DETAIL:  Key (location_id, variable_id, "timestamp")=(15, 10, 2026-06-29 00:00:00) already exists.
[2026-06-29T09:25:18.431+0000] {logging_mixin.py:188} INFO - [transform] raw_id=63 ERREUR: duplicate key value violates unique constraint "weather_clean_location_id_variable_id_timestamp_key"
DETAIL:  Key (location_id, variable_id, "timestamp")=(20, 10, 2026-06-29 00:00:00) already exists.
[2026-06-29T09:25:18.620+0000] {python.py:237} INFO - Done. Returned value was: None
[2026-06-29T09:25:18.633+0000] {taskinstance.py:441} INFO - ::group::Post task execution logs
[2026-06-29T09:25:18.763+0000] {taskinstance.py:1206} INFO - Marking task as SUCCESS. dag_id=weather_daily_dag, task_id=transform_clean, run_id=scheduled__2026-06-28T00:00:00+00:00, execution_date=20260628T000000, start_date=20260629T092517, end_date=20260629T092518
[2026-06-29T09:25:19.012+0000] {local_task_job_runner.py:240} INFO - Task exited with return code 0
[2026-06-29T09:25:19.135+0000] {taskinstance.py:3498} INFO - 1 downstream tasks scheduled from follow-on schedule check
[2026-06-29T09:25:19.140+0000] {local_task_job_runner.py:222} INFO - ::endgroup::
[2026-06-29T11:09:51.237+0000] {local_task_job_runner.py:120} INFO - ::group::Pre task execution logs
[2026-06-29T11:09:51.265+0000] {taskinstance.py:2076} INFO - Dependencies all met for dep_context=non-requeueable deps ti=<TaskInstance: weather_daily_dag.transform_clean scheduled__2026-06-28T00:00:00+00:00 [queued]>
[2026-06-29T11:09:51.273+0000] {taskinstance.py:2076} INFO - Dependencies all met for dep_context=requeueable deps ti=<TaskInstance: weather_daily_dag.transform_clean scheduled__2026-06-28T00:00:00+00:00 [queued]>
[2026-06-29T11:09:51.273+0000] {taskinstance.py:2306} INFO - Starting attempt 1 of 4
[2026-06-29T11:09:51.285+0000] {taskinstance.py:2330} INFO - Executing <Task(PythonOperator): transform_clean> on 2026-06-28 00:00:00+00:00
[2026-06-29T11:09:51.294+0000] {warnings.py:110} WARNING - /home/***/.local/lib/python3.12/site-packages/***/task/task_runner/standard_task_runner.py:61: DeprecationWarning: This process (pid=188) is multi-threaded, use of fork() may lead to deadlocks in the child.
  pid = os.fork()

[2026-06-29T11:09:51.296+0000] {standard_task_runner.py:63} INFO - Started process 190 to run task
[2026-06-29T11:09:51.296+0000] {standard_task_runner.py:90} INFO - Running: ['***', 'tasks', 'run', 'weather_daily_dag', 'transform_clean', 'scheduled__2026-06-28T00:00:00+00:00', '--job-id', '5', '--raw', '--subdir', 'DAGS_FOLDER/weather_etl_dag.py', '--cfg-path', '/tmp/tmpj_szzo1i']
[2026-06-29T11:09:51.299+0000] {standard_task_runner.py:91} INFO - Job 5: Subtask transform_clean
[2026-06-29T11:09:51.341+0000] {task_command.py:426} INFO - Running <TaskInstance: weather_daily_dag.transform_clean scheduled__2026-06-28T00:00:00+00:00 [running]> on host 19e056e589ad
[2026-06-29T11:09:51.421+0000] {taskinstance.py:2648} INFO - Exporting env vars: AIRFLOW_CTX_DAG_OWNER='elia' AIRFLOW_CTX_DAG_ID='weather_daily_dag' AIRFLOW_CTX_TASK_ID='transform_clean' AIRFLOW_CTX_EXECUTION_DATE='2026-06-28T00:00:00+00:00' AIRFLOW_CTX_TRY_NUMBER='1' AIRFLOW_CTX_DAG_RUN_ID='scheduled__2026-06-28T00:00:00+00:00'
[2026-06-29T11:09:51.423+0000] {taskinstance.py:430} INFO - ::endgroup::
[2026-06-29T11:09:51.445+0000] {logging_mixin.py:188} INFO - [transform] 65 entrées à traiter
[2026-06-29T11:09:52.310+0000] {logging_mixin.py:188} INFO - [transform] raw_id=2 ERREUR: duplicate key value violates unique constraint "weather_clean_location_id_variable_id_timestamp_key"
DETAIL:  Key (location_id, variable_id, "timestamp")=(1, 3, 2026-06-29 00:00:00) already exists.
[2026-06-29T11:09:53.157+0000] {logging_mixin.py:188} INFO - [transform] raw_id=4 ERREUR: duplicate key value violates unique constraint "weather_clean_location_id_variable_id_timestamp_key"
DETAIL:  Key (location_id, variable_id, "timestamp")=(2, 3, 2026-06-29 00:00:00) already exists.
[2026-06-29T11:09:54.079+0000] {logging_mixin.py:188} INFO - [transform] raw_id=6 ERREUR: duplicate key value violates unique constraint "weather_clean_location_id_variable_id_timestamp_key"
DETAIL:  Key (location_id, variable_id, "timestamp")=(3, 3, 2026-06-29 00:00:00) already exists.
[2026-06-29T11:09:54.978+0000] {logging_mixin.py:188} INFO - [transform] raw_id=8 ERREUR: duplicate key value violates unique constraint "weather_clean_location_id_variable_id_timestamp_key"
DETAIL:  Key (location_id, variable_id, "timestamp")=(4, 3, 2026-06-29 00:00:00) already exists.
[2026-06-29T11:09:55.803+0000] {logging_mixin.py:188} INFO - [transform] raw_id=10 ERREUR: duplicate key value violates unique constraint "weather_clean_location_id_variable_id_timestamp_key"
DETAIL:  Key (location_id, variable_id, "timestamp")=(5, 3, 2026-06-29 00:00:00) already exists.
[2026-06-29T11:09:56.645+0000] {logging_mixin.py:188} INFO - [transform] raw_id=12 ERREUR: duplicate key value violates unique constraint "weather_clean_location_id_variable_id_timestamp_key"
DETAIL:  Key (location_id, variable_id, "timestamp")=(6, 3, 2026-06-29 00:00:00) already exists.
[2026-06-29T11:09:57.474+0000] {logging_mixin.py:188} INFO - [transform] raw_id=14 ERREUR: duplicate key value violates unique constraint "weather_clean_location_id_variable_id_timestamp_key"
DETAIL:  Key (location_id, variable_id, "timestamp")=(7, 3, 2026-06-29 00:00:00) already exists.
[2026-06-29T11:09:58.316+0000] {logging_mixin.py:188} INFO - [transform] raw_id=16 ERREUR: duplicate key value violates unique constraint "weather_clean_location_id_variable_id_timestamp_key"
DETAIL:  Key (location_id, variable_id, "timestamp")=(8, 3, 2026-06-29 00:00:00) already exists.
[2026-06-29T11:09:59.057+0000] {logging_mixin.py:188} INFO - [transform] raw_id=18 ERREUR: duplicate key value violates unique constraint "weather_clean_location_id_variable_id_timestamp_key"
DETAIL:  Key (location_id, variable_id, "timestamp")=(9, 3, 2026-06-29 00:00:00) already exists.
[2026-06-29T11:09:59.815+0000] {logging_mixin.py:188} INFO - [transform] raw_id=20 ERREUR: duplicate key value violates unique constraint "weather_clean_location_id_variable_id_timestamp_key"
DETAIL:  Key (location_id, variable_id, "timestamp")=(10, 3, 2026-06-29 00:00:00) already exists.
[2026-06-29T11:10:00.741+0000] {logging_mixin.py:188} INFO - [transform] raw_id=22 ERREUR: duplicate key value violates unique constraint "weather_clean_location_id_variable_id_timestamp_key"
DETAIL:  Key (location_id, variable_id, "timestamp")=(15, 3, 2026-06-29 00:00:00) already exists.
[2026-06-29T11:10:01.666+0000] {logging_mixin.py:188} INFO - [transform] raw_id=24 ERREUR: duplicate key value violates unique constraint "weather_clean_location_id_variable_id_timestamp_key"
DETAIL:  Key (location_id, variable_id, "timestamp")=(16, 3, 2026-06-29 00:00:00) already exists.
[2026-06-29T11:10:02.447+0000] {logging_mixin.py:188} INFO - [transform] raw_id=26 ERREUR: duplicate key value violates unique constraint "weather_clean_location_id_variable_id_timestamp_key"
DETAIL:  Key (location_id, variable_id, "timestamp")=(17, 3, 2026-06-29 00:00:00) already exists.
[2026-06-29T11:10:03.785+0000] {logging_mixin.py:188} INFO - [transform] raw_id=28 ERREUR: duplicate key value violates unique constraint "weather_clean_location_id_variable_id_timestamp_key"
DETAIL:  Key (location_id, variable_id, "timestamp")=(18, 3, 2026-06-29 00:00:00) already exists.
[2026-06-29T11:10:04.840+0000] {logging_mixin.py:188} INFO - [transform] raw_id=30 ERREUR: duplicate key value violates unique constraint "weather_clean_location_id_variable_id_timestamp_key"
DETAIL:  Key (location_id, variable_id, "timestamp")=(19, 3, 2026-06-29 00:00:00) already exists.
[2026-06-29T11:10:06.542+0000] {logging_mixin.py:188} INFO - [transform] raw_id=32 ERREUR: duplicate key value violates unique constraint "weather_clean_location_id_variable_id_timestamp_key"
DETAIL:  Key (location_id, variable_id, "timestamp")=(20, 3, 2026-06-29 00:00:00) already exists.
[2026-06-29T11:10:08.786+0000] {logging_mixin.py:188} INFO - [transform] raw_id=34 ERREUR: duplicate key value violates unique constraint "weather_clean_location_id_variable_id_timestamp_key"
DETAIL:  Key (location_id, variable_id, "timestamp")=(21, 3, 2026-06-29 00:00:00) already exists.
[2026-06-29T11:10:09.982+0000] {logging_mixin.py:188} INFO - [transform] raw_id=36 ERREUR: duplicate key value violates unique constraint "weather_clean_location_id_variable_id_timestamp_key"
DETAIL:  Key (location_id, variable_id, "timestamp")=(22, 3, 2026-06-29 00:00:00) already exists.
[2026-06-29T11:10:10.026+0000] {logging_mixin.py:188} INFO - [transform] raw_id=38 ERREUR: duplicate key value violates unique constraint "weather_clean_location_id_variable_id_timestamp_key"
DETAIL:  Key (location_id, variable_id, "timestamp")=(1, 10, 2026-06-29 00:00:00) already exists.
[2026-06-29T11:10:10.086+0000] {logging_mixin.py:188} INFO - [transform] raw_id=40 ERREUR: duplicate key value violates unique constraint "weather_clean_location_id_variable_id_timestamp_key"
DETAIL:  Key (location_id, variable_id, "timestamp")=(2, 10, 2026-06-29 00:00:00) already exists.
[2026-06-29T11:10:10.157+0000] {logging_mixin.py:188} INFO - [transform] raw_id=42 ERREUR: duplicate key value violates unique constraint "weather_clean_location_id_variable_id_timestamp_key"
DETAIL:  Key (location_id, variable_id, "timestamp")=(3, 10, 2026-06-29 00:00:00) already exists.
[2026-06-29T11:10:10.201+0000] {logging_mixin.py:188} INFO - [transform] raw_id=44 ERREUR: duplicate key value violates unique constraint "weather_clean_location_id_variable_id_timestamp_key"
DETAIL:  Key (location_id, variable_id, "timestamp")=(8, 10, 2026-06-29 00:00:00) already exists.
[2026-06-29T11:10:10.235+0000] {logging_mixin.py:188} INFO - [transform] raw_id=46 ERREUR: duplicate key value violates unique constraint "weather_clean_location_id_variable_id_timestamp_key"
DETAIL:  Key (location_id, variable_id, "timestamp")=(9, 10, 2026-06-29 00:00:00) already exists.
[2026-06-29T11:10:10.265+0000] {logging_mixin.py:188} INFO - [transform] raw_id=48 ERREUR: duplicate key value violates unique constraint "weather_clean_location_id_variable_id_timestamp_key"
DETAIL:  Key (location_id, variable_id, "timestamp")=(10, 10, 2026-06-29 00:00:00) already exists.
[2026-06-29T11:10:10.316+0000] {logging_mixin.py:188} INFO - [transform] raw_id=50 ERREUR: duplicate key value violates unique constraint "weather_clean_location_id_variable_id_timestamp_key"
DETAIL:  Key (location_id, variable_id, "timestamp")=(11, 10, 2026-06-29 00:00:00) already exists.
[2026-06-29T11:10:10.361+0000] {logging_mixin.py:188} INFO - [transform] raw_id=52 ERREUR: duplicate key value violates unique constraint "weather_clean_location_id_variable_id_timestamp_key"
DETAIL:  Key (location_id, variable_id, "timestamp")=(12, 10, 2026-06-29 00:00:00) already exists.
[2026-06-29T11:10:10.459+0000] {logging_mixin.py:188} INFO - [transform] raw_id=55 ERREUR: duplicate key value violates unique constraint "weather_clean_location_id_variable_id_timestamp_key"
DETAIL:  Key (location_id, variable_id, "timestamp")=(13, 10, 2026-06-29 00:00:00) already exists.
[2026-06-29T11:10:10.460+0000] {logging_mixin.py:188} INFO - [transform] raw_id=56 ERREUR: duplicate key value violates unique constraint "weather_clean_location_id_variable_id_timestamp_key"
DETAIL:  Key (location_id, variable_id, "timestamp")=(14, 10, 2026-06-29 00:00:00) already exists.
[2026-06-29T11:10:10.497+0000] {logging_mixin.py:188} INFO - [transform] raw_id=58 ERREUR: duplicate key value violates unique constraint "weather_clean_location_id_variable_id_timestamp_key"
DETAIL:  Key (location_id, variable_id, "timestamp")=(15, 10, 2026-06-29 00:00:00) already exists.
[2026-06-29T11:10:10.542+0000] {logging_mixin.py:188} INFO - [transform] raw_id=60 ERREUR: duplicate key value violates unique constraint "weather_clean_location_id_variable_id_timestamp_key"
DETAIL:  Key (location_id, variable_id, "timestamp")=(16, 10, 2026-06-29 00:00:00) already exists.
[2026-06-29T11:10:10.586+0000] {logging_mixin.py:188} INFO - [transform] raw_id=62 ERREUR: duplicate key value violates unique constraint "weather_clean_location_id_variable_id_timestamp_key"
DETAIL:  Key (location_id, variable_id, "timestamp")=(17, 10, 2026-06-29 00:00:00) already exists.
[2026-06-29T11:10:10.626+0000] {logging_mixin.py:188} INFO - [transform] raw_id=64 ERREUR: duplicate key value violates unique constraint "weather_clean_location_id_variable_id_timestamp_key"
DETAIL:  Key (location_id, variable_id, "timestamp")=(18, 10, 2026-06-29 00:00:00) already exists.
[2026-06-29T11:10:10.672+0000] {python.py:237} INFO - Done. Returned value was: None
[2026-06-29T11:10:10.675+0000] {taskinstance.py:441} INFO - ::group::Post task execution logs
[2026-06-29T11:10:10.701+0000] {taskinstance.py:1206} INFO - Marking task as SUCCESS. dag_id=weather_daily_dag, task_id=transform_clean, run_id=scheduled__2026-06-28T00:00:00+00:00, execution_date=20260628T000000, start_date=20260629T110951, end_date=20260629T111010
[2026-06-29T11:10:10.806+0000] {local_task_job_runner.py:240} INFO - Task exited with return code 0
[2026-06-29T11:10:10.895+0000] {taskinstance.py:3498} INFO - 1 downstream tasks scheduled from follow-on schedule check
[2026-06-29T11:10:10.906+0000] {local_task_job_runner.py:222} INFO - ::endgroup::
