[2026-06-29T08:49:04.285+0000] {local_task_job_runner.py:120} INFO - ::group::Pre task execution logs
[2026-06-29T08:49:04.357+0000] {taskinstance.py:2076} INFO - Dependencies all met for dep_context=non-requeueable deps ti=<TaskInstance: weather_daily_dag.extract_hourly_daily manual__2026-06-29T08:38:46.072402+00:00 [queued]>
[2026-06-29T08:49:04.383+0000] {taskinstance.py:2076} INFO - Dependencies all met for dep_context=requeueable deps ti=<TaskInstance: weather_daily_dag.extract_hourly_daily manual__2026-06-29T08:38:46.072402+00:00 [queued]>
[2026-06-29T08:49:04.383+0000] {taskinstance.py:2306} INFO - Starting attempt 3 of 4
[2026-06-29T08:49:04.421+0000] {taskinstance.py:2330} INFO - Executing <Task(PythonOperator): extract_hourly_daily> on 2026-06-29 08:38:46.072402+00:00
[2026-06-29T08:49:04.446+0000] {warnings.py:110} WARNING - /home/***/.local/lib/python3.12/site-packages/***/task/task_runner/standard_task_runner.py:61: DeprecationWarning: This process (pid=328) is multi-threaded, use of fork() may lead to deadlocks in the child.
  pid = os.fork()

[2026-06-29T08:49:04.453+0000] {standard_task_runner.py:63} INFO - Started process 332 to run task
[2026-06-29T08:49:04.454+0000] {standard_task_runner.py:90} INFO - Running: ['***', 'tasks', 'run', 'weather_daily_dag', 'extract_hourly_daily', 'manual__2026-06-29T08:38:46.072402+00:00', '--job-id', '7', '--raw', '--subdir', 'DAGS_FOLDER/weather_etl_dag.py', '--cfg-path', '/tmp/tmpl61x6f27']
[2026-06-29T08:49:04.460+0000] {standard_task_runner.py:91} INFO - Job 7: Subtask extract_hourly_daily
[2026-06-29T08:49:04.601+0000] {task_command.py:426} INFO - Running <TaskInstance: weather_daily_dag.extract_hourly_daily manual__2026-06-29T08:38:46.072402+00:00 [running]> on host ae5ab0cb5e0e
[2026-06-29T08:49:04.873+0000] {taskinstance.py:2648} INFO - Exporting env vars: AIRFLOW_CTX_DAG_OWNER='elia' AIRFLOW_CTX_DAG_ID='weather_daily_dag' AIRFLOW_CTX_TASK_ID='extract_hourly_daily' AIRFLOW_CTX_EXECUTION_DATE='2026-06-29T08:38:46.072402+00:00' AIRFLOW_CTX_TRY_NUMBER='3' AIRFLOW_CTX_DAG_RUN_ID='manual__2026-06-29T08:38:46.072402+00:00'
[2026-06-29T08:49:04.877+0000] {taskinstance.py:430} INFO - ::endgroup::
[2026-06-29T08:49:04.882+0000] {extractor.py:191} INFO - Début de l'extraction Open-Meteo (hourly)
[2026-06-29T08:49:04.895+0000] {extractor.py:219} ERROR - Erreur critique (hourly): relation "weather_locations" does not exist
LINE 3:                 FROM weather_locations
                             ^

[2026-06-29T08:49:04.902+0000] {taskinstance.py:441} INFO - ::group::Post task execution logs
[2026-06-29T08:49:04.902+0000] {taskinstance.py:2905} ERROR - Task failed with exception
Traceback (most recent call last):
  File "/opt/airflow/dags/extractor.py", line 195, in run_open_meteo_extraction
    locations = self.get_locations()
                ^^^^^^^^^^^^^^^^^^^^
  File "/opt/airflow/dags/extractor.py", line 39, in get_locations
    cur.execute("""
psycopg2.errors.UndefinedTable: relation "weather_locations" does not exist
LINE 3:                 FROM weather_locations
                             ^


During handling of the above exception, another exception occurred:

Traceback (most recent call last):
  File "/home/airflow/.local/lib/python3.12/site-packages/airflow/models/taskinstance.py", line 465, in _execute_task
    result = _execute_callable(context=context, **execute_callable_kwargs)
             ^^^^^^^^^^^^^^^^^^^^^^^^^^^^^^^^^^^^^^^^^^^^^^^^^^^^^^^^^^^^^
  File "/home/airflow/.local/lib/python3.12/site-packages/airflow/models/taskinstance.py", line 432, in _execute_callable
    return execute_callable(context=context, **execute_callable_kwargs)
           ^^^^^^^^^^^^^^^^^^^^^^^^^^^^^^^^^^^^^^^^^^^^^^^^^^^^^^^^^^^^
  File "/home/airflow/.local/lib/python3.12/site-packages/airflow/models/baseoperator.py", line 400, in wrapper
    return func(self, *args, **kwargs)
           ^^^^^^^^^^^^^^^^^^^^^^^^^^^
  File "/home/airflow/.local/lib/python3.12/site-packages/airflow/operators/python.py", line 235, in execute
    return_value = self.execute_callable()
                   ^^^^^^^^^^^^^^^^^^^^^^^
  File "/home/airflow/.local/lib/python3.12/site-packages/airflow/operators/python.py", line 252, in execute_callable
    return self.python_callable(*self.op_args, **self.op_kwargs)
           ^^^^^^^^^^^^^^^^^^^^^^^^^^^^^^^^^^^^^^^^^^^^^^^^^^^^^
  File "/opt/airflow/dags/extractor.py", line 255, in run_hourly_daily
    extractor.run_open_meteo_extraction('hourly')
  File "/opt/airflow/dags/extractor.py", line 221, in run_open_meteo_extraction
    cur.execute("""
psycopg2.errors.InFailedSqlTransaction: current transaction is aborted, commands ignored until end of transaction block

[2026-06-29T08:49:04.920+0000] {taskinstance.py:1206} INFO - Marking task as UP_FOR_RETRY. dag_id=weather_daily_dag, task_id=extract_hourly_daily, run_id=manual__2026-06-29T08:38:46.072402+00:00, execution_date=20260629T083846, start_date=20260629T084904, end_date=20260629T084904
[2026-06-29T08:49:04.936+0000] {standard_task_runner.py:110} ERROR - Failed to execute job 7 for task extract_hourly_daily (current transaction is aborted, commands ignored until end of transaction block
; 332)
[2026-06-29T08:49:04.971+0000] {local_task_job_runner.py:240} INFO - Task exited with return code 1
[2026-06-29T08:49:05.039+0000] {taskinstance.py:3498} INFO - 0 downstream tasks scheduled from follow-on schedule check
[2026-06-29T08:49:05.044+0000] {local_task_job_runner.py:222} INFO - ::endgroup::
