[2026-06-28T09:24:29.708+0000] {local_task_job_runner.py:120} INFO - ::group::Pre task execution logs
[2026-06-28T09:24:29.996+0000] {taskinstance.py:2076} INFO - Dependencies all met for dep_context=non-requeueable deps ti=<TaskInstance: weather_daily_dag.aggregate_daily manual__2026-06-28T09:06:44.373093+00:00 [queued]>
[2026-06-28T09:24:30.031+0000] {taskinstance.py:2076} INFO - Dependencies all met for dep_context=requeueable deps ti=<TaskInstance: weather_daily_dag.aggregate_daily manual__2026-06-28T09:06:44.373093+00:00 [queued]>
[2026-06-28T09:24:30.031+0000] {taskinstance.py:2306} INFO - Starting attempt 1 of 4
[2026-06-28T09:24:30.055+0000] {taskinstance.py:2330} INFO - Executing <Task(PythonOperator): aggregate_daily> on 2026-06-28 09:06:44.373093+00:00
[2026-06-28T09:24:30.073+0000] {standard_task_runner.py:90} INFO - Running: ['***', 'tasks', 'run', 'weather_daily_dag', 'aggregate_daily', 'manual__2026-06-28T09:06:44.373093+00:00', '--job-id', '53', '--raw', '--subdir', 'DAGS_FOLDER/weather_etl_dag.py', '--cfg-path', '/tmp/tmp2nwjht8w']
[2026-06-28T09:24:30.076+0000] {standard_task_runner.py:91} INFO - Job 53: Subtask aggregate_daily
[2026-06-28T09:24:30.102+0000] {warnings.py:110} WARNING - /home/***/.local/lib/python3.12/site-packages/***/task/task_runner/standard_task_runner.py:61: DeprecationWarning: This process (pid=179) is multi-threaded, use of fork() may lead to deadlocks in the child.
  pid = os.fork()

[2026-06-28T09:24:30.103+0000] {standard_task_runner.py:63} INFO - Started process 181 to run task
[2026-06-28T09:24:30.140+0000] {task_command.py:426} INFO - Running <TaskInstance: weather_daily_dag.aggregate_daily manual__2026-06-28T09:06:44.373093+00:00 [running]> on host ef3b95b0c88e
[2026-06-28T09:24:30.315+0000] {taskinstance.py:2648} INFO - Exporting env vars: AIRFLOW_CTX_DAG_OWNER='elia' AIRFLOW_CTX_DAG_ID='weather_daily_dag' AIRFLOW_CTX_TASK_ID='aggregate_daily' AIRFLOW_CTX_EXECUTION_DATE='2026-06-28T09:06:44.373093+00:00' AIRFLOW_CTX_TRY_NUMBER='1' AIRFLOW_CTX_DAG_RUN_ID='manual__2026-06-28T09:06:44.373093+00:00'
[2026-06-28T09:24:30.319+0000] {taskinstance.py:430} INFO - ::endgroup::
[2026-06-28T09:24:30.498+0000] {logging_mixin.py:188} INFO - [aggregate] weather_daily mis à jour
[2026-06-28T09:24:30.499+0000] {python.py:237} INFO - Done. Returned value was: None
[2026-06-28T09:24:30.499+0000] {taskinstance.py:441} INFO - ::group::Post task execution logs
[2026-06-28T09:24:30.514+0000] {taskinstance.py:1206} INFO - Marking task as SUCCESS. dag_id=weather_daily_dag, task_id=aggregate_daily, run_id=manual__2026-06-28T09:06:44.373093+00:00, execution_date=20260628T090644, start_date=20260628T092429, end_date=20260628T092430
[2026-06-28T09:24:30.567+0000] {local_task_job_runner.py:240} INFO - Task exited with return code 0
[2026-06-28T09:24:30.604+0000] {taskinstance.py:3498} INFO - 1 downstream tasks scheduled from follow-on schedule check
[2026-06-28T09:24:30.608+0000] {local_task_job_runner.py:222} INFO - ::endgroup::
