[2026-06-28T16:13:17.626+0000] {local_task_job_runner.py:120} INFO - ::group::Pre task execution logs
[2026-06-28T16:13:17.690+0000] {taskinstance.py:2076} INFO - Dependencies all met for dep_context=non-requeueable deps ti=<TaskInstance: weather_daily_dag.transform_clean scheduled__2026-06-27T00:00:00+00:00 [queued]>
[2026-06-28T16:13:17.709+0000] {taskinstance.py:2076} INFO - Dependencies all met for dep_context=requeueable deps ti=<TaskInstance: weather_daily_dag.transform_clean scheduled__2026-06-27T00:00:00+00:00 [queued]>
[2026-06-28T16:13:17.709+0000] {taskinstance.py:2306} INFO - Starting attempt 1 of 4
[2026-06-28T16:13:17.743+0000] {taskinstance.py:2330} INFO - Executing <Task(PythonOperator): transform_clean> on 2026-06-27 00:00:00+00:00
[2026-06-28T16:13:17.772+0000] {warnings.py:110} WARNING - /home/***/.local/lib/python3.12/site-packages/***/task/task_runner/standard_task_runner.py:61: DeprecationWarning: This process (pid=210) is multi-threaded, use of fork() may lead to deadlocks in the child.
  pid = os.fork()

[2026-06-28T16:13:17.775+0000] {standard_task_runner.py:63} INFO - Started process 214 to run task
[2026-06-28T16:13:17.780+0000] {standard_task_runner.py:90} INFO - Running: ['***', 'tasks', 'run', 'weather_daily_dag', 'transform_clean', 'scheduled__2026-06-27T00:00:00+00:00', '--job-id', '5', '--raw', '--subdir', 'DAGS_FOLDER/weather_etl_dag.py', '--cfg-path', '/tmp/tmpbklne78a']
[2026-06-28T16:13:17.795+0000] {standard_task_runner.py:91} INFO - Job 5: Subtask transform_clean
[2026-06-28T16:13:17.938+0000] {task_command.py:426} INFO - Running <TaskInstance: weather_daily_dag.transform_clean scheduled__2026-06-27T00:00:00+00:00 [running]> on host c186915320bd
[2026-06-28T16:13:18.155+0000] {taskinstance.py:2648} INFO - Exporting env vars: AIRFLOW_CTX_DAG_OWNER='elia' AIRFLOW_CTX_DAG_ID='weather_daily_dag' AIRFLOW_CTX_TASK_ID='transform_clean' AIRFLOW_CTX_EXECUTION_DATE='2026-06-27T00:00:00+00:00' AIRFLOW_CTX_TRY_NUMBER='1' AIRFLOW_CTX_DAG_RUN_ID='scheduled__2026-06-27T00:00:00+00:00'
[2026-06-28T16:13:18.178+0000] {taskinstance.py:430} INFO - ::endgroup::
[2026-06-28T16:13:18.282+0000] {logging_mixin.py:188} INFO - [transform] 71 entrées à traiter
[2026-06-28T16:13:18.290+0000] {logging_mixin.py:188} INFO - [transform] raw_id=2 ERREUR: duplicate key value violates unique constraint "weather_clean_location_id_variable_id_timestamp_key"
DETAIL:  Key (location_id, variable_id, "timestamp")=(1, 3, 2026-06-28 00:00:00) already exists.
[2026-06-28T16:13:20.453+0000] {logging_mixin.py:188} INFO - [transform] raw_id=4 ERREUR: duplicate key value violates unique constraint "weather_clean_location_id_variable_id_timestamp_key"
DETAIL:  Key (location_id, variable_id, "timestamp")=(2, 3, 2026-06-28 00:00:00) already exists.
[2026-06-28T16:13:20.456+0000] {logging_mixin.py:188} INFO - [transform] raw_id=5 ERREUR: duplicate key value violates unique constraint "weather_clean_location_id_variable_id_timestamp_key"
DETAIL:  Key (location_id, variable_id, "timestamp")=(3, 3, 2026-06-28 00:00:00) already exists.
[2026-06-28T16:13:20.460+0000] {logging_mixin.py:188} INFO - [transform] raw_id=6 ERREUR: duplicate key value violates unique constraint "weather_clean_location_id_variable_id_timestamp_key"
DETAIL:  Key (location_id, variable_id, "timestamp")=(3, 3, 2026-06-28 00:00:00) already exists.
[2026-06-28T16:13:21.667+0000] {logging_mixin.py:188} INFO - [transform] raw_id=8 ERREUR: duplicate key value violates unique constraint "weather_clean_location_id_variable_id_timestamp_key"
DETAIL:  Key (location_id, variable_id, "timestamp")=(4, 3, 2026-06-28 00:00:00) already exists.
[2026-06-28T16:13:21.669+0000] {logging_mixin.py:188} INFO - [transform] raw_id=9 ERREUR: duplicate key value violates unique constraint "weather_clean_location_id_variable_id_timestamp_key"
DETAIL:  Key (location_id, variable_id, "timestamp")=(5, 3, 2026-06-28 00:00:00) already exists.
[2026-06-28T16:13:21.671+0000] {logging_mixin.py:188} INFO - [transform] raw_id=10 ERREUR: duplicate key value violates unique constraint "weather_clean_location_id_variable_id_timestamp_key"
DETAIL:  Key (location_id, variable_id, "timestamp")=(5, 3, 2026-06-28 00:00:00) already exists.
[2026-06-28T16:13:23.308+0000] {logging_mixin.py:188} INFO - [transform] raw_id=12 ERREUR: duplicate key value violates unique constraint "weather_clean_location_id_variable_id_timestamp_key"
DETAIL:  Key (location_id, variable_id, "timestamp")=(6, 3, 2026-06-28 00:00:00) already exists.
[2026-06-28T16:13:24.920+0000] {logging_mixin.py:188} INFO - [transform] raw_id=14 ERREUR: duplicate key value violates unique constraint "weather_clean_location_id_variable_id_timestamp_key"
DETAIL:  Key (location_id, variable_id, "timestamp")=(7, 3, 2026-06-28 00:00:00) already exists.
[2026-06-28T16:13:24.922+0000] {logging_mixin.py:188} INFO - [transform] raw_id=15 ERREUR: duplicate key value violates unique constraint "weather_clean_location_id_variable_id_timestamp_key"
DETAIL:  Key (location_id, variable_id, "timestamp")=(8, 3, 2026-06-28 00:00:00) already exists.
[2026-06-28T16:13:24.925+0000] {logging_mixin.py:188} INFO - [transform] raw_id=16 ERREUR: duplicate key value violates unique constraint "weather_clean_location_id_variable_id_timestamp_key"
DETAIL:  Key (location_id, variable_id, "timestamp")=(8, 3, 2026-06-28 00:00:00) already exists.
[2026-06-28T16:13:26.542+0000] {logging_mixin.py:188} INFO - [transform] raw_id=18 ERREUR: duplicate key value violates unique constraint "weather_clean_location_id_variable_id_timestamp_key"
DETAIL:  Key (location_id, variable_id, "timestamp")=(9, 3, 2026-06-28 00:00:00) already exists.
[2026-06-28T16:13:26.546+0000] {logging_mixin.py:188} INFO - [transform] raw_id=19 ERREUR: duplicate key value violates unique constraint "weather_clean_location_id_variable_id_timestamp_key"
DETAIL:  Key (location_id, variable_id, "timestamp")=(10, 3, 2026-06-28 00:00:00) already exists.
[2026-06-28T16:13:26.548+0000] {logging_mixin.py:188} INFO - [transform] raw_id=20 ERREUR: duplicate key value violates unique constraint "weather_clean_location_id_variable_id_timestamp_key"
DETAIL:  Key (location_id, variable_id, "timestamp")=(10, 3, 2026-06-28 00:00:00) already exists.
[2026-06-28T16:13:27.691+0000] {logging_mixin.py:188} INFO - [transform] raw_id=22 ERREUR: duplicate key value violates unique constraint "weather_clean_location_id_variable_id_timestamp_key"
DETAIL:  Key (location_id, variable_id, "timestamp")=(11, 3, 2026-06-28 00:00:00) already exists.
[2026-06-28T16:13:27.692+0000] {logging_mixin.py:188} INFO - [transform] raw_id=23 ERREUR: duplicate key value violates unique constraint "weather_clean_location_id_variable_id_timestamp_key"
DETAIL:  Key (location_id, variable_id, "timestamp")=(12, 3, 2026-06-28 00:00:00) already exists.
[2026-06-28T16:13:27.693+0000] {logging_mixin.py:188} INFO - [transform] raw_id=24 ERREUR: duplicate key value violates unique constraint "weather_clean_location_id_variable_id_timestamp_key"
DETAIL:  Key (location_id, variable_id, "timestamp")=(12, 3, 2026-06-28 00:00:00) already exists.
[2026-06-28T16:13:28.878+0000] {logging_mixin.py:188} INFO - [transform] raw_id=26 ERREUR: duplicate key value violates unique constraint "weather_clean_location_id_variable_id_timestamp_key"
DETAIL:  Key (location_id, variable_id, "timestamp")=(13, 3, 2026-06-28 00:00:00) already exists.
[2026-06-28T16:13:28.879+0000] {logging_mixin.py:188} INFO - [transform] raw_id=27 ERREUR: duplicate key value violates unique constraint "weather_clean_location_id_variable_id_timestamp_key"
DETAIL:  Key (location_id, variable_id, "timestamp")=(18, 3, 2026-06-28 00:00:00) already exists.
[2026-06-28T16:13:28.881+0000] {logging_mixin.py:188} INFO - [transform] raw_id=28 ERREUR: duplicate key value violates unique constraint "weather_clean_location_id_variable_id_timestamp_key"
DETAIL:  Key (location_id, variable_id, "timestamp")=(18, 3, 2026-06-28 00:00:00) already exists.
[2026-06-28T16:13:30.202+0000] {logging_mixin.py:188} INFO - [transform] raw_id=30 ERREUR: duplicate key value violates unique constraint "weather_clean_location_id_variable_id_timestamp_key"
DETAIL:  Key (location_id, variable_id, "timestamp")=(19, 3, 2026-06-28 00:00:00) already exists.
[2026-06-28T16:13:30.203+0000] {logging_mixin.py:188} INFO - [transform] raw_id=31 ERREUR: duplicate key value violates unique constraint "weather_clean_location_id_variable_id_timestamp_key"
DETAIL:  Key (location_id, variable_id, "timestamp")=(20, 3, 2026-06-28 00:00:00) already exists.
[2026-06-28T16:13:30.204+0000] {logging_mixin.py:188} INFO - [transform] raw_id=32 ERREUR: duplicate key value violates unique constraint "weather_clean_location_id_variable_id_timestamp_key"
DETAIL:  Key (location_id, variable_id, "timestamp")=(20, 3, 2026-06-28 00:00:00) already exists.
[2026-06-28T16:13:31.622+0000] {logging_mixin.py:188} INFO - [transform] raw_id=34 ERREUR: duplicate key value violates unique constraint "weather_clean_location_id_variable_id_timestamp_key"
DETAIL:  Key (location_id, variable_id, "timestamp")=(21, 3, 2026-06-28 00:00:00) already exists.
[2026-06-28T16:13:31.623+0000] {logging_mixin.py:188} INFO - [transform] raw_id=35 ERREUR: duplicate key value violates unique constraint "weather_clean_location_id_variable_id_timestamp_key"
DETAIL:  Key (location_id, variable_id, "timestamp")=(22, 3, 2026-06-28 00:00:00) already exists.
[2026-06-28T16:13:31.624+0000] {logging_mixin.py:188} INFO - [transform] raw_id=36 ERREUR: duplicate key value violates unique constraint "weather_clean_location_id_variable_id_timestamp_key"
DETAIL:  Key (location_id, variable_id, "timestamp")=(22, 3, 2026-06-28 00:00:00) already exists.
[2026-06-28T16:13:31.633+0000] {logging_mixin.py:188} INFO - [transform] raw_id=38 ERREUR: duplicate key value violates unique constraint "weather_clean_location_id_variable_id_timestamp_key"
DETAIL:  Key (location_id, variable_id, "timestamp")=(1, 6, 2026-06-28 00:00:00) already exists.
[2026-06-28T16:13:31.642+0000] {logging_mixin.py:188} INFO - [transform] raw_id=40 ERREUR: duplicate key value violates unique constraint "weather_clean_location_id_variable_id_timestamp_key"
DETAIL:  Key (location_id, variable_id, "timestamp")=(2, 6, 2026-06-28 00:00:00) already exists.
[2026-06-28T16:13:31.651+0000] {logging_mixin.py:188} INFO - [transform] raw_id=42 ERREUR: duplicate key value violates unique constraint "weather_clean_location_id_variable_id_timestamp_key"
DETAIL:  Key (location_id, variable_id, "timestamp")=(3, 6, 2026-06-28 00:00:00) already exists.
[2026-06-28T16:13:31.660+0000] {logging_mixin.py:188} INFO - [transform] raw_id=44 ERREUR: duplicate key value violates unique constraint "weather_clean_location_id_variable_id_timestamp_key"
DETAIL:  Key (location_id, variable_id, "timestamp")=(4, 6, 2026-06-28 00:00:00) already exists.
[2026-06-28T16:13:31.670+0000] {logging_mixin.py:188} INFO - [transform] raw_id=46 ERREUR: duplicate key value violates unique constraint "weather_clean_location_id_variable_id_timestamp_key"
DETAIL:  Key (location_id, variable_id, "timestamp")=(5, 6, 2026-06-28 00:00:00) already exists.
[2026-06-28T16:13:31.680+0000] {logging_mixin.py:188} INFO - [transform] raw_id=48 ERREUR: duplicate key value violates unique constraint "weather_clean_location_id_variable_id_timestamp_key"
DETAIL:  Key (location_id, variable_id, "timestamp")=(6, 6, 2026-06-28 00:00:00) already exists.
[2026-06-28T16:13:31.690+0000] {logging_mixin.py:188} INFO - [transform] raw_id=50 ERREUR: duplicate key value violates unique constraint "weather_clean_location_id_variable_id_timestamp_key"
DETAIL:  Key (location_id, variable_id, "timestamp")=(7, 6, 2026-06-28 00:00:00) already exists.
[2026-06-28T16:13:31.699+0000] {logging_mixin.py:188} INFO - [transform] raw_id=52 ERREUR: duplicate key value violates unique constraint "weather_clean_location_id_variable_id_timestamp_key"
DETAIL:  Key (location_id, variable_id, "timestamp")=(8, 6, 2026-06-28 00:00:00) already exists.
[2026-06-28T16:13:31.710+0000] {logging_mixin.py:188} INFO - [transform] raw_id=54 ERREUR: duplicate key value violates unique constraint "weather_clean_location_id_variable_id_timestamp_key"
DETAIL:  Key (location_id, variable_id, "timestamp")=(13, 6, 2026-06-28 00:00:00) already exists.
[2026-06-28T16:13:31.719+0000] {logging_mixin.py:188} INFO - [transform] raw_id=56 ERREUR: duplicate key value violates unique constraint "weather_clean_location_id_variable_id_timestamp_key"
DETAIL:  Key (location_id, variable_id, "timestamp")=(14, 6, 2026-06-28 00:00:00) already exists.
[2026-06-28T16:13:31.728+0000] {logging_mixin.py:188} INFO - [transform] raw_id=58 ERREUR: duplicate key value violates unique constraint "weather_clean_location_id_variable_id_timestamp_key"
DETAIL:  Key (location_id, variable_id, "timestamp")=(15, 6, 2026-06-28 00:00:00) already exists.
[2026-06-28T16:13:31.738+0000] {logging_mixin.py:188} INFO - [transform] raw_id=60 ERREUR: duplicate key value violates unique constraint "weather_clean_location_id_variable_id_timestamp_key"
DETAIL:  Key (location_id, variable_id, "timestamp")=(16, 6, 2026-06-28 00:00:00) already exists.
[2026-06-28T16:13:31.747+0000] {logging_mixin.py:188} INFO - [transform] raw_id=62 ERREUR: duplicate key value violates unique constraint "weather_clean_location_id_variable_id_timestamp_key"
DETAIL:  Key (location_id, variable_id, "timestamp")=(17, 6, 2026-06-28 00:00:00) already exists.
[2026-06-28T16:13:31.757+0000] {logging_mixin.py:188} INFO - [transform] raw_id=64 ERREUR: duplicate key value violates unique constraint "weather_clean_location_id_variable_id_timestamp_key"
DETAIL:  Key (location_id, variable_id, "timestamp")=(18, 6, 2026-06-28 00:00:00) already exists.
[2026-06-28T16:13:31.774+0000] {logging_mixin.py:188} INFO - [transform] raw_id=66 ERREUR: duplicate key value violates unique constraint "weather_clean_location_id_variable_id_timestamp_key"
DETAIL:  Key (location_id, variable_id, "timestamp")=(19, 6, 2026-06-28 00:00:00) already exists.
[2026-06-28T16:13:31.787+0000] {logging_mixin.py:188} INFO - [transform] raw_id=68 ERREUR: duplicate key value violates unique constraint "weather_clean_location_id_variable_id_timestamp_key"
DETAIL:  Key (location_id, variable_id, "timestamp")=(20, 6, 2026-06-28 00:00:00) already exists.
[2026-06-28T16:13:31.799+0000] {logging_mixin.py:188} INFO - [transform] raw_id=70 ERREUR: duplicate key value violates unique constraint "weather_clean_location_id_variable_id_timestamp_key"
DETAIL:  Key (location_id, variable_id, "timestamp")=(21, 6, 2026-06-28 00:00:00) already exists.
[2026-06-28T16:13:31.810+0000] {logging_mixin.py:188} INFO - [transform] raw_id=72 ERREUR: duplicate key value violates unique constraint "weather_clean_location_id_variable_id_timestamp_key"
DETAIL:  Key (location_id, variable_id, "timestamp")=(22, 6, 2026-06-28 00:00:00) already exists.
[2026-06-28T16:13:31.811+0000] {python.py:237} INFO - Done. Returned value was: None
[2026-06-28T16:13:31.812+0000] {taskinstance.py:441} INFO - ::group::Post task execution logs
[2026-06-28T16:13:31.830+0000] {taskinstance.py:1206} INFO - Marking task as SUCCESS. dag_id=weather_daily_dag, task_id=transform_clean, run_id=scheduled__2026-06-27T00:00:00+00:00, execution_date=20260627T000000, start_date=20260628T161317, end_date=20260628T161331
[2026-06-28T16:13:31.873+0000] {local_task_job_runner.py:240} INFO - Task exited with return code 0
[2026-06-28T16:13:31.894+0000] {taskinstance.py:3498} INFO - 1 downstream tasks scheduled from follow-on schedule check
[2026-06-28T16:13:31.896+0000] {local_task_job_runner.py:222} INFO - ::endgroup::
