[2026-06-29T09:25:29.700+0000] {local_task_job_runner.py:120} INFO - ::group::Pre task execution logs
[2026-06-29T09:25:29.742+0000] {taskinstance.py:2076} INFO - Dependencies all met for dep_context=non-requeueable deps ti=<TaskInstance: weather_daily_dag.generate_reports scheduled__2026-06-28T00:00:00+00:00 [queued]>
[2026-06-29T09:25:29.750+0000] {taskinstance.py:2076} INFO - Dependencies all met for dep_context=requeueable deps ti=<TaskInstance: weather_daily_dag.generate_reports scheduled__2026-06-28T00:00:00+00:00 [queued]>
[2026-06-29T09:25:29.751+0000] {taskinstance.py:2306} INFO - Starting attempt 1 of 4
[2026-06-29T09:25:29.766+0000] {taskinstance.py:2330} INFO - Executing <Task(PythonOperator): generate_reports> on 2026-06-28 00:00:00+00:00
[2026-06-29T09:25:29.779+0000] {warnings.py:110} WARNING - /home/***/.local/lib/python3.12/site-packages/***/task/task_runner/standard_task_runner.py:61: DeprecationWarning: This process (pid=197) is multi-threaded, use of fork() may lead to deadlocks in the child.
  pid = os.fork()

[2026-06-29T09:25:29.783+0000] {standard_task_runner.py:63} INFO - Started process 200 to run task
[2026-06-29T09:25:29.782+0000] {standard_task_runner.py:90} INFO - Running: ['***', 'tasks', 'run', 'weather_daily_dag', 'generate_reports', 'scheduled__2026-06-28T00:00:00+00:00', '--job-id', '11', '--raw', '--subdir', 'DAGS_FOLDER/weather_etl_dag.py', '--cfg-path', '/tmp/tmpq9je2xih']
[2026-06-29T09:25:29.786+0000] {standard_task_runner.py:91} INFO - Job 11: Subtask generate_reports
[2026-06-29T09:25:29.926+0000] {task_command.py:426} INFO - Running <TaskInstance: weather_daily_dag.generate_reports scheduled__2026-06-28T00:00:00+00:00 [running]> on host 154fe34466cc
[2026-06-29T09:25:30.077+0000] {taskinstance.py:2648} INFO - Exporting env vars: AIRFLOW_CTX_DAG_OWNER='elia' AIRFLOW_CTX_DAG_ID='weather_daily_dag' AIRFLOW_CTX_TASK_ID='generate_reports' AIRFLOW_CTX_EXECUTION_DATE='2026-06-28T00:00:00+00:00' AIRFLOW_CTX_TRY_NUMBER='1' AIRFLOW_CTX_DAG_RUN_ID='scheduled__2026-06-28T00:00:00+00:00'
[2026-06-29T09:25:30.082+0000] {taskinstance.py:430} INFO - ::endgroup::
[2026-06-29T09:25:30.093+0000] {logging_mixin.py:188} INFO - [reporter] 0 rapports à générer
[2026-06-29T09:25:30.097+0000] {logging_mixin.py:188} INFO - [reporter] terminé
[2026-06-29T09:25:30.098+0000] {python.py:237} INFO - Done. Returned value was: None
[2026-06-29T09:25:30.104+0000] {taskinstance.py:441} INFO - ::group::Post task execution logs
[2026-06-29T09:25:30.139+0000] {taskinstance.py:1206} INFO - Marking task as SUCCESS. dag_id=weather_daily_dag, task_id=generate_reports, run_id=scheduled__2026-06-28T00:00:00+00:00, execution_date=20260628T000000, start_date=20260629T092529, end_date=20260629T092530
[2026-06-29T09:25:30.249+0000] {local_task_job_runner.py:240} INFO - Task exited with return code 0
[2026-06-29T09:25:30.285+0000] {local_task_job_runner.py:222} INFO - ::endgroup::
[2026-06-29T11:10:17.184+0000] {local_task_job_runner.py:120} INFO - ::group::Pre task execution logs
[2026-06-29T11:10:17.209+0000] {taskinstance.py:2076} INFO - Dependencies all met for dep_context=non-requeueable deps ti=<TaskInstance: weather_daily_dag.generate_reports scheduled__2026-06-28T00:00:00+00:00 [queued]>
[2026-06-29T11:10:17.215+0000] {taskinstance.py:2076} INFO - Dependencies all met for dep_context=requeueable deps ti=<TaskInstance: weather_daily_dag.generate_reports scheduled__2026-06-28T00:00:00+00:00 [queued]>
[2026-06-29T11:10:17.216+0000] {taskinstance.py:2306} INFO - Starting attempt 1 of 4
[2026-06-29T11:10:17.228+0000] {taskinstance.py:2330} INFO - Executing <Task(PythonOperator): generate_reports> on 2026-06-28 00:00:00+00:00
[2026-06-29T11:10:17.238+0000] {warnings.py:110} WARNING - /home/***/.local/lib/python3.12/site-packages/***/task/task_runner/standard_task_runner.py:61: DeprecationWarning: This process (pid=202) is multi-threaded, use of fork() may lead to deadlocks in the child.
  pid = os.fork()

[2026-06-29T11:10:17.240+0000] {standard_task_runner.py:63} INFO - Started process 204 to run task
[2026-06-29T11:10:17.240+0000] {standard_task_runner.py:90} INFO - Running: ['***', 'tasks', 'run', 'weather_daily_dag', 'generate_reports', 'scheduled__2026-06-28T00:00:00+00:00', '--job-id', '7', '--raw', '--subdir', 'DAGS_FOLDER/weather_etl_dag.py', '--cfg-path', '/tmp/tmpg3bbd4mt']
[2026-06-29T11:10:17.242+0000] {standard_task_runner.py:91} INFO - Job 7: Subtask generate_reports
[2026-06-29T11:10:17.295+0000] {task_command.py:426} INFO - Running <TaskInstance: weather_daily_dag.generate_reports scheduled__2026-06-28T00:00:00+00:00 [running]> on host 19e056e589ad
[2026-06-29T11:10:17.378+0000] {taskinstance.py:2648} INFO - Exporting env vars: AIRFLOW_CTX_DAG_OWNER='elia' AIRFLOW_CTX_DAG_ID='weather_daily_dag' AIRFLOW_CTX_TASK_ID='generate_reports' AIRFLOW_CTX_EXECUTION_DATE='2026-06-28T00:00:00+00:00' AIRFLOW_CTX_TRY_NUMBER='1' AIRFLOW_CTX_DAG_RUN_ID='scheduled__2026-06-28T00:00:00+00:00'
[2026-06-29T11:10:17.380+0000] {taskinstance.py:430} INFO - ::endgroup::
[2026-06-29T11:10:17.387+0000] {logging_mixin.py:188} INFO - [reporter] 154 rapports à générer
[2026-06-29T11:10:18.206+0000] {logging_mixin.py:188} INFO - [reporter] terminé
[2026-06-29T11:10:18.206+0000] {python.py:237} INFO - Done. Returned value was: None
[2026-06-29T11:10:18.211+0000] {taskinstance.py:441} INFO - ::group::Post task execution logs
[2026-06-29T11:10:18.241+0000] {taskinstance.py:1206} INFO - Marking task as SUCCESS. dag_id=weather_daily_dag, task_id=generate_reports, run_id=scheduled__2026-06-28T00:00:00+00:00, execution_date=20260628T000000, start_date=20260629T111017, end_date=20260629T111018
[2026-06-29T11:10:18.348+0000] {local_task_job_runner.py:240} INFO - Task exited with return code 0
[2026-06-29T11:10:18.386+0000] {taskinstance.py:3498} INFO - 1 downstream tasks scheduled from follow-on schedule check
[2026-06-29T11:10:18.388+0000] {local_task_job_runner.py:222} INFO - ::endgroup::
