[2026-06-28T07:49:09.020+0000] {local_task_job_runner.py:120} INFO - ::group::Pre task execution logs
[2026-06-28T07:49:09.143+0000] {taskinstance.py:2076} INFO - Dependencies all met for dep_context=non-requeueable deps ti=<TaskInstance: weather_daily_dag.extract_hourly_daily scheduled__2026-06-27T00:00:00+00:00 [queued]>
[2026-06-28T07:49:09.160+0000] {taskinstance.py:2076} INFO - Dependencies all met for dep_context=requeueable deps ti=<TaskInstance: weather_daily_dag.extract_hourly_daily scheduled__2026-06-27T00:00:00+00:00 [queued]>
[2026-06-28T07:49:09.160+0000] {taskinstance.py:2306} INFO - Starting attempt 1 of 4
[2026-06-28T07:49:09.191+0000] {taskinstance.py:2330} INFO - Executing <Task(PythonOperator): extract_hourly_daily> on 2026-06-27 00:00:00+00:00
[2026-06-28T07:49:09.223+0000] {standard_task_runner.py:90} INFO - Running: ['***', 'tasks', 'run', 'weather_daily_dag', 'extract_hourly_daily', 'scheduled__2026-06-27T00:00:00+00:00', '--job-id', '21', '--raw', '--subdir', 'DAGS_FOLDER/weather_etl_dag.py', '--cfg-path', '/tmp/tmpba6054e5']
[2026-06-28T07:49:09.244+0000] {standard_task_runner.py:91} INFO - Job 21: Subtask extract_hourly_daily
[2026-06-28T07:49:09.235+0000] {warnings.py:110} WARNING - /home/***/.local/lib/python3.12/site-packages/***/task/task_runner/standard_task_runner.py:61: DeprecationWarning: This process (pid=72) is multi-threaded, use of fork() may lead to deadlocks in the child.
  pid = os.fork()

[2026-06-28T07:49:09.245+0000] {standard_task_runner.py:63} INFO - Started process 77 to run task
[2026-06-28T07:49:09.379+0000] {task_command.py:426} INFO - Running <TaskInstance: weather_daily_dag.extract_hourly_daily scheduled__2026-06-27T00:00:00+00:00 [running]> on host 0c6ac0a91807
[2026-06-28T07:49:09.619+0000] {taskinstance.py:2648} INFO - Exporting env vars: AIRFLOW_CTX_DAG_OWNER='elia' AIRFLOW_CTX_DAG_ID='weather_daily_dag' AIRFLOW_CTX_TASK_ID='extract_hourly_daily' AIRFLOW_CTX_EXECUTION_DATE='2026-06-27T00:00:00+00:00' AIRFLOW_CTX_TRY_NUMBER='1' AIRFLOW_CTX_DAG_RUN_ID='scheduled__2026-06-27T00:00:00+00:00'
[2026-06-28T07:49:09.628+0000] {taskinstance.py:430} INFO - ::endgroup::
[2026-06-28T07:49:09.629+0000] {extractor.py:191} INFO - Début de l'extraction Open-Meteo (hourly)
[2026-06-28T07:49:09.631+0000] {extractor.py:219} ERROR - Erreur critique (hourly): connection to server at "localhost" (::1), port 5432 failed: Connection refused
	Is the server running on that host and accepting TCP/IP connections?
connection to server at "localhost" (127.0.0.1), port 5432 failed: Connection refused
	Is the server running on that host and accepting TCP/IP connections?

[2026-06-28T07:49:09.631+0000] {taskinstance.py:441} INFO - ::group::Post task execution logs
[2026-06-28T07:49:09.631+0000] {taskinstance.py:2905} ERROR - Task failed with exception
Traceback (most recent call last):
  File "/opt/airflow/dags/extractor.py", line 194, in run_open_meteo_extraction
    self.connect_db()
  File "/opt/airflow/dags/extractor.py", line 27, in connect_db
    self.db_conn = psycopg2.connect(
                   ^^^^^^^^^^^^^^^^^
  File "/home/airflow/.local/lib/python3.12/site-packages/psycopg2/__init__.py", line 122, in connect
    conn = _connect(dsn, connection_factory=connection_factory, **kwasync)
           ^^^^^^^^^^^^^^^^^^^^^^^^^^^^^^^^^^^^^^^^^^^^^^^^^^^^^^^^^^^^^^^
psycopg2.OperationalError: connection to server at "localhost" (::1), port 5432 failed: Connection refused
	Is the server running on that host and accepting TCP/IP connections?
connection to server at "localhost" (127.0.0.1), port 5432 failed: Connection refused
	Is the server running on that host and accepting TCP/IP connections?


During handling of the above exception, another exception occurred:

Traceback (most recent call last):
  File "/home/airflow/.local/lib/python3.12/site-packages/airflow/models/taskinstance.py", line 465, in _execute_task
    result = _execute_callable(context=context, **execute_callable_kwargs)
             ^^^^^^^^^^^^^^^^^^^^^^^^^^^^^^^^^^^^^^^^^^^^^^^^^^^^^^^^^^^^^
  File "/home/airflow/.local/lib/python3.12/site-packages/airflow/models/taskinstance.py", line 432, in _execute_callable
    return execute_callable(context=context, **execute_callable_kwargs)
           ^^^^^^^^^^^^^^^^^^^^^^^^^^^^^^^^^^^^^^^^^^^^^^^^^^^^^^^^^^^^
  File "/home/airflow/.local/lib/python3.12/site-packages/airflow/models/baseoperator.py", line 400, in wrapper
    return func(self, *args, **kwargs)
           ^^^^^^^^^^^^^^^^^^^^^^^^^^^
  File "/home/airflow/.local/lib/python3.12/site-packages/airflow/operators/python.py", line 235, in execute
    return_value = self.execute_callable()
                   ^^^^^^^^^^^^^^^^^^^^^^^
  File "/home/airflow/.local/lib/python3.12/site-packages/airflow/operators/python.py", line 252, in execute_callable
    return self.python_callable(*self.op_args, **self.op_kwargs)
           ^^^^^^^^^^^^^^^^^^^^^^^^^^^^^^^^^^^^^^^^^^^^^^^^^^^^^
  File "/opt/airflow/dags/extractor.py", line 255, in run_hourly_daily
    extractor.run_open_meteo_extraction('hourly')
  File "/opt/airflow/dags/extractor.py", line 220, in run_open_meteo_extraction
    with self.db_conn.cursor() as cur:
         ^^^^^^^^^^^^^^^^^^^
AttributeError: 'NoneType' object has no attribute 'cursor'
[2026-06-28T07:49:09.729+0000] {taskinstance.py:1206} INFO - Marking task as UP_FOR_RETRY. dag_id=weather_daily_dag, task_id=extract_hourly_daily, run_id=scheduled__2026-06-27T00:00:00+00:00, execution_date=20260627T000000, start_date=20260628T074909, end_date=20260628T074909
[2026-06-28T07:49:09.756+0000] {standard_task_runner.py:110} ERROR - Failed to execute job 21 for task extract_hourly_daily ('NoneType' object has no attribute 'cursor'; 77)
[2026-06-28T07:49:09.807+0000] {local_task_job_runner.py:240} INFO - Task exited with return code 1
[2026-06-28T07:49:09.847+0000] {taskinstance.py:3498} INFO - 0 downstream tasks scheduled from follow-on schedule check
[2026-06-28T07:49:09.850+0000] {local_task_job_runner.py:222} INFO - ::endgroup::
[2026-06-28T16:08:50.282+0000] {local_task_job_runner.py:120} INFO - ::group::Pre task execution logs
[2026-06-28T16:08:50.334+0000] {taskinstance.py:2076} INFO - Dependencies all met for dep_context=non-requeueable deps ti=<TaskInstance: weather_daily_dag.extract_hourly_daily scheduled__2026-06-27T00:00:00+00:00 [queued]>
[2026-06-28T16:08:50.390+0000] {taskinstance.py:2076} INFO - Dependencies all met for dep_context=requeueable deps ti=<TaskInstance: weather_daily_dag.extract_hourly_daily scheduled__2026-06-27T00:00:00+00:00 [queued]>
[2026-06-28T16:08:50.391+0000] {taskinstance.py:2306} INFO - Starting attempt 1 of 4
[2026-06-28T16:08:50.431+0000] {taskinstance.py:2330} INFO - Executing <Task(PythonOperator): extract_hourly_daily> on 2026-06-27 00:00:00+00:00
[2026-06-28T16:08:50.460+0000] {warnings.py:110} WARNING - /home/***/.local/lib/python3.12/site-packages/***/task/task_runner/standard_task_runner.py:61: DeprecationWarning: This process (pid=149) is multi-threaded, use of fork() may lead to deadlocks in the child.
  pid = os.fork()

[2026-06-28T16:08:50.464+0000] {standard_task_runner.py:63} INFO - Started process 153 to run task
[2026-06-28T16:08:50.464+0000] {standard_task_runner.py:90} INFO - Running: ['***', 'tasks', 'run', 'weather_daily_dag', 'extract_hourly_daily', 'scheduled__2026-06-27T00:00:00+00:00', '--job-id', '3', '--raw', '--subdir', 'DAGS_FOLDER/weather_etl_dag.py', '--cfg-path', '/tmp/tmpjcedu_ow']
[2026-06-28T16:08:50.480+0000] {standard_task_runner.py:91} INFO - Job 3: Subtask extract_hourly_daily
[2026-06-28T16:08:50.589+0000] {task_command.py:426} INFO - Running <TaskInstance: weather_daily_dag.extract_hourly_daily scheduled__2026-06-27T00:00:00+00:00 [running]> on host c186915320bd
[2026-06-28T16:08:50.714+0000] {taskinstance.py:2648} INFO - Exporting env vars: AIRFLOW_CTX_DAG_OWNER='elia' AIRFLOW_CTX_DAG_ID='weather_daily_dag' AIRFLOW_CTX_TASK_ID='extract_hourly_daily' AIRFLOW_CTX_EXECUTION_DATE='2026-06-27T00:00:00+00:00' AIRFLOW_CTX_TRY_NUMBER='1' AIRFLOW_CTX_DAG_RUN_ID='scheduled__2026-06-27T00:00:00+00:00'
[2026-06-28T16:08:50.716+0000] {taskinstance.py:430} INFO - ::endgroup::
[2026-06-28T16:08:50.717+0000] {extractor.py:191} INFO - Début de l'extraction Open-Meteo (hourly)
[2026-06-28T16:08:50.722+0000] {extractor.py:196} INFO - 22 stations à traiter
[2026-06-28T16:08:50.722+0000] {extractor.py:201} INFO - [hourly] Traitement de Station Antananarivo (-18.87920000, 47.50790000)
[2026-06-28T16:08:51.336+0000] {extractor.py:99} INFO - weather_raw sauvegardé pour location 1 (hourly)
[2026-06-28T16:08:51.337+0000] {extractor.py:201} INFO - [hourly] Traitement de Station Antsirabe (-19.86560000, 47.03330000)
[2026-06-28T16:08:52.013+0000] {extractor.py:99} INFO - weather_raw sauvegardé pour location 2 (hourly)
[2026-06-28T16:08:52.017+0000] {extractor.py:201} INFO - [hourly] Traitement de Station Miarinarivo (-18.87410000, 46.26060000)
[2026-06-28T16:08:52.587+0000] {extractor.py:99} INFO - weather_raw sauvegardé pour location 3 (hourly)
[2026-06-28T16:08:52.588+0000] {extractor.py:201} INFO - [hourly] Traitement de Station Tsiroanomandidy (-18.76670000, 46.03330000)
[2026-06-28T16:08:53.180+0000] {extractor.py:99} INFO - weather_raw sauvegardé pour location 4 (hourly)
[2026-06-28T16:08:53.181+0000] {extractor.py:201} INFO - [hourly] Traitement de Station Fianarantsoa (-21.45280000, 47.08550000)
[2026-06-28T16:08:53.768+0000] {extractor.py:99} INFO - weather_raw sauvegardé pour location 5 (hourly)
[2026-06-28T16:08:53.769+0000] {extractor.py:201} INFO - [hourly] Traitement de Station Ambositra (-20.52500000, 47.22660000)
[2026-06-28T16:08:54.310+0000] {extractor.py:99} INFO - weather_raw sauvegardé pour location 6 (hourly)
[2026-06-28T16:08:54.310+0000] {extractor.py:201} INFO - [hourly] Traitement de Station Fenoarivo (-18.86670000, 48.46670000)
[2026-06-28T16:08:54.821+0000] {extractor.py:99} INFO - weather_raw sauvegardé pour location 7 (hourly)
[2026-06-28T16:08:54.822+0000] {extractor.py:201} INFO - [hourly] Traitement de Station Farafangana (-21.77360000, 47.83190000)
[2026-06-28T16:08:55.363+0000] {extractor.py:99} INFO - weather_raw sauvegardé pour location 8 (hourly)
[2026-06-28T16:08:55.363+0000] {extractor.py:201} INFO - [hourly] Traitement de Station Manakara (-21.78330000, 48.01670000)
[2026-06-28T16:08:55.924+0000] {extractor.py:99} INFO - weather_raw sauvegardé pour location 9 (hourly)
[2026-06-28T16:08:55.924+0000] {extractor.py:201} INFO - [hourly] Traitement de Station Toamasina (-18.14920000, 49.40230000)
[2026-06-28T16:08:56.456+0000] {extractor.py:99} INFO - weather_raw sauvegardé pour location 10 (hourly)
[2026-06-28T16:08:56.456+0000] {extractor.py:201} INFO - [hourly] Traitement de Station Fenoarivo Anj (-17.41670000, 49.16670000)
[2026-06-28T16:08:56.992+0000] {extractor.py:99} INFO - weather_raw sauvegardé pour location 11 (hourly)
[2026-06-28T16:08:56.992+0000] {extractor.py:201} INFO - [hourly] Traitement de Station Ambatondrazaka (-17.83330000, 48.41670000)
[2026-06-28T16:08:57.553+0000] {extractor.py:99} INFO - weather_raw sauvegardé pour location 12 (hourly)
[2026-06-28T16:08:57.554+0000] {extractor.py:201} INFO - [hourly] Traitement de Station Mahajanga (-15.71670000, 46.31670000)
[2026-06-28T16:08:58.144+0000] {extractor.py:99} INFO - weather_raw sauvegardé pour location 13 (hourly)
[2026-06-28T16:08:58.145+0000] {extractor.py:201} INFO - [hourly] Traitement de Station Antsohihy (-14.86670000, 48.76670000)
[2026-06-28T16:09:28.400+0000] {extractor.py:85} ERROR - Erreur API Open-Meteo (hourly): HTTPSConnectionPool(host='api.open-meteo.com', port=443): Read timed out. (read timeout=30)
[2026-06-28T16:09:28.400+0000] {extractor.py:201} INFO - [hourly] Traitement de Station Maevatanana (-16.38330000, 46.83330000)
[2026-06-28T16:09:58.633+0000] {extractor.py:85} ERROR - Erreur API Open-Meteo (hourly): HTTPSConnectionPool(host='api.open-meteo.com', port=443): Read timed out. (read timeout=30)
[2026-06-28T16:09:58.634+0000] {extractor.py:201} INFO - [hourly] Traitement de Station Melaky (-16.99360000, 44.71390000)
[2026-06-28T16:10:28.856+0000] {extractor.py:85} ERROR - Erreur API Open-Meteo (hourly): HTTPSConnectionPool(host='api.open-meteo.com', port=443): Read timed out. (read timeout=30)
[2026-06-28T16:10:28.859+0000] {extractor.py:201} INFO - [hourly] Traitement de Station Toliara (-23.35140000, 43.66670000)
[2026-06-28T16:10:59.148+0000] {extractor.py:85} ERROR - Erreur API Open-Meteo (hourly): HTTPSConnectionPool(host='api.open-meteo.com', port=443): Read timed out. (read timeout=30)
[2026-06-28T16:10:59.149+0000] {extractor.py:201} INFO - [hourly] Traitement de Station Ambovombe (-25.16670000, 46.11670000)
[2026-06-28T16:10:59.997+0000] {extractor.py:99} INFO - weather_raw sauvegardé pour location 18 (hourly)
[2026-06-28T16:10:59.998+0000] {extractor.py:201} INFO - [hourly] Traitement de Station Tolanaro (-25.03000000, 46.98000000)
[2026-06-28T16:11:00.549+0000] {extractor.py:99} INFO - weather_raw sauvegardé pour location 19 (hourly)
[2026-06-28T16:11:00.549+0000] {extractor.py:201} INFO - [hourly] Traitement de Station Morondava (-20.28410000, 44.31610000)
[2026-06-28T16:11:01.073+0000] {extractor.py:99} INFO - weather_raw sauvegardé pour location 20 (hourly)
[2026-06-28T16:11:01.074+0000] {extractor.py:201} INFO - [hourly] Traitement de Station Antsiranana (-12.26280000, 49.28610000)
[2026-06-28T16:11:01.610+0000] {extractor.py:99} INFO - weather_raw sauvegardé pour location 21 (hourly)
[2026-06-28T16:11:01.611+0000] {extractor.py:201} INFO - [hourly] Traitement de Station Sambava (-14.26670000, 50.16670000)
[2026-06-28T16:11:02.274+0000] {extractor.py:99} INFO - weather_raw sauvegardé pour location 22 (hourly)
[2026-06-28T16:11:02.275+0000] {extractor.py:208} INFO - Extraction hourly terminée: 18/22 succès
[2026-06-28T16:11:02.284+0000] {extractor.py:191} INFO - Début de l'extraction Open-Meteo (daily)
[2026-06-28T16:11:02.311+0000] {extractor.py:196} INFO - 22 stations à traiter
[2026-06-28T16:11:02.311+0000] {extractor.py:201} INFO - [daily] Traitement de Station Antananarivo (-18.87920000, 47.50790000)
[2026-06-28T16:11:02.861+0000] {extractor.py:99} INFO - weather_raw sauvegardé pour location 1 (daily)
[2026-06-28T16:11:02.863+0000] {extractor.py:201} INFO - [daily] Traitement de Station Antsirabe (-19.86560000, 47.03330000)
[2026-06-28T16:11:03.395+0000] {extractor.py:99} INFO - weather_raw sauvegardé pour location 2 (daily)
[2026-06-28T16:11:03.395+0000] {extractor.py:201} INFO - [daily] Traitement de Station Miarinarivo (-18.87410000, 46.26060000)
[2026-06-28T16:11:03.922+0000] {extractor.py:99} INFO - weather_raw sauvegardé pour location 3 (daily)
[2026-06-28T16:11:03.923+0000] {extractor.py:201} INFO - [daily] Traitement de Station Tsiroanomandidy (-18.76670000, 46.03330000)
[2026-06-28T16:11:04.451+0000] {extractor.py:99} INFO - weather_raw sauvegardé pour location 4 (daily)
[2026-06-28T16:11:04.452+0000] {extractor.py:201} INFO - [daily] Traitement de Station Fianarantsoa (-21.45280000, 47.08550000)
[2026-06-28T16:11:04.976+0000] {extractor.py:99} INFO - weather_raw sauvegardé pour location 5 (daily)
[2026-06-28T16:11:04.977+0000] {extractor.py:201} INFO - [daily] Traitement de Station Ambositra (-20.52500000, 47.22660000)
[2026-06-28T16:11:05.585+0000] {extractor.py:99} INFO - weather_raw sauvegardé pour location 6 (daily)
[2026-06-28T16:11:05.587+0000] {extractor.py:201} INFO - [daily] Traitement de Station Fenoarivo (-18.86670000, 48.46670000)
[2026-06-28T16:11:06.205+0000] {extractor.py:99} INFO - weather_raw sauvegardé pour location 7 (daily)
[2026-06-28T16:11:06.206+0000] {extractor.py:201} INFO - [daily] Traitement de Station Farafangana (-21.77360000, 47.83190000)
[2026-06-28T16:11:06.767+0000] {extractor.py:99} INFO - weather_raw sauvegardé pour location 8 (daily)
[2026-06-28T16:11:06.768+0000] {extractor.py:201} INFO - [daily] Traitement de Station Manakara (-21.78330000, 48.01670000)
[2026-06-28T16:11:37.009+0000] {extractor.py:85} ERROR - Erreur API Open-Meteo (daily): HTTPSConnectionPool(host='api.open-meteo.com', port=443): Read timed out. (read timeout=30)
[2026-06-28T16:11:37.009+0000] {extractor.py:201} INFO - [daily] Traitement de Station Toamasina (-18.14920000, 49.40230000)
[2026-06-28T16:12:07.482+0000] {extractor.py:85} ERROR - Erreur API Open-Meteo (daily): HTTPSConnectionPool(host='api.open-meteo.com', port=443): Read timed out. (read timeout=30)
[2026-06-28T16:12:07.483+0000] {extractor.py:201} INFO - [daily] Traitement de Station Fenoarivo Anj (-17.41670000, 49.16670000)
[2026-06-28T16:12:37.749+0000] {extractor.py:85} ERROR - Erreur API Open-Meteo (daily): HTTPSConnectionPool(host='api.open-meteo.com', port=443): Read timed out. (read timeout=30)
[2026-06-28T16:12:37.749+0000] {extractor.py:201} INFO - [daily] Traitement de Station Ambatondrazaka (-17.83330000, 48.41670000)
[2026-06-28T16:13:08.102+0000] {extractor.py:85} ERROR - Erreur API Open-Meteo (daily): HTTPSConnectionPool(host='api.open-meteo.com', port=443): Read timed out. (read timeout=30)
[2026-06-28T16:13:08.104+0000] {extractor.py:201} INFO - [daily] Traitement de Station Mahajanga (-15.71670000, 46.31670000)
[2026-06-28T16:13:08.621+0000] {extractor.py:99} INFO - weather_raw sauvegardé pour location 13 (daily)
[2026-06-28T16:13:08.622+0000] {extractor.py:201} INFO - [daily] Traitement de Station Antsohihy (-14.86670000, 48.76670000)
[2026-06-28T16:13:09.196+0000] {extractor.py:99} INFO - weather_raw sauvegardé pour location 14 (daily)
[2026-06-28T16:13:09.197+0000] {extractor.py:201} INFO - [daily] Traitement de Station Maevatanana (-16.38330000, 46.83330000)
[2026-06-28T16:13:09.719+0000] {extractor.py:99} INFO - weather_raw sauvegardé pour location 15 (daily)
[2026-06-28T16:13:09.720+0000] {extractor.py:201} INFO - [daily] Traitement de Station Melaky (-16.99360000, 44.71390000)
[2026-06-28T16:13:10.234+0000] {extractor.py:99} INFO - weather_raw sauvegardé pour location 16 (daily)
[2026-06-28T16:13:10.235+0000] {extractor.py:201} INFO - [daily] Traitement de Station Toliara (-23.35140000, 43.66670000)
[2026-06-28T16:13:10.746+0000] {extractor.py:99} INFO - weather_raw sauvegardé pour location 17 (daily)
[2026-06-28T16:13:10.746+0000] {extractor.py:201} INFO - [daily] Traitement de Station Ambovombe (-25.16670000, 46.11670000)
[2026-06-28T16:13:11.272+0000] {extractor.py:99} INFO - weather_raw sauvegardé pour location 18 (daily)
[2026-06-28T16:13:11.273+0000] {extractor.py:201} INFO - [daily] Traitement de Station Tolanaro (-25.03000000, 46.98000000)
[2026-06-28T16:13:11.811+0000] {extractor.py:99} INFO - weather_raw sauvegardé pour location 19 (daily)
[2026-06-28T16:13:11.811+0000] {extractor.py:201} INFO - [daily] Traitement de Station Morondava (-20.28410000, 44.31610000)
[2026-06-28T16:13:12.384+0000] {extractor.py:99} INFO - weather_raw sauvegardé pour location 20 (daily)
[2026-06-28T16:13:12.384+0000] {extractor.py:201} INFO - [daily] Traitement de Station Antsiranana (-12.26280000, 49.28610000)
[2026-06-28T16:13:12.917+0000] {extractor.py:99} INFO - weather_raw sauvegardé pour location 21 (daily)
[2026-06-28T16:13:12.918+0000] {extractor.py:201} INFO - [daily] Traitement de Station Sambava (-14.26670000, 50.16670000)
[2026-06-28T16:13:13.513+0000] {extractor.py:99} INFO - weather_raw sauvegardé pour location 22 (daily)
[2026-06-28T16:13:13.514+0000] {extractor.py:208} INFO - Extraction daily terminée: 18/22 succès
[2026-06-28T16:13:13.517+0000] {python.py:237} INFO - Done. Returned value was: None
[2026-06-28T16:13:13.526+0000] {taskinstance.py:441} INFO - ::group::Post task execution logs
[2026-06-28T16:13:13.568+0000] {taskinstance.py:1206} INFO - Marking task as SUCCESS. dag_id=weather_daily_dag, task_id=extract_hourly_daily, run_id=scheduled__2026-06-27T00:00:00+00:00, execution_date=20260627T000000, start_date=20260628T160850, end_date=20260628T161313
[2026-06-28T16:13:13.650+0000] {local_task_job_runner.py:240} INFO - Task exited with return code 0
[2026-06-28T16:13:13.723+0000] {taskinstance.py:3498} INFO - 1 downstream tasks scheduled from follow-on schedule check
[2026-06-28T16:13:13.725+0000] {local_task_job_runner.py:222} INFO - ::endgroup::
