[2026-06-28T09:30:43.421+0000] {local_task_job_runner.py:120} INFO - ::group::Pre task execution logs
[2026-06-28T09:30:43.454+0000] {taskinstance.py:2076} INFO - Dependencies all met for dep_context=non-requeueable deps ti=<TaskInstance: weather_daily_dag.aggregate_daily manual__2026-06-28T09:21:04+00:00 [queued]>
[2026-06-28T09:30:43.462+0000] {taskinstance.py:2076} INFO - Dependencies all met for dep_context=requeueable deps ti=<TaskInstance: weather_daily_dag.aggregate_daily manual__2026-06-28T09:21:04+00:00 [queued]>
[2026-06-28T09:30:43.463+0000] {taskinstance.py:2306} INFO - Starting attempt 1 of 4
[2026-06-28T09:30:43.479+0000] {taskinstance.py:2330} INFO - Executing <Task(PythonOperator): aggregate_daily> on 2026-06-28 09:21:04+00:00
[2026-06-28T09:30:43.496+0000] {warnings.py:110} WARNING - /home/***/.local/lib/python3.12/site-packages/***/task/task_runner/standard_task_runner.py:61: DeprecationWarning: This process (pid=273) is multi-threaded, use of fork() may lead to deadlocks in the child.
  pid = os.fork()

[2026-06-28T09:30:43.501+0000] {standard_task_runner.py:63} INFO - Started process 275 to run task
[2026-06-28T09:30:43.500+0000] {standard_task_runner.py:90} INFO - Running: ['***', 'tasks', 'run', 'weather_daily_dag', 'aggregate_daily', 'manual__2026-06-28T09:21:04+00:00', '--job-id', '61', '--raw', '--subdir', 'DAGS_FOLDER/weather_etl_dag.py', '--cfg-path', '/tmp/tmp0uzrkokp']
[2026-06-28T09:30:43.504+0000] {standard_task_runner.py:91} INFO - Job 61: Subtask aggregate_daily
[2026-06-28T09:30:43.565+0000] {task_command.py:426} INFO - Running <TaskInstance: weather_daily_dag.aggregate_daily manual__2026-06-28T09:21:04+00:00 [running]> on host ef3b95b0c88e
[2026-06-28T09:30:43.735+0000] {taskinstance.py:2648} INFO - Exporting env vars: AIRFLOW_CTX_DAG_OWNER='elia' AIRFLOW_CTX_DAG_ID='weather_daily_dag' AIRFLOW_CTX_TASK_ID='aggregate_daily' AIRFLOW_CTX_EXECUTION_DATE='2026-06-28T09:21:04+00:00' AIRFLOW_CTX_TRY_NUMBER='1' AIRFLOW_CTX_DAG_RUN_ID='manual__2026-06-28T09:21:04+00:00'
[2026-06-28T09:30:43.740+0000] {taskinstance.py:430} INFO - ::endgroup::
[2026-06-28T09:30:43.776+0000] {logging_mixin.py:188} INFO - [aggregate] weather_daily mis à jour
[2026-06-28T09:30:43.780+0000] {python.py:237} INFO - Done. Returned value was: None
[2026-06-28T09:30:43.781+0000] {taskinstance.py:441} INFO - ::group::Post task execution logs
[2026-06-28T09:30:43.803+0000] {taskinstance.py:1206} INFO - Marking task as SUCCESS. dag_id=weather_daily_dag, task_id=aggregate_daily, run_id=manual__2026-06-28T09:21:04+00:00, execution_date=20260628T092104, start_date=20260628T093043, end_date=20260628T093043
[2026-06-28T09:30:43.885+0000] {local_task_job_runner.py:240} INFO - Task exited with return code 0
[2026-06-28T09:30:43.954+0000] {taskinstance.py:3498} INFO - 1 downstream tasks scheduled from follow-on schedule check
[2026-06-28T09:30:43.956+0000] {local_task_job_runner.py:222} INFO - ::endgroup::
