[2026-06-29T11:10:24.959+0000] {local_task_job_runner.py:120} INFO - ::group::Pre task execution logs
[2026-06-29T11:10:24.978+0000] {taskinstance.py:2076} INFO - Dependencies all met for dep_context=non-requeueable deps ti=<TaskInstance: weather_daily_dag.aggregate_daily manual__2026-06-29T11:03:47.460407+00:00 [queued]>
[2026-06-29T11:10:24.985+0000] {taskinstance.py:2076} INFO - Dependencies all met for dep_context=requeueable deps ti=<TaskInstance: weather_daily_dag.aggregate_daily manual__2026-06-29T11:03:47.460407+00:00 [queued]>
[2026-06-29T11:10:24.985+0000] {taskinstance.py:2306} INFO - Starting attempt 1 of 4
[2026-06-29T11:10:24.997+0000] {taskinstance.py:2330} INFO - Executing <Task(PythonOperator): aggregate_daily> on 2026-06-29 11:03:47.460407+00:00
[2026-06-29T11:10:25.005+0000] {warnings.py:110} WARNING - /home/***/.local/lib/python3.12/site-packages/***/task/task_runner/standard_task_runner.py:61: DeprecationWarning: This process (pid=211) is multi-threaded, use of fork() may lead to deadlocks in the child.
  pid = os.fork()

[2026-06-29T11:10:25.007+0000] {standard_task_runner.py:63} INFO - Started process 213 to run task
[2026-06-29T11:10:25.007+0000] {standard_task_runner.py:90} INFO - Running: ['***', 'tasks', 'run', 'weather_daily_dag', 'aggregate_daily', 'manual__2026-06-29T11:03:47.460407+00:00', '--job-id', '10', '--raw', '--subdir', 'DAGS_FOLDER/weather_etl_dag.py', '--cfg-path', '/tmp/tmpphqva_9l']
[2026-06-29T11:10:25.010+0000] {standard_task_runner.py:91} INFO - Job 10: Subtask aggregate_daily
[2026-06-29T11:10:25.050+0000] {task_command.py:426} INFO - Running <TaskInstance: weather_daily_dag.aggregate_daily manual__2026-06-29T11:03:47.460407+00:00 [running]> on host 19e056e589ad
[2026-06-29T11:10:25.137+0000] {taskinstance.py:2648} INFO - Exporting env vars: AIRFLOW_CTX_DAG_OWNER='elia' AIRFLOW_CTX_DAG_ID='weather_daily_dag' AIRFLOW_CTX_TASK_ID='aggregate_daily' AIRFLOW_CTX_EXECUTION_DATE='2026-06-29T11:03:47.460407+00:00' AIRFLOW_CTX_TRY_NUMBER='1' AIRFLOW_CTX_DAG_RUN_ID='manual__2026-06-29T11:03:47.460407+00:00'
[2026-06-29T11:10:25.139+0000] {taskinstance.py:430} INFO - ::endgroup::
[2026-06-29T11:10:25.158+0000] {logging_mixin.py:188} INFO - [aggregate] weather_daily mis à jour
[2026-06-29T11:10:25.158+0000] {python.py:237} INFO - Done. Returned value was: None
[2026-06-29T11:10:25.159+0000] {taskinstance.py:441} INFO - ::group::Post task execution logs
[2026-06-29T11:10:25.168+0000] {taskinstance.py:1206} INFO - Marking task as SUCCESS. dag_id=weather_daily_dag, task_id=aggregate_daily, run_id=manual__2026-06-29T11:03:47.460407+00:00, execution_date=20260629T110347, start_date=20260629T111024, end_date=20260629T111025
[2026-06-29T11:10:25.223+0000] {local_task_job_runner.py:240} INFO - Task exited with return code 0
[2026-06-29T11:10:25.247+0000] {taskinstance.py:3498} INFO - 1 downstream tasks scheduled from follow-on schedule check
[2026-06-29T11:10:25.248+0000] {local_task_job_runner.py:222} INFO - ::endgroup::
