[2026-06-29T08:29:05.573+0000] {processor.py:161} INFO - Started process (PID=97) to work on /home/airflow/.local/lib/python3.12/site-packages/airflow/example_dags/example_short_circuit_operator.py
[2026-06-29T08:29:05.578+0000] {processor.py:830} INFO - Processing file /home/airflow/.local/lib/python3.12/site-packages/airflow/example_dags/example_short_circuit_operator.py for tasks to queue
[2026-06-29T08:29:05.586+0000] {logging_mixin.py:188} INFO - [2026-06-29T08:29:05.585+0000] {dagbag.py:545} INFO - Filling up the DagBag from /home/airflow/.local/lib/python3.12/site-packages/airflow/example_dags/example_short_circuit_operator.py
[2026-06-29T08:29:05.632+0000] {processor.py:840} INFO - DAG(s) 'example_short_circuit_operator' retrieved from /home/airflow/.local/lib/python3.12/site-packages/airflow/example_dags/example_short_circuit_operator.py
[2026-06-29T08:29:06.295+0000] {logging_mixin.py:188} INFO - [2026-06-29T08:29:06.294+0000] {override.py:1829} INFO - Created Permission View: can edit on DAG:example_short_circuit_operator
[2026-06-29T08:29:06.409+0000] {logging_mixin.py:188} INFO - [2026-06-29T08:29:06.409+0000] {override.py:1829} INFO - Created Permission View: can read on DAG:example_short_circuit_operator
[2026-06-29T08:29:06.446+0000] {logging_mixin.py:188} INFO - [2026-06-29T08:29:06.446+0000] {override.py:1829} INFO - Created Permission View: can delete on DAG:example_short_circuit_operator
[2026-06-29T08:29:06.447+0000] {logging_mixin.py:188} INFO - [2026-06-29T08:29:06.446+0000] {dag.py:3096} INFO - Sync 1 DAGs
[2026-06-29T08:29:06.476+0000] {logging_mixin.py:188} INFO - [2026-06-29T08:29:06.476+0000] {dag.py:3118} INFO - Creating ORM DAG for example_short_circuit_operator
[2026-06-29T08:29:06.514+0000] {logging_mixin.py:188} INFO - [2026-06-29T08:29:06.513+0000] {dag.py:3954} INFO - Setting next_dagrun for example_short_circuit_operator to 2026-06-28 00:00:00+00:00, run_after=2026-06-29 00:00:00+00:00
[2026-06-29T08:29:06.562+0000] {processor.py:183} INFO - Processing /home/airflow/.local/lib/python3.12/site-packages/airflow/example_dags/example_short_circuit_operator.py took 1.010 seconds
[2026-06-29T08:29:38.543+0000] {processor.py:161} INFO - Started process (PID=155) to work on /home/airflow/.local/lib/python3.12/site-packages/airflow/example_dags/example_short_circuit_operator.py
[2026-06-29T08:29:38.552+0000] {processor.py:830} INFO - Processing file /home/airflow/.local/lib/python3.12/site-packages/airflow/example_dags/example_short_circuit_operator.py for tasks to queue
[2026-06-29T08:29:38.565+0000] {logging_mixin.py:188} INFO - [2026-06-29T08:29:38.561+0000] {dagbag.py:545} INFO - Filling up the DagBag from /home/airflow/.local/lib/python3.12/site-packages/airflow/example_dags/example_short_circuit_operator.py
[2026-06-29T08:29:38.611+0000] {processor.py:840} INFO - DAG(s) 'example_short_circuit_operator' retrieved from /home/airflow/.local/lib/python3.12/site-packages/airflow/example_dags/example_short_circuit_operator.py
[2026-06-29T08:29:38.672+0000] {logging_mixin.py:188} INFO - [2026-06-29T08:29:38.672+0000] {dag.py:3096} INFO - Sync 1 DAGs
[2026-06-29T08:29:38.703+0000] {logging_mixin.py:188} INFO - [2026-06-29T08:29:38.703+0000] {dag.py:3954} INFO - Setting next_dagrun for example_short_circuit_operator to 2026-06-28 00:00:00+00:00, run_after=2026-06-29 00:00:00+00:00
[2026-06-29T08:29:38.743+0000] {processor.py:183} INFO - Processing /home/airflow/.local/lib/python3.12/site-packages/airflow/example_dags/example_short_circuit_operator.py took 0.244 seconds
[2026-06-29T08:30:09.083+0000] {processor.py:161} INFO - Started process (PID=212) to work on /home/airflow/.local/lib/python3.12/site-packages/airflow/example_dags/example_short_circuit_operator.py
[2026-06-29T08:30:09.084+0000] {processor.py:830} INFO - Processing file /home/airflow/.local/lib/python3.12/site-packages/airflow/example_dags/example_short_circuit_operator.py for tasks to queue
[2026-06-29T08:30:09.086+0000] {logging_mixin.py:188} INFO - [2026-06-29T08:30:09.085+0000] {dagbag.py:545} INFO - Filling up the DagBag from /home/airflow/.local/lib/python3.12/site-packages/airflow/example_dags/example_short_circuit_operator.py
[2026-06-29T08:30:09.094+0000] {processor.py:840} INFO - DAG(s) 'example_short_circuit_operator' retrieved from /home/airflow/.local/lib/python3.12/site-packages/airflow/example_dags/example_short_circuit_operator.py
[2026-06-29T08:30:09.138+0000] {logging_mixin.py:188} INFO - [2026-06-29T08:30:09.138+0000] {dag.py:3096} INFO - Sync 1 DAGs
[2026-06-29T08:30:09.214+0000] {logging_mixin.py:188} INFO - [2026-06-29T08:30:09.213+0000] {dag.py:3954} INFO - Setting next_dagrun for example_short_circuit_operator to 2026-06-28 00:00:00+00:00, run_after=2026-06-29 00:00:00+00:00
[2026-06-29T08:30:09.341+0000] {processor.py:183} INFO - Processing /home/airflow/.local/lib/python3.12/site-packages/airflow/example_dags/example_short_circuit_operator.py took 0.265 seconds
[2026-06-29T08:30:39.744+0000] {processor.py:161} INFO - Started process (PID=271) to work on /home/airflow/.local/lib/python3.12/site-packages/airflow/example_dags/example_short_circuit_operator.py
[2026-06-29T08:30:39.745+0000] {processor.py:830} INFO - Processing file /home/airflow/.local/lib/python3.12/site-packages/airflow/example_dags/example_short_circuit_operator.py for tasks to queue
[2026-06-29T08:30:39.747+0000] {logging_mixin.py:188} INFO - [2026-06-29T08:30:39.747+0000] {dagbag.py:545} INFO - Filling up the DagBag from /home/airflow/.local/lib/python3.12/site-packages/airflow/example_dags/example_short_circuit_operator.py
[2026-06-29T08:30:39.757+0000] {processor.py:840} INFO - DAG(s) 'example_short_circuit_operator' retrieved from /home/airflow/.local/lib/python3.12/site-packages/airflow/example_dags/example_short_circuit_operator.py
[2026-06-29T08:30:39.798+0000] {logging_mixin.py:188} INFO - [2026-06-29T08:30:39.798+0000] {dag.py:3096} INFO - Sync 1 DAGs
[2026-06-29T08:30:39.871+0000] {logging_mixin.py:188} INFO - [2026-06-29T08:30:39.871+0000] {dag.py:3954} INFO - Setting next_dagrun for example_short_circuit_operator to 2026-06-28 00:00:00+00:00, run_after=2026-06-29 00:00:00+00:00
[2026-06-29T08:30:39.895+0000] {processor.py:183} INFO - Processing /home/airflow/.local/lib/python3.12/site-packages/airflow/example_dags/example_short_circuit_operator.py took 0.157 seconds
[2026-06-29T08:31:10.438+0000] {processor.py:161} INFO - Started process (PID=330) to work on /home/airflow/.local/lib/python3.12/site-packages/airflow/example_dags/example_short_circuit_operator.py
[2026-06-29T08:31:10.439+0000] {processor.py:830} INFO - Processing file /home/airflow/.local/lib/python3.12/site-packages/airflow/example_dags/example_short_circuit_operator.py for tasks to queue
[2026-06-29T08:31:10.442+0000] {logging_mixin.py:188} INFO - [2026-06-29T08:31:10.441+0000] {dagbag.py:545} INFO - Filling up the DagBag from /home/airflow/.local/lib/python3.12/site-packages/airflow/example_dags/example_short_circuit_operator.py
[2026-06-29T08:31:10.451+0000] {processor.py:840} INFO - DAG(s) 'example_short_circuit_operator' retrieved from /home/airflow/.local/lib/python3.12/site-packages/airflow/example_dags/example_short_circuit_operator.py
[2026-06-29T08:31:10.480+0000] {logging_mixin.py:188} INFO - [2026-06-29T08:31:10.480+0000] {dag.py:3096} INFO - Sync 1 DAGs
[2026-06-29T08:31:10.507+0000] {logging_mixin.py:188} INFO - [2026-06-29T08:31:10.507+0000] {dag.py:3954} INFO - Setting next_dagrun for example_short_circuit_operator to 2026-06-28 00:00:00+00:00, run_after=2026-06-29 00:00:00+00:00
[2026-06-29T08:31:10.545+0000] {processor.py:183} INFO - Processing /home/airflow/.local/lib/python3.12/site-packages/airflow/example_dags/example_short_circuit_operator.py took 0.119 seconds
[2026-06-29T08:31:41.164+0000] {processor.py:161} INFO - Started process (PID=389) to work on /home/airflow/.local/lib/python3.12/site-packages/airflow/example_dags/example_short_circuit_operator.py
[2026-06-29T08:31:41.173+0000] {processor.py:830} INFO - Processing file /home/airflow/.local/lib/python3.12/site-packages/airflow/example_dags/example_short_circuit_operator.py for tasks to queue
[2026-06-29T08:31:41.183+0000] {logging_mixin.py:188} INFO - [2026-06-29T08:31:41.183+0000] {dagbag.py:545} INFO - Filling up the DagBag from /home/airflow/.local/lib/python3.12/site-packages/airflow/example_dags/example_short_circuit_operator.py
[2026-06-29T08:31:41.227+0000] {processor.py:840} INFO - DAG(s) 'example_short_circuit_operator' retrieved from /home/airflow/.local/lib/python3.12/site-packages/airflow/example_dags/example_short_circuit_operator.py
[2026-06-29T08:31:41.346+0000] {logging_mixin.py:188} INFO - [2026-06-29T08:31:41.346+0000] {dag.py:3096} INFO - Sync 1 DAGs
[2026-06-29T08:31:41.457+0000] {logging_mixin.py:188} INFO - [2026-06-29T08:31:41.456+0000] {dag.py:3954} INFO - Setting next_dagrun for example_short_circuit_operator to 2026-06-28 00:00:00+00:00, run_after=2026-06-29 00:00:00+00:00
[2026-06-29T08:31:41.545+0000] {processor.py:183} INFO - Processing /home/airflow/.local/lib/python3.12/site-packages/airflow/example_dags/example_short_circuit_operator.py took 0.453 seconds
[2026-06-29T08:32:12.097+0000] {processor.py:161} INFO - Started process (PID=448) to work on /home/airflow/.local/lib/python3.12/site-packages/airflow/example_dags/example_short_circuit_operator.py
[2026-06-29T08:32:12.098+0000] {processor.py:830} INFO - Processing file /home/airflow/.local/lib/python3.12/site-packages/airflow/example_dags/example_short_circuit_operator.py for tasks to queue
[2026-06-29T08:32:12.100+0000] {logging_mixin.py:188} INFO - [2026-06-29T08:32:12.099+0000] {dagbag.py:545} INFO - Filling up the DagBag from /home/airflow/.local/lib/python3.12/site-packages/airflow/example_dags/example_short_circuit_operator.py
[2026-06-29T08:32:12.109+0000] {processor.py:840} INFO - DAG(s) 'example_short_circuit_operator' retrieved from /home/airflow/.local/lib/python3.12/site-packages/airflow/example_dags/example_short_circuit_operator.py
[2026-06-29T08:32:12.137+0000] {logging_mixin.py:188} INFO - [2026-06-29T08:32:12.137+0000] {dag.py:3096} INFO - Sync 1 DAGs
[2026-06-29T08:32:12.168+0000] {logging_mixin.py:188} INFO - [2026-06-29T08:32:12.168+0000] {dag.py:3954} INFO - Setting next_dagrun for example_short_circuit_operator to 2026-06-28 00:00:00+00:00, run_after=2026-06-29 00:00:00+00:00
[2026-06-29T08:32:12.189+0000] {processor.py:183} INFO - Processing /home/airflow/.local/lib/python3.12/site-packages/airflow/example_dags/example_short_circuit_operator.py took 0.099 seconds
[2026-06-29T08:32:42.881+0000] {processor.py:161} INFO - Started process (PID=507) to work on /home/airflow/.local/lib/python3.12/site-packages/airflow/example_dags/example_short_circuit_operator.py
[2026-06-29T08:32:42.882+0000] {processor.py:830} INFO - Processing file /home/airflow/.local/lib/python3.12/site-packages/airflow/example_dags/example_short_circuit_operator.py for tasks to queue
[2026-06-29T08:32:42.884+0000] {logging_mixin.py:188} INFO - [2026-06-29T08:32:42.883+0000] {dagbag.py:545} INFO - Filling up the DagBag from /home/airflow/.local/lib/python3.12/site-packages/airflow/example_dags/example_short_circuit_operator.py
[2026-06-29T08:32:42.892+0000] {processor.py:840} INFO - DAG(s) 'example_short_circuit_operator' retrieved from /home/airflow/.local/lib/python3.12/site-packages/airflow/example_dags/example_short_circuit_operator.py
[2026-06-29T08:32:42.920+0000] {logging_mixin.py:188} INFO - [2026-06-29T08:32:42.920+0000] {dag.py:3096} INFO - Sync 1 DAGs
[2026-06-29T08:32:42.951+0000] {logging_mixin.py:188} INFO - [2026-06-29T08:32:42.951+0000] {dag.py:3954} INFO - Setting next_dagrun for example_short_circuit_operator to 2026-06-28 00:00:00+00:00, run_after=2026-06-29 00:00:00+00:00
[2026-06-29T08:32:42.971+0000] {processor.py:183} INFO - Processing /home/airflow/.local/lib/python3.12/site-packages/airflow/example_dags/example_short_circuit_operator.py took 0.099 seconds
[2026-06-29T08:33:13.508+0000] {processor.py:161} INFO - Started process (PID=566) to work on /home/airflow/.local/lib/python3.12/site-packages/airflow/example_dags/example_short_circuit_operator.py
[2026-06-29T08:33:13.509+0000] {processor.py:830} INFO - Processing file /home/airflow/.local/lib/python3.12/site-packages/airflow/example_dags/example_short_circuit_operator.py for tasks to queue
[2026-06-29T08:33:13.511+0000] {logging_mixin.py:188} INFO - [2026-06-29T08:33:13.510+0000] {dagbag.py:545} INFO - Filling up the DagBag from /home/airflow/.local/lib/python3.12/site-packages/airflow/example_dags/example_short_circuit_operator.py
[2026-06-29T08:33:13.520+0000] {processor.py:840} INFO - DAG(s) 'example_short_circuit_operator' retrieved from /home/airflow/.local/lib/python3.12/site-packages/airflow/example_dags/example_short_circuit_operator.py
[2026-06-29T08:33:13.549+0000] {logging_mixin.py:188} INFO - [2026-06-29T08:33:13.549+0000] {dag.py:3096} INFO - Sync 1 DAGs
[2026-06-29T08:33:13.583+0000] {logging_mixin.py:188} INFO - [2026-06-29T08:33:13.583+0000] {dag.py:3954} INFO - Setting next_dagrun for example_short_circuit_operator to 2026-06-28 00:00:00+00:00, run_after=2026-06-29 00:00:00+00:00
[2026-06-29T08:33:13.602+0000] {processor.py:183} INFO - Processing /home/airflow/.local/lib/python3.12/site-packages/airflow/example_dags/example_short_circuit_operator.py took 0.101 seconds
[2026-06-29T08:33:44.142+0000] {processor.py:161} INFO - Started process (PID=626) to work on /home/airflow/.local/lib/python3.12/site-packages/airflow/example_dags/example_short_circuit_operator.py
[2026-06-29T08:33:44.142+0000] {processor.py:830} INFO - Processing file /home/airflow/.local/lib/python3.12/site-packages/airflow/example_dags/example_short_circuit_operator.py for tasks to queue
[2026-06-29T08:33:44.144+0000] {logging_mixin.py:188} INFO - [2026-06-29T08:33:44.144+0000] {dagbag.py:545} INFO - Filling up the DagBag from /home/airflow/.local/lib/python3.12/site-packages/airflow/example_dags/example_short_circuit_operator.py
[2026-06-29T08:33:44.154+0000] {processor.py:840} INFO - DAG(s) 'example_short_circuit_operator' retrieved from /home/airflow/.local/lib/python3.12/site-packages/airflow/example_dags/example_short_circuit_operator.py
[2026-06-29T08:33:44.182+0000] {logging_mixin.py:188} INFO - [2026-06-29T08:33:44.182+0000] {dag.py:3096} INFO - Sync 1 DAGs
[2026-06-29T08:33:44.215+0000] {logging_mixin.py:188} INFO - [2026-06-29T08:33:44.215+0000] {dag.py:3954} INFO - Setting next_dagrun for example_short_circuit_operator to 2026-06-28 00:00:00+00:00, run_after=2026-06-29 00:00:00+00:00
[2026-06-29T08:33:44.234+0000] {processor.py:183} INFO - Processing /home/airflow/.local/lib/python3.12/site-packages/airflow/example_dags/example_short_circuit_operator.py took 0.099 seconds
[2026-06-29T08:34:14.435+0000] {processor.py:161} INFO - Started process (PID=685) to work on /home/airflow/.local/lib/python3.12/site-packages/airflow/example_dags/example_short_circuit_operator.py
[2026-06-29T08:34:14.436+0000] {processor.py:830} INFO - Processing file /home/airflow/.local/lib/python3.12/site-packages/airflow/example_dags/example_short_circuit_operator.py for tasks to queue
[2026-06-29T08:34:14.438+0000] {logging_mixin.py:188} INFO - [2026-06-29T08:34:14.437+0000] {dagbag.py:545} INFO - Filling up the DagBag from /home/airflow/.local/lib/python3.12/site-packages/airflow/example_dags/example_short_circuit_operator.py
[2026-06-29T08:34:14.448+0000] {processor.py:840} INFO - DAG(s) 'example_short_circuit_operator' retrieved from /home/airflow/.local/lib/python3.12/site-packages/airflow/example_dags/example_short_circuit_operator.py
[2026-06-29T08:34:14.476+0000] {logging_mixin.py:188} INFO - [2026-06-29T08:34:14.476+0000] {dag.py:3096} INFO - Sync 1 DAGs
[2026-06-29T08:34:14.503+0000] {logging_mixin.py:188} INFO - [2026-06-29T08:34:14.502+0000] {dag.py:3954} INFO - Setting next_dagrun for example_short_circuit_operator to 2026-06-28 00:00:00+00:00, run_after=2026-06-29 00:00:00+00:00
[2026-06-29T08:34:14.521+0000] {processor.py:183} INFO - Processing /home/airflow/.local/lib/python3.12/site-packages/airflow/example_dags/example_short_circuit_operator.py took 0.096 seconds
[2026-06-29T08:34:44.602+0000] {processor.py:161} INFO - Started process (PID=744) to work on /home/airflow/.local/lib/python3.12/site-packages/airflow/example_dags/example_short_circuit_operator.py
[2026-06-29T08:34:44.602+0000] {processor.py:830} INFO - Processing file /home/airflow/.local/lib/python3.12/site-packages/airflow/example_dags/example_short_circuit_operator.py for tasks to queue
[2026-06-29T08:34:44.604+0000] {logging_mixin.py:188} INFO - [2026-06-29T08:34:44.604+0000] {dagbag.py:545} INFO - Filling up the DagBag from /home/airflow/.local/lib/python3.12/site-packages/airflow/example_dags/example_short_circuit_operator.py
[2026-06-29T08:34:44.629+0000] {processor.py:840} INFO - DAG(s) 'example_short_circuit_operator' retrieved from /home/airflow/.local/lib/python3.12/site-packages/airflow/example_dags/example_short_circuit_operator.py
[2026-06-29T08:34:44.658+0000] {logging_mixin.py:188} INFO - [2026-06-29T08:34:44.658+0000] {dag.py:3096} INFO - Sync 1 DAGs
[2026-06-29T08:34:44.685+0000] {logging_mixin.py:188} INFO - [2026-06-29T08:34:44.685+0000] {dag.py:3954} INFO - Setting next_dagrun for example_short_circuit_operator to 2026-06-28 00:00:00+00:00, run_after=2026-06-29 00:00:00+00:00
[2026-06-29T08:34:44.704+0000] {processor.py:183} INFO - Processing /home/airflow/.local/lib/python3.12/site-packages/airflow/example_dags/example_short_circuit_operator.py took 0.109 seconds
[2026-06-29T08:35:15.207+0000] {processor.py:161} INFO - Started process (PID=803) to work on /home/airflow/.local/lib/python3.12/site-packages/airflow/example_dags/example_short_circuit_operator.py
[2026-06-29T08:35:15.209+0000] {processor.py:830} INFO - Processing file /home/airflow/.local/lib/python3.12/site-packages/airflow/example_dags/example_short_circuit_operator.py for tasks to queue
[2026-06-29T08:35:15.215+0000] {logging_mixin.py:188} INFO - [2026-06-29T08:35:15.214+0000] {dagbag.py:545} INFO - Filling up the DagBag from /home/airflow/.local/lib/python3.12/site-packages/airflow/example_dags/example_short_circuit_operator.py
[2026-06-29T08:35:15.254+0000] {processor.py:840} INFO - DAG(s) 'example_short_circuit_operator' retrieved from /home/airflow/.local/lib/python3.12/site-packages/airflow/example_dags/example_short_circuit_operator.py
[2026-06-29T08:35:15.346+0000] {logging_mixin.py:188} INFO - [2026-06-29T08:35:15.346+0000] {dag.py:3096} INFO - Sync 1 DAGs
[2026-06-29T08:35:15.448+0000] {logging_mixin.py:188} INFO - [2026-06-29T08:35:15.447+0000] {dag.py:3954} INFO - Setting next_dagrun for example_short_circuit_operator to 2026-06-28 00:00:00+00:00, run_after=2026-06-29 00:00:00+00:00
[2026-06-29T08:35:15.528+0000] {processor.py:183} INFO - Processing /home/airflow/.local/lib/python3.12/site-packages/airflow/example_dags/example_short_circuit_operator.py took 0.341 seconds
[2026-06-29T08:35:46.444+0000] {processor.py:161} INFO - Started process (PID=862) to work on /home/airflow/.local/lib/python3.12/site-packages/airflow/example_dags/example_short_circuit_operator.py
[2026-06-29T08:35:46.445+0000] {processor.py:830} INFO - Processing file /home/airflow/.local/lib/python3.12/site-packages/airflow/example_dags/example_short_circuit_operator.py for tasks to queue
[2026-06-29T08:35:46.447+0000] {logging_mixin.py:188} INFO - [2026-06-29T08:35:46.447+0000] {dagbag.py:545} INFO - Filling up the DagBag from /home/airflow/.local/lib/python3.12/site-packages/airflow/example_dags/example_short_circuit_operator.py
[2026-06-29T08:35:46.456+0000] {processor.py:840} INFO - DAG(s) 'example_short_circuit_operator' retrieved from /home/airflow/.local/lib/python3.12/site-packages/airflow/example_dags/example_short_circuit_operator.py
[2026-06-29T08:35:46.490+0000] {logging_mixin.py:188} INFO - [2026-06-29T08:35:46.490+0000] {dag.py:3096} INFO - Sync 1 DAGs
[2026-06-29T08:35:46.516+0000] {logging_mixin.py:188} INFO - [2026-06-29T08:35:46.515+0000] {dag.py:3954} INFO - Setting next_dagrun for example_short_circuit_operator to 2026-06-28 00:00:00+00:00, run_after=2026-06-29 00:00:00+00:00
[2026-06-29T08:35:46.534+0000] {processor.py:183} INFO - Processing /home/airflow/.local/lib/python3.12/site-packages/airflow/example_dags/example_short_circuit_operator.py took 0.098 seconds
[2026-06-29T08:36:17.405+0000] {processor.py:161} INFO - Started process (PID=921) to work on /home/airflow/.local/lib/python3.12/site-packages/airflow/example_dags/example_short_circuit_operator.py
[2026-06-29T08:36:17.408+0000] {processor.py:830} INFO - Processing file /home/airflow/.local/lib/python3.12/site-packages/airflow/example_dags/example_short_circuit_operator.py for tasks to queue
[2026-06-29T08:36:17.410+0000] {logging_mixin.py:188} INFO - [2026-06-29T08:36:17.410+0000] {dagbag.py:545} INFO - Filling up the DagBag from /home/airflow/.local/lib/python3.12/site-packages/airflow/example_dags/example_short_circuit_operator.py
[2026-06-29T08:36:17.420+0000] {processor.py:840} INFO - DAG(s) 'example_short_circuit_operator' retrieved from /home/airflow/.local/lib/python3.12/site-packages/airflow/example_dags/example_short_circuit_operator.py
[2026-06-29T08:36:17.451+0000] {logging_mixin.py:188} INFO - [2026-06-29T08:36:17.450+0000] {dag.py:3096} INFO - Sync 1 DAGs
[2026-06-29T08:36:17.477+0000] {logging_mixin.py:188} INFO - [2026-06-29T08:36:17.477+0000] {dag.py:3954} INFO - Setting next_dagrun for example_short_circuit_operator to 2026-06-28 00:00:00+00:00, run_after=2026-06-29 00:00:00+00:00
[2026-06-29T08:36:17.496+0000] {processor.py:183} INFO - Processing /home/airflow/.local/lib/python3.12/site-packages/airflow/example_dags/example_short_circuit_operator.py took 0.098 seconds
[2026-06-29T08:36:47.609+0000] {processor.py:161} INFO - Started process (PID=980) to work on /home/airflow/.local/lib/python3.12/site-packages/airflow/example_dags/example_short_circuit_operator.py
[2026-06-29T08:36:47.612+0000] {processor.py:830} INFO - Processing file /home/airflow/.local/lib/python3.12/site-packages/airflow/example_dags/example_short_circuit_operator.py for tasks to queue
[2026-06-29T08:36:47.616+0000] {logging_mixin.py:188} INFO - [2026-06-29T08:36:47.616+0000] {dagbag.py:545} INFO - Filling up the DagBag from /home/airflow/.local/lib/python3.12/site-packages/airflow/example_dags/example_short_circuit_operator.py
[2026-06-29T08:36:47.640+0000] {processor.py:840} INFO - DAG(s) 'example_short_circuit_operator' retrieved from /home/airflow/.local/lib/python3.12/site-packages/airflow/example_dags/example_short_circuit_operator.py
[2026-06-29T08:36:47.736+0000] {logging_mixin.py:188} INFO - [2026-06-29T08:36:47.736+0000] {dag.py:3096} INFO - Sync 1 DAGs
[2026-06-29T08:36:47.795+0000] {logging_mixin.py:188} INFO - [2026-06-29T08:36:47.795+0000] {dag.py:3954} INFO - Setting next_dagrun for example_short_circuit_operator to 2026-06-28 00:00:00+00:00, run_after=2026-06-29 00:00:00+00:00
[2026-06-29T08:36:47.845+0000] {processor.py:183} INFO - Processing /home/airflow/.local/lib/python3.12/site-packages/airflow/example_dags/example_short_circuit_operator.py took 0.254 seconds
