[2026-06-29T08:29:01.406+0000] {processor.py:161} INFO - Started process (PID=92) to work on /home/airflow/.local/lib/python3.12/site-packages/airflow/example_dags/example_python_decorator.py
[2026-06-29T08:29:01.420+0000] {processor.py:830} INFO - Processing file /home/airflow/.local/lib/python3.12/site-packages/airflow/example_dags/example_python_decorator.py for tasks to queue
[2026-06-29T08:29:01.434+0000] {logging_mixin.py:188} INFO - [2026-06-29T08:29:01.431+0000] {dagbag.py:545} INFO - Filling up the DagBag from /home/airflow/.local/lib/python3.12/site-packages/airflow/example_dags/example_python_decorator.py
[2026-06-29T08:29:01.600+0000] {processor.py:840} INFO - DAG(s) 'example_python_decorator' retrieved from /home/airflow/.local/lib/python3.12/site-packages/airflow/example_dags/example_python_decorator.py
[2026-06-29T08:29:02.328+0000] {logging_mixin.py:188} INFO - [2026-06-29T08:29:02.327+0000] {override.py:1829} INFO - Created Permission View: can edit on DAG:example_python_decorator
[2026-06-29T08:29:02.373+0000] {logging_mixin.py:188} INFO - [2026-06-29T08:29:02.372+0000] {override.py:1829} INFO - Created Permission View: can read on DAG:example_python_decorator
[2026-06-29T08:29:02.397+0000] {logging_mixin.py:188} INFO - [2026-06-29T08:29:02.396+0000] {override.py:1829} INFO - Created Permission View: can delete on DAG:example_python_decorator
[2026-06-29T08:29:02.397+0000] {logging_mixin.py:188} INFO - [2026-06-29T08:29:02.397+0000] {dag.py:3096} INFO - Sync 1 DAGs
[2026-06-29T08:29:02.452+0000] {logging_mixin.py:188} INFO - [2026-06-29T08:29:02.452+0000] {dag.py:3118} INFO - Creating ORM DAG for example_python_decorator
[2026-06-29T08:29:02.453+0000] {logging_mixin.py:188} INFO - [2026-06-29T08:29:02.453+0000] {dag.py:3954} INFO - Setting next_dagrun for example_python_decorator to None, run_after=None
[2026-06-29T08:29:02.516+0000] {processor.py:183} INFO - Processing /home/airflow/.local/lib/python3.12/site-packages/airflow/example_dags/example_python_decorator.py took 1.153 seconds
[2026-06-29T08:29:35.332+0000] {processor.py:161} INFO - Started process (PID=150) to work on /home/airflow/.local/lib/python3.12/site-packages/airflow/example_dags/example_python_decorator.py
[2026-06-29T08:29:35.333+0000] {processor.py:830} INFO - Processing file /home/airflow/.local/lib/python3.12/site-packages/airflow/example_dags/example_python_decorator.py for tasks to queue
[2026-06-29T08:29:35.336+0000] {logging_mixin.py:188} INFO - [2026-06-29T08:29:35.336+0000] {dagbag.py:545} INFO - Filling up the DagBag from /home/airflow/.local/lib/python3.12/site-packages/airflow/example_dags/example_python_decorator.py
[2026-06-29T08:29:35.396+0000] {processor.py:840} INFO - DAG(s) 'example_python_decorator' retrieved from /home/airflow/.local/lib/python3.12/site-packages/airflow/example_dags/example_python_decorator.py
[2026-06-29T08:29:35.483+0000] {logging_mixin.py:188} INFO - [2026-06-29T08:29:35.482+0000] {dag.py:3096} INFO - Sync 1 DAGs
[2026-06-29T08:29:35.559+0000] {logging_mixin.py:188} INFO - [2026-06-29T08:29:35.559+0000] {dag.py:3954} INFO - Setting next_dagrun for example_python_decorator to None, run_after=None
[2026-06-29T08:29:35.603+0000] {processor.py:183} INFO - Processing /home/airflow/.local/lib/python3.12/site-packages/airflow/example_dags/example_python_decorator.py took 0.288 seconds
[2026-06-29T08:30:05.648+0000] {processor.py:161} INFO - Started process (PID=207) to work on /home/airflow/.local/lib/python3.12/site-packages/airflow/example_dags/example_python_decorator.py
[2026-06-29T08:30:05.650+0000] {processor.py:830} INFO - Processing file /home/airflow/.local/lib/python3.12/site-packages/airflow/example_dags/example_python_decorator.py for tasks to queue
[2026-06-29T08:30:05.652+0000] {logging_mixin.py:188} INFO - [2026-06-29T08:30:05.652+0000] {dagbag.py:545} INFO - Filling up the DagBag from /home/airflow/.local/lib/python3.12/site-packages/airflow/example_dags/example_python_decorator.py
[2026-06-29T08:30:05.669+0000] {processor.py:840} INFO - DAG(s) 'example_python_decorator' retrieved from /home/airflow/.local/lib/python3.12/site-packages/airflow/example_dags/example_python_decorator.py
[2026-06-29T08:30:05.698+0000] {logging_mixin.py:188} INFO - [2026-06-29T08:30:05.698+0000] {dag.py:3096} INFO - Sync 1 DAGs
[2026-06-29T08:30:05.714+0000] {logging_mixin.py:188} INFO - [2026-06-29T08:30:05.714+0000] {dag.py:3954} INFO - Setting next_dagrun for example_python_decorator to None, run_after=None
[2026-06-29T08:30:05.735+0000] {processor.py:183} INFO - Processing /home/airflow/.local/lib/python3.12/site-packages/airflow/example_dags/example_python_decorator.py took 0.094 seconds
[2026-06-29T08:30:36.217+0000] {processor.py:161} INFO - Started process (PID=266) to work on /home/airflow/.local/lib/python3.12/site-packages/airflow/example_dags/example_python_decorator.py
[2026-06-29T08:30:36.218+0000] {processor.py:830} INFO - Processing file /home/airflow/.local/lib/python3.12/site-packages/airflow/example_dags/example_python_decorator.py for tasks to queue
[2026-06-29T08:30:36.220+0000] {logging_mixin.py:188} INFO - [2026-06-29T08:30:36.220+0000] {dagbag.py:545} INFO - Filling up the DagBag from /home/airflow/.local/lib/python3.12/site-packages/airflow/example_dags/example_python_decorator.py
[2026-06-29T08:30:36.236+0000] {processor.py:840} INFO - DAG(s) 'example_python_decorator' retrieved from /home/airflow/.local/lib/python3.12/site-packages/airflow/example_dags/example_python_decorator.py
[2026-06-29T08:30:36.307+0000] {logging_mixin.py:188} INFO - [2026-06-29T08:30:36.305+0000] {dag.py:3096} INFO - Sync 1 DAGs
[2026-06-29T08:30:36.342+0000] {logging_mixin.py:188} INFO - [2026-06-29T08:30:36.341+0000] {dag.py:3954} INFO - Setting next_dagrun for example_python_decorator to None, run_after=None
[2026-06-29T08:30:36.380+0000] {processor.py:183} INFO - Processing /home/airflow/.local/lib/python3.12/site-packages/airflow/example_dags/example_python_decorator.py took 0.173 seconds
[2026-06-29T08:31:07.118+0000] {processor.py:161} INFO - Started process (PID=325) to work on /home/airflow/.local/lib/python3.12/site-packages/airflow/example_dags/example_python_decorator.py
[2026-06-29T08:31:07.119+0000] {processor.py:830} INFO - Processing file /home/airflow/.local/lib/python3.12/site-packages/airflow/example_dags/example_python_decorator.py for tasks to queue
[2026-06-29T08:31:07.121+0000] {logging_mixin.py:188} INFO - [2026-06-29T08:31:07.121+0000] {dagbag.py:545} INFO - Filling up the DagBag from /home/airflow/.local/lib/python3.12/site-packages/airflow/example_dags/example_python_decorator.py
[2026-06-29T08:31:07.138+0000] {processor.py:840} INFO - DAG(s) 'example_python_decorator' retrieved from /home/airflow/.local/lib/python3.12/site-packages/airflow/example_dags/example_python_decorator.py
[2026-06-29T08:31:07.170+0000] {logging_mixin.py:188} INFO - [2026-06-29T08:31:07.170+0000] {dag.py:3096} INFO - Sync 1 DAGs
[2026-06-29T08:31:07.187+0000] {logging_mixin.py:188} INFO - [2026-06-29T08:31:07.187+0000] {dag.py:3954} INFO - Setting next_dagrun for example_python_decorator to None, run_after=None
[2026-06-29T08:31:07.208+0000] {processor.py:183} INFO - Processing /home/airflow/.local/lib/python3.12/site-packages/airflow/example_dags/example_python_decorator.py took 0.099 seconds
[2026-06-29T08:31:37.812+0000] {processor.py:161} INFO - Started process (PID=384) to work on /home/airflow/.local/lib/python3.12/site-packages/airflow/example_dags/example_python_decorator.py
[2026-06-29T08:31:37.823+0000] {processor.py:830} INFO - Processing file /home/airflow/.local/lib/python3.12/site-packages/airflow/example_dags/example_python_decorator.py for tasks to queue
[2026-06-29T08:31:37.837+0000] {logging_mixin.py:188} INFO - [2026-06-29T08:31:37.834+0000] {dagbag.py:545} INFO - Filling up the DagBag from /home/airflow/.local/lib/python3.12/site-packages/airflow/example_dags/example_python_decorator.py
[2026-06-29T08:31:37.906+0000] {processor.py:840} INFO - DAG(s) 'example_python_decorator' retrieved from /home/airflow/.local/lib/python3.12/site-packages/airflow/example_dags/example_python_decorator.py
[2026-06-29T08:31:37.985+0000] {logging_mixin.py:188} INFO - [2026-06-29T08:31:37.984+0000] {dag.py:3096} INFO - Sync 1 DAGs
[2026-06-29T08:31:38.097+0000] {logging_mixin.py:188} INFO - [2026-06-29T08:31:38.092+0000] {dag.py:3954} INFO - Setting next_dagrun for example_python_decorator to None, run_after=None
[2026-06-29T08:31:38.346+0000] {processor.py:183} INFO - Processing /home/airflow/.local/lib/python3.12/site-packages/airflow/example_dags/example_python_decorator.py took 0.578 seconds
[2026-06-29T08:32:08.690+0000] {processor.py:161} INFO - Started process (PID=442) to work on /home/airflow/.local/lib/python3.12/site-packages/airflow/example_dags/example_python_decorator.py
[2026-06-29T08:32:08.691+0000] {processor.py:830} INFO - Processing file /home/airflow/.local/lib/python3.12/site-packages/airflow/example_dags/example_python_decorator.py for tasks to queue
[2026-06-29T08:32:08.693+0000] {logging_mixin.py:188} INFO - [2026-06-29T08:32:08.692+0000] {dagbag.py:545} INFO - Filling up the DagBag from /home/airflow/.local/lib/python3.12/site-packages/airflow/example_dags/example_python_decorator.py
[2026-06-29T08:32:08.704+0000] {processor.py:840} INFO - DAG(s) 'example_python_decorator' retrieved from /home/airflow/.local/lib/python3.12/site-packages/airflow/example_dags/example_python_decorator.py
[2026-06-29T08:32:08.724+0000] {logging_mixin.py:188} INFO - [2026-06-29T08:32:08.724+0000] {dag.py:3096} INFO - Sync 1 DAGs
[2026-06-29T08:32:08.735+0000] {logging_mixin.py:188} INFO - [2026-06-29T08:32:08.735+0000] {dag.py:3954} INFO - Setting next_dagrun for example_python_decorator to None, run_after=None
[2026-06-29T08:32:08.751+0000] {processor.py:183} INFO - Processing /home/airflow/.local/lib/python3.12/site-packages/airflow/example_dags/example_python_decorator.py took 0.068 seconds
[2026-06-29T08:32:39.434+0000] {processor.py:161} INFO - Started process (PID=502) to work on /home/airflow/.local/lib/python3.12/site-packages/airflow/example_dags/example_python_decorator.py
[2026-06-29T08:32:39.435+0000] {processor.py:830} INFO - Processing file /home/airflow/.local/lib/python3.12/site-packages/airflow/example_dags/example_python_decorator.py for tasks to queue
[2026-06-29T08:32:39.440+0000] {logging_mixin.py:188} INFO - [2026-06-29T08:32:39.439+0000] {dagbag.py:545} INFO - Filling up the DagBag from /home/airflow/.local/lib/python3.12/site-packages/airflow/example_dags/example_python_decorator.py
[2026-06-29T08:32:39.463+0000] {processor.py:840} INFO - DAG(s) 'example_python_decorator' retrieved from /home/airflow/.local/lib/python3.12/site-packages/airflow/example_dags/example_python_decorator.py
[2026-06-29T08:32:39.493+0000] {logging_mixin.py:188} INFO - [2026-06-29T08:32:39.493+0000] {dag.py:3096} INFO - Sync 1 DAGs
[2026-06-29T08:32:39.510+0000] {logging_mixin.py:188} INFO - [2026-06-29T08:32:39.509+0000] {dag.py:3954} INFO - Setting next_dagrun for example_python_decorator to None, run_after=None
[2026-06-29T08:32:39.530+0000] {processor.py:183} INFO - Processing /home/airflow/.local/lib/python3.12/site-packages/airflow/example_dags/example_python_decorator.py took 0.111 seconds
[2026-06-29T08:33:10.166+0000] {processor.py:161} INFO - Started process (PID=561) to work on /home/airflow/.local/lib/python3.12/site-packages/airflow/example_dags/example_python_decorator.py
[2026-06-29T08:33:10.167+0000] {processor.py:830} INFO - Processing file /home/airflow/.local/lib/python3.12/site-packages/airflow/example_dags/example_python_decorator.py for tasks to queue
[2026-06-29T08:33:10.170+0000] {logging_mixin.py:188} INFO - [2026-06-29T08:33:10.169+0000] {dagbag.py:545} INFO - Filling up the DagBag from /home/airflow/.local/lib/python3.12/site-packages/airflow/example_dags/example_python_decorator.py
[2026-06-29T08:33:10.186+0000] {processor.py:840} INFO - DAG(s) 'example_python_decorator' retrieved from /home/airflow/.local/lib/python3.12/site-packages/airflow/example_dags/example_python_decorator.py
[2026-06-29T08:33:10.215+0000] {logging_mixin.py:188} INFO - [2026-06-29T08:33:10.215+0000] {dag.py:3096} INFO - Sync 1 DAGs
[2026-06-29T08:33:10.235+0000] {logging_mixin.py:188} INFO - [2026-06-29T08:33:10.235+0000] {dag.py:3954} INFO - Setting next_dagrun for example_python_decorator to None, run_after=None
[2026-06-29T08:33:10.259+0000] {processor.py:183} INFO - Processing /home/airflow/.local/lib/python3.12/site-packages/airflow/example_dags/example_python_decorator.py took 0.101 seconds
[2026-06-29T08:33:41.343+0000] {processor.py:161} INFO - Started process (PID=621) to work on /home/airflow/.local/lib/python3.12/site-packages/airflow/example_dags/example_python_decorator.py
[2026-06-29T08:33:41.344+0000] {processor.py:830} INFO - Processing file /home/airflow/.local/lib/python3.12/site-packages/airflow/example_dags/example_python_decorator.py for tasks to queue
[2026-06-29T08:33:41.346+0000] {logging_mixin.py:188} INFO - [2026-06-29T08:33:41.345+0000] {dagbag.py:545} INFO - Filling up the DagBag from /home/airflow/.local/lib/python3.12/site-packages/airflow/example_dags/example_python_decorator.py
[2026-06-29T08:33:41.361+0000] {processor.py:840} INFO - DAG(s) 'example_python_decorator' retrieved from /home/airflow/.local/lib/python3.12/site-packages/airflow/example_dags/example_python_decorator.py
[2026-06-29T08:33:41.432+0000] {logging_mixin.py:188} INFO - [2026-06-29T08:33:41.432+0000] {dag.py:3096} INFO - Sync 1 DAGs
[2026-06-29T08:33:41.496+0000] {logging_mixin.py:188} INFO - [2026-06-29T08:33:41.495+0000] {dag.py:3954} INFO - Setting next_dagrun for example_python_decorator to None, run_after=None
[2026-06-29T08:33:41.594+0000] {processor.py:183} INFO - Processing /home/airflow/.local/lib/python3.12/site-packages/airflow/example_dags/example_python_decorator.py took 0.257 seconds
[2026-06-29T08:34:11.936+0000] {processor.py:161} INFO - Started process (PID=679) to work on /home/airflow/.local/lib/python3.12/site-packages/airflow/example_dags/example_python_decorator.py
[2026-06-29T08:34:11.937+0000] {processor.py:830} INFO - Processing file /home/airflow/.local/lib/python3.12/site-packages/airflow/example_dags/example_python_decorator.py for tasks to queue
[2026-06-29T08:34:11.939+0000] {logging_mixin.py:188} INFO - [2026-06-29T08:34:11.938+0000] {dagbag.py:545} INFO - Filling up the DagBag from /home/airflow/.local/lib/python3.12/site-packages/airflow/example_dags/example_python_decorator.py
[2026-06-29T08:34:11.950+0000] {processor.py:840} INFO - DAG(s) 'example_python_decorator' retrieved from /home/airflow/.local/lib/python3.12/site-packages/airflow/example_dags/example_python_decorator.py
[2026-06-29T08:34:11.980+0000] {logging_mixin.py:188} INFO - [2026-06-29T08:34:11.980+0000] {dag.py:3096} INFO - Sync 1 DAGs
[2026-06-29T08:34:11.994+0000] {logging_mixin.py:188} INFO - [2026-06-29T08:34:11.993+0000] {dag.py:3954} INFO - Setting next_dagrun for example_python_decorator to None, run_after=None
[2026-06-29T08:34:12.011+0000] {processor.py:183} INFO - Processing /home/airflow/.local/lib/python3.12/site-packages/airflow/example_dags/example_python_decorator.py took 0.080 seconds
[2026-06-29T08:34:42.227+0000] {processor.py:161} INFO - Started process (PID=738) to work on /home/airflow/.local/lib/python3.12/site-packages/airflow/example_dags/example_python_decorator.py
[2026-06-29T08:34:42.228+0000] {processor.py:830} INFO - Processing file /home/airflow/.local/lib/python3.12/site-packages/airflow/example_dags/example_python_decorator.py for tasks to queue
[2026-06-29T08:34:42.230+0000] {logging_mixin.py:188} INFO - [2026-06-29T08:34:42.229+0000] {dagbag.py:545} INFO - Filling up the DagBag from /home/airflow/.local/lib/python3.12/site-packages/airflow/example_dags/example_python_decorator.py
[2026-06-29T08:34:42.241+0000] {processor.py:840} INFO - DAG(s) 'example_python_decorator' retrieved from /home/airflow/.local/lib/python3.12/site-packages/airflow/example_dags/example_python_decorator.py
[2026-06-29T08:34:42.262+0000] {logging_mixin.py:188} INFO - [2026-06-29T08:34:42.261+0000] {dag.py:3096} INFO - Sync 1 DAGs
[2026-06-29T08:34:42.273+0000] {logging_mixin.py:188} INFO - [2026-06-29T08:34:42.273+0000] {dag.py:3954} INFO - Setting next_dagrun for example_python_decorator to None, run_after=None
[2026-06-29T08:34:42.288+0000] {processor.py:183} INFO - Processing /home/airflow/.local/lib/python3.12/site-packages/airflow/example_dags/example_python_decorator.py took 0.066 seconds
[2026-06-29T08:35:13.102+0000] {processor.py:161} INFO - Started process (PID=798) to work on /home/airflow/.local/lib/python3.12/site-packages/airflow/example_dags/example_python_decorator.py
[2026-06-29T08:35:13.104+0000] {processor.py:830} INFO - Processing file /home/airflow/.local/lib/python3.12/site-packages/airflow/example_dags/example_python_decorator.py for tasks to queue
[2026-06-29T08:35:13.111+0000] {logging_mixin.py:188} INFO - [2026-06-29T08:35:13.110+0000] {dagbag.py:545} INFO - Filling up the DagBag from /home/airflow/.local/lib/python3.12/site-packages/airflow/example_dags/example_python_decorator.py
[2026-06-29T08:35:13.162+0000] {processor.py:840} INFO - DAG(s) 'example_python_decorator' retrieved from /home/airflow/.local/lib/python3.12/site-packages/airflow/example_dags/example_python_decorator.py
[2026-06-29T08:35:13.280+0000] {logging_mixin.py:188} INFO - [2026-06-29T08:35:13.280+0000] {dag.py:3096} INFO - Sync 1 DAGs
[2026-06-29T08:35:13.334+0000] {logging_mixin.py:188} INFO - [2026-06-29T08:35:13.333+0000] {dag.py:3954} INFO - Setting next_dagrun for example_python_decorator to None, run_after=None
[2026-06-29T08:35:13.396+0000] {processor.py:183} INFO - Processing /home/airflow/.local/lib/python3.12/site-packages/airflow/example_dags/example_python_decorator.py took 0.315 seconds
[2026-06-29T08:35:44.110+0000] {processor.py:161} INFO - Started process (PID=857) to work on /home/airflow/.local/lib/python3.12/site-packages/airflow/example_dags/example_python_decorator.py
[2026-06-29T08:35:44.111+0000] {processor.py:830} INFO - Processing file /home/airflow/.local/lib/python3.12/site-packages/airflow/example_dags/example_python_decorator.py for tasks to queue
[2026-06-29T08:35:44.113+0000] {logging_mixin.py:188} INFO - [2026-06-29T08:35:44.112+0000] {dagbag.py:545} INFO - Filling up the DagBag from /home/airflow/.local/lib/python3.12/site-packages/airflow/example_dags/example_python_decorator.py
[2026-06-29T08:35:44.128+0000] {processor.py:840} INFO - DAG(s) 'example_python_decorator' retrieved from /home/airflow/.local/lib/python3.12/site-packages/airflow/example_dags/example_python_decorator.py
[2026-06-29T08:35:44.155+0000] {logging_mixin.py:188} INFO - [2026-06-29T08:35:44.155+0000] {dag.py:3096} INFO - Sync 1 DAGs
[2026-06-29T08:35:44.172+0000] {logging_mixin.py:188} INFO - [2026-06-29T08:35:44.172+0000] {dag.py:3954} INFO - Setting next_dagrun for example_python_decorator to None, run_after=None
[2026-06-29T08:35:44.195+0000] {processor.py:183} INFO - Processing /home/airflow/.local/lib/python3.12/site-packages/airflow/example_dags/example_python_decorator.py took 0.092 seconds
[2026-06-29T08:36:14.947+0000] {processor.py:161} INFO - Started process (PID=916) to work on /home/airflow/.local/lib/python3.12/site-packages/airflow/example_dags/example_python_decorator.py
[2026-06-29T08:36:14.948+0000] {processor.py:830} INFO - Processing file /home/airflow/.local/lib/python3.12/site-packages/airflow/example_dags/example_python_decorator.py for tasks to queue
[2026-06-29T08:36:14.950+0000] {logging_mixin.py:188} INFO - [2026-06-29T08:36:14.950+0000] {dagbag.py:545} INFO - Filling up the DagBag from /home/airflow/.local/lib/python3.12/site-packages/airflow/example_dags/example_python_decorator.py
[2026-06-29T08:36:14.966+0000] {processor.py:840} INFO - DAG(s) 'example_python_decorator' retrieved from /home/airflow/.local/lib/python3.12/site-packages/airflow/example_dags/example_python_decorator.py
[2026-06-29T08:36:14.997+0000] {logging_mixin.py:188} INFO - [2026-06-29T08:36:14.996+0000] {dag.py:3096} INFO - Sync 1 DAGs
[2026-06-29T08:36:15.012+0000] {logging_mixin.py:188} INFO - [2026-06-29T08:36:15.012+0000] {dag.py:3954} INFO - Setting next_dagrun for example_python_decorator to None, run_after=None
[2026-06-29T08:36:15.034+0000] {processor.py:183} INFO - Processing /home/airflow/.local/lib/python3.12/site-packages/airflow/example_dags/example_python_decorator.py took 0.094 seconds
[2026-06-29T08:36:46.064+0000] {processor.py:161} INFO - Started process (PID=975) to work on /home/airflow/.local/lib/python3.12/site-packages/airflow/example_dags/example_python_decorator.py
[2026-06-29T08:36:46.065+0000] {processor.py:830} INFO - Processing file /home/airflow/.local/lib/python3.12/site-packages/airflow/example_dags/example_python_decorator.py for tasks to queue
[2026-06-29T08:36:46.067+0000] {logging_mixin.py:188} INFO - [2026-06-29T08:36:46.067+0000] {dagbag.py:545} INFO - Filling up the DagBag from /home/airflow/.local/lib/python3.12/site-packages/airflow/example_dags/example_python_decorator.py
[2026-06-29T08:36:46.088+0000] {processor.py:840} INFO - DAG(s) 'example_python_decorator' retrieved from /home/airflow/.local/lib/python3.12/site-packages/airflow/example_dags/example_python_decorator.py
[2026-06-29T08:36:46.124+0000] {logging_mixin.py:188} INFO - [2026-06-29T08:36:46.123+0000] {dag.py:3096} INFO - Sync 1 DAGs
[2026-06-29T08:36:46.139+0000] {logging_mixin.py:188} INFO - [2026-06-29T08:36:46.139+0000] {dag.py:3954} INFO - Setting next_dagrun for example_python_decorator to None, run_after=None
[2026-06-29T08:36:46.160+0000] {processor.py:183} INFO - Processing /home/airflow/.local/lib/python3.12/site-packages/airflow/example_dags/example_python_decorator.py took 0.116 seconds
