[2026-06-29T08:29:18.498+0000] {processor.py:161} INFO - Started process (PID=116) to work on /home/airflow/.local/lib/python3.12/site-packages/airflow/example_dags/example_params_ui_tutorial.py
[2026-06-29T08:29:18.501+0000] {processor.py:830} INFO - Processing file /home/airflow/.local/lib/python3.12/site-packages/airflow/example_dags/example_params_ui_tutorial.py for tasks to queue
[2026-06-29T08:29:18.508+0000] {logging_mixin.py:188} INFO - [2026-06-29T08:29:18.505+0000] {dagbag.py:545} INFO - Filling up the DagBag from /home/airflow/.local/lib/python3.12/site-packages/airflow/example_dags/example_params_ui_tutorial.py
[2026-06-29T08:29:18.593+0000] {processor.py:840} INFO - DAG(s) 'example_params_ui_tutorial' retrieved from /home/airflow/.local/lib/python3.12/site-packages/airflow/example_dags/example_params_ui_tutorial.py
[2026-06-29T08:29:19.196+0000] {logging_mixin.py:188} INFO - [2026-06-29T08:29:19.195+0000] {override.py:1829} INFO - Created Permission View: can edit on DAG:example_params_ui_tutorial
[2026-06-29T08:29:19.217+0000] {logging_mixin.py:188} INFO - [2026-06-29T08:29:19.217+0000] {override.py:1829} INFO - Created Permission View: can read on DAG:example_params_ui_tutorial
[2026-06-29T08:29:19.234+0000] {logging_mixin.py:188} INFO - [2026-06-29T08:29:19.234+0000] {override.py:1829} INFO - Created Permission View: can delete on DAG:example_params_ui_tutorial
[2026-06-29T08:29:19.235+0000] {logging_mixin.py:188} INFO - [2026-06-29T08:29:19.235+0000] {dag.py:3096} INFO - Sync 1 DAGs
[2026-06-29T08:29:19.262+0000] {logging_mixin.py:188} INFO - [2026-06-29T08:29:19.261+0000] {dag.py:3118} INFO - Creating ORM DAG for example_params_ui_tutorial
[2026-06-29T08:29:19.264+0000] {logging_mixin.py:188} INFO - [2026-06-29T08:29:19.264+0000] {dag.py:3954} INFO - Setting next_dagrun for example_params_ui_tutorial to None, run_after=None
[2026-06-29T08:29:19.303+0000] {processor.py:183} INFO - Processing /home/airflow/.local/lib/python3.12/site-packages/airflow/example_dags/example_params_ui_tutorial.py took 0.833 seconds
[2026-06-29T08:29:49.614+0000] {processor.py:161} INFO - Started process (PID=174) to work on /home/airflow/.local/lib/python3.12/site-packages/airflow/example_dags/example_params_ui_tutorial.py
[2026-06-29T08:29:49.619+0000] {processor.py:830} INFO - Processing file /home/airflow/.local/lib/python3.12/site-packages/airflow/example_dags/example_params_ui_tutorial.py for tasks to queue
[2026-06-29T08:29:49.625+0000] {logging_mixin.py:188} INFO - [2026-06-29T08:29:49.624+0000] {dagbag.py:545} INFO - Filling up the DagBag from /home/airflow/.local/lib/python3.12/site-packages/airflow/example_dags/example_params_ui_tutorial.py
[2026-06-29T08:29:49.670+0000] {processor.py:840} INFO - DAG(s) 'example_params_ui_tutorial' retrieved from /home/airflow/.local/lib/python3.12/site-packages/airflow/example_dags/example_params_ui_tutorial.py
[2026-06-29T08:29:49.918+0000] {logging_mixin.py:188} INFO - [2026-06-29T08:29:49.917+0000] {dag.py:3096} INFO - Sync 1 DAGs
[2026-06-29T08:29:49.972+0000] {logging_mixin.py:188} INFO - [2026-06-29T08:29:49.971+0000] {dag.py:3954} INFO - Setting next_dagrun for example_params_ui_tutorial to None, run_after=None
[2026-06-29T08:29:50.054+0000] {processor.py:183} INFO - Processing /home/airflow/.local/lib/python3.12/site-packages/airflow/example_dags/example_params_ui_tutorial.py took 0.451 seconds
[2026-06-29T08:30:20.423+0000] {processor.py:161} INFO - Started process (PID=233) to work on /home/airflow/.local/lib/python3.12/site-packages/airflow/example_dags/example_params_ui_tutorial.py
[2026-06-29T08:30:20.424+0000] {processor.py:830} INFO - Processing file /home/airflow/.local/lib/python3.12/site-packages/airflow/example_dags/example_params_ui_tutorial.py for tasks to queue
[2026-06-29T08:30:20.426+0000] {logging_mixin.py:188} INFO - [2026-06-29T08:30:20.426+0000] {dagbag.py:545} INFO - Filling up the DagBag from /home/airflow/.local/lib/python3.12/site-packages/airflow/example_dags/example_params_ui_tutorial.py
[2026-06-29T08:30:20.441+0000] {processor.py:840} INFO - DAG(s) 'example_params_ui_tutorial' retrieved from /home/airflow/.local/lib/python3.12/site-packages/airflow/example_dags/example_params_ui_tutorial.py
[2026-06-29T08:30:20.506+0000] {logging_mixin.py:188} INFO - [2026-06-29T08:30:20.506+0000] {dag.py:3096} INFO - Sync 1 DAGs
[2026-06-29T08:30:20.523+0000] {logging_mixin.py:188} INFO - [2026-06-29T08:30:20.522+0000] {dag.py:3954} INFO - Setting next_dagrun for example_params_ui_tutorial to None, run_after=None
[2026-06-29T08:30:20.544+0000] {processor.py:183} INFO - Processing /home/airflow/.local/lib/python3.12/site-packages/airflow/example_dags/example_params_ui_tutorial.py took 0.134 seconds
[2026-06-29T08:30:50.818+0000] {processor.py:161} INFO - Started process (PID=292) to work on /home/airflow/.local/lib/python3.12/site-packages/airflow/example_dags/example_params_ui_tutorial.py
[2026-06-29T08:30:50.819+0000] {processor.py:830} INFO - Processing file /home/airflow/.local/lib/python3.12/site-packages/airflow/example_dags/example_params_ui_tutorial.py for tasks to queue
[2026-06-29T08:30:50.821+0000] {logging_mixin.py:188} INFO - [2026-06-29T08:30:50.821+0000] {dagbag.py:545} INFO - Filling up the DagBag from /home/airflow/.local/lib/python3.12/site-packages/airflow/example_dags/example_params_ui_tutorial.py
[2026-06-29T08:30:50.835+0000] {processor.py:840} INFO - DAG(s) 'example_params_ui_tutorial' retrieved from /home/airflow/.local/lib/python3.12/site-packages/airflow/example_dags/example_params_ui_tutorial.py
[2026-06-29T08:30:50.911+0000] {logging_mixin.py:188} INFO - [2026-06-29T08:30:50.911+0000] {dag.py:3096} INFO - Sync 1 DAGs
[2026-06-29T08:30:50.928+0000] {logging_mixin.py:188} INFO - [2026-06-29T08:30:50.927+0000] {dag.py:3954} INFO - Setting next_dagrun for example_params_ui_tutorial to None, run_after=None
[2026-06-29T08:30:50.949+0000] {processor.py:183} INFO - Processing /home/airflow/.local/lib/python3.12/site-packages/airflow/example_dags/example_params_ui_tutorial.py took 0.141 seconds
[2026-06-29T08:31:21.123+0000] {processor.py:161} INFO - Started process (PID=351) to work on /home/airflow/.local/lib/python3.12/site-packages/airflow/example_dags/example_params_ui_tutorial.py
[2026-06-29T08:31:21.125+0000] {processor.py:830} INFO - Processing file /home/airflow/.local/lib/python3.12/site-packages/airflow/example_dags/example_params_ui_tutorial.py for tasks to queue
[2026-06-29T08:31:21.128+0000] {logging_mixin.py:188} INFO - [2026-06-29T08:31:21.128+0000] {dagbag.py:545} INFO - Filling up the DagBag from /home/airflow/.local/lib/python3.12/site-packages/airflow/example_dags/example_params_ui_tutorial.py
[2026-06-29T08:31:21.156+0000] {processor.py:840} INFO - DAG(s) 'example_params_ui_tutorial' retrieved from /home/airflow/.local/lib/python3.12/site-packages/airflow/example_dags/example_params_ui_tutorial.py
[2026-06-29T08:31:21.230+0000] {logging_mixin.py:188} INFO - [2026-06-29T08:31:21.229+0000] {dag.py:3096} INFO - Sync 1 DAGs
[2026-06-29T08:31:21.251+0000] {logging_mixin.py:188} INFO - [2026-06-29T08:31:21.250+0000] {dag.py:3954} INFO - Setting next_dagrun for example_params_ui_tutorial to None, run_after=None
[2026-06-29T08:31:21.272+0000] {processor.py:183} INFO - Processing /home/airflow/.local/lib/python3.12/site-packages/airflow/example_dags/example_params_ui_tutorial.py took 0.165 seconds
[2026-06-29T08:31:51.308+0000] {processor.py:161} INFO - Started process (PID=410) to work on /home/airflow/.local/lib/python3.12/site-packages/airflow/example_dags/example_params_ui_tutorial.py
[2026-06-29T08:31:51.308+0000] {processor.py:830} INFO - Processing file /home/airflow/.local/lib/python3.12/site-packages/airflow/example_dags/example_params_ui_tutorial.py for tasks to queue
[2026-06-29T08:31:51.310+0000] {logging_mixin.py:188} INFO - [2026-06-29T08:31:51.310+0000] {dagbag.py:545} INFO - Filling up the DagBag from /home/airflow/.local/lib/python3.12/site-packages/airflow/example_dags/example_params_ui_tutorial.py
[2026-06-29T08:31:51.320+0000] {processor.py:840} INFO - DAG(s) 'example_params_ui_tutorial' retrieved from /home/airflow/.local/lib/python3.12/site-packages/airflow/example_dags/example_params_ui_tutorial.py
[2026-06-29T08:31:51.365+0000] {logging_mixin.py:188} INFO - [2026-06-29T08:31:51.365+0000] {dag.py:3096} INFO - Sync 1 DAGs
[2026-06-29T08:31:51.376+0000] {logging_mixin.py:188} INFO - [2026-06-29T08:31:51.376+0000] {dag.py:3954} INFO - Setting next_dagrun for example_params_ui_tutorial to None, run_after=None
[2026-06-29T08:31:51.394+0000] {processor.py:183} INFO - Processing /home/airflow/.local/lib/python3.12/site-packages/airflow/example_dags/example_params_ui_tutorial.py took 0.092 seconds
[2026-06-29T08:32:21.904+0000] {processor.py:161} INFO - Started process (PID=469) to work on /home/airflow/.local/lib/python3.12/site-packages/airflow/example_dags/example_params_ui_tutorial.py
[2026-06-29T08:32:21.905+0000] {processor.py:830} INFO - Processing file /home/airflow/.local/lib/python3.12/site-packages/airflow/example_dags/example_params_ui_tutorial.py for tasks to queue
[2026-06-29T08:32:21.907+0000] {logging_mixin.py:188} INFO - [2026-06-29T08:32:21.906+0000] {dagbag.py:545} INFO - Filling up the DagBag from /home/airflow/.local/lib/python3.12/site-packages/airflow/example_dags/example_params_ui_tutorial.py
[2026-06-29T08:32:21.921+0000] {processor.py:840} INFO - DAG(s) 'example_params_ui_tutorial' retrieved from /home/airflow/.local/lib/python3.12/site-packages/airflow/example_dags/example_params_ui_tutorial.py
[2026-06-29T08:32:21.997+0000] {logging_mixin.py:188} INFO - [2026-06-29T08:32:21.996+0000] {dag.py:3096} INFO - Sync 1 DAGs
[2026-06-29T08:32:22.012+0000] {logging_mixin.py:188} INFO - [2026-06-29T08:32:22.012+0000] {dag.py:3954} INFO - Setting next_dagrun for example_params_ui_tutorial to None, run_after=None
[2026-06-29T08:32:22.032+0000] {processor.py:183} INFO - Processing /home/airflow/.local/lib/python3.12/site-packages/airflow/example_dags/example_params_ui_tutorial.py took 0.136 seconds
[2026-06-29T08:32:52.859+0000] {processor.py:161} INFO - Started process (PID=528) to work on /home/airflow/.local/lib/python3.12/site-packages/airflow/example_dags/example_params_ui_tutorial.py
[2026-06-29T08:32:52.864+0000] {processor.py:830} INFO - Processing file /home/airflow/.local/lib/python3.12/site-packages/airflow/example_dags/example_params_ui_tutorial.py for tasks to queue
[2026-06-29T08:32:52.871+0000] {logging_mixin.py:188} INFO - [2026-06-29T08:32:52.871+0000] {dagbag.py:545} INFO - Filling up the DagBag from /home/airflow/.local/lib/python3.12/site-packages/airflow/example_dags/example_params_ui_tutorial.py
[2026-06-29T08:32:52.918+0000] {processor.py:840} INFO - DAG(s) 'example_params_ui_tutorial' retrieved from /home/airflow/.local/lib/python3.12/site-packages/airflow/example_dags/example_params_ui_tutorial.py
[2026-06-29T08:32:53.134+0000] {logging_mixin.py:188} INFO - [2026-06-29T08:32:53.133+0000] {dag.py:3096} INFO - Sync 1 DAGs
[2026-06-29T08:32:53.168+0000] {logging_mixin.py:188} INFO - [2026-06-29T08:32:53.167+0000] {dag.py:3954} INFO - Setting next_dagrun for example_params_ui_tutorial to None, run_after=None
[2026-06-29T08:32:53.228+0000] {processor.py:183} INFO - Processing /home/airflow/.local/lib/python3.12/site-packages/airflow/example_dags/example_params_ui_tutorial.py took 0.395 seconds
[2026-06-29T08:33:23.669+0000] {processor.py:161} INFO - Started process (PID=588) to work on /home/airflow/.local/lib/python3.12/site-packages/airflow/example_dags/example_params_ui_tutorial.py
[2026-06-29T08:33:23.670+0000] {processor.py:830} INFO - Processing file /home/airflow/.local/lib/python3.12/site-packages/airflow/example_dags/example_params_ui_tutorial.py for tasks to queue
[2026-06-29T08:33:23.673+0000] {logging_mixin.py:188} INFO - [2026-06-29T08:33:23.672+0000] {dagbag.py:545} INFO - Filling up the DagBag from /home/airflow/.local/lib/python3.12/site-packages/airflow/example_dags/example_params_ui_tutorial.py
[2026-06-29T08:33:23.687+0000] {processor.py:840} INFO - DAG(s) 'example_params_ui_tutorial' retrieved from /home/airflow/.local/lib/python3.12/site-packages/airflow/example_dags/example_params_ui_tutorial.py
[2026-06-29T08:33:23.737+0000] {logging_mixin.py:188} INFO - [2026-06-29T08:33:23.736+0000] {dag.py:3096} INFO - Sync 1 DAGs
[2026-06-29T08:33:23.748+0000] {logging_mixin.py:188} INFO - [2026-06-29T08:33:23.747+0000] {dag.py:3954} INFO - Setting next_dagrun for example_params_ui_tutorial to None, run_after=None
[2026-06-29T08:33:23.769+0000] {processor.py:183} INFO - Processing /home/airflow/.local/lib/python3.12/site-packages/airflow/example_dags/example_params_ui_tutorial.py took 0.108 seconds
[2026-06-29T08:33:54.660+0000] {processor.py:161} INFO - Started process (PID=648) to work on /home/airflow/.local/lib/python3.12/site-packages/airflow/example_dags/example_params_ui_tutorial.py
[2026-06-29T08:33:54.663+0000] {processor.py:830} INFO - Processing file /home/airflow/.local/lib/python3.12/site-packages/airflow/example_dags/example_params_ui_tutorial.py for tasks to queue
[2026-06-29T08:33:54.666+0000] {logging_mixin.py:188} INFO - [2026-06-29T08:33:54.665+0000] {dagbag.py:545} INFO - Filling up the DagBag from /home/airflow/.local/lib/python3.12/site-packages/airflow/example_dags/example_params_ui_tutorial.py
[2026-06-29T08:33:54.694+0000] {processor.py:840} INFO - DAG(s) 'example_params_ui_tutorial' retrieved from /home/airflow/.local/lib/python3.12/site-packages/airflow/example_dags/example_params_ui_tutorial.py
[2026-06-29T08:33:54.827+0000] {logging_mixin.py:188} INFO - [2026-06-29T08:33:54.824+0000] {dag.py:3096} INFO - Sync 1 DAGs
[2026-06-29T08:33:54.871+0000] {logging_mixin.py:188} INFO - [2026-06-29T08:33:54.868+0000] {dag.py:3954} INFO - Setting next_dagrun for example_params_ui_tutorial to None, run_after=None
[2026-06-29T08:33:54.927+0000] {processor.py:183} INFO - Processing /home/airflow/.local/lib/python3.12/site-packages/airflow/example_dags/example_params_ui_tutorial.py took 0.286 seconds
[2026-06-29T08:34:25.036+0000] {processor.py:161} INFO - Started process (PID=707) to work on /home/airflow/.local/lib/python3.12/site-packages/airflow/example_dags/example_params_ui_tutorial.py
[2026-06-29T08:34:25.037+0000] {processor.py:830} INFO - Processing file /home/airflow/.local/lib/python3.12/site-packages/airflow/example_dags/example_params_ui_tutorial.py for tasks to queue
[2026-06-29T08:34:25.039+0000] {logging_mixin.py:188} INFO - [2026-06-29T08:34:25.039+0000] {dagbag.py:545} INFO - Filling up the DagBag from /home/airflow/.local/lib/python3.12/site-packages/airflow/example_dags/example_params_ui_tutorial.py
[2026-06-29T08:34:25.059+0000] {processor.py:840} INFO - DAG(s) 'example_params_ui_tutorial' retrieved from /home/airflow/.local/lib/python3.12/site-packages/airflow/example_dags/example_params_ui_tutorial.py
[2026-06-29T08:34:25.123+0000] {logging_mixin.py:188} INFO - [2026-06-29T08:34:25.123+0000] {dag.py:3096} INFO - Sync 1 DAGs
[2026-06-29T08:34:25.139+0000] {logging_mixin.py:188} INFO - [2026-06-29T08:34:25.139+0000] {dag.py:3954} INFO - Setting next_dagrun for example_params_ui_tutorial to None, run_after=None
[2026-06-29T08:34:25.165+0000] {processor.py:183} INFO - Processing /home/airflow/.local/lib/python3.12/site-packages/airflow/example_dags/example_params_ui_tutorial.py took 0.150 seconds
[2026-06-29T08:34:56.047+0000] {processor.py:161} INFO - Started process (PID=766) to work on /home/airflow/.local/lib/python3.12/site-packages/airflow/example_dags/example_params_ui_tutorial.py
[2026-06-29T08:34:56.048+0000] {processor.py:830} INFO - Processing file /home/airflow/.local/lib/python3.12/site-packages/airflow/example_dags/example_params_ui_tutorial.py for tasks to queue
[2026-06-29T08:34:56.050+0000] {logging_mixin.py:188} INFO - [2026-06-29T08:34:56.049+0000] {dagbag.py:545} INFO - Filling up the DagBag from /home/airflow/.local/lib/python3.12/site-packages/airflow/example_dags/example_params_ui_tutorial.py
[2026-06-29T08:34:56.063+0000] {processor.py:840} INFO - DAG(s) 'example_params_ui_tutorial' retrieved from /home/airflow/.local/lib/python3.12/site-packages/airflow/example_dags/example_params_ui_tutorial.py
[2026-06-29T08:34:56.134+0000] {logging_mixin.py:188} INFO - [2026-06-29T08:34:56.133+0000] {dag.py:3096} INFO - Sync 1 DAGs
[2026-06-29T08:34:56.151+0000] {logging_mixin.py:188} INFO - [2026-06-29T08:34:56.151+0000] {dag.py:3954} INFO - Setting next_dagrun for example_params_ui_tutorial to None, run_after=None
[2026-06-29T08:34:56.181+0000] {processor.py:183} INFO - Processing /home/airflow/.local/lib/python3.12/site-packages/airflow/example_dags/example_params_ui_tutorial.py took 0.141 seconds
[2026-06-29T08:35:26.523+0000] {processor.py:161} INFO - Started process (PID=825) to work on /home/airflow/.local/lib/python3.12/site-packages/airflow/example_dags/example_params_ui_tutorial.py
[2026-06-29T08:35:26.524+0000] {processor.py:830} INFO - Processing file /home/airflow/.local/lib/python3.12/site-packages/airflow/example_dags/example_params_ui_tutorial.py for tasks to queue
[2026-06-29T08:35:26.526+0000] {logging_mixin.py:188} INFO - [2026-06-29T08:35:26.526+0000] {dagbag.py:545} INFO - Filling up the DagBag from /home/airflow/.local/lib/python3.12/site-packages/airflow/example_dags/example_params_ui_tutorial.py
[2026-06-29T08:35:26.540+0000] {processor.py:840} INFO - DAG(s) 'example_params_ui_tutorial' retrieved from /home/airflow/.local/lib/python3.12/site-packages/airflow/example_dags/example_params_ui_tutorial.py
[2026-06-29T08:35:26.607+0000] {logging_mixin.py:188} INFO - [2026-06-29T08:35:26.607+0000] {dag.py:3096} INFO - Sync 1 DAGs
[2026-06-29T08:35:26.622+0000] {logging_mixin.py:188} INFO - [2026-06-29T08:35:26.622+0000] {dag.py:3954} INFO - Setting next_dagrun for example_params_ui_tutorial to None, run_after=None
[2026-06-29T08:35:26.641+0000] {processor.py:183} INFO - Processing /home/airflow/.local/lib/python3.12/site-packages/airflow/example_dags/example_params_ui_tutorial.py took 0.125 seconds
[2026-06-29T08:35:57.120+0000] {processor.py:161} INFO - Started process (PID=884) to work on /home/airflow/.local/lib/python3.12/site-packages/airflow/example_dags/example_params_ui_tutorial.py
[2026-06-29T08:35:57.121+0000] {processor.py:830} INFO - Processing file /home/airflow/.local/lib/python3.12/site-packages/airflow/example_dags/example_params_ui_tutorial.py for tasks to queue
[2026-06-29T08:35:57.123+0000] {logging_mixin.py:188} INFO - [2026-06-29T08:35:57.122+0000] {dagbag.py:545} INFO - Filling up the DagBag from /home/airflow/.local/lib/python3.12/site-packages/airflow/example_dags/example_params_ui_tutorial.py
[2026-06-29T08:35:57.136+0000] {processor.py:840} INFO - DAG(s) 'example_params_ui_tutorial' retrieved from /home/airflow/.local/lib/python3.12/site-packages/airflow/example_dags/example_params_ui_tutorial.py
[2026-06-29T08:35:57.206+0000] {logging_mixin.py:188} INFO - [2026-06-29T08:35:57.206+0000] {dag.py:3096} INFO - Sync 1 DAGs
[2026-06-29T08:35:57.222+0000] {logging_mixin.py:188} INFO - [2026-06-29T08:35:57.221+0000] {dag.py:3954} INFO - Setting next_dagrun for example_params_ui_tutorial to None, run_after=None
[2026-06-29T08:35:57.240+0000] {processor.py:183} INFO - Processing /home/airflow/.local/lib/python3.12/site-packages/airflow/example_dags/example_params_ui_tutorial.py took 0.127 seconds
[2026-06-29T08:36:27.852+0000] {processor.py:161} INFO - Started process (PID=943) to work on /home/airflow/.local/lib/python3.12/site-packages/airflow/example_dags/example_params_ui_tutorial.py
[2026-06-29T08:36:27.855+0000] {processor.py:830} INFO - Processing file /home/airflow/.local/lib/python3.12/site-packages/airflow/example_dags/example_params_ui_tutorial.py for tasks to queue
[2026-06-29T08:36:27.857+0000] {logging_mixin.py:188} INFO - [2026-06-29T08:36:27.857+0000] {dagbag.py:545} INFO - Filling up the DagBag from /home/airflow/.local/lib/python3.12/site-packages/airflow/example_dags/example_params_ui_tutorial.py
[2026-06-29T08:36:27.887+0000] {processor.py:840} INFO - DAG(s) 'example_params_ui_tutorial' retrieved from /home/airflow/.local/lib/python3.12/site-packages/airflow/example_dags/example_params_ui_tutorial.py
[2026-06-29T08:36:28.033+0000] {logging_mixin.py:188} INFO - [2026-06-29T08:36:28.033+0000] {dag.py:3096} INFO - Sync 1 DAGs
[2026-06-29T08:36:28.057+0000] {logging_mixin.py:188} INFO - [2026-06-29T08:36:28.057+0000] {dag.py:3954} INFO - Setting next_dagrun for example_params_ui_tutorial to None, run_after=None
[2026-06-29T08:36:28.091+0000] {processor.py:183} INFO - Processing /home/airflow/.local/lib/python3.12/site-packages/airflow/example_dags/example_params_ui_tutorial.py took 0.252 seconds
[2026-06-29T08:36:58.634+0000] {processor.py:161} INFO - Started process (PID=1000) to work on /home/airflow/.local/lib/python3.12/site-packages/airflow/example_dags/example_params_ui_tutorial.py
[2026-06-29T08:36:58.637+0000] {processor.py:830} INFO - Processing file /home/airflow/.local/lib/python3.12/site-packages/airflow/example_dags/example_params_ui_tutorial.py for tasks to queue
[2026-06-29T08:36:58.644+0000] {logging_mixin.py:188} INFO - [2026-06-29T08:36:58.643+0000] {dagbag.py:545} INFO - Filling up the DagBag from /home/airflow/.local/lib/python3.12/site-packages/airflow/example_dags/example_params_ui_tutorial.py
[2026-06-29T08:36:58.688+0000] {processor.py:840} INFO - DAG(s) 'example_params_ui_tutorial' retrieved from /home/airflow/.local/lib/python3.12/site-packages/airflow/example_dags/example_params_ui_tutorial.py
[2026-06-29T08:36:58.914+0000] {logging_mixin.py:188} INFO - [2026-06-29T08:36:58.914+0000] {dag.py:3096} INFO - Sync 1 DAGs
[2026-06-29T08:36:58.970+0000] {logging_mixin.py:188} INFO - [2026-06-29T08:36:58.970+0000] {dag.py:3954} INFO - Setting next_dagrun for example_params_ui_tutorial to None, run_after=None
[2026-06-29T08:36:59.035+0000] {processor.py:183} INFO - Processing /home/airflow/.local/lib/python3.12/site-packages/airflow/example_dags/example_params_ui_tutorial.py took 0.447 seconds
