[2026-06-29T08:29:22.535+0000] {processor.py:161} INFO - Started process (PID=121) to work on /home/airflow/.local/lib/python3.12/site-packages/airflow/example_dags/example_latest_only.py
[2026-06-29T08:29:22.538+0000] {processor.py:830} INFO - Processing file /home/airflow/.local/lib/python3.12/site-packages/airflow/example_dags/example_latest_only.py for tasks to queue
[2026-06-29T08:29:22.542+0000] {logging_mixin.py:188} INFO - [2026-06-29T08:29:22.542+0000] {dagbag.py:545} INFO - Filling up the DagBag from /home/airflow/.local/lib/python3.12/site-packages/airflow/example_dags/example_latest_only.py
[2026-06-29T08:29:22.552+0000] {processor.py:840} INFO - DAG(s) 'latest_only' retrieved from /home/airflow/.local/lib/python3.12/site-packages/airflow/example_dags/example_latest_only.py
[2026-06-29T08:29:23.049+0000] {logging_mixin.py:188} INFO - [2026-06-29T08:29:23.048+0000] {override.py:1829} INFO - Created Permission View: can edit on DAG:latest_only
[2026-06-29T08:29:23.094+0000] {logging_mixin.py:188} INFO - [2026-06-29T08:29:23.093+0000] {override.py:1829} INFO - Created Permission View: can read on DAG:latest_only
[2026-06-29T08:29:23.116+0000] {logging_mixin.py:188} INFO - [2026-06-29T08:29:23.116+0000] {override.py:1829} INFO - Created Permission View: can delete on DAG:latest_only
[2026-06-29T08:29:23.117+0000] {logging_mixin.py:188} INFO - [2026-06-29T08:29:23.117+0000] {dag.py:3096} INFO - Sync 1 DAGs
[2026-06-29T08:29:23.174+0000] {logging_mixin.py:188} INFO - [2026-06-29T08:29:23.173+0000] {dag.py:3118} INFO - Creating ORM DAG for latest_only
[2026-06-29T08:29:23.218+0000] {logging_mixin.py:188} INFO - [2026-06-29T08:29:23.217+0000] {dag.py:3954} INFO - Setting next_dagrun for latest_only to 2026-06-29 04:00:00+00:00, run_after=2026-06-29 08:00:00+00:00
[2026-06-29T08:29:23.316+0000] {processor.py:183} INFO - Processing /home/airflow/.local/lib/python3.12/site-packages/airflow/example_dags/example_latest_only.py took 0.798 seconds
[2026-06-29T08:29:54.217+0000] {processor.py:161} INFO - Started process (PID=179) to work on /home/airflow/.local/lib/python3.12/site-packages/airflow/example_dags/example_latest_only.py
[2026-06-29T08:29:54.218+0000] {processor.py:830} INFO - Processing file /home/airflow/.local/lib/python3.12/site-packages/airflow/example_dags/example_latest_only.py for tasks to queue
[2026-06-29T08:29:54.225+0000] {logging_mixin.py:188} INFO - [2026-06-29T08:29:54.224+0000] {dagbag.py:545} INFO - Filling up the DagBag from /home/airflow/.local/lib/python3.12/site-packages/airflow/example_dags/example_latest_only.py
[2026-06-29T08:29:54.237+0000] {processor.py:840} INFO - DAG(s) 'latest_only' retrieved from /home/airflow/.local/lib/python3.12/site-packages/airflow/example_dags/example_latest_only.py
[2026-06-29T08:29:54.269+0000] {logging_mixin.py:188} INFO - [2026-06-29T08:29:54.269+0000] {dag.py:3096} INFO - Sync 1 DAGs
[2026-06-29T08:29:54.295+0000] {logging_mixin.py:188} INFO - [2026-06-29T08:29:54.295+0000] {dag.py:3954} INFO - Setting next_dagrun for latest_only to 2026-06-29 04:00:00+00:00, run_after=2026-06-29 08:00:00+00:00
[2026-06-29T08:29:54.319+0000] {processor.py:183} INFO - Processing /home/airflow/.local/lib/python3.12/site-packages/airflow/example_dags/example_latest_only.py took 0.112 seconds
[2026-06-29T08:30:25.078+0000] {processor.py:161} INFO - Started process (PID=238) to work on /home/airflow/.local/lib/python3.12/site-packages/airflow/example_dags/example_latest_only.py
[2026-06-29T08:30:25.080+0000] {processor.py:830} INFO - Processing file /home/airflow/.local/lib/python3.12/site-packages/airflow/example_dags/example_latest_only.py for tasks to queue
[2026-06-29T08:30:25.086+0000] {logging_mixin.py:188} INFO - [2026-06-29T08:30:25.085+0000] {dagbag.py:545} INFO - Filling up the DagBag from /home/airflow/.local/lib/python3.12/site-packages/airflow/example_dags/example_latest_only.py
[2026-06-29T08:30:25.099+0000] {processor.py:840} INFO - DAG(s) 'latest_only' retrieved from /home/airflow/.local/lib/python3.12/site-packages/airflow/example_dags/example_latest_only.py
[2026-06-29T08:30:25.199+0000] {logging_mixin.py:188} INFO - [2026-06-29T08:30:25.191+0000] {dag.py:3096} INFO - Sync 1 DAGs
[2026-06-29T08:30:25.331+0000] {logging_mixin.py:188} INFO - [2026-06-29T08:30:25.331+0000] {dag.py:3954} INFO - Setting next_dagrun for latest_only to 2026-06-29 04:00:00+00:00, run_after=2026-06-29 08:00:00+00:00
[2026-06-29T08:30:25.391+0000] {processor.py:183} INFO - Processing /home/airflow/.local/lib/python3.12/site-packages/airflow/example_dags/example_latest_only.py took 0.371 seconds
[2026-06-29T08:30:56.071+0000] {processor.py:161} INFO - Started process (PID=297) to work on /home/airflow/.local/lib/python3.12/site-packages/airflow/example_dags/example_latest_only.py
[2026-06-29T08:30:56.072+0000] {processor.py:830} INFO - Processing file /home/airflow/.local/lib/python3.12/site-packages/airflow/example_dags/example_latest_only.py for tasks to queue
[2026-06-29T08:30:56.074+0000] {logging_mixin.py:188} INFO - [2026-06-29T08:30:56.074+0000] {dagbag.py:545} INFO - Filling up the DagBag from /home/airflow/.local/lib/python3.12/site-packages/airflow/example_dags/example_latest_only.py
[2026-06-29T08:30:56.080+0000] {processor.py:840} INFO - DAG(s) 'latest_only' retrieved from /home/airflow/.local/lib/python3.12/site-packages/airflow/example_dags/example_latest_only.py
[2026-06-29T08:30:56.105+0000] {logging_mixin.py:188} INFO - [2026-06-29T08:30:56.105+0000] {dag.py:3096} INFO - Sync 1 DAGs
[2026-06-29T08:30:56.154+0000] {logging_mixin.py:188} INFO - [2026-06-29T08:30:56.154+0000] {dag.py:3954} INFO - Setting next_dagrun for latest_only to 2026-06-29 04:00:00+00:00, run_after=2026-06-29 08:00:00+00:00
[2026-06-29T08:30:56.174+0000] {processor.py:183} INFO - Processing /home/airflow/.local/lib/python3.12/site-packages/airflow/example_dags/example_latest_only.py took 0.109 seconds
[2026-06-29T08:31:26.407+0000] {processor.py:161} INFO - Started process (PID=356) to work on /home/airflow/.local/lib/python3.12/site-packages/airflow/example_dags/example_latest_only.py
[2026-06-29T08:31:26.408+0000] {processor.py:830} INFO - Processing file /home/airflow/.local/lib/python3.12/site-packages/airflow/example_dags/example_latest_only.py for tasks to queue
[2026-06-29T08:31:26.410+0000] {logging_mixin.py:188} INFO - [2026-06-29T08:31:26.409+0000] {dagbag.py:545} INFO - Filling up the DagBag from /home/airflow/.local/lib/python3.12/site-packages/airflow/example_dags/example_latest_only.py
[2026-06-29T08:31:26.415+0000] {processor.py:840} INFO - DAG(s) 'latest_only' retrieved from /home/airflow/.local/lib/python3.12/site-packages/airflow/example_dags/example_latest_only.py
[2026-06-29T08:31:26.455+0000] {logging_mixin.py:188} INFO - [2026-06-29T08:31:26.455+0000] {dag.py:3096} INFO - Sync 1 DAGs
[2026-06-29T08:31:26.484+0000] {logging_mixin.py:188} INFO - [2026-06-29T08:31:26.484+0000] {dag.py:3954} INFO - Setting next_dagrun for latest_only to 2026-06-29 04:00:00+00:00, run_after=2026-06-29 08:00:00+00:00
[2026-06-29T08:31:26.504+0000] {processor.py:183} INFO - Processing /home/airflow/.local/lib/python3.12/site-packages/airflow/example_dags/example_latest_only.py took 0.104 seconds
[2026-06-29T08:31:56.656+0000] {processor.py:161} INFO - Started process (PID=415) to work on /home/airflow/.local/lib/python3.12/site-packages/airflow/example_dags/example_latest_only.py
[2026-06-29T08:31:56.657+0000] {processor.py:830} INFO - Processing file /home/airflow/.local/lib/python3.12/site-packages/airflow/example_dags/example_latest_only.py for tasks to queue
[2026-06-29T08:31:56.659+0000] {logging_mixin.py:188} INFO - [2026-06-29T08:31:56.659+0000] {dagbag.py:545} INFO - Filling up the DagBag from /home/airflow/.local/lib/python3.12/site-packages/airflow/example_dags/example_latest_only.py
[2026-06-29T08:31:56.665+0000] {processor.py:840} INFO - DAG(s) 'latest_only' retrieved from /home/airflow/.local/lib/python3.12/site-packages/airflow/example_dags/example_latest_only.py
[2026-06-29T08:31:56.690+0000] {logging_mixin.py:188} INFO - [2026-06-29T08:31:56.690+0000] {dag.py:3096} INFO - Sync 1 DAGs
[2026-06-29T08:31:56.729+0000] {logging_mixin.py:188} INFO - [2026-06-29T08:31:56.729+0000] {dag.py:3954} INFO - Setting next_dagrun for latest_only to 2026-06-29 04:00:00+00:00, run_after=2026-06-29 08:00:00+00:00
[2026-06-29T08:31:56.779+0000] {processor.py:183} INFO - Processing /home/airflow/.local/lib/python3.12/site-packages/airflow/example_dags/example_latest_only.py took 0.130 seconds
[2026-06-29T08:32:27.108+0000] {processor.py:161} INFO - Started process (PID=474) to work on /home/airflow/.local/lib/python3.12/site-packages/airflow/example_dags/example_latest_only.py
[2026-06-29T08:32:27.109+0000] {processor.py:830} INFO - Processing file /home/airflow/.local/lib/python3.12/site-packages/airflow/example_dags/example_latest_only.py for tasks to queue
[2026-06-29T08:32:27.111+0000] {logging_mixin.py:188} INFO - [2026-06-29T08:32:27.110+0000] {dagbag.py:545} INFO - Filling up the DagBag from /home/airflow/.local/lib/python3.12/site-packages/airflow/example_dags/example_latest_only.py
[2026-06-29T08:32:27.117+0000] {processor.py:840} INFO - DAG(s) 'latest_only' retrieved from /home/airflow/.local/lib/python3.12/site-packages/airflow/example_dags/example_latest_only.py
[2026-06-29T08:32:27.140+0000] {logging_mixin.py:188} INFO - [2026-06-29T08:32:27.140+0000] {dag.py:3096} INFO - Sync 1 DAGs
[2026-06-29T08:32:27.167+0000] {logging_mixin.py:188} INFO - [2026-06-29T08:32:27.167+0000] {dag.py:3954} INFO - Setting next_dagrun for latest_only to 2026-06-29 04:00:00+00:00, run_after=2026-06-29 08:00:00+00:00
[2026-06-29T08:32:27.192+0000] {processor.py:183} INFO - Processing /home/airflow/.local/lib/python3.12/site-packages/airflow/example_dags/example_latest_only.py took 0.091 seconds
[2026-06-29T08:32:57.366+0000] {processor.py:161} INFO - Started process (PID=533) to work on /home/airflow/.local/lib/python3.12/site-packages/airflow/example_dags/example_latest_only.py
[2026-06-29T08:32:57.367+0000] {processor.py:830} INFO - Processing file /home/airflow/.local/lib/python3.12/site-packages/airflow/example_dags/example_latest_only.py for tasks to queue
[2026-06-29T08:32:57.369+0000] {logging_mixin.py:188} INFO - [2026-06-29T08:32:57.369+0000] {dagbag.py:545} INFO - Filling up the DagBag from /home/airflow/.local/lib/python3.12/site-packages/airflow/example_dags/example_latest_only.py
[2026-06-29T08:32:57.375+0000] {processor.py:840} INFO - DAG(s) 'latest_only' retrieved from /home/airflow/.local/lib/python3.12/site-packages/airflow/example_dags/example_latest_only.py
[2026-06-29T08:32:57.399+0000] {logging_mixin.py:188} INFO - [2026-06-29T08:32:57.399+0000] {dag.py:3096} INFO - Sync 1 DAGs
[2026-06-29T08:32:57.431+0000] {logging_mixin.py:188} INFO - [2026-06-29T08:32:57.430+0000] {dag.py:3954} INFO - Setting next_dagrun for latest_only to 2026-06-29 04:00:00+00:00, run_after=2026-06-29 08:00:00+00:00
[2026-06-29T08:32:57.452+0000] {processor.py:183} INFO - Processing /home/airflow/.local/lib/python3.12/site-packages/airflow/example_dags/example_latest_only.py took 0.093 seconds
[2026-06-29T08:33:27.981+0000] {processor.py:161} INFO - Started process (PID=592) to work on /home/airflow/.local/lib/python3.12/site-packages/airflow/example_dags/example_latest_only.py
[2026-06-29T08:33:27.985+0000] {processor.py:830} INFO - Processing file /home/airflow/.local/lib/python3.12/site-packages/airflow/example_dags/example_latest_only.py for tasks to queue
[2026-06-29T08:33:27.992+0000] {logging_mixin.py:188} INFO - [2026-06-29T08:33:27.987+0000] {dagbag.py:545} INFO - Filling up the DagBag from /home/airflow/.local/lib/python3.12/site-packages/airflow/example_dags/example_latest_only.py
[2026-06-29T08:33:28.011+0000] {processor.py:840} INFO - DAG(s) 'latest_only' retrieved from /home/airflow/.local/lib/python3.12/site-packages/airflow/example_dags/example_latest_only.py
[2026-06-29T08:33:28.081+0000] {logging_mixin.py:188} INFO - [2026-06-29T08:33:28.080+0000] {dag.py:3096} INFO - Sync 1 DAGs
[2026-06-29T08:33:28.142+0000] {logging_mixin.py:188} INFO - [2026-06-29T08:33:28.141+0000] {dag.py:3954} INFO - Setting next_dagrun for latest_only to 2026-06-29 04:00:00+00:00, run_after=2026-06-29 08:00:00+00:00
[2026-06-29T08:33:28.225+0000] {processor.py:183} INFO - Processing /home/airflow/.local/lib/python3.12/site-packages/airflow/example_dags/example_latest_only.py took 0.261 seconds
[2026-06-29T08:33:59.102+0000] {processor.py:161} INFO - Started process (PID=652) to work on /home/airflow/.local/lib/python3.12/site-packages/airflow/example_dags/example_latest_only.py
[2026-06-29T08:33:59.103+0000] {processor.py:830} INFO - Processing file /home/airflow/.local/lib/python3.12/site-packages/airflow/example_dags/example_latest_only.py for tasks to queue
[2026-06-29T08:33:59.105+0000] {logging_mixin.py:188} INFO - [2026-06-29T08:33:59.104+0000] {dagbag.py:545} INFO - Filling up the DagBag from /home/airflow/.local/lib/python3.12/site-packages/airflow/example_dags/example_latest_only.py
[2026-06-29T08:33:59.111+0000] {processor.py:840} INFO - DAG(s) 'latest_only' retrieved from /home/airflow/.local/lib/python3.12/site-packages/airflow/example_dags/example_latest_only.py
[2026-06-29T08:33:59.134+0000] {logging_mixin.py:188} INFO - [2026-06-29T08:33:59.134+0000] {dag.py:3096} INFO - Sync 1 DAGs
[2026-06-29T08:33:59.165+0000] {logging_mixin.py:188} INFO - [2026-06-29T08:33:59.165+0000] {dag.py:3954} INFO - Setting next_dagrun for latest_only to 2026-06-29 04:00:00+00:00, run_after=2026-06-29 08:00:00+00:00
[2026-06-29T08:33:59.184+0000] {processor.py:183} INFO - Processing /home/airflow/.local/lib/python3.12/site-packages/airflow/example_dags/example_latest_only.py took 0.089 seconds
[2026-06-29T08:34:29.236+0000] {processor.py:161} INFO - Started process (PID=711) to work on /home/airflow/.local/lib/python3.12/site-packages/airflow/example_dags/example_latest_only.py
[2026-06-29T08:34:29.237+0000] {processor.py:830} INFO - Processing file /home/airflow/.local/lib/python3.12/site-packages/airflow/example_dags/example_latest_only.py for tasks to queue
[2026-06-29T08:34:29.239+0000] {logging_mixin.py:188} INFO - [2026-06-29T08:34:29.239+0000] {dagbag.py:545} INFO - Filling up the DagBag from /home/airflow/.local/lib/python3.12/site-packages/airflow/example_dags/example_latest_only.py
[2026-06-29T08:34:29.245+0000] {processor.py:840} INFO - DAG(s) 'latest_only' retrieved from /home/airflow/.local/lib/python3.12/site-packages/airflow/example_dags/example_latest_only.py
[2026-06-29T08:34:29.270+0000] {logging_mixin.py:188} INFO - [2026-06-29T08:34:29.270+0000] {dag.py:3096} INFO - Sync 1 DAGs
[2026-06-29T08:34:29.298+0000] {logging_mixin.py:188} INFO - [2026-06-29T08:34:29.297+0000] {dag.py:3954} INFO - Setting next_dagrun for latest_only to 2026-06-29 04:00:00+00:00, run_after=2026-06-29 08:00:00+00:00
[2026-06-29T08:34:29.318+0000] {processor.py:183} INFO - Processing /home/airflow/.local/lib/python3.12/site-packages/airflow/example_dags/example_latest_only.py took 0.089 seconds
[2026-06-29T08:35:00.319+0000] {processor.py:161} INFO - Started process (PID=776) to work on /home/airflow/.local/lib/python3.12/site-packages/airflow/example_dags/example_latest_only.py
[2026-06-29T08:35:00.320+0000] {processor.py:830} INFO - Processing file /home/airflow/.local/lib/python3.12/site-packages/airflow/example_dags/example_latest_only.py for tasks to queue
[2026-06-29T08:35:00.322+0000] {logging_mixin.py:188} INFO - [2026-06-29T08:35:00.321+0000] {dagbag.py:545} INFO - Filling up the DagBag from /home/airflow/.local/lib/python3.12/site-packages/airflow/example_dags/example_latest_only.py
[2026-06-29T08:35:00.327+0000] {processor.py:840} INFO - DAG(s) 'latest_only' retrieved from /home/airflow/.local/lib/python3.12/site-packages/airflow/example_dags/example_latest_only.py
[2026-06-29T08:35:00.353+0000] {logging_mixin.py:188} INFO - [2026-06-29T08:35:00.352+0000] {dag.py:3096} INFO - Sync 1 DAGs
[2026-06-29T08:35:00.379+0000] {logging_mixin.py:188} INFO - [2026-06-29T08:35:00.379+0000] {dag.py:3954} INFO - Setting next_dagrun for latest_only to 2026-06-29 04:00:00+00:00, run_after=2026-06-29 08:00:00+00:00
[2026-06-29T08:35:00.400+0000] {processor.py:183} INFO - Processing /home/airflow/.local/lib/python3.12/site-packages/airflow/example_dags/example_latest_only.py took 0.087 seconds
[2026-06-29T08:35:30.856+0000] {processor.py:161} INFO - Started process (PID=835) to work on /home/airflow/.local/lib/python3.12/site-packages/airflow/example_dags/example_latest_only.py
[2026-06-29T08:35:30.857+0000] {processor.py:830} INFO - Processing file /home/airflow/.local/lib/python3.12/site-packages/airflow/example_dags/example_latest_only.py for tasks to queue
[2026-06-29T08:35:30.859+0000] {logging_mixin.py:188} INFO - [2026-06-29T08:35:30.858+0000] {dagbag.py:545} INFO - Filling up the DagBag from /home/airflow/.local/lib/python3.12/site-packages/airflow/example_dags/example_latest_only.py
[2026-06-29T08:35:30.865+0000] {processor.py:840} INFO - DAG(s) 'latest_only' retrieved from /home/airflow/.local/lib/python3.12/site-packages/airflow/example_dags/example_latest_only.py
[2026-06-29T08:35:30.890+0000] {logging_mixin.py:188} INFO - [2026-06-29T08:35:30.890+0000] {dag.py:3096} INFO - Sync 1 DAGs
[2026-06-29T08:35:30.922+0000] {logging_mixin.py:188} INFO - [2026-06-29T08:35:30.922+0000] {dag.py:3954} INFO - Setting next_dagrun for latest_only to 2026-06-29 04:00:00+00:00, run_after=2026-06-29 08:00:00+00:00
[2026-06-29T08:35:30.950+0000] {processor.py:183} INFO - Processing /home/airflow/.local/lib/python3.12/site-packages/airflow/example_dags/example_latest_only.py took 0.101 seconds
[2026-06-29T08:36:01.559+0000] {processor.py:161} INFO - Started process (PID=894) to work on /home/airflow/.local/lib/python3.12/site-packages/airflow/example_dags/example_latest_only.py
[2026-06-29T08:36:01.560+0000] {processor.py:830} INFO - Processing file /home/airflow/.local/lib/python3.12/site-packages/airflow/example_dags/example_latest_only.py for tasks to queue
[2026-06-29T08:36:01.562+0000] {logging_mixin.py:188} INFO - [2026-06-29T08:36:01.561+0000] {dagbag.py:545} INFO - Filling up the DagBag from /home/airflow/.local/lib/python3.12/site-packages/airflow/example_dags/example_latest_only.py
[2026-06-29T08:36:01.568+0000] {processor.py:840} INFO - DAG(s) 'latest_only' retrieved from /home/airflow/.local/lib/python3.12/site-packages/airflow/example_dags/example_latest_only.py
[2026-06-29T08:36:01.596+0000] {logging_mixin.py:188} INFO - [2026-06-29T08:36:01.596+0000] {dag.py:3096} INFO - Sync 1 DAGs
[2026-06-29T08:36:01.622+0000] {logging_mixin.py:188} INFO - [2026-06-29T08:36:01.622+0000] {dag.py:3954} INFO - Setting next_dagrun for latest_only to 2026-06-29 04:00:00+00:00, run_after=2026-06-29 08:00:00+00:00
[2026-06-29T08:36:01.642+0000] {processor.py:183} INFO - Processing /home/airflow/.local/lib/python3.12/site-packages/airflow/example_dags/example_latest_only.py took 0.090 seconds
[2026-06-29T08:36:32.306+0000] {processor.py:161} INFO - Started process (PID=953) to work on /home/airflow/.local/lib/python3.12/site-packages/airflow/example_dags/example_latest_only.py
[2026-06-29T08:36:32.307+0000] {processor.py:830} INFO - Processing file /home/airflow/.local/lib/python3.12/site-packages/airflow/example_dags/example_latest_only.py for tasks to queue
[2026-06-29T08:36:32.309+0000] {logging_mixin.py:188} INFO - [2026-06-29T08:36:32.309+0000] {dagbag.py:545} INFO - Filling up the DagBag from /home/airflow/.local/lib/python3.12/site-packages/airflow/example_dags/example_latest_only.py
[2026-06-29T08:36:32.317+0000] {processor.py:840} INFO - DAG(s) 'latest_only' retrieved from /home/airflow/.local/lib/python3.12/site-packages/airflow/example_dags/example_latest_only.py
[2026-06-29T08:36:32.342+0000] {logging_mixin.py:188} INFO - [2026-06-29T08:36:32.342+0000] {dag.py:3096} INFO - Sync 1 DAGs
[2026-06-29T08:36:32.370+0000] {logging_mixin.py:188} INFO - [2026-06-29T08:36:32.370+0000] {dag.py:3954} INFO - Setting next_dagrun for latest_only to 2026-06-29 04:00:00+00:00, run_after=2026-06-29 08:00:00+00:00
[2026-06-29T08:36:32.391+0000] {processor.py:183} INFO - Processing /home/airflow/.local/lib/python3.12/site-packages/airflow/example_dags/example_latest_only.py took 0.092 seconds
[2026-06-29T08:37:03.112+0000] {processor.py:161} INFO - Started process (PID=1012) to work on /home/airflow/.local/lib/python3.12/site-packages/airflow/example_dags/example_latest_only.py
[2026-06-29T08:37:03.115+0000] {processor.py:830} INFO - Processing file /home/airflow/.local/lib/python3.12/site-packages/airflow/example_dags/example_latest_only.py for tasks to queue
[2026-06-29T08:37:03.119+0000] {logging_mixin.py:188} INFO - [2026-06-29T08:37:03.118+0000] {dagbag.py:545} INFO - Filling up the DagBag from /home/airflow/.local/lib/python3.12/site-packages/airflow/example_dags/example_latest_only.py
[2026-06-29T08:37:03.127+0000] {processor.py:840} INFO - DAG(s) 'latest_only' retrieved from /home/airflow/.local/lib/python3.12/site-packages/airflow/example_dags/example_latest_only.py
[2026-06-29T08:37:03.167+0000] {logging_mixin.py:188} INFO - [2026-06-29T08:37:03.167+0000] {dag.py:3096} INFO - Sync 1 DAGs
[2026-06-29T08:37:03.200+0000] {logging_mixin.py:188} INFO - [2026-06-29T08:37:03.200+0000] {dag.py:3954} INFO - Setting next_dagrun for latest_only to 2026-06-29 04:00:00+00:00, run_after=2026-06-29 08:00:00+00:00
[2026-06-29T08:37:03.232+0000] {processor.py:183} INFO - Processing /home/airflow/.local/lib/python3.12/site-packages/airflow/example_dags/example_latest_only.py took 0.134 seconds
