[2026-06-29T08:29:30.960+0000] {processor.py:161} INFO - Started process (PID=139) to work on /home/airflow/.local/lib/python3.12/site-packages/airflow/example_dags/example_branch_python_dop_operator_3.py
[2026-06-29T08:29:30.966+0000] {processor.py:830} INFO - Processing file /home/airflow/.local/lib/python3.12/site-packages/airflow/example_dags/example_branch_python_dop_operator_3.py for tasks to queue
[2026-06-29T08:29:30.972+0000] {logging_mixin.py:188} INFO - [2026-06-29T08:29:30.972+0000] {dagbag.py:545} INFO - Filling up the DagBag from /home/airflow/.local/lib/python3.12/site-packages/airflow/example_dags/example_branch_python_dop_operator_3.py
[2026-06-29T08:29:31.006+0000] {processor.py:840} INFO - DAG(s) 'example_branch_dop_operator_v3' retrieved from /home/airflow/.local/lib/python3.12/site-packages/airflow/example_dags/example_branch_python_dop_operator_3.py
[2026-06-29T08:29:31.818+0000] {logging_mixin.py:188} INFO - [2026-06-29T08:29:31.813+0000] {override.py:1829} INFO - Created Permission View: can edit on DAG:example_branch_dop_operator_v3
[2026-06-29T08:29:31.888+0000] {logging_mixin.py:188} INFO - [2026-06-29T08:29:31.887+0000] {override.py:1829} INFO - Created Permission View: can read on DAG:example_branch_dop_operator_v3
[2026-06-29T08:29:31.942+0000] {logging_mixin.py:188} INFO - [2026-06-29T08:29:31.941+0000] {override.py:1829} INFO - Created Permission View: can delete on DAG:example_branch_dop_operator_v3
[2026-06-29T08:29:31.942+0000] {logging_mixin.py:188} INFO - [2026-06-29T08:29:31.942+0000] {dag.py:3096} INFO - Sync 1 DAGs
[2026-06-29T08:29:32.050+0000] {logging_mixin.py:188} INFO - [2026-06-29T08:29:32.049+0000] {dag.py:3118} INFO - Creating ORM DAG for example_branch_dop_operator_v3
[2026-06-29T08:29:32.198+0000] {logging_mixin.py:188} INFO - [2026-06-29T08:29:32.198+0000] {dag.py:3954} INFO - Setting next_dagrun for example_branch_dop_operator_v3 to 2026-06-29 08:28:00+00:00, run_after=2026-06-29 08:29:00+00:00
[2026-06-29T08:29:32.489+0000] {processor.py:183} INFO - Processing /home/airflow/.local/lib/python3.12/site-packages/airflow/example_dags/example_branch_python_dop_operator_3.py took 1.546 seconds
[2026-06-29T08:30:03.047+0000] {processor.py:161} INFO - Started process (PID=198) to work on /home/airflow/.local/lib/python3.12/site-packages/airflow/example_dags/example_branch_python_dop_operator_3.py
[2026-06-29T08:30:03.048+0000] {processor.py:830} INFO - Processing file /home/airflow/.local/lib/python3.12/site-packages/airflow/example_dags/example_branch_python_dop_operator_3.py for tasks to queue
[2026-06-29T08:30:03.050+0000] {logging_mixin.py:188} INFO - [2026-06-29T08:30:03.050+0000] {dagbag.py:545} INFO - Filling up the DagBag from /home/airflow/.local/lib/python3.12/site-packages/airflow/example_dags/example_branch_python_dop_operator_3.py
[2026-06-29T08:30:03.063+0000] {processor.py:840} INFO - DAG(s) 'example_branch_dop_operator_v3' retrieved from /home/airflow/.local/lib/python3.12/site-packages/airflow/example_dags/example_branch_python_dop_operator_3.py
[2026-06-29T08:30:03.089+0000] {logging_mixin.py:188} INFO - [2026-06-29T08:30:03.089+0000] {dag.py:3096} INFO - Sync 1 DAGs
[2026-06-29T08:30:03.137+0000] {logging_mixin.py:188} INFO - [2026-06-29T08:30:03.137+0000] {dag.py:3954} INFO - Setting next_dagrun for example_branch_dop_operator_v3 to 2026-06-29 08:29:00+00:00, run_after=2026-06-29 08:30:00+00:00
[2026-06-29T08:30:03.190+0000] {processor.py:183} INFO - Processing /home/airflow/.local/lib/python3.12/site-packages/airflow/example_dags/example_branch_python_dop_operator_3.py took 0.151 seconds
[2026-06-29T08:30:33.780+0000] {processor.py:161} INFO - Started process (PID=257) to work on /home/airflow/.local/lib/python3.12/site-packages/airflow/example_dags/example_branch_python_dop_operator_3.py
[2026-06-29T08:30:33.781+0000] {processor.py:830} INFO - Processing file /home/airflow/.local/lib/python3.12/site-packages/airflow/example_dags/example_branch_python_dop_operator_3.py for tasks to queue
[2026-06-29T08:30:33.783+0000] {logging_mixin.py:188} INFO - [2026-06-29T08:30:33.782+0000] {dagbag.py:545} INFO - Filling up the DagBag from /home/airflow/.local/lib/python3.12/site-packages/airflow/example_dags/example_branch_python_dop_operator_3.py
[2026-06-29T08:30:33.793+0000] {processor.py:840} INFO - DAG(s) 'example_branch_dop_operator_v3' retrieved from /home/airflow/.local/lib/python3.12/site-packages/airflow/example_dags/example_branch_python_dop_operator_3.py
[2026-06-29T08:30:33.819+0000] {logging_mixin.py:188} INFO - [2026-06-29T08:30:33.818+0000] {dag.py:3096} INFO - Sync 1 DAGs
[2026-06-29T08:30:33.855+0000] {logging_mixin.py:188} INFO - [2026-06-29T08:30:33.855+0000] {dag.py:3954} INFO - Setting next_dagrun for example_branch_dop_operator_v3 to 2026-06-29 08:29:00+00:00, run_after=2026-06-29 08:30:00+00:00
[2026-06-29T08:30:33.897+0000] {processor.py:183} INFO - Processing /home/airflow/.local/lib/python3.12/site-packages/airflow/example_dags/example_branch_python_dop_operator_3.py took 0.124 seconds
[2026-06-29T08:31:03.974+0000] {processor.py:161} INFO - Started process (PID=316) to work on /home/airflow/.local/lib/python3.12/site-packages/airflow/example_dags/example_branch_python_dop_operator_3.py
[2026-06-29T08:31:03.978+0000] {processor.py:830} INFO - Processing file /home/airflow/.local/lib/python3.12/site-packages/airflow/example_dags/example_branch_python_dop_operator_3.py for tasks to queue
[2026-06-29T08:31:03.983+0000] {logging_mixin.py:188} INFO - [2026-06-29T08:31:03.982+0000] {dagbag.py:545} INFO - Filling up the DagBag from /home/airflow/.local/lib/python3.12/site-packages/airflow/example_dags/example_branch_python_dop_operator_3.py
[2026-06-29T08:31:04.012+0000] {processor.py:840} INFO - DAG(s) 'example_branch_dop_operator_v3' retrieved from /home/airflow/.local/lib/python3.12/site-packages/airflow/example_dags/example_branch_python_dop_operator_3.py
[2026-06-29T08:31:04.073+0000] {logging_mixin.py:188} INFO - [2026-06-29T08:31:04.073+0000] {dag.py:3096} INFO - Sync 1 DAGs
[2026-06-29T08:31:04.140+0000] {logging_mixin.py:188} INFO - [2026-06-29T08:31:04.139+0000] {dag.py:3954} INFO - Setting next_dagrun for example_branch_dop_operator_v3 to 2026-06-29 08:30:00+00:00, run_after=2026-06-29 08:31:00+00:00
[2026-06-29T08:31:04.190+0000] {processor.py:183} INFO - Processing /home/airflow/.local/lib/python3.12/site-packages/airflow/example_dags/example_branch_python_dop_operator_3.py took 0.233 seconds
[2026-06-29T08:31:34.526+0000] {processor.py:161} INFO - Started process (PID=375) to work on /home/airflow/.local/lib/python3.12/site-packages/airflow/example_dags/example_branch_python_dop_operator_3.py
[2026-06-29T08:31:34.527+0000] {processor.py:830} INFO - Processing file /home/airflow/.local/lib/python3.12/site-packages/airflow/example_dags/example_branch_python_dop_operator_3.py for tasks to queue
[2026-06-29T08:31:34.529+0000] {logging_mixin.py:188} INFO - [2026-06-29T08:31:34.528+0000] {dagbag.py:545} INFO - Filling up the DagBag from /home/airflow/.local/lib/python3.12/site-packages/airflow/example_dags/example_branch_python_dop_operator_3.py
[2026-06-29T08:31:34.539+0000] {processor.py:840} INFO - DAG(s) 'example_branch_dop_operator_v3' retrieved from /home/airflow/.local/lib/python3.12/site-packages/airflow/example_dags/example_branch_python_dop_operator_3.py
[2026-06-29T08:31:34.563+0000] {logging_mixin.py:188} INFO - [2026-06-29T08:31:34.562+0000] {dag.py:3096} INFO - Sync 1 DAGs
[2026-06-29T08:31:34.598+0000] {logging_mixin.py:188} INFO - [2026-06-29T08:31:34.598+0000] {dag.py:3954} INFO - Setting next_dagrun for example_branch_dop_operator_v3 to 2026-06-29 08:30:00+00:00, run_after=2026-06-29 08:31:00+00:00
[2026-06-29T08:31:34.643+0000] {processor.py:183} INFO - Processing /home/airflow/.local/lib/python3.12/site-packages/airflow/example_dags/example_branch_python_dop_operator_3.py took 0.127 seconds
[2026-06-29T08:32:05.117+0000] {processor.py:161} INFO - Started process (PID=434) to work on /home/airflow/.local/lib/python3.12/site-packages/airflow/example_dags/example_branch_python_dop_operator_3.py
[2026-06-29T08:32:05.118+0000] {processor.py:830} INFO - Processing file /home/airflow/.local/lib/python3.12/site-packages/airflow/example_dags/example_branch_python_dop_operator_3.py for tasks to queue
[2026-06-29T08:32:05.120+0000] {logging_mixin.py:188} INFO - [2026-06-29T08:32:05.120+0000] {dagbag.py:545} INFO - Filling up the DagBag from /home/airflow/.local/lib/python3.12/site-packages/airflow/example_dags/example_branch_python_dop_operator_3.py
[2026-06-29T08:32:05.130+0000] {processor.py:840} INFO - DAG(s) 'example_branch_dop_operator_v3' retrieved from /home/airflow/.local/lib/python3.12/site-packages/airflow/example_dags/example_branch_python_dop_operator_3.py
[2026-06-29T08:32:05.152+0000] {logging_mixin.py:188} INFO - [2026-06-29T08:32:05.152+0000] {dag.py:3096} INFO - Sync 1 DAGs
[2026-06-29T08:32:05.182+0000] {logging_mixin.py:188} INFO - [2026-06-29T08:32:05.182+0000] {dag.py:3954} INFO - Setting next_dagrun for example_branch_dop_operator_v3 to 2026-06-29 08:31:00+00:00, run_after=2026-06-29 08:32:00+00:00
[2026-06-29T08:32:05.201+0000] {processor.py:183} INFO - Processing /home/airflow/.local/lib/python3.12/site-packages/airflow/example_dags/example_branch_python_dop_operator_3.py took 0.092 seconds
[2026-06-29T08:32:35.842+0000] {processor.py:161} INFO - Started process (PID=493) to work on /home/airflow/.local/lib/python3.12/site-packages/airflow/example_dags/example_branch_python_dop_operator_3.py
[2026-06-29T08:32:35.844+0000] {processor.py:830} INFO - Processing file /home/airflow/.local/lib/python3.12/site-packages/airflow/example_dags/example_branch_python_dop_operator_3.py for tasks to queue
[2026-06-29T08:32:35.846+0000] {logging_mixin.py:188} INFO - [2026-06-29T08:32:35.846+0000] {dagbag.py:545} INFO - Filling up the DagBag from /home/airflow/.local/lib/python3.12/site-packages/airflow/example_dags/example_branch_python_dop_operator_3.py
[2026-06-29T08:32:35.857+0000] {processor.py:840} INFO - DAG(s) 'example_branch_dop_operator_v3' retrieved from /home/airflow/.local/lib/python3.12/site-packages/airflow/example_dags/example_branch_python_dop_operator_3.py
[2026-06-29T08:32:35.881+0000] {logging_mixin.py:188} INFO - [2026-06-29T08:32:35.881+0000] {dag.py:3096} INFO - Sync 1 DAGs
[2026-06-29T08:32:35.911+0000] {logging_mixin.py:188} INFO - [2026-06-29T08:32:35.910+0000] {dag.py:3954} INFO - Setting next_dagrun for example_branch_dop_operator_v3 to 2026-06-29 08:31:00+00:00, run_after=2026-06-29 08:32:00+00:00
[2026-06-29T08:32:35.930+0000] {processor.py:183} INFO - Processing /home/airflow/.local/lib/python3.12/site-packages/airflow/example_dags/example_branch_python_dop_operator_3.py took 0.098 seconds
[2026-06-29T08:33:06.282+0000] {processor.py:161} INFO - Started process (PID=552) to work on /home/airflow/.local/lib/python3.12/site-packages/airflow/example_dags/example_branch_python_dop_operator_3.py
[2026-06-29T08:33:06.283+0000] {processor.py:830} INFO - Processing file /home/airflow/.local/lib/python3.12/site-packages/airflow/example_dags/example_branch_python_dop_operator_3.py for tasks to queue
[2026-06-29T08:33:06.285+0000] {logging_mixin.py:188} INFO - [2026-06-29T08:33:06.284+0000] {dagbag.py:545} INFO - Filling up the DagBag from /home/airflow/.local/lib/python3.12/site-packages/airflow/example_dags/example_branch_python_dop_operator_3.py
[2026-06-29T08:33:06.296+0000] {processor.py:840} INFO - DAG(s) 'example_branch_dop_operator_v3' retrieved from /home/airflow/.local/lib/python3.12/site-packages/airflow/example_dags/example_branch_python_dop_operator_3.py
[2026-06-29T08:33:06.319+0000] {logging_mixin.py:188} INFO - [2026-06-29T08:33:06.319+0000] {dag.py:3096} INFO - Sync 1 DAGs
[2026-06-29T08:33:06.350+0000] {logging_mixin.py:188} INFO - [2026-06-29T08:33:06.350+0000] {dag.py:3954} INFO - Setting next_dagrun for example_branch_dop_operator_v3 to 2026-06-29 08:32:00+00:00, run_after=2026-06-29 08:33:00+00:00
[2026-06-29T08:33:06.369+0000] {processor.py:183} INFO - Processing /home/airflow/.local/lib/python3.12/site-packages/airflow/example_dags/example_branch_python_dop_operator_3.py took 0.097 seconds
[2026-06-29T08:33:36.772+0000] {processor.py:161} INFO - Started process (PID=612) to work on /home/airflow/.local/lib/python3.12/site-packages/airflow/example_dags/example_branch_python_dop_operator_3.py
[2026-06-29T08:33:36.773+0000] {processor.py:830} INFO - Processing file /home/airflow/.local/lib/python3.12/site-packages/airflow/example_dags/example_branch_python_dop_operator_3.py for tasks to queue
[2026-06-29T08:33:36.775+0000] {logging_mixin.py:188} INFO - [2026-06-29T08:33:36.774+0000] {dagbag.py:545} INFO - Filling up the DagBag from /home/airflow/.local/lib/python3.12/site-packages/airflow/example_dags/example_branch_python_dop_operator_3.py
[2026-06-29T08:33:36.785+0000] {processor.py:840} INFO - DAG(s) 'example_branch_dop_operator_v3' retrieved from /home/airflow/.local/lib/python3.12/site-packages/airflow/example_dags/example_branch_python_dop_operator_3.py
[2026-06-29T08:33:36.811+0000] {logging_mixin.py:188} INFO - [2026-06-29T08:33:36.811+0000] {dag.py:3096} INFO - Sync 1 DAGs
[2026-06-29T08:33:36.847+0000] {logging_mixin.py:188} INFO - [2026-06-29T08:33:36.847+0000] {dag.py:3954} INFO - Setting next_dagrun for example_branch_dop_operator_v3 to 2026-06-29 08:32:00+00:00, run_after=2026-06-29 08:33:00+00:00
[2026-06-29T08:33:36.866+0000] {processor.py:183} INFO - Processing /home/airflow/.local/lib/python3.12/site-packages/airflow/example_dags/example_branch_python_dop_operator_3.py took 0.102 seconds
[2026-06-29T08:34:07.337+0000] {processor.py:161} INFO - Started process (PID=671) to work on /home/airflow/.local/lib/python3.12/site-packages/airflow/example_dags/example_branch_python_dop_operator_3.py
[2026-06-29T08:34:07.341+0000] {processor.py:830} INFO - Processing file /home/airflow/.local/lib/python3.12/site-packages/airflow/example_dags/example_branch_python_dop_operator_3.py for tasks to queue
[2026-06-29T08:34:07.345+0000] {logging_mixin.py:188} INFO - [2026-06-29T08:34:07.345+0000] {dagbag.py:545} INFO - Filling up the DagBag from /home/airflow/.local/lib/python3.12/site-packages/airflow/example_dags/example_branch_python_dop_operator_3.py
[2026-06-29T08:34:07.367+0000] {processor.py:840} INFO - DAG(s) 'example_branch_dop_operator_v3' retrieved from /home/airflow/.local/lib/python3.12/site-packages/airflow/example_dags/example_branch_python_dop_operator_3.py
[2026-06-29T08:34:07.404+0000] {logging_mixin.py:188} INFO - [2026-06-29T08:34:07.404+0000] {dag.py:3096} INFO - Sync 1 DAGs
[2026-06-29T08:34:07.535+0000] {logging_mixin.py:188} INFO - [2026-06-29T08:34:07.534+0000] {dag.py:3954} INFO - Setting next_dagrun for example_branch_dop_operator_v3 to 2026-06-29 08:33:00+00:00, run_after=2026-06-29 08:34:00+00:00
[2026-06-29T08:34:07.597+0000] {processor.py:183} INFO - Processing /home/airflow/.local/lib/python3.12/site-packages/airflow/example_dags/example_branch_python_dop_operator_3.py took 0.283 seconds
[2026-06-29T08:34:38.071+0000] {processor.py:161} INFO - Started process (PID=730) to work on /home/airflow/.local/lib/python3.12/site-packages/airflow/example_dags/example_branch_python_dop_operator_3.py
[2026-06-29T08:34:38.072+0000] {processor.py:830} INFO - Processing file /home/airflow/.local/lib/python3.12/site-packages/airflow/example_dags/example_branch_python_dop_operator_3.py for tasks to queue
[2026-06-29T08:34:38.076+0000] {logging_mixin.py:188} INFO - [2026-06-29T08:34:38.075+0000] {dagbag.py:545} INFO - Filling up the DagBag from /home/airflow/.local/lib/python3.12/site-packages/airflow/example_dags/example_branch_python_dop_operator_3.py
[2026-06-29T08:34:38.120+0000] {processor.py:840} INFO - DAG(s) 'example_branch_dop_operator_v3' retrieved from /home/airflow/.local/lib/python3.12/site-packages/airflow/example_dags/example_branch_python_dop_operator_3.py
[2026-06-29T08:34:38.229+0000] {logging_mixin.py:188} INFO - [2026-06-29T08:34:38.229+0000] {dag.py:3096} INFO - Sync 1 DAGs
[2026-06-29T08:34:38.336+0000] {logging_mixin.py:188} INFO - [2026-06-29T08:34:38.330+0000] {dag.py:3954} INFO - Setting next_dagrun for example_branch_dop_operator_v3 to 2026-06-29 08:33:00+00:00, run_after=2026-06-29 08:34:00+00:00
[2026-06-29T08:34:38.401+0000] {processor.py:183} INFO - Processing /home/airflow/.local/lib/python3.12/site-packages/airflow/example_dags/example_branch_python_dop_operator_3.py took 0.364 seconds
[2026-06-29T08:35:09.237+0000] {processor.py:161} INFO - Started process (PID=789) to work on /home/airflow/.local/lib/python3.12/site-packages/airflow/example_dags/example_branch_python_dop_operator_3.py
[2026-06-29T08:35:09.238+0000] {processor.py:830} INFO - Processing file /home/airflow/.local/lib/python3.12/site-packages/airflow/example_dags/example_branch_python_dop_operator_3.py for tasks to queue
[2026-06-29T08:35:09.240+0000] {logging_mixin.py:188} INFO - [2026-06-29T08:35:09.239+0000] {dagbag.py:545} INFO - Filling up the DagBag from /home/airflow/.local/lib/python3.12/site-packages/airflow/example_dags/example_branch_python_dop_operator_3.py
[2026-06-29T08:35:09.251+0000] {processor.py:840} INFO - DAG(s) 'example_branch_dop_operator_v3' retrieved from /home/airflow/.local/lib/python3.12/site-packages/airflow/example_dags/example_branch_python_dop_operator_3.py
[2026-06-29T08:35:09.275+0000] {logging_mixin.py:188} INFO - [2026-06-29T08:35:09.275+0000] {dag.py:3096} INFO - Sync 1 DAGs
[2026-06-29T08:35:09.319+0000] {logging_mixin.py:188} INFO - [2026-06-29T08:35:09.318+0000] {dag.py:3954} INFO - Setting next_dagrun for example_branch_dop_operator_v3 to 2026-06-29 08:34:00+00:00, run_after=2026-06-29 08:35:00+00:00
[2026-06-29T08:35:09.384+0000] {processor.py:183} INFO - Processing /home/airflow/.local/lib/python3.12/site-packages/airflow/example_dags/example_branch_python_dop_operator_3.py took 0.155 seconds
[2026-06-29T08:35:39.679+0000] {processor.py:161} INFO - Started process (PID=848) to work on /home/airflow/.local/lib/python3.12/site-packages/airflow/example_dags/example_branch_python_dop_operator_3.py
[2026-06-29T08:35:39.681+0000] {processor.py:830} INFO - Processing file /home/airflow/.local/lib/python3.12/site-packages/airflow/example_dags/example_branch_python_dop_operator_3.py for tasks to queue
[2026-06-29T08:35:39.683+0000] {logging_mixin.py:188} INFO - [2026-06-29T08:35:39.683+0000] {dagbag.py:545} INFO - Filling up the DagBag from /home/airflow/.local/lib/python3.12/site-packages/airflow/example_dags/example_branch_python_dop_operator_3.py
[2026-06-29T08:35:39.694+0000] {processor.py:840} INFO - DAG(s) 'example_branch_dop_operator_v3' retrieved from /home/airflow/.local/lib/python3.12/site-packages/airflow/example_dags/example_branch_python_dop_operator_3.py
[2026-06-29T08:35:39.719+0000] {logging_mixin.py:188} INFO - [2026-06-29T08:35:39.718+0000] {dag.py:3096} INFO - Sync 1 DAGs
[2026-06-29T08:35:39.757+0000] {logging_mixin.py:188} INFO - [2026-06-29T08:35:39.757+0000] {dag.py:3954} INFO - Setting next_dagrun for example_branch_dop_operator_v3 to 2026-06-29 08:34:00+00:00, run_after=2026-06-29 08:35:00+00:00
[2026-06-29T08:35:39.776+0000] {processor.py:183} INFO - Processing /home/airflow/.local/lib/python3.12/site-packages/airflow/example_dags/example_branch_python_dop_operator_3.py took 0.108 seconds
[2026-06-29T08:36:10.132+0000] {processor.py:161} INFO - Started process (PID=907) to work on /home/airflow/.local/lib/python3.12/site-packages/airflow/example_dags/example_branch_python_dop_operator_3.py
[2026-06-29T08:36:10.133+0000] {processor.py:830} INFO - Processing file /home/airflow/.local/lib/python3.12/site-packages/airflow/example_dags/example_branch_python_dop_operator_3.py for tasks to queue
[2026-06-29T08:36:10.135+0000] {logging_mixin.py:188} INFO - [2026-06-29T08:36:10.134+0000] {dagbag.py:545} INFO - Filling up the DagBag from /home/airflow/.local/lib/python3.12/site-packages/airflow/example_dags/example_branch_python_dop_operator_3.py
[2026-06-29T08:36:10.146+0000] {processor.py:840} INFO - DAG(s) 'example_branch_dop_operator_v3' retrieved from /home/airflow/.local/lib/python3.12/site-packages/airflow/example_dags/example_branch_python_dop_operator_3.py
[2026-06-29T08:36:10.170+0000] {logging_mixin.py:188} INFO - [2026-06-29T08:36:10.170+0000] {dag.py:3096} INFO - Sync 1 DAGs
[2026-06-29T08:36:10.201+0000] {logging_mixin.py:188} INFO - [2026-06-29T08:36:10.201+0000] {dag.py:3954} INFO - Setting next_dagrun for example_branch_dop_operator_v3 to 2026-06-29 08:35:00+00:00, run_after=2026-06-29 08:36:00+00:00
[2026-06-29T08:36:10.253+0000] {processor.py:183} INFO - Processing /home/airflow/.local/lib/python3.12/site-packages/airflow/example_dags/example_branch_python_dop_operator_3.py took 0.132 seconds
[2026-06-29T08:36:40.584+0000] {processor.py:161} INFO - Started process (PID=966) to work on /home/airflow/.local/lib/python3.12/site-packages/airflow/example_dags/example_branch_python_dop_operator_3.py
[2026-06-29T08:36:40.591+0000] {processor.py:830} INFO - Processing file /home/airflow/.local/lib/python3.12/site-packages/airflow/example_dags/example_branch_python_dop_operator_3.py for tasks to queue
[2026-06-29T08:36:40.604+0000] {logging_mixin.py:188} INFO - [2026-06-29T08:36:40.602+0000] {dagbag.py:545} INFO - Filling up the DagBag from /home/airflow/.local/lib/python3.12/site-packages/airflow/example_dags/example_branch_python_dop_operator_3.py
[2026-06-29T08:36:40.641+0000] {processor.py:840} INFO - DAG(s) 'example_branch_dop_operator_v3' retrieved from /home/airflow/.local/lib/python3.12/site-packages/airflow/example_dags/example_branch_python_dop_operator_3.py
[2026-06-29T08:36:40.701+0000] {logging_mixin.py:188} INFO - [2026-06-29T08:36:40.701+0000] {dag.py:3096} INFO - Sync 1 DAGs
[2026-06-29T08:36:40.731+0000] {logging_mixin.py:188} INFO - [2026-06-29T08:36:40.730+0000] {dag.py:3954} INFO - Setting next_dagrun for example_branch_dop_operator_v3 to 2026-06-29 08:35:00+00:00, run_after=2026-06-29 08:36:00+00:00
[2026-06-29T08:36:40.749+0000] {processor.py:183} INFO - Processing /home/airflow/.local/lib/python3.12/site-packages/airflow/example_dags/example_branch_python_dop_operator_3.py took 0.218 seconds
[2026-06-29T08:37:11.536+0000] {processor.py:161} INFO - Started process (PID=1025) to work on /home/airflow/.local/lib/python3.12/site-packages/airflow/example_dags/example_branch_python_dop_operator_3.py
[2026-06-29T08:37:11.537+0000] {processor.py:830} INFO - Processing file /home/airflow/.local/lib/python3.12/site-packages/airflow/example_dags/example_branch_python_dop_operator_3.py for tasks to queue
[2026-06-29T08:37:11.540+0000] {logging_mixin.py:188} INFO - [2026-06-29T08:37:11.539+0000] {dagbag.py:545} INFO - Filling up the DagBag from /home/airflow/.local/lib/python3.12/site-packages/airflow/example_dags/example_branch_python_dop_operator_3.py
[2026-06-29T08:37:11.568+0000] {processor.py:840} INFO - DAG(s) 'example_branch_dop_operator_v3' retrieved from /home/airflow/.local/lib/python3.12/site-packages/airflow/example_dags/example_branch_python_dop_operator_3.py
[2026-06-29T08:37:11.637+0000] {logging_mixin.py:188} INFO - [2026-06-29T08:37:11.637+0000] {dag.py:3096} INFO - Sync 1 DAGs
[2026-06-29T08:37:11.708+0000] {logging_mixin.py:188} INFO - [2026-06-29T08:37:11.708+0000] {dag.py:3954} INFO - Setting next_dagrun for example_branch_dop_operator_v3 to 2026-06-29 08:36:00+00:00, run_after=2026-06-29 08:37:00+00:00
[2026-06-29T08:37:11.734+0000] {processor.py:183} INFO - Processing /home/airflow/.local/lib/python3.12/site-packages/airflow/example_dags/example_branch_python_dop_operator_3.py took 0.204 seconds
