[2026-06-29T08:29:07.286+0000] {processor.py:161} INFO - Started process (PID=100) to work on /home/airflow/.local/lib/python3.12/site-packages/airflow/example_dags/example_branch_datetime_operator.py
[2026-06-29T08:29:07.287+0000] {processor.py:830} INFO - Processing file /home/airflow/.local/lib/python3.12/site-packages/airflow/example_dags/example_branch_datetime_operator.py for tasks to queue
[2026-06-29T08:29:07.293+0000] {logging_mixin.py:188} INFO - [2026-06-29T08:29:07.292+0000] {dagbag.py:545} INFO - Filling up the DagBag from /home/airflow/.local/lib/python3.12/site-packages/airflow/example_dags/example_branch_datetime_operator.py
[2026-06-29T08:29:07.366+0000] {processor.py:840} INFO - DAG(s) 'example_branch_datetime_operator_3', 'example_branch_datetime_operator_2', 'example_branch_datetime_operator' retrieved from /home/airflow/.local/lib/python3.12/site-packages/airflow/example_dags/example_branch_datetime_operator.py
[2026-06-29T08:29:08.117+0000] {logging_mixin.py:188} INFO - [2026-06-29T08:29:08.116+0000] {override.py:1829} INFO - Created Permission View: can edit on DAG:example_branch_datetime_operator_3
[2026-06-29T08:29:08.161+0000] {logging_mixin.py:188} INFO - [2026-06-29T08:29:08.160+0000] {override.py:1829} INFO - Created Permission View: can read on DAG:example_branch_datetime_operator_3
[2026-06-29T08:29:08.204+0000] {logging_mixin.py:188} INFO - [2026-06-29T08:29:08.203+0000] {override.py:1829} INFO - Created Permission View: can delete on DAG:example_branch_datetime_operator_3
[2026-06-29T08:29:08.335+0000] {logging_mixin.py:188} INFO - [2026-06-29T08:29:08.335+0000] {override.py:1829} INFO - Created Permission View: can edit on DAG:example_branch_datetime_operator_2
[2026-06-29T08:29:08.357+0000] {logging_mixin.py:188} INFO - [2026-06-29T08:29:08.356+0000] {override.py:1829} INFO - Created Permission View: can read on DAG:example_branch_datetime_operator_2
[2026-06-29T08:29:08.379+0000] {logging_mixin.py:188} INFO - [2026-06-29T08:29:08.379+0000] {override.py:1829} INFO - Created Permission View: can delete on DAG:example_branch_datetime_operator_2
[2026-06-29T08:29:08.420+0000] {logging_mixin.py:188} INFO - [2026-06-29T08:29:08.420+0000] {override.py:1829} INFO - Created Permission View: can edit on DAG:example_branch_datetime_operator
[2026-06-29T08:29:08.432+0000] {logging_mixin.py:188} INFO - [2026-06-29T08:29:08.432+0000] {override.py:1829} INFO - Created Permission View: can read on DAG:example_branch_datetime_operator
[2026-06-29T08:29:08.450+0000] {logging_mixin.py:188} INFO - [2026-06-29T08:29:08.450+0000] {override.py:1829} INFO - Created Permission View: can delete on DAG:example_branch_datetime_operator
[2026-06-29T08:29:08.451+0000] {logging_mixin.py:188} INFO - [2026-06-29T08:29:08.451+0000] {dag.py:3096} INFO - Sync 3 DAGs
[2026-06-29T08:29:08.516+0000] {logging_mixin.py:188} INFO - [2026-06-29T08:29:08.516+0000] {dag.py:3118} INFO - Creating ORM DAG for example_branch_datetime_operator_2
[2026-06-29T08:29:08.519+0000] {logging_mixin.py:188} INFO - [2026-06-29T08:29:08.519+0000] {dag.py:3118} INFO - Creating ORM DAG for example_branch_datetime_operator_3
[2026-06-29T08:29:08.523+0000] {logging_mixin.py:188} INFO - [2026-06-29T08:29:08.523+0000] {dag.py:3118} INFO - Creating ORM DAG for example_branch_datetime_operator
[2026-06-29T08:29:08.582+0000] {logging_mixin.py:188} INFO - [2026-06-29T08:29:08.581+0000] {dag.py:3954} INFO - Setting next_dagrun for example_branch_datetime_operator to 2026-06-28 00:00:00+00:00, run_after=2026-06-29 00:00:00+00:00
[2026-06-29T08:29:08.590+0000] {logging_mixin.py:188} INFO - [2026-06-29T08:29:08.590+0000] {dag.py:3954} INFO - Setting next_dagrun for example_branch_datetime_operator_2 to 2026-06-28 00:00:00+00:00, run_after=2026-06-29 00:00:00+00:00
[2026-06-29T08:29:08.598+0000] {logging_mixin.py:188} INFO - [2026-06-29T08:29:08.593+0000] {dag.py:3954} INFO - Setting next_dagrun for example_branch_datetime_operator_3 to 2026-06-28 00:00:00+00:00, run_after=2026-06-29 00:00:00+00:00
[2026-06-29T08:29:08.712+0000] {processor.py:183} INFO - Processing /home/airflow/.local/lib/python3.12/site-packages/airflow/example_dags/example_branch_datetime_operator.py took 1.456 seconds
[2026-06-29T08:29:39.293+0000] {processor.py:161} INFO - Started process (PID=158) to work on /home/airflow/.local/lib/python3.12/site-packages/airflow/example_dags/example_branch_datetime_operator.py
[2026-06-29T08:29:39.295+0000] {processor.py:830} INFO - Processing file /home/airflow/.local/lib/python3.12/site-packages/airflow/example_dags/example_branch_datetime_operator.py for tasks to queue
[2026-06-29T08:29:39.297+0000] {logging_mixin.py:188} INFO - [2026-06-29T08:29:39.297+0000] {dagbag.py:545} INFO - Filling up the DagBag from /home/airflow/.local/lib/python3.12/site-packages/airflow/example_dags/example_branch_datetime_operator.py
[2026-06-29T08:29:39.316+0000] {processor.py:840} INFO - DAG(s) 'example_branch_datetime_operator', 'example_branch_datetime_operator_2', 'example_branch_datetime_operator_3' retrieved from /home/airflow/.local/lib/python3.12/site-packages/airflow/example_dags/example_branch_datetime_operator.py
[2026-06-29T08:29:39.371+0000] {logging_mixin.py:188} INFO - [2026-06-29T08:29:39.371+0000] {dag.py:3096} INFO - Sync 3 DAGs
[2026-06-29T08:29:39.403+0000] {logging_mixin.py:188} INFO - [2026-06-29T08:29:39.403+0000] {dag.py:3954} INFO - Setting next_dagrun for example_branch_datetime_operator to 2026-06-28 00:00:00+00:00, run_after=2026-06-29 00:00:00+00:00
[2026-06-29T08:29:39.411+0000] {logging_mixin.py:188} INFO - [2026-06-29T08:29:39.411+0000] {dag.py:3954} INFO - Setting next_dagrun for example_branch_datetime_operator_2 to 2026-06-28 00:00:00+00:00, run_after=2026-06-29 00:00:00+00:00
[2026-06-29T08:29:39.414+0000] {logging_mixin.py:188} INFO - [2026-06-29T08:29:39.414+0000] {dag.py:3954} INFO - Setting next_dagrun for example_branch_datetime_operator_3 to 2026-06-28 00:00:00+00:00, run_after=2026-06-29 00:00:00+00:00
[2026-06-29T08:29:39.446+0000] {processor.py:183} INFO - Processing /home/airflow/.local/lib/python3.12/site-packages/airflow/example_dags/example_branch_datetime_operator.py took 0.162 seconds
[2026-06-29T08:30:09.609+0000] {processor.py:161} INFO - Started process (PID=215) to work on /home/airflow/.local/lib/python3.12/site-packages/airflow/example_dags/example_branch_datetime_operator.py
[2026-06-29T08:30:09.610+0000] {processor.py:830} INFO - Processing file /home/airflow/.local/lib/python3.12/site-packages/airflow/example_dags/example_branch_datetime_operator.py for tasks to queue
[2026-06-29T08:30:09.612+0000] {logging_mixin.py:188} INFO - [2026-06-29T08:30:09.612+0000] {dagbag.py:545} INFO - Filling up the DagBag from /home/airflow/.local/lib/python3.12/site-packages/airflow/example_dags/example_branch_datetime_operator.py
[2026-06-29T08:30:09.624+0000] {processor.py:840} INFO - DAG(s) 'example_branch_datetime_operator_3', 'example_branch_datetime_operator', 'example_branch_datetime_operator_2' retrieved from /home/airflow/.local/lib/python3.12/site-packages/airflow/example_dags/example_branch_datetime_operator.py
[2026-06-29T08:30:09.648+0000] {logging_mixin.py:188} INFO - [2026-06-29T08:30:09.648+0000] {dag.py:3096} INFO - Sync 3 DAGs
[2026-06-29T08:30:09.668+0000] {logging_mixin.py:188} INFO - [2026-06-29T08:30:09.668+0000] {dag.py:3954} INFO - Setting next_dagrun for example_branch_datetime_operator to 2026-06-28 00:00:00+00:00, run_after=2026-06-29 00:00:00+00:00
[2026-06-29T08:30:09.672+0000] {logging_mixin.py:188} INFO - [2026-06-29T08:30:09.672+0000] {dag.py:3954} INFO - Setting next_dagrun for example_branch_datetime_operator_2 to 2026-06-28 00:00:00+00:00, run_after=2026-06-29 00:00:00+00:00
[2026-06-29T08:30:09.674+0000] {logging_mixin.py:188} INFO - [2026-06-29T08:30:09.674+0000] {dag.py:3954} INFO - Setting next_dagrun for example_branch_datetime_operator_3 to 2026-06-28 00:00:00+00:00, run_after=2026-06-29 00:00:00+00:00
[2026-06-29T08:30:09.688+0000] {processor.py:183} INFO - Processing /home/airflow/.local/lib/python3.12/site-packages/airflow/example_dags/example_branch_datetime_operator.py took 0.085 seconds
[2026-06-29T08:30:40.041+0000] {processor.py:161} INFO - Started process (PID=274) to work on /home/airflow/.local/lib/python3.12/site-packages/airflow/example_dags/example_branch_datetime_operator.py
[2026-06-29T08:30:40.042+0000] {processor.py:830} INFO - Processing file /home/airflow/.local/lib/python3.12/site-packages/airflow/example_dags/example_branch_datetime_operator.py for tasks to queue
[2026-06-29T08:30:40.044+0000] {logging_mixin.py:188} INFO - [2026-06-29T08:30:40.043+0000] {dagbag.py:545} INFO - Filling up the DagBag from /home/airflow/.local/lib/python3.12/site-packages/airflow/example_dags/example_branch_datetime_operator.py
[2026-06-29T08:30:40.056+0000] {processor.py:840} INFO - DAG(s) 'example_branch_datetime_operator', 'example_branch_datetime_operator_2', 'example_branch_datetime_operator_3' retrieved from /home/airflow/.local/lib/python3.12/site-packages/airflow/example_dags/example_branch_datetime_operator.py
[2026-06-29T08:30:40.094+0000] {logging_mixin.py:188} INFO - [2026-06-29T08:30:40.094+0000] {dag.py:3096} INFO - Sync 3 DAGs
[2026-06-29T08:30:40.123+0000] {logging_mixin.py:188} INFO - [2026-06-29T08:30:40.123+0000] {dag.py:3954} INFO - Setting next_dagrun for example_branch_datetime_operator to 2026-06-28 00:00:00+00:00, run_after=2026-06-29 00:00:00+00:00
[2026-06-29T08:30:40.129+0000] {logging_mixin.py:188} INFO - [2026-06-29T08:30:40.129+0000] {dag.py:3954} INFO - Setting next_dagrun for example_branch_datetime_operator_2 to 2026-06-28 00:00:00+00:00, run_after=2026-06-29 00:00:00+00:00
[2026-06-29T08:30:40.131+0000] {logging_mixin.py:188} INFO - [2026-06-29T08:30:40.131+0000] {dag.py:3954} INFO - Setting next_dagrun for example_branch_datetime_operator_3 to 2026-06-28 00:00:00+00:00, run_after=2026-06-29 00:00:00+00:00
[2026-06-29T08:30:40.147+0000] {processor.py:183} INFO - Processing /home/airflow/.local/lib/python3.12/site-packages/airflow/example_dags/example_branch_datetime_operator.py took 0.113 seconds
[2026-06-29T08:31:10.720+0000] {processor.py:161} INFO - Started process (PID=333) to work on /home/airflow/.local/lib/python3.12/site-packages/airflow/example_dags/example_branch_datetime_operator.py
[2026-06-29T08:31:10.722+0000] {processor.py:830} INFO - Processing file /home/airflow/.local/lib/python3.12/site-packages/airflow/example_dags/example_branch_datetime_operator.py for tasks to queue
[2026-06-29T08:31:10.724+0000] {logging_mixin.py:188} INFO - [2026-06-29T08:31:10.723+0000] {dagbag.py:545} INFO - Filling up the DagBag from /home/airflow/.local/lib/python3.12/site-packages/airflow/example_dags/example_branch_datetime_operator.py
[2026-06-29T08:31:10.734+0000] {processor.py:840} INFO - DAG(s) 'example_branch_datetime_operator', 'example_branch_datetime_operator_2', 'example_branch_datetime_operator_3' retrieved from /home/airflow/.local/lib/python3.12/site-packages/airflow/example_dags/example_branch_datetime_operator.py
[2026-06-29T08:31:10.757+0000] {logging_mixin.py:188} INFO - [2026-06-29T08:31:10.757+0000] {dag.py:3096} INFO - Sync 3 DAGs
[2026-06-29T08:31:10.777+0000] {logging_mixin.py:188} INFO - [2026-06-29T08:31:10.777+0000] {dag.py:3954} INFO - Setting next_dagrun for example_branch_datetime_operator to 2026-06-28 00:00:00+00:00, run_after=2026-06-29 00:00:00+00:00
[2026-06-29T08:31:10.781+0000] {logging_mixin.py:188} INFO - [2026-06-29T08:31:10.781+0000] {dag.py:3954} INFO - Setting next_dagrun for example_branch_datetime_operator_2 to 2026-06-28 00:00:00+00:00, run_after=2026-06-29 00:00:00+00:00
[2026-06-29T08:31:10.783+0000] {logging_mixin.py:188} INFO - [2026-06-29T08:31:10.783+0000] {dag.py:3954} INFO - Setting next_dagrun for example_branch_datetime_operator_3 to 2026-06-28 00:00:00+00:00, run_after=2026-06-29 00:00:00+00:00
[2026-06-29T08:31:10.798+0000] {processor.py:183} INFO - Processing /home/airflow/.local/lib/python3.12/site-packages/airflow/example_dags/example_branch_datetime_operator.py took 0.086 seconds
[2026-06-29T08:31:42.019+0000] {processor.py:161} INFO - Started process (PID=392) to work on /home/airflow/.local/lib/python3.12/site-packages/airflow/example_dags/example_branch_datetime_operator.py
[2026-06-29T08:31:42.023+0000] {processor.py:830} INFO - Processing file /home/airflow/.local/lib/python3.12/site-packages/airflow/example_dags/example_branch_datetime_operator.py for tasks to queue
[2026-06-29T08:31:42.030+0000] {logging_mixin.py:188} INFO - [2026-06-29T08:31:42.029+0000] {dagbag.py:545} INFO - Filling up the DagBag from /home/airflow/.local/lib/python3.12/site-packages/airflow/example_dags/example_branch_datetime_operator.py
[2026-06-29T08:31:42.078+0000] {processor.py:840} INFO - DAG(s) 'example_branch_datetime_operator_2', 'example_branch_datetime_operator_3', 'example_branch_datetime_operator' retrieved from /home/airflow/.local/lib/python3.12/site-packages/airflow/example_dags/example_branch_datetime_operator.py
[2026-06-29T08:31:42.267+0000] {logging_mixin.py:188} INFO - [2026-06-29T08:31:42.264+0000] {dag.py:3096} INFO - Sync 3 DAGs
[2026-06-29T08:31:42.626+0000] {logging_mixin.py:188} INFO - [2026-06-29T08:31:42.616+0000] {dag.py:3954} INFO - Setting next_dagrun for example_branch_datetime_operator to 2026-06-28 00:00:00+00:00, run_after=2026-06-29 00:00:00+00:00
[2026-06-29T08:31:42.740+0000] {logging_mixin.py:188} INFO - [2026-06-29T08:31:42.740+0000] {dag.py:3954} INFO - Setting next_dagrun for example_branch_datetime_operator_2 to 2026-06-28 00:00:00+00:00, run_after=2026-06-29 00:00:00+00:00
[2026-06-29T08:31:42.778+0000] {logging_mixin.py:188} INFO - [2026-06-29T08:31:42.776+0000] {dag.py:3954} INFO - Setting next_dagrun for example_branch_datetime_operator_3 to 2026-06-28 00:00:00+00:00, run_after=2026-06-29 00:00:00+00:00
[2026-06-29T08:31:42.977+0000] {processor.py:183} INFO - Processing /home/airflow/.local/lib/python3.12/site-packages/airflow/example_dags/example_branch_datetime_operator.py took 0.980 seconds
[2026-06-29T08:32:13.332+0000] {processor.py:161} INFO - Started process (PID=451) to work on /home/airflow/.local/lib/python3.12/site-packages/airflow/example_dags/example_branch_datetime_operator.py
[2026-06-29T08:32:13.333+0000] {processor.py:830} INFO - Processing file /home/airflow/.local/lib/python3.12/site-packages/airflow/example_dags/example_branch_datetime_operator.py for tasks to queue
[2026-06-29T08:32:13.337+0000] {logging_mixin.py:188} INFO - [2026-06-29T08:32:13.337+0000] {dagbag.py:545} INFO - Filling up the DagBag from /home/airflow/.local/lib/python3.12/site-packages/airflow/example_dags/example_branch_datetime_operator.py
[2026-06-29T08:32:13.353+0000] {processor.py:840} INFO - DAG(s) 'example_branch_datetime_operator_3', 'example_branch_datetime_operator_2', 'example_branch_datetime_operator' retrieved from /home/airflow/.local/lib/python3.12/site-packages/airflow/example_dags/example_branch_datetime_operator.py
[2026-06-29T08:32:13.389+0000] {logging_mixin.py:188} INFO - [2026-06-29T08:32:13.388+0000] {dag.py:3096} INFO - Sync 3 DAGs
[2026-06-29T08:32:13.428+0000] {logging_mixin.py:188} INFO - [2026-06-29T08:32:13.427+0000] {dag.py:3954} INFO - Setting next_dagrun for example_branch_datetime_operator to 2026-06-28 00:00:00+00:00, run_after=2026-06-29 00:00:00+00:00
[2026-06-29T08:32:13.434+0000] {logging_mixin.py:188} INFO - [2026-06-29T08:32:13.434+0000] {dag.py:3954} INFO - Setting next_dagrun for example_branch_datetime_operator_2 to 2026-06-28 00:00:00+00:00, run_after=2026-06-29 00:00:00+00:00
[2026-06-29T08:32:13.437+0000] {logging_mixin.py:188} INFO - [2026-06-29T08:32:13.437+0000] {dag.py:3954} INFO - Setting next_dagrun for example_branch_datetime_operator_3 to 2026-06-28 00:00:00+00:00, run_after=2026-06-29 00:00:00+00:00
[2026-06-29T08:32:13.519+0000] {processor.py:183} INFO - Processing /home/airflow/.local/lib/python3.12/site-packages/airflow/example_dags/example_branch_datetime_operator.py took 0.197 seconds
[2026-06-29T08:32:44.137+0000] {processor.py:161} INFO - Started process (PID=510) to work on /home/airflow/.local/lib/python3.12/site-packages/airflow/example_dags/example_branch_datetime_operator.py
[2026-06-29T08:32:44.138+0000] {processor.py:830} INFO - Processing file /home/airflow/.local/lib/python3.12/site-packages/airflow/example_dags/example_branch_datetime_operator.py for tasks to queue
[2026-06-29T08:32:44.140+0000] {logging_mixin.py:188} INFO - [2026-06-29T08:32:44.139+0000] {dagbag.py:545} INFO - Filling up the DagBag from /home/airflow/.local/lib/python3.12/site-packages/airflow/example_dags/example_branch_datetime_operator.py
[2026-06-29T08:32:44.152+0000] {processor.py:840} INFO - DAG(s) 'example_branch_datetime_operator', 'example_branch_datetime_operator_2', 'example_branch_datetime_operator_3' retrieved from /home/airflow/.local/lib/python3.12/site-packages/airflow/example_dags/example_branch_datetime_operator.py
[2026-06-29T08:32:44.187+0000] {logging_mixin.py:188} INFO - [2026-06-29T08:32:44.187+0000] {dag.py:3096} INFO - Sync 3 DAGs
[2026-06-29T08:32:44.236+0000] {logging_mixin.py:188} INFO - [2026-06-29T08:32:44.236+0000] {dag.py:3954} INFO - Setting next_dagrun for example_branch_datetime_operator to 2026-06-28 00:00:00+00:00, run_after=2026-06-29 00:00:00+00:00
[2026-06-29T08:32:44.243+0000] {logging_mixin.py:188} INFO - [2026-06-29T08:32:44.243+0000] {dag.py:3954} INFO - Setting next_dagrun for example_branch_datetime_operator_2 to 2026-06-28 00:00:00+00:00, run_after=2026-06-29 00:00:00+00:00
[2026-06-29T08:32:44.246+0000] {logging_mixin.py:188} INFO - [2026-06-29T08:32:44.246+0000] {dag.py:3954} INFO - Setting next_dagrun for example_branch_datetime_operator_3 to 2026-06-28 00:00:00+00:00, run_after=2026-06-29 00:00:00+00:00
[2026-06-29T08:32:44.264+0000] {processor.py:183} INFO - Processing /home/airflow/.local/lib/python3.12/site-packages/airflow/example_dags/example_branch_datetime_operator.py took 0.134 seconds
[2026-06-29T08:33:14.745+0000] {processor.py:161} INFO - Started process (PID=569) to work on /home/airflow/.local/lib/python3.12/site-packages/airflow/example_dags/example_branch_datetime_operator.py
[2026-06-29T08:33:14.746+0000] {processor.py:830} INFO - Processing file /home/airflow/.local/lib/python3.12/site-packages/airflow/example_dags/example_branch_datetime_operator.py for tasks to queue
[2026-06-29T08:33:14.748+0000] {logging_mixin.py:188} INFO - [2026-06-29T08:33:14.747+0000] {dagbag.py:545} INFO - Filling up the DagBag from /home/airflow/.local/lib/python3.12/site-packages/airflow/example_dags/example_branch_datetime_operator.py
[2026-06-29T08:33:14.762+0000] {processor.py:840} INFO - DAG(s) 'example_branch_datetime_operator_3', 'example_branch_datetime_operator_2', 'example_branch_datetime_operator' retrieved from /home/airflow/.local/lib/python3.12/site-packages/airflow/example_dags/example_branch_datetime_operator.py
[2026-06-29T08:33:14.796+0000] {logging_mixin.py:188} INFO - [2026-06-29T08:33:14.796+0000] {dag.py:3096} INFO - Sync 3 DAGs
[2026-06-29T08:33:14.828+0000] {logging_mixin.py:188} INFO - [2026-06-29T08:33:14.828+0000] {dag.py:3954} INFO - Setting next_dagrun for example_branch_datetime_operator to 2026-06-28 00:00:00+00:00, run_after=2026-06-29 00:00:00+00:00
[2026-06-29T08:33:14.836+0000] {logging_mixin.py:188} INFO - [2026-06-29T08:33:14.836+0000] {dag.py:3954} INFO - Setting next_dagrun for example_branch_datetime_operator_2 to 2026-06-28 00:00:00+00:00, run_after=2026-06-29 00:00:00+00:00
[2026-06-29T08:33:14.839+0000] {logging_mixin.py:188} INFO - [2026-06-29T08:33:14.839+0000] {dag.py:3954} INFO - Setting next_dagrun for example_branch_datetime_operator_3 to 2026-06-28 00:00:00+00:00, run_after=2026-06-29 00:00:00+00:00
[2026-06-29T08:33:14.857+0000] {processor.py:183} INFO - Processing /home/airflow/.local/lib/python3.12/site-packages/airflow/example_dags/example_branch_datetime_operator.py took 0.120 seconds
[2026-06-29T08:33:45.366+0000] {processor.py:161} INFO - Started process (PID=629) to work on /home/airflow/.local/lib/python3.12/site-packages/airflow/example_dags/example_branch_datetime_operator.py
[2026-06-29T08:33:45.366+0000] {processor.py:830} INFO - Processing file /home/airflow/.local/lib/python3.12/site-packages/airflow/example_dags/example_branch_datetime_operator.py for tasks to queue
[2026-06-29T08:33:45.369+0000] {logging_mixin.py:188} INFO - [2026-06-29T08:33:45.368+0000] {dagbag.py:545} INFO - Filling up the DagBag from /home/airflow/.local/lib/python3.12/site-packages/airflow/example_dags/example_branch_datetime_operator.py
[2026-06-29T08:33:45.382+0000] {processor.py:840} INFO - DAG(s) 'example_branch_datetime_operator', 'example_branch_datetime_operator_2', 'example_branch_datetime_operator_3' retrieved from /home/airflow/.local/lib/python3.12/site-packages/airflow/example_dags/example_branch_datetime_operator.py
[2026-06-29T08:33:45.414+0000] {logging_mixin.py:188} INFO - [2026-06-29T08:33:45.413+0000] {dag.py:3096} INFO - Sync 3 DAGs
[2026-06-29T08:33:45.442+0000] {logging_mixin.py:188} INFO - [2026-06-29T08:33:45.442+0000] {dag.py:3954} INFO - Setting next_dagrun for example_branch_datetime_operator to 2026-06-28 00:00:00+00:00, run_after=2026-06-29 00:00:00+00:00
[2026-06-29T08:33:45.449+0000] {logging_mixin.py:188} INFO - [2026-06-29T08:33:45.448+0000] {dag.py:3954} INFO - Setting next_dagrun for example_branch_datetime_operator_2 to 2026-06-28 00:00:00+00:00, run_after=2026-06-29 00:00:00+00:00
[2026-06-29T08:33:45.452+0000] {logging_mixin.py:188} INFO - [2026-06-29T08:33:45.451+0000] {dag.py:3954} INFO - Setting next_dagrun for example_branch_datetime_operator_3 to 2026-06-28 00:00:00+00:00, run_after=2026-06-29 00:00:00+00:00
[2026-06-29T08:33:45.471+0000] {processor.py:183} INFO - Processing /home/airflow/.local/lib/python3.12/site-packages/airflow/example_dags/example_branch_datetime_operator.py took 0.112 seconds
[2026-06-29T08:34:15.657+0000] {processor.py:161} INFO - Started process (PID=688) to work on /home/airflow/.local/lib/python3.12/site-packages/airflow/example_dags/example_branch_datetime_operator.py
[2026-06-29T08:34:15.658+0000] {processor.py:830} INFO - Processing file /home/airflow/.local/lib/python3.12/site-packages/airflow/example_dags/example_branch_datetime_operator.py for tasks to queue
[2026-06-29T08:34:15.660+0000] {logging_mixin.py:188} INFO - [2026-06-29T08:34:15.660+0000] {dagbag.py:545} INFO - Filling up the DagBag from /home/airflow/.local/lib/python3.12/site-packages/airflow/example_dags/example_branch_datetime_operator.py
[2026-06-29T08:34:15.673+0000] {processor.py:840} INFO - DAG(s) 'example_branch_datetime_operator_3', 'example_branch_datetime_operator', 'example_branch_datetime_operator_2' retrieved from /home/airflow/.local/lib/python3.12/site-packages/airflow/example_dags/example_branch_datetime_operator.py
[2026-06-29T08:34:15.705+0000] {logging_mixin.py:188} INFO - [2026-06-29T08:34:15.704+0000] {dag.py:3096} INFO - Sync 3 DAGs
[2026-06-29T08:34:15.733+0000] {logging_mixin.py:188} INFO - [2026-06-29T08:34:15.733+0000] {dag.py:3954} INFO - Setting next_dagrun for example_branch_datetime_operator to 2026-06-28 00:00:00+00:00, run_after=2026-06-29 00:00:00+00:00
[2026-06-29T08:34:15.740+0000] {logging_mixin.py:188} INFO - [2026-06-29T08:34:15.739+0000] {dag.py:3954} INFO - Setting next_dagrun for example_branch_datetime_operator_2 to 2026-06-28 00:00:00+00:00, run_after=2026-06-29 00:00:00+00:00
[2026-06-29T08:34:15.742+0000] {logging_mixin.py:188} INFO - [2026-06-29T08:34:15.742+0000] {dag.py:3954} INFO - Setting next_dagrun for example_branch_datetime_operator_3 to 2026-06-28 00:00:00+00:00, run_after=2026-06-29 00:00:00+00:00
[2026-06-29T08:34:15.765+0000] {processor.py:183} INFO - Processing /home/airflow/.local/lib/python3.12/site-packages/airflow/example_dags/example_branch_datetime_operator.py took 0.115 seconds
[2026-06-29T08:34:45.888+0000] {processor.py:161} INFO - Started process (PID=747) to work on /home/airflow/.local/lib/python3.12/site-packages/airflow/example_dags/example_branch_datetime_operator.py
[2026-06-29T08:34:45.889+0000] {processor.py:830} INFO - Processing file /home/airflow/.local/lib/python3.12/site-packages/airflow/example_dags/example_branch_datetime_operator.py for tasks to queue
[2026-06-29T08:34:45.902+0000] {logging_mixin.py:188} INFO - [2026-06-29T08:34:45.902+0000] {dagbag.py:545} INFO - Filling up the DagBag from /home/airflow/.local/lib/python3.12/site-packages/airflow/example_dags/example_branch_datetime_operator.py
[2026-06-29T08:34:45.946+0000] {processor.py:840} INFO - DAG(s) 'example_branch_datetime_operator_2', 'example_branch_datetime_operator', 'example_branch_datetime_operator_3' retrieved from /home/airflow/.local/lib/python3.12/site-packages/airflow/example_dags/example_branch_datetime_operator.py
[2026-06-29T08:34:46.036+0000] {logging_mixin.py:188} INFO - [2026-06-29T08:34:46.035+0000] {dag.py:3096} INFO - Sync 3 DAGs
[2026-06-29T08:34:46.099+0000] {logging_mixin.py:188} INFO - [2026-06-29T08:34:46.099+0000] {dag.py:3954} INFO - Setting next_dagrun for example_branch_datetime_operator to 2026-06-28 00:00:00+00:00, run_after=2026-06-29 00:00:00+00:00
[2026-06-29T08:34:46.113+0000] {logging_mixin.py:188} INFO - [2026-06-29T08:34:46.113+0000] {dag.py:3954} INFO - Setting next_dagrun for example_branch_datetime_operator_2 to 2026-06-28 00:00:00+00:00, run_after=2026-06-29 00:00:00+00:00
[2026-06-29T08:34:46.134+0000] {logging_mixin.py:188} INFO - [2026-06-29T08:34:46.127+0000] {dag.py:3954} INFO - Setting next_dagrun for example_branch_datetime_operator_3 to 2026-06-28 00:00:00+00:00, run_after=2026-06-29 00:00:00+00:00
[2026-06-29T08:34:46.194+0000] {processor.py:183} INFO - Processing /home/airflow/.local/lib/python3.12/site-packages/airflow/example_dags/example_branch_datetime_operator.py took 0.326 seconds
[2026-06-29T08:35:16.436+0000] {processor.py:161} INFO - Started process (PID=807) to work on /home/airflow/.local/lib/python3.12/site-packages/airflow/example_dags/example_branch_datetime_operator.py
[2026-06-29T08:35:16.440+0000] {processor.py:830} INFO - Processing file /home/airflow/.local/lib/python3.12/site-packages/airflow/example_dags/example_branch_datetime_operator.py for tasks to queue
[2026-06-29T08:35:16.446+0000] {logging_mixin.py:188} INFO - [2026-06-29T08:35:16.446+0000] {dagbag.py:545} INFO - Filling up the DagBag from /home/airflow/.local/lib/python3.12/site-packages/airflow/example_dags/example_branch_datetime_operator.py
[2026-06-29T08:35:16.486+0000] {processor.py:840} INFO - DAG(s) 'example_branch_datetime_operator_3', 'example_branch_datetime_operator', 'example_branch_datetime_operator_2' retrieved from /home/airflow/.local/lib/python3.12/site-packages/airflow/example_dags/example_branch_datetime_operator.py
[2026-06-29T08:35:16.632+0000] {logging_mixin.py:188} INFO - [2026-06-29T08:35:16.631+0000] {dag.py:3096} INFO - Sync 3 DAGs
[2026-06-29T08:35:16.722+0000] {logging_mixin.py:188} INFO - [2026-06-29T08:35:16.721+0000] {dag.py:3954} INFO - Setting next_dagrun for example_branch_datetime_operator to 2026-06-28 00:00:00+00:00, run_after=2026-06-29 00:00:00+00:00
[2026-06-29T08:35:16.739+0000] {logging_mixin.py:188} INFO - [2026-06-29T08:35:16.738+0000] {dag.py:3954} INFO - Setting next_dagrun for example_branch_datetime_operator_2 to 2026-06-28 00:00:00+00:00, run_after=2026-06-29 00:00:00+00:00
[2026-06-29T08:35:16.750+0000] {logging_mixin.py:188} INFO - [2026-06-29T08:35:16.750+0000] {dag.py:3954} INFO - Setting next_dagrun for example_branch_datetime_operator_3 to 2026-06-28 00:00:00+00:00, run_after=2026-06-29 00:00:00+00:00
[2026-06-29T08:35:16.814+0000] {processor.py:183} INFO - Processing /home/airflow/.local/lib/python3.12/site-packages/airflow/example_dags/example_branch_datetime_operator.py took 0.398 seconds
[2026-06-29T08:35:47.733+0000] {processor.py:161} INFO - Started process (PID=866) to work on /home/airflow/.local/lib/python3.12/site-packages/airflow/example_dags/example_branch_datetime_operator.py
[2026-06-29T08:35:47.736+0000] {processor.py:830} INFO - Processing file /home/airflow/.local/lib/python3.12/site-packages/airflow/example_dags/example_branch_datetime_operator.py for tasks to queue
[2026-06-29T08:35:47.744+0000] {logging_mixin.py:188} INFO - [2026-06-29T08:35:47.744+0000] {dagbag.py:545} INFO - Filling up the DagBag from /home/airflow/.local/lib/python3.12/site-packages/airflow/example_dags/example_branch_datetime_operator.py
[2026-06-29T08:35:47.796+0000] {processor.py:840} INFO - DAG(s) 'example_branch_datetime_operator_3', 'example_branch_datetime_operator_2', 'example_branch_datetime_operator' retrieved from /home/airflow/.local/lib/python3.12/site-packages/airflow/example_dags/example_branch_datetime_operator.py
[2026-06-29T08:35:47.844+0000] {logging_mixin.py:188} INFO - [2026-06-29T08:35:47.844+0000] {dag.py:3096} INFO - Sync 3 DAGs
[2026-06-29T08:35:47.881+0000] {logging_mixin.py:188} INFO - [2026-06-29T08:35:47.880+0000] {dag.py:3954} INFO - Setting next_dagrun for example_branch_datetime_operator to 2026-06-28 00:00:00+00:00, run_after=2026-06-29 00:00:00+00:00
[2026-06-29T08:35:47.912+0000] {logging_mixin.py:188} INFO - [2026-06-29T08:35:47.912+0000] {dag.py:3954} INFO - Setting next_dagrun for example_branch_datetime_operator_2 to 2026-06-28 00:00:00+00:00, run_after=2026-06-29 00:00:00+00:00
[2026-06-29T08:35:47.924+0000] {logging_mixin.py:188} INFO - [2026-06-29T08:35:47.923+0000] {dag.py:3954} INFO - Setting next_dagrun for example_branch_datetime_operator_3 to 2026-06-28 00:00:00+00:00, run_after=2026-06-29 00:00:00+00:00
[2026-06-29T08:35:48.029+0000] {processor.py:183} INFO - Processing /home/airflow/.local/lib/python3.12/site-packages/airflow/example_dags/example_branch_datetime_operator.py took 0.315 seconds
[2026-06-29T08:36:18.669+0000] {processor.py:161} INFO - Started process (PID=925) to work on /home/airflow/.local/lib/python3.12/site-packages/airflow/example_dags/example_branch_datetime_operator.py
[2026-06-29T08:36:18.670+0000] {processor.py:830} INFO - Processing file /home/airflow/.local/lib/python3.12/site-packages/airflow/example_dags/example_branch_datetime_operator.py for tasks to queue
[2026-06-29T08:36:18.672+0000] {logging_mixin.py:188} INFO - [2026-06-29T08:36:18.672+0000] {dagbag.py:545} INFO - Filling up the DagBag from /home/airflow/.local/lib/python3.12/site-packages/airflow/example_dags/example_branch_datetime_operator.py
[2026-06-29T08:36:18.687+0000] {processor.py:840} INFO - DAG(s) 'example_branch_datetime_operator', 'example_branch_datetime_operator_2', 'example_branch_datetime_operator_3' retrieved from /home/airflow/.local/lib/python3.12/site-packages/airflow/example_dags/example_branch_datetime_operator.py
[2026-06-29T08:36:18.728+0000] {logging_mixin.py:188} INFO - [2026-06-29T08:36:18.728+0000] {dag.py:3096} INFO - Sync 3 DAGs
[2026-06-29T08:36:18.758+0000] {logging_mixin.py:188} INFO - [2026-06-29T08:36:18.758+0000] {dag.py:3954} INFO - Setting next_dagrun for example_branch_datetime_operator to 2026-06-28 00:00:00+00:00, run_after=2026-06-29 00:00:00+00:00
[2026-06-29T08:36:18.765+0000] {logging_mixin.py:188} INFO - [2026-06-29T08:36:18.764+0000] {dag.py:3954} INFO - Setting next_dagrun for example_branch_datetime_operator_2 to 2026-06-28 00:00:00+00:00, run_after=2026-06-29 00:00:00+00:00
[2026-06-29T08:36:18.768+0000] {logging_mixin.py:188} INFO - [2026-06-29T08:36:18.767+0000] {dag.py:3954} INFO - Setting next_dagrun for example_branch_datetime_operator_3 to 2026-06-28 00:00:00+00:00, run_after=2026-06-29 00:00:00+00:00
[2026-06-29T08:36:18.785+0000] {processor.py:183} INFO - Processing /home/airflow/.local/lib/python3.12/site-packages/airflow/example_dags/example_branch_datetime_operator.py took 0.123 seconds
[2026-06-29T08:36:49.112+0000] {processor.py:161} INFO - Started process (PID=984) to work on /home/airflow/.local/lib/python3.12/site-packages/airflow/example_dags/example_branch_datetime_operator.py
[2026-06-29T08:36:49.113+0000] {processor.py:830} INFO - Processing file /home/airflow/.local/lib/python3.12/site-packages/airflow/example_dags/example_branch_datetime_operator.py for tasks to queue
[2026-06-29T08:36:49.115+0000] {logging_mixin.py:188} INFO - [2026-06-29T08:36:49.115+0000] {dagbag.py:545} INFO - Filling up the DagBag from /home/airflow/.local/lib/python3.12/site-packages/airflow/example_dags/example_branch_datetime_operator.py
[2026-06-29T08:36:49.128+0000] {processor.py:840} INFO - DAG(s) 'example_branch_datetime_operator', 'example_branch_datetime_operator_3', 'example_branch_datetime_operator_2' retrieved from /home/airflow/.local/lib/python3.12/site-packages/airflow/example_dags/example_branch_datetime_operator.py
[2026-06-29T08:36:49.203+0000] {logging_mixin.py:188} INFO - [2026-06-29T08:36:49.202+0000] {dag.py:3096} INFO - Sync 3 DAGs
[2026-06-29T08:36:49.240+0000] {logging_mixin.py:188} INFO - [2026-06-29T08:36:49.239+0000] {dag.py:3954} INFO - Setting next_dagrun for example_branch_datetime_operator to 2026-06-28 00:00:00+00:00, run_after=2026-06-29 00:00:00+00:00
[2026-06-29T08:36:49.247+0000] {logging_mixin.py:188} INFO - [2026-06-29T08:36:49.246+0000] {dag.py:3954} INFO - Setting next_dagrun for example_branch_datetime_operator_2 to 2026-06-28 00:00:00+00:00, run_after=2026-06-29 00:00:00+00:00
[2026-06-29T08:36:49.250+0000] {logging_mixin.py:188} INFO - [2026-06-29T08:36:49.250+0000] {dag.py:3954} INFO - Setting next_dagrun for example_branch_datetime_operator_3 to 2026-06-28 00:00:00+00:00, run_after=2026-06-29 00:00:00+00:00
[2026-06-29T08:36:49.285+0000] {processor.py:183} INFO - Processing /home/airflow/.local/lib/python3.12/site-packages/airflow/example_dags/example_branch_datetime_operator.py took 0.180 seconds
