[2026-06-29T08:29:03.974+0000] {processor.py:161} INFO - Started process (PID=95) to work on /home/airflow/.local/lib/python3.12/site-packages/airflow/example_dags/example_branch_operator.py
[2026-06-29T08:29:03.976+0000] {processor.py:830} INFO - Processing file /home/airflow/.local/lib/python3.12/site-packages/airflow/example_dags/example_branch_operator.py for tasks to queue
[2026-06-29T08:29:03.985+0000] {logging_mixin.py:188} INFO - [2026-06-29T08:29:03.984+0000] {dagbag.py:545} INFO - Filling up the DagBag from /home/airflow/.local/lib/python3.12/site-packages/airflow/example_dags/example_branch_operator.py
[2026-06-29T08:29:04.127+0000] {processor.py:840} INFO - DAG(s) 'example_branch_operator' retrieved from /home/airflow/.local/lib/python3.12/site-packages/airflow/example_dags/example_branch_operator.py
[2026-06-29T08:29:05.223+0000] {logging_mixin.py:188} INFO - [2026-06-29T08:29:05.222+0000] {override.py:1829} INFO - Created Permission View: can edit on DAG:example_branch_operator
[2026-06-29T08:29:05.286+0000] {logging_mixin.py:188} INFO - [2026-06-29T08:29:05.285+0000] {override.py:1829} INFO - Created Permission View: can read on DAG:example_branch_operator
[2026-06-29T08:29:05.329+0000] {logging_mixin.py:188} INFO - [2026-06-29T08:29:05.328+0000] {override.py:1829} INFO - Created Permission View: can delete on DAG:example_branch_operator
[2026-06-29T08:29:05.339+0000] {logging_mixin.py:188} INFO - [2026-06-29T08:29:05.339+0000] {dag.py:3096} INFO - Sync 1 DAGs
[2026-06-29T08:29:05.379+0000] {logging_mixin.py:188} INFO - [2026-06-29T08:29:05.379+0000] {dag.py:3118} INFO - Creating ORM DAG for example_branch_operator
[2026-06-29T08:29:05.405+0000] {logging_mixin.py:188} INFO - [2026-06-29T08:29:05.405+0000] {dag.py:3954} INFO - Setting next_dagrun for example_branch_operator to 2026-06-28 00:00:00+00:00, run_after=2026-06-29 00:00:00+00:00
[2026-06-29T08:29:05.461+0000] {processor.py:183} INFO - Processing /home/airflow/.local/lib/python3.12/site-packages/airflow/example_dags/example_branch_operator.py took 1.539 seconds
[2026-06-29T08:29:37.167+0000] {processor.py:161} INFO - Started process (PID=153) to work on /home/airflow/.local/lib/python3.12/site-packages/airflow/example_dags/example_branch_operator.py
[2026-06-29T08:29:37.174+0000] {processor.py:830} INFO - Processing file /home/airflow/.local/lib/python3.12/site-packages/airflow/example_dags/example_branch_operator.py for tasks to queue
[2026-06-29T08:29:37.192+0000] {logging_mixin.py:188} INFO - [2026-06-29T08:29:37.192+0000] {dagbag.py:545} INFO - Filling up the DagBag from /home/airflow/.local/lib/python3.12/site-packages/airflow/example_dags/example_branch_operator.py
[2026-06-29T08:29:37.238+0000] {processor.py:840} INFO - DAG(s) 'example_branch_operator' retrieved from /home/airflow/.local/lib/python3.12/site-packages/airflow/example_dags/example_branch_operator.py
[2026-06-29T08:29:37.326+0000] {logging_mixin.py:188} INFO - [2026-06-29T08:29:37.325+0000] {dag.py:3096} INFO - Sync 1 DAGs
[2026-06-29T08:29:37.419+0000] {logging_mixin.py:188} INFO - [2026-06-29T08:29:37.419+0000] {dag.py:3954} INFO - Setting next_dagrun for example_branch_operator to 2026-06-28 00:00:00+00:00, run_after=2026-06-29 00:00:00+00:00
[2026-06-29T08:29:37.589+0000] {processor.py:183} INFO - Processing /home/airflow/.local/lib/python3.12/site-packages/airflow/example_dags/example_branch_operator.py took 0.452 seconds
[2026-06-29T08:30:07.871+0000] {processor.py:161} INFO - Started process (PID=210) to work on /home/airflow/.local/lib/python3.12/site-packages/airflow/example_dags/example_branch_operator.py
[2026-06-29T08:30:07.874+0000] {processor.py:830} INFO - Processing file /home/airflow/.local/lib/python3.12/site-packages/airflow/example_dags/example_branch_operator.py for tasks to queue
[2026-06-29T08:30:07.878+0000] {logging_mixin.py:188} INFO - [2026-06-29T08:30:07.878+0000] {dagbag.py:545} INFO - Filling up the DagBag from /home/airflow/.local/lib/python3.12/site-packages/airflow/example_dags/example_branch_operator.py
[2026-06-29T08:30:07.914+0000] {processor.py:840} INFO - DAG(s) 'example_branch_operator' retrieved from /home/airflow/.local/lib/python3.12/site-packages/airflow/example_dags/example_branch_operator.py
[2026-06-29T08:30:08.031+0000] {logging_mixin.py:188} INFO - [2026-06-29T08:30:08.031+0000] {dag.py:3096} INFO - Sync 1 DAGs
[2026-06-29T08:30:08.094+0000] {logging_mixin.py:188} INFO - [2026-06-29T08:30:08.092+0000] {dag.py:3954} INFO - Setting next_dagrun for example_branch_operator to 2026-06-28 00:00:00+00:00, run_after=2026-06-29 00:00:00+00:00
[2026-06-29T08:30:08.120+0000] {processor.py:183} INFO - Processing /home/airflow/.local/lib/python3.12/site-packages/airflow/example_dags/example_branch_operator.py took 0.264 seconds
[2026-06-29T08:30:38.589+0000] {processor.py:161} INFO - Started process (PID=269) to work on /home/airflow/.local/lib/python3.12/site-packages/airflow/example_dags/example_branch_operator.py
[2026-06-29T08:30:38.594+0000] {processor.py:830} INFO - Processing file /home/airflow/.local/lib/python3.12/site-packages/airflow/example_dags/example_branch_operator.py for tasks to queue
[2026-06-29T08:30:38.599+0000] {logging_mixin.py:188} INFO - [2026-06-29T08:30:38.598+0000] {dagbag.py:545} INFO - Filling up the DagBag from /home/airflow/.local/lib/python3.12/site-packages/airflow/example_dags/example_branch_operator.py
[2026-06-29T08:30:38.663+0000] {processor.py:840} INFO - DAG(s) 'example_branch_operator' retrieved from /home/airflow/.local/lib/python3.12/site-packages/airflow/example_dags/example_branch_operator.py
[2026-06-29T08:30:38.705+0000] {logging_mixin.py:188} INFO - [2026-06-29T08:30:38.704+0000] {dag.py:3096} INFO - Sync 1 DAGs
[2026-06-29T08:30:38.728+0000] {logging_mixin.py:188} INFO - [2026-06-29T08:30:38.727+0000] {dag.py:3954} INFO - Setting next_dagrun for example_branch_operator to 2026-06-28 00:00:00+00:00, run_after=2026-06-29 00:00:00+00:00
[2026-06-29T08:30:38.743+0000] {processor.py:183} INFO - Processing /home/airflow/.local/lib/python3.12/site-packages/airflow/example_dags/example_branch_operator.py took 0.171 seconds
[2026-06-29T08:31:09.311+0000] {processor.py:161} INFO - Started process (PID=328) to work on /home/airflow/.local/lib/python3.12/site-packages/airflow/example_dags/example_branch_operator.py
[2026-06-29T08:31:09.313+0000] {processor.py:830} INFO - Processing file /home/airflow/.local/lib/python3.12/site-packages/airflow/example_dags/example_branch_operator.py for tasks to queue
[2026-06-29T08:31:09.315+0000] {logging_mixin.py:188} INFO - [2026-06-29T08:31:09.314+0000] {dagbag.py:545} INFO - Filling up the DagBag from /home/airflow/.local/lib/python3.12/site-packages/airflow/example_dags/example_branch_operator.py
[2026-06-29T08:31:09.336+0000] {processor.py:840} INFO - DAG(s) 'example_branch_operator' retrieved from /home/airflow/.local/lib/python3.12/site-packages/airflow/example_dags/example_branch_operator.py
[2026-06-29T08:31:09.373+0000] {logging_mixin.py:188} INFO - [2026-06-29T08:31:09.373+0000] {dag.py:3096} INFO - Sync 1 DAGs
[2026-06-29T08:31:09.405+0000] {logging_mixin.py:188} INFO - [2026-06-29T08:31:09.404+0000] {dag.py:3954} INFO - Setting next_dagrun for example_branch_operator to 2026-06-28 00:00:00+00:00, run_after=2026-06-29 00:00:00+00:00
[2026-06-29T08:31:09.421+0000] {processor.py:183} INFO - Processing /home/airflow/.local/lib/python3.12/site-packages/airflow/example_dags/example_branch_operator.py took 0.117 seconds
[2026-06-29T08:31:39.749+0000] {processor.py:161} INFO - Started process (PID=387) to work on /home/airflow/.local/lib/python3.12/site-packages/airflow/example_dags/example_branch_operator.py
[2026-06-29T08:31:39.761+0000] {processor.py:830} INFO - Processing file /home/airflow/.local/lib/python3.12/site-packages/airflow/example_dags/example_branch_operator.py for tasks to queue
[2026-06-29T08:31:39.796+0000] {logging_mixin.py:188} INFO - [2026-06-29T08:31:39.782+0000] {dagbag.py:545} INFO - Filling up the DagBag from /home/airflow/.local/lib/python3.12/site-packages/airflow/example_dags/example_branch_operator.py
[2026-06-29T08:31:39.928+0000] {processor.py:840} INFO - DAG(s) 'example_branch_operator' retrieved from /home/airflow/.local/lib/python3.12/site-packages/airflow/example_dags/example_branch_operator.py
[2026-06-29T08:31:40.423+0000] {logging_mixin.py:188} INFO - [2026-06-29T08:31:40.423+0000] {dag.py:3096} INFO - Sync 1 DAGs
[2026-06-29T08:31:40.748+0000] {logging_mixin.py:188} INFO - [2026-06-29T08:31:40.747+0000] {dag.py:3954} INFO - Setting next_dagrun for example_branch_operator to 2026-06-28 00:00:00+00:00, run_after=2026-06-29 00:00:00+00:00
[2026-06-29T08:31:40.927+0000] {processor.py:183} INFO - Processing /home/airflow/.local/lib/python3.12/site-packages/airflow/example_dags/example_branch_operator.py took 1.301 seconds
[2026-06-29T08:32:11.077+0000] {processor.py:161} INFO - Started process (PID=446) to work on /home/airflow/.local/lib/python3.12/site-packages/airflow/example_dags/example_branch_operator.py
[2026-06-29T08:32:11.078+0000] {processor.py:830} INFO - Processing file /home/airflow/.local/lib/python3.12/site-packages/airflow/example_dags/example_branch_operator.py for tasks to queue
[2026-06-29T08:32:11.081+0000] {logging_mixin.py:188} INFO - [2026-06-29T08:32:11.080+0000] {dagbag.py:545} INFO - Filling up the DagBag from /home/airflow/.local/lib/python3.12/site-packages/airflow/example_dags/example_branch_operator.py
[2026-06-29T08:32:11.105+0000] {processor.py:840} INFO - DAG(s) 'example_branch_operator' retrieved from /home/airflow/.local/lib/python3.12/site-packages/airflow/example_dags/example_branch_operator.py
[2026-06-29T08:32:11.147+0000] {logging_mixin.py:188} INFO - [2026-06-29T08:32:11.147+0000] {dag.py:3096} INFO - Sync 1 DAGs
[2026-06-29T08:32:11.167+0000] {logging_mixin.py:188} INFO - [2026-06-29T08:32:11.166+0000] {dag.py:3954} INFO - Setting next_dagrun for example_branch_operator to 2026-06-28 00:00:00+00:00, run_after=2026-06-29 00:00:00+00:00
[2026-06-29T08:32:11.187+0000] {processor.py:183} INFO - Processing /home/airflow/.local/lib/python3.12/site-packages/airflow/example_dags/example_branch_operator.py took 0.116 seconds
[2026-06-29T08:32:41.673+0000] {processor.py:161} INFO - Started process (PID=505) to work on /home/airflow/.local/lib/python3.12/site-packages/airflow/example_dags/example_branch_operator.py
[2026-06-29T08:32:41.675+0000] {processor.py:830} INFO - Processing file /home/airflow/.local/lib/python3.12/site-packages/airflow/example_dags/example_branch_operator.py for tasks to queue
[2026-06-29T08:32:41.678+0000] {logging_mixin.py:188} INFO - [2026-06-29T08:32:41.677+0000] {dagbag.py:545} INFO - Filling up the DagBag from /home/airflow/.local/lib/python3.12/site-packages/airflow/example_dags/example_branch_operator.py
[2026-06-29T08:32:41.717+0000] {processor.py:840} INFO - DAG(s) 'example_branch_operator' retrieved from /home/airflow/.local/lib/python3.12/site-packages/airflow/example_dags/example_branch_operator.py
[2026-06-29T08:32:41.768+0000] {logging_mixin.py:188} INFO - [2026-06-29T08:32:41.768+0000] {dag.py:3096} INFO - Sync 1 DAGs
[2026-06-29T08:32:41.818+0000] {logging_mixin.py:188} INFO - [2026-06-29T08:32:41.817+0000] {dag.py:3954} INFO - Setting next_dagrun for example_branch_operator to 2026-06-28 00:00:00+00:00, run_after=2026-06-29 00:00:00+00:00
[2026-06-29T08:32:41.838+0000] {processor.py:183} INFO - Processing /home/airflow/.local/lib/python3.12/site-packages/airflow/example_dags/example_branch_operator.py took 0.172 seconds
[2026-06-29T08:33:12.362+0000] {processor.py:161} INFO - Started process (PID=564) to work on /home/airflow/.local/lib/python3.12/site-packages/airflow/example_dags/example_branch_operator.py
[2026-06-29T08:33:12.363+0000] {processor.py:830} INFO - Processing file /home/airflow/.local/lib/python3.12/site-packages/airflow/example_dags/example_branch_operator.py for tasks to queue
[2026-06-29T08:33:12.365+0000] {logging_mixin.py:188} INFO - [2026-06-29T08:33:12.365+0000] {dagbag.py:545} INFO - Filling up the DagBag from /home/airflow/.local/lib/python3.12/site-packages/airflow/example_dags/example_branch_operator.py
[2026-06-29T08:33:12.386+0000] {processor.py:840} INFO - DAG(s) 'example_branch_operator' retrieved from /home/airflow/.local/lib/python3.12/site-packages/airflow/example_dags/example_branch_operator.py
[2026-06-29T08:33:12.471+0000] {logging_mixin.py:188} INFO - [2026-06-29T08:33:12.470+0000] {dag.py:3096} INFO - Sync 1 DAGs
[2026-06-29T08:33:12.506+0000] {logging_mixin.py:188} INFO - [2026-06-29T08:33:12.506+0000] {dag.py:3954} INFO - Setting next_dagrun for example_branch_operator to 2026-06-28 00:00:00+00:00, run_after=2026-06-29 00:00:00+00:00
[2026-06-29T08:33:12.524+0000] {processor.py:183} INFO - Processing /home/airflow/.local/lib/python3.12/site-packages/airflow/example_dags/example_branch_operator.py took 0.169 seconds
[2026-06-29T08:33:43.012+0000] {processor.py:161} INFO - Started process (PID=624) to work on /home/airflow/.local/lib/python3.12/site-packages/airflow/example_dags/example_branch_operator.py
[2026-06-29T08:33:43.013+0000] {processor.py:830} INFO - Processing file /home/airflow/.local/lib/python3.12/site-packages/airflow/example_dags/example_branch_operator.py for tasks to queue
[2026-06-29T08:33:43.015+0000] {logging_mixin.py:188} INFO - [2026-06-29T08:33:43.015+0000] {dagbag.py:545} INFO - Filling up the DagBag from /home/airflow/.local/lib/python3.12/site-packages/airflow/example_dags/example_branch_operator.py
[2026-06-29T08:33:43.040+0000] {processor.py:840} INFO - DAG(s) 'example_branch_operator' retrieved from /home/airflow/.local/lib/python3.12/site-packages/airflow/example_dags/example_branch_operator.py
[2026-06-29T08:33:43.083+0000] {logging_mixin.py:188} INFO - [2026-06-29T08:33:43.083+0000] {dag.py:3096} INFO - Sync 1 DAGs
[2026-06-29T08:33:43.119+0000] {logging_mixin.py:188} INFO - [2026-06-29T08:33:43.119+0000] {dag.py:3954} INFO - Setting next_dagrun for example_branch_operator to 2026-06-28 00:00:00+00:00, run_after=2026-06-29 00:00:00+00:00
[2026-06-29T08:33:43.137+0000] {processor.py:183} INFO - Processing /home/airflow/.local/lib/python3.12/site-packages/airflow/example_dags/example_branch_operator.py took 0.132 seconds
[2026-06-29T08:34:13.213+0000] {processor.py:161} INFO - Started process (PID=683) to work on /home/airflow/.local/lib/python3.12/site-packages/airflow/example_dags/example_branch_operator.py
[2026-06-29T08:34:13.214+0000] {processor.py:830} INFO - Processing file /home/airflow/.local/lib/python3.12/site-packages/airflow/example_dags/example_branch_operator.py for tasks to queue
[2026-06-29T08:34:13.216+0000] {logging_mixin.py:188} INFO - [2026-06-29T08:34:13.216+0000] {dagbag.py:545} INFO - Filling up the DagBag from /home/airflow/.local/lib/python3.12/site-packages/airflow/example_dags/example_branch_operator.py
[2026-06-29T08:34:13.270+0000] {processor.py:840} INFO - DAG(s) 'example_branch_operator' retrieved from /home/airflow/.local/lib/python3.12/site-packages/airflow/example_dags/example_branch_operator.py
[2026-06-29T08:34:13.327+0000] {logging_mixin.py:188} INFO - [2026-06-29T08:34:13.327+0000] {dag.py:3096} INFO - Sync 1 DAGs
[2026-06-29T08:34:13.370+0000] {logging_mixin.py:188} INFO - [2026-06-29T08:34:13.368+0000] {dag.py:3954} INFO - Setting next_dagrun for example_branch_operator to 2026-06-28 00:00:00+00:00, run_after=2026-06-29 00:00:00+00:00
[2026-06-29T08:34:13.395+0000] {processor.py:183} INFO - Processing /home/airflow/.local/lib/python3.12/site-packages/airflow/example_dags/example_branch_operator.py took 0.190 seconds
[2026-06-29T08:34:43.487+0000] {processor.py:161} INFO - Started process (PID=742) to work on /home/airflow/.local/lib/python3.12/site-packages/airflow/example_dags/example_branch_operator.py
[2026-06-29T08:34:43.488+0000] {processor.py:830} INFO - Processing file /home/airflow/.local/lib/python3.12/site-packages/airflow/example_dags/example_branch_operator.py for tasks to queue
[2026-06-29T08:34:43.490+0000] {logging_mixin.py:188} INFO - [2026-06-29T08:34:43.490+0000] {dagbag.py:545} INFO - Filling up the DagBag from /home/airflow/.local/lib/python3.12/site-packages/airflow/example_dags/example_branch_operator.py
[2026-06-29T08:34:43.516+0000] {processor.py:840} INFO - DAG(s) 'example_branch_operator' retrieved from /home/airflow/.local/lib/python3.12/site-packages/airflow/example_dags/example_branch_operator.py
[2026-06-29T08:34:43.554+0000] {logging_mixin.py:188} INFO - [2026-06-29T08:34:43.553+0000] {dag.py:3096} INFO - Sync 1 DAGs
[2026-06-29T08:34:43.579+0000] {logging_mixin.py:188} INFO - [2026-06-29T08:34:43.578+0000] {dag.py:3954} INFO - Setting next_dagrun for example_branch_operator to 2026-06-28 00:00:00+00:00, run_after=2026-06-29 00:00:00+00:00
[2026-06-29T08:34:43.594+0000] {processor.py:183} INFO - Processing /home/airflow/.local/lib/python3.12/site-packages/airflow/example_dags/example_branch_operator.py took 0.114 seconds
[2026-06-29T08:35:14.047+0000] {processor.py:161} INFO - Started process (PID=801) to work on /home/airflow/.local/lib/python3.12/site-packages/airflow/example_dags/example_branch_operator.py
[2026-06-29T08:35:14.057+0000] {processor.py:830} INFO - Processing file /home/airflow/.local/lib/python3.12/site-packages/airflow/example_dags/example_branch_operator.py for tasks to queue
[2026-06-29T08:35:14.062+0000] {logging_mixin.py:188} INFO - [2026-06-29T08:35:14.061+0000] {dagbag.py:545} INFO - Filling up the DagBag from /home/airflow/.local/lib/python3.12/site-packages/airflow/example_dags/example_branch_operator.py
[2026-06-29T08:35:14.103+0000] {processor.py:840} INFO - DAG(s) 'example_branch_operator' retrieved from /home/airflow/.local/lib/python3.12/site-packages/airflow/example_dags/example_branch_operator.py
[2026-06-29T08:35:14.231+0000] {logging_mixin.py:188} INFO - [2026-06-29T08:35:14.230+0000] {dag.py:3096} INFO - Sync 1 DAGs
[2026-06-29T08:35:14.280+0000] {logging_mixin.py:188} INFO - [2026-06-29T08:35:14.280+0000] {dag.py:3954} INFO - Setting next_dagrun for example_branch_operator to 2026-06-28 00:00:00+00:00, run_after=2026-06-29 00:00:00+00:00
[2026-06-29T08:35:14.301+0000] {processor.py:183} INFO - Processing /home/airflow/.local/lib/python3.12/site-packages/airflow/example_dags/example_branch_operator.py took 0.297 seconds
[2026-06-29T08:35:44.369+0000] {processor.py:161} INFO - Started process (PID=860) to work on /home/airflow/.local/lib/python3.12/site-packages/airflow/example_dags/example_branch_operator.py
[2026-06-29T08:35:44.369+0000] {processor.py:830} INFO - Processing file /home/airflow/.local/lib/python3.12/site-packages/airflow/example_dags/example_branch_operator.py for tasks to queue
[2026-06-29T08:35:44.372+0000] {logging_mixin.py:188} INFO - [2026-06-29T08:35:44.371+0000] {dagbag.py:545} INFO - Filling up the DagBag from /home/airflow/.local/lib/python3.12/site-packages/airflow/example_dags/example_branch_operator.py
[2026-06-29T08:35:44.396+0000] {processor.py:840} INFO - DAG(s) 'example_branch_operator' retrieved from /home/airflow/.local/lib/python3.12/site-packages/airflow/example_dags/example_branch_operator.py
[2026-06-29T08:35:44.426+0000] {logging_mixin.py:188} INFO - [2026-06-29T08:35:44.425+0000] {dag.py:3096} INFO - Sync 1 DAGs
[2026-06-29T08:35:44.445+0000] {logging_mixin.py:188} INFO - [2026-06-29T08:35:44.445+0000] {dag.py:3954} INFO - Setting next_dagrun for example_branch_operator to 2026-06-28 00:00:00+00:00, run_after=2026-06-29 00:00:00+00:00
[2026-06-29T08:35:44.460+0000] {processor.py:183} INFO - Processing /home/airflow/.local/lib/python3.12/site-packages/airflow/example_dags/example_branch_operator.py took 0.099 seconds
[2026-06-29T08:36:15.279+0000] {processor.py:161} INFO - Started process (PID=919) to work on /home/airflow/.local/lib/python3.12/site-packages/airflow/example_dags/example_branch_operator.py
[2026-06-29T08:36:15.284+0000] {processor.py:830} INFO - Processing file /home/airflow/.local/lib/python3.12/site-packages/airflow/example_dags/example_branch_operator.py for tasks to queue
[2026-06-29T08:36:15.286+0000] {logging_mixin.py:188} INFO - [2026-06-29T08:36:15.286+0000] {dagbag.py:545} INFO - Filling up the DagBag from /home/airflow/.local/lib/python3.12/site-packages/airflow/example_dags/example_branch_operator.py
[2026-06-29T08:36:15.314+0000] {processor.py:840} INFO - DAG(s) 'example_branch_operator' retrieved from /home/airflow/.local/lib/python3.12/site-packages/airflow/example_dags/example_branch_operator.py
[2026-06-29T08:36:15.381+0000] {logging_mixin.py:188} INFO - [2026-06-29T08:36:15.381+0000] {dag.py:3096} INFO - Sync 1 DAGs
[2026-06-29T08:36:15.406+0000] {logging_mixin.py:188} INFO - [2026-06-29T08:36:15.406+0000] {dag.py:3954} INFO - Setting next_dagrun for example_branch_operator to 2026-06-28 00:00:00+00:00, run_after=2026-06-29 00:00:00+00:00
[2026-06-29T08:36:15.423+0000] {processor.py:183} INFO - Processing /home/airflow/.local/lib/python3.12/site-packages/airflow/example_dags/example_branch_operator.py took 0.158 seconds
[2026-06-29T08:36:46.414+0000] {processor.py:161} INFO - Started process (PID=978) to work on /home/airflow/.local/lib/python3.12/site-packages/airflow/example_dags/example_branch_operator.py
[2026-06-29T08:36:46.415+0000] {processor.py:830} INFO - Processing file /home/airflow/.local/lib/python3.12/site-packages/airflow/example_dags/example_branch_operator.py for tasks to queue
[2026-06-29T08:36:46.418+0000] {logging_mixin.py:188} INFO - [2026-06-29T08:36:46.417+0000] {dagbag.py:545} INFO - Filling up the DagBag from /home/airflow/.local/lib/python3.12/site-packages/airflow/example_dags/example_branch_operator.py
[2026-06-29T08:36:46.438+0000] {processor.py:840} INFO - DAG(s) 'example_branch_operator' retrieved from /home/airflow/.local/lib/python3.12/site-packages/airflow/example_dags/example_branch_operator.py
[2026-06-29T08:36:46.469+0000] {logging_mixin.py:188} INFO - [2026-06-29T08:36:46.468+0000] {dag.py:3096} INFO - Sync 1 DAGs
[2026-06-29T08:36:46.490+0000] {logging_mixin.py:188} INFO - [2026-06-29T08:36:46.489+0000] {dag.py:3954} INFO - Setting next_dagrun for example_branch_operator to 2026-06-28 00:00:00+00:00, run_after=2026-06-29 00:00:00+00:00
[2026-06-29T08:36:46.509+0000] {processor.py:183} INFO - Processing /home/airflow/.local/lib/python3.12/site-packages/airflow/example_dags/example_branch_operator.py took 0.102 seconds
