[2026-06-29T08:29:14.296+0000] {processor.py:161} INFO - Started process (PID=110) to work on /home/airflow/.local/lib/python3.12/site-packages/airflow/example_dags/example_setup_teardown.py
[2026-06-29T08:29:14.304+0000] {processor.py:830} INFO - Processing file /home/airflow/.local/lib/python3.12/site-packages/airflow/example_dags/example_setup_teardown.py for tasks to queue
[2026-06-29T08:29:14.312+0000] {logging_mixin.py:188} INFO - [2026-06-29T08:29:14.311+0000] {dagbag.py:545} INFO - Filling up the DagBag from /home/airflow/.local/lib/python3.12/site-packages/airflow/example_dags/example_setup_teardown.py
[2026-06-29T08:29:14.389+0000] {processor.py:840} INFO - DAG(s) 'example_setup_teardown' retrieved from /home/airflow/.local/lib/python3.12/site-packages/airflow/example_dags/example_setup_teardown.py
[2026-06-29T08:29:15.413+0000] {logging_mixin.py:188} INFO - [2026-06-29T08:29:15.412+0000] {override.py:1829} INFO - Created Permission View: can edit on DAG:example_setup_teardown
[2026-06-29T08:29:15.537+0000] {logging_mixin.py:188} INFO - [2026-06-29T08:29:15.536+0000] {override.py:1829} INFO - Created Permission View: can read on DAG:example_setup_teardown
[2026-06-29T08:29:15.583+0000] {logging_mixin.py:188} INFO - [2026-06-29T08:29:15.582+0000] {override.py:1829} INFO - Created Permission View: can delete on DAG:example_setup_teardown
[2026-06-29T08:29:15.583+0000] {logging_mixin.py:188} INFO - [2026-06-29T08:29:15.583+0000] {dag.py:3096} INFO - Sync 1 DAGs
[2026-06-29T08:29:15.663+0000] {logging_mixin.py:188} INFO - [2026-06-29T08:29:15.662+0000] {dag.py:3118} INFO - Creating ORM DAG for example_setup_teardown
[2026-06-29T08:29:15.747+0000] {logging_mixin.py:188} INFO - [2026-06-29T08:29:15.746+0000] {dag.py:3954} INFO - Setting next_dagrun for example_setup_teardown to 2026-06-28 00:00:00+00:00, run_after=2026-06-29 00:00:00+00:00
[2026-06-29T08:29:15.833+0000] {processor.py:183} INFO - Processing /home/airflow/.local/lib/python3.12/site-packages/airflow/example_dags/example_setup_teardown.py took 1.552 seconds
[2026-06-29T08:29:46.644+0000] {processor.py:161} INFO - Started process (PID=168) to work on /home/airflow/.local/lib/python3.12/site-packages/airflow/example_dags/example_setup_teardown.py
[2026-06-29T08:29:46.645+0000] {processor.py:830} INFO - Processing file /home/airflow/.local/lib/python3.12/site-packages/airflow/example_dags/example_setup_teardown.py for tasks to queue
[2026-06-29T08:29:46.647+0000] {logging_mixin.py:188} INFO - [2026-06-29T08:29:46.647+0000] {dagbag.py:545} INFO - Filling up the DagBag from /home/airflow/.local/lib/python3.12/site-packages/airflow/example_dags/example_setup_teardown.py
[2026-06-29T08:29:46.655+0000] {processor.py:840} INFO - DAG(s) 'example_setup_teardown' retrieved from /home/airflow/.local/lib/python3.12/site-packages/airflow/example_dags/example_setup_teardown.py
[2026-06-29T08:29:46.682+0000] {logging_mixin.py:188} INFO - [2026-06-29T08:29:46.682+0000] {dag.py:3096} INFO - Sync 1 DAGs
[2026-06-29T08:29:46.721+0000] {logging_mixin.py:188} INFO - [2026-06-29T08:29:46.721+0000] {dag.py:3954} INFO - Setting next_dagrun for example_setup_teardown to 2026-06-28 00:00:00+00:00, run_after=2026-06-29 00:00:00+00:00
[2026-06-29T08:29:46.740+0000] {processor.py:183} INFO - Processing /home/airflow/.local/lib/python3.12/site-packages/airflow/example_dags/example_setup_teardown.py took 0.102 seconds
[2026-06-29T08:30:17.264+0000] {processor.py:161} INFO - Started process (PID=227) to work on /home/airflow/.local/lib/python3.12/site-packages/airflow/example_dags/example_setup_teardown.py
[2026-06-29T08:30:17.265+0000] {processor.py:830} INFO - Processing file /home/airflow/.local/lib/python3.12/site-packages/airflow/example_dags/example_setup_teardown.py for tasks to queue
[2026-06-29T08:30:17.267+0000] {logging_mixin.py:188} INFO - [2026-06-29T08:30:17.266+0000] {dagbag.py:545} INFO - Filling up the DagBag from /home/airflow/.local/lib/python3.12/site-packages/airflow/example_dags/example_setup_teardown.py
[2026-06-29T08:30:17.275+0000] {processor.py:840} INFO - DAG(s) 'example_setup_teardown' retrieved from /home/airflow/.local/lib/python3.12/site-packages/airflow/example_dags/example_setup_teardown.py
[2026-06-29T08:30:17.302+0000] {logging_mixin.py:188} INFO - [2026-06-29T08:30:17.301+0000] {dag.py:3096} INFO - Sync 1 DAGs
[2026-06-29T08:30:17.328+0000] {logging_mixin.py:188} INFO - [2026-06-29T08:30:17.328+0000] {dag.py:3954} INFO - Setting next_dagrun for example_setup_teardown to 2026-06-28 00:00:00+00:00, run_after=2026-06-29 00:00:00+00:00
[2026-06-29T08:30:17.353+0000] {processor.py:183} INFO - Processing /home/airflow/.local/lib/python3.12/site-packages/airflow/example_dags/example_setup_teardown.py took 0.096 seconds
[2026-06-29T08:30:48.165+0000] {processor.py:161} INFO - Started process (PID=286) to work on /home/airflow/.local/lib/python3.12/site-packages/airflow/example_dags/example_setup_teardown.py
[2026-06-29T08:30:48.166+0000] {processor.py:830} INFO - Processing file /home/airflow/.local/lib/python3.12/site-packages/airflow/example_dags/example_setup_teardown.py for tasks to queue
[2026-06-29T08:30:48.168+0000] {logging_mixin.py:188} INFO - [2026-06-29T08:30:48.168+0000] {dagbag.py:545} INFO - Filling up the DagBag from /home/airflow/.local/lib/python3.12/site-packages/airflow/example_dags/example_setup_teardown.py
[2026-06-29T08:30:48.178+0000] {processor.py:840} INFO - DAG(s) 'example_setup_teardown' retrieved from /home/airflow/.local/lib/python3.12/site-packages/airflow/example_dags/example_setup_teardown.py
[2026-06-29T08:30:48.225+0000] {logging_mixin.py:188} INFO - [2026-06-29T08:30:48.225+0000] {dag.py:3096} INFO - Sync 1 DAGs
[2026-06-29T08:30:48.263+0000] {logging_mixin.py:188} INFO - [2026-06-29T08:30:48.263+0000] {dag.py:3954} INFO - Setting next_dagrun for example_setup_teardown to 2026-06-28 00:00:00+00:00, run_after=2026-06-29 00:00:00+00:00
[2026-06-29T08:30:48.309+0000] {processor.py:183} INFO - Processing /home/airflow/.local/lib/python3.12/site-packages/airflow/example_dags/example_setup_teardown.py took 0.156 seconds
[2026-06-29T08:31:18.677+0000] {processor.py:161} INFO - Started process (PID=345) to work on /home/airflow/.local/lib/python3.12/site-packages/airflow/example_dags/example_setup_teardown.py
[2026-06-29T08:31:18.678+0000] {processor.py:830} INFO - Processing file /home/airflow/.local/lib/python3.12/site-packages/airflow/example_dags/example_setup_teardown.py for tasks to queue
[2026-06-29T08:31:18.680+0000] {logging_mixin.py:188} INFO - [2026-06-29T08:31:18.680+0000] {dagbag.py:545} INFO - Filling up the DagBag from /home/airflow/.local/lib/python3.12/site-packages/airflow/example_dags/example_setup_teardown.py
[2026-06-29T08:31:18.688+0000] {processor.py:840} INFO - DAG(s) 'example_setup_teardown' retrieved from /home/airflow/.local/lib/python3.12/site-packages/airflow/example_dags/example_setup_teardown.py
[2026-06-29T08:31:18.714+0000] {logging_mixin.py:188} INFO - [2026-06-29T08:31:18.714+0000] {dag.py:3096} INFO - Sync 1 DAGs
[2026-06-29T08:31:18.740+0000] {logging_mixin.py:188} INFO - [2026-06-29T08:31:18.740+0000] {dag.py:3954} INFO - Setting next_dagrun for example_setup_teardown to 2026-06-28 00:00:00+00:00, run_after=2026-06-29 00:00:00+00:00
[2026-06-29T08:31:18.761+0000] {processor.py:183} INFO - Processing /home/airflow/.local/lib/python3.12/site-packages/airflow/example_dags/example_setup_teardown.py took 0.091 seconds
[2026-06-29T08:31:48.825+0000] {processor.py:161} INFO - Started process (PID=404) to work on /home/airflow/.local/lib/python3.12/site-packages/airflow/example_dags/example_setup_teardown.py
[2026-06-29T08:31:48.826+0000] {processor.py:830} INFO - Processing file /home/airflow/.local/lib/python3.12/site-packages/airflow/example_dags/example_setup_teardown.py for tasks to queue
[2026-06-29T08:31:48.828+0000] {logging_mixin.py:188} INFO - [2026-06-29T08:31:48.828+0000] {dagbag.py:545} INFO - Filling up the DagBag from /home/airflow/.local/lib/python3.12/site-packages/airflow/example_dags/example_setup_teardown.py
[2026-06-29T08:31:48.836+0000] {processor.py:840} INFO - DAG(s) 'example_setup_teardown' retrieved from /home/airflow/.local/lib/python3.12/site-packages/airflow/example_dags/example_setup_teardown.py
[2026-06-29T08:31:48.863+0000] {logging_mixin.py:188} INFO - [2026-06-29T08:31:48.863+0000] {dag.py:3096} INFO - Sync 1 DAGs
[2026-06-29T08:31:48.894+0000] {logging_mixin.py:188} INFO - [2026-06-29T08:31:48.893+0000] {dag.py:3954} INFO - Setting next_dagrun for example_setup_teardown to 2026-06-28 00:00:00+00:00, run_after=2026-06-29 00:00:00+00:00
[2026-06-29T08:31:48.919+0000] {processor.py:183} INFO - Processing /home/airflow/.local/lib/python3.12/site-packages/airflow/example_dags/example_setup_teardown.py took 0.100 seconds
[2026-06-29T08:32:19.322+0000] {processor.py:161} INFO - Started process (PID=463) to work on /home/airflow/.local/lib/python3.12/site-packages/airflow/example_dags/example_setup_teardown.py
[2026-06-29T08:32:19.327+0000] {processor.py:830} INFO - Processing file /home/airflow/.local/lib/python3.12/site-packages/airflow/example_dags/example_setup_teardown.py for tasks to queue
[2026-06-29T08:32:19.331+0000] {logging_mixin.py:188} INFO - [2026-06-29T08:32:19.331+0000] {dagbag.py:545} INFO - Filling up the DagBag from /home/airflow/.local/lib/python3.12/site-packages/airflow/example_dags/example_setup_teardown.py
[2026-06-29T08:32:19.355+0000] {processor.py:840} INFO - DAG(s) 'example_setup_teardown' retrieved from /home/airflow/.local/lib/python3.12/site-packages/airflow/example_dags/example_setup_teardown.py
[2026-06-29T08:32:19.428+0000] {logging_mixin.py:188} INFO - [2026-06-29T08:32:19.428+0000] {dag.py:3096} INFO - Sync 1 DAGs
[2026-06-29T08:32:19.513+0000] {logging_mixin.py:188} INFO - [2026-06-29T08:32:19.513+0000] {dag.py:3954} INFO - Setting next_dagrun for example_setup_teardown to 2026-06-28 00:00:00+00:00, run_after=2026-06-29 00:00:00+00:00
[2026-06-29T08:32:19.601+0000] {processor.py:183} INFO - Processing /home/airflow/.local/lib/python3.12/site-packages/airflow/example_dags/example_setup_teardown.py took 0.303 seconds
[2026-06-29T08:32:49.660+0000] {processor.py:161} INFO - Started process (PID=522) to work on /home/airflow/.local/lib/python3.12/site-packages/airflow/example_dags/example_setup_teardown.py
[2026-06-29T08:32:49.661+0000] {processor.py:830} INFO - Processing file /home/airflow/.local/lib/python3.12/site-packages/airflow/example_dags/example_setup_teardown.py for tasks to queue
[2026-06-29T08:32:49.666+0000] {logging_mixin.py:188} INFO - [2026-06-29T08:32:49.665+0000] {dagbag.py:545} INFO - Filling up the DagBag from /home/airflow/.local/lib/python3.12/site-packages/airflow/example_dags/example_setup_teardown.py
[2026-06-29T08:32:49.685+0000] {processor.py:840} INFO - DAG(s) 'example_setup_teardown' retrieved from /home/airflow/.local/lib/python3.12/site-packages/airflow/example_dags/example_setup_teardown.py
[2026-06-29T08:32:49.744+0000] {logging_mixin.py:188} INFO - [2026-06-29T08:32:49.743+0000] {dag.py:3096} INFO - Sync 1 DAGs
[2026-06-29T08:32:49.803+0000] {logging_mixin.py:188} INFO - [2026-06-29T08:32:49.803+0000] {dag.py:3954} INFO - Setting next_dagrun for example_setup_teardown to 2026-06-28 00:00:00+00:00, run_after=2026-06-29 00:00:00+00:00
[2026-06-29T08:32:49.870+0000] {processor.py:183} INFO - Processing /home/airflow/.local/lib/python3.12/site-packages/airflow/example_dags/example_setup_teardown.py took 0.220 seconds
[2026-06-29T08:33:20.113+0000] {processor.py:161} INFO - Started process (PID=581) to work on /home/airflow/.local/lib/python3.12/site-packages/airflow/example_dags/example_setup_teardown.py
[2026-06-29T08:33:20.114+0000] {processor.py:830} INFO - Processing file /home/airflow/.local/lib/python3.12/site-packages/airflow/example_dags/example_setup_teardown.py for tasks to queue
[2026-06-29T08:33:20.116+0000] {logging_mixin.py:188} INFO - [2026-06-29T08:33:20.116+0000] {dagbag.py:545} INFO - Filling up the DagBag from /home/airflow/.local/lib/python3.12/site-packages/airflow/example_dags/example_setup_teardown.py
[2026-06-29T08:33:20.124+0000] {processor.py:840} INFO - DAG(s) 'example_setup_teardown' retrieved from /home/airflow/.local/lib/python3.12/site-packages/airflow/example_dags/example_setup_teardown.py
[2026-06-29T08:33:20.152+0000] {logging_mixin.py:188} INFO - [2026-06-29T08:33:20.152+0000] {dag.py:3096} INFO - Sync 1 DAGs
[2026-06-29T08:33:20.178+0000] {logging_mixin.py:188} INFO - [2026-06-29T08:33:20.177+0000] {dag.py:3954} INFO - Setting next_dagrun for example_setup_teardown to 2026-06-28 00:00:00+00:00, run_after=2026-06-29 00:00:00+00:00
[2026-06-29T08:33:20.197+0000] {processor.py:183} INFO - Processing /home/airflow/.local/lib/python3.12/site-packages/airflow/example_dags/example_setup_teardown.py took 0.099 seconds
[2026-06-29T08:33:51.017+0000] {processor.py:161} INFO - Started process (PID=639) to work on /home/airflow/.local/lib/python3.12/site-packages/airflow/example_dags/example_setup_teardown.py
[2026-06-29T08:33:51.018+0000] {processor.py:830} INFO - Processing file /home/airflow/.local/lib/python3.12/site-packages/airflow/example_dags/example_setup_teardown.py for tasks to queue
[2026-06-29T08:33:51.020+0000] {logging_mixin.py:188} INFO - [2026-06-29T08:33:51.019+0000] {dagbag.py:545} INFO - Filling up the DagBag from /home/airflow/.local/lib/python3.12/site-packages/airflow/example_dags/example_setup_teardown.py
[2026-06-29T08:33:51.027+0000] {processor.py:840} INFO - DAG(s) 'example_setup_teardown' retrieved from /home/airflow/.local/lib/python3.12/site-packages/airflow/example_dags/example_setup_teardown.py
[2026-06-29T08:33:51.053+0000] {logging_mixin.py:188} INFO - [2026-06-29T08:33:51.053+0000] {dag.py:3096} INFO - Sync 1 DAGs
[2026-06-29T08:33:51.080+0000] {logging_mixin.py:188} INFO - [2026-06-29T08:33:51.080+0000] {dag.py:3954} INFO - Setting next_dagrun for example_setup_teardown to 2026-06-28 00:00:00+00:00, run_after=2026-06-29 00:00:00+00:00
[2026-06-29T08:33:51.104+0000] {processor.py:183} INFO - Processing /home/airflow/.local/lib/python3.12/site-packages/airflow/example_dags/example_setup_teardown.py took 0.094 seconds
[2026-06-29T08:34:21.198+0000] {processor.py:161} INFO - Started process (PID=698) to work on /home/airflow/.local/lib/python3.12/site-packages/airflow/example_dags/example_setup_teardown.py
[2026-06-29T08:34:21.200+0000] {processor.py:830} INFO - Processing file /home/airflow/.local/lib/python3.12/site-packages/airflow/example_dags/example_setup_teardown.py for tasks to queue
[2026-06-29T08:34:21.202+0000] {logging_mixin.py:188} INFO - [2026-06-29T08:34:21.202+0000] {dagbag.py:545} INFO - Filling up the DagBag from /home/airflow/.local/lib/python3.12/site-packages/airflow/example_dags/example_setup_teardown.py
[2026-06-29T08:34:21.211+0000] {processor.py:840} INFO - DAG(s) 'example_setup_teardown' retrieved from /home/airflow/.local/lib/python3.12/site-packages/airflow/example_dags/example_setup_teardown.py
[2026-06-29T08:34:21.237+0000] {logging_mixin.py:188} INFO - [2026-06-29T08:34:21.237+0000] {dag.py:3096} INFO - Sync 1 DAGs
[2026-06-29T08:34:21.267+0000] {logging_mixin.py:188} INFO - [2026-06-29T08:34:21.267+0000] {dag.py:3954} INFO - Setting next_dagrun for example_setup_teardown to 2026-06-28 00:00:00+00:00, run_after=2026-06-29 00:00:00+00:00
[2026-06-29T08:34:21.288+0000] {processor.py:183} INFO - Processing /home/airflow/.local/lib/python3.12/site-packages/airflow/example_dags/example_setup_teardown.py took 0.097 seconds
[2026-06-29T08:34:51.643+0000] {processor.py:161} INFO - Started process (PID=757) to work on /home/airflow/.local/lib/python3.12/site-packages/airflow/example_dags/example_setup_teardown.py
[2026-06-29T08:34:51.644+0000] {processor.py:830} INFO - Processing file /home/airflow/.local/lib/python3.12/site-packages/airflow/example_dags/example_setup_teardown.py for tasks to queue
[2026-06-29T08:34:51.646+0000] {logging_mixin.py:188} INFO - [2026-06-29T08:34:51.646+0000] {dagbag.py:545} INFO - Filling up the DagBag from /home/airflow/.local/lib/python3.12/site-packages/airflow/example_dags/example_setup_teardown.py
[2026-06-29T08:34:51.654+0000] {processor.py:840} INFO - DAG(s) 'example_setup_teardown' retrieved from /home/airflow/.local/lib/python3.12/site-packages/airflow/example_dags/example_setup_teardown.py
[2026-06-29T08:34:51.678+0000] {logging_mixin.py:188} INFO - [2026-06-29T08:34:51.678+0000] {dag.py:3096} INFO - Sync 1 DAGs
[2026-06-29T08:34:51.723+0000] {logging_mixin.py:188} INFO - [2026-06-29T08:34:51.723+0000] {dag.py:3954} INFO - Setting next_dagrun for example_setup_teardown to 2026-06-28 00:00:00+00:00, run_after=2026-06-29 00:00:00+00:00
[2026-06-29T08:34:51.743+0000] {processor.py:183} INFO - Processing /home/airflow/.local/lib/python3.12/site-packages/airflow/example_dags/example_setup_teardown.py took 0.107 seconds
[2026-06-29T08:35:22.212+0000] {processor.py:161} INFO - Started process (PID=816) to work on /home/airflow/.local/lib/python3.12/site-packages/airflow/example_dags/example_setup_teardown.py
[2026-06-29T08:35:22.213+0000] {processor.py:830} INFO - Processing file /home/airflow/.local/lib/python3.12/site-packages/airflow/example_dags/example_setup_teardown.py for tasks to queue
[2026-06-29T08:35:22.215+0000] {logging_mixin.py:188} INFO - [2026-06-29T08:35:22.215+0000] {dagbag.py:545} INFO - Filling up the DagBag from /home/airflow/.local/lib/python3.12/site-packages/airflow/example_dags/example_setup_teardown.py
[2026-06-29T08:35:22.223+0000] {processor.py:840} INFO - DAG(s) 'example_setup_teardown' retrieved from /home/airflow/.local/lib/python3.12/site-packages/airflow/example_dags/example_setup_teardown.py
[2026-06-29T08:35:22.252+0000] {logging_mixin.py:188} INFO - [2026-06-29T08:35:22.252+0000] {dag.py:3096} INFO - Sync 1 DAGs
[2026-06-29T08:35:22.280+0000] {logging_mixin.py:188} INFO - [2026-06-29T08:35:22.280+0000] {dag.py:3954} INFO - Setting next_dagrun for example_setup_teardown to 2026-06-28 00:00:00+00:00, run_after=2026-06-29 00:00:00+00:00
[2026-06-29T08:35:22.300+0000] {processor.py:183} INFO - Processing /home/airflow/.local/lib/python3.12/site-packages/airflow/example_dags/example_setup_teardown.py took 0.095 seconds
[2026-06-29T08:35:52.733+0000] {processor.py:161} INFO - Started process (PID=875) to work on /home/airflow/.local/lib/python3.12/site-packages/airflow/example_dags/example_setup_teardown.py
[2026-06-29T08:35:52.734+0000] {processor.py:830} INFO - Processing file /home/airflow/.local/lib/python3.12/site-packages/airflow/example_dags/example_setup_teardown.py for tasks to queue
[2026-06-29T08:35:52.736+0000] {logging_mixin.py:188} INFO - [2026-06-29T08:35:52.735+0000] {dagbag.py:545} INFO - Filling up the DagBag from /home/airflow/.local/lib/python3.12/site-packages/airflow/example_dags/example_setup_teardown.py
[2026-06-29T08:35:52.743+0000] {processor.py:840} INFO - DAG(s) 'example_setup_teardown' retrieved from /home/airflow/.local/lib/python3.12/site-packages/airflow/example_dags/example_setup_teardown.py
[2026-06-29T08:35:52.782+0000] {logging_mixin.py:188} INFO - [2026-06-29T08:35:52.782+0000] {dag.py:3096} INFO - Sync 1 DAGs
[2026-06-29T08:35:52.808+0000] {logging_mixin.py:188} INFO - [2026-06-29T08:35:52.807+0000] {dag.py:3954} INFO - Setting next_dagrun for example_setup_teardown to 2026-06-28 00:00:00+00:00, run_after=2026-06-29 00:00:00+00:00
[2026-06-29T08:35:52.840+0000] {processor.py:183} INFO - Processing /home/airflow/.local/lib/python3.12/site-packages/airflow/example_dags/example_setup_teardown.py took 0.114 seconds
[2026-06-29T08:36:23.734+0000] {processor.py:161} INFO - Started process (PID=934) to work on /home/airflow/.local/lib/python3.12/site-packages/airflow/example_dags/example_setup_teardown.py
[2026-06-29T08:36:23.737+0000] {processor.py:830} INFO - Processing file /home/airflow/.local/lib/python3.12/site-packages/airflow/example_dags/example_setup_teardown.py for tasks to queue
[2026-06-29T08:36:23.743+0000] {logging_mixin.py:188} INFO - [2026-06-29T08:36:23.742+0000] {dagbag.py:545} INFO - Filling up the DagBag from /home/airflow/.local/lib/python3.12/site-packages/airflow/example_dags/example_setup_teardown.py
[2026-06-29T08:36:23.769+0000] {processor.py:840} INFO - DAG(s) 'example_setup_teardown' retrieved from /home/airflow/.local/lib/python3.12/site-packages/airflow/example_dags/example_setup_teardown.py
[2026-06-29T08:36:23.887+0000] {logging_mixin.py:188} INFO - [2026-06-29T08:36:23.887+0000] {dag.py:3096} INFO - Sync 1 DAGs
[2026-06-29T08:36:24.001+0000] {logging_mixin.py:188} INFO - [2026-06-29T08:36:24.000+0000] {dag.py:3954} INFO - Setting next_dagrun for example_setup_teardown to 2026-06-28 00:00:00+00:00, run_after=2026-06-29 00:00:00+00:00
[2026-06-29T08:36:24.061+0000] {processor.py:183} INFO - Processing /home/airflow/.local/lib/python3.12/site-packages/airflow/example_dags/example_setup_teardown.py took 0.351 seconds
[2026-06-29T08:36:54.815+0000] {processor.py:161} INFO - Started process (PID=993) to work on /home/airflow/.local/lib/python3.12/site-packages/airflow/example_dags/example_setup_teardown.py
[2026-06-29T08:36:54.816+0000] {processor.py:830} INFO - Processing file /home/airflow/.local/lib/python3.12/site-packages/airflow/example_dags/example_setup_teardown.py for tasks to queue
[2026-06-29T08:36:54.818+0000] {logging_mixin.py:188} INFO - [2026-06-29T08:36:54.818+0000] {dagbag.py:545} INFO - Filling up the DagBag from /home/airflow/.local/lib/python3.12/site-packages/airflow/example_dags/example_setup_teardown.py
[2026-06-29T08:36:54.829+0000] {processor.py:840} INFO - DAG(s) 'example_setup_teardown' retrieved from /home/airflow/.local/lib/python3.12/site-packages/airflow/example_dags/example_setup_teardown.py
[2026-06-29T08:36:54.925+0000] {logging_mixin.py:188} INFO - [2026-06-29T08:36:54.925+0000] {dag.py:3096} INFO - Sync 1 DAGs
[2026-06-29T08:36:54.953+0000] {logging_mixin.py:188} INFO - [2026-06-29T08:36:54.953+0000] {dag.py:3954} INFO - Setting next_dagrun for example_setup_teardown to 2026-06-28 00:00:00+00:00, run_after=2026-06-29 00:00:00+00:00
[2026-06-29T08:36:54.972+0000] {processor.py:183} INFO - Processing /home/airflow/.local/lib/python3.12/site-packages/airflow/example_dags/example_setup_teardown.py took 0.163 seconds
