[2026-06-29T08:29:13.980+0000] {processor.py:161} INFO - Started process (PID=109) to work on /home/airflow/.local/lib/python3.12/site-packages/airflow/example_dags/example_kubernetes_executor.py
[2026-06-29T08:29:13.984+0000] {processor.py:830} INFO - Processing file /home/airflow/.local/lib/python3.12/site-packages/airflow/example_dags/example_kubernetes_executor.py for tasks to queue
[2026-06-29T08:29:13.997+0000] {logging_mixin.py:188} INFO - [2026-06-29T08:29:13.990+0000] {dagbag.py:545} INFO - Filling up the DagBag from /home/airflow/.local/lib/python3.12/site-packages/airflow/example_dags/example_kubernetes_executor.py
[2026-06-29T08:29:14.077+0000] {processor.py:840} INFO - DAG(s) 'example_kubernetes_executor' retrieved from /home/airflow/.local/lib/python3.12/site-packages/airflow/example_dags/example_kubernetes_executor.py
[2026-06-29T08:29:14.860+0000] {logging_mixin.py:188} INFO - [2026-06-29T08:29:14.856+0000] {override.py:1829} INFO - Created Permission View: can edit on DAG:example_kubernetes_executor
[2026-06-29T08:29:14.954+0000] {logging_mixin.py:188} INFO - [2026-06-29T08:29:14.953+0000] {override.py:1829} INFO - Created Permission View: can read on DAG:example_kubernetes_executor
[2026-06-29T08:29:15.033+0000] {logging_mixin.py:188} INFO - [2026-06-29T08:29:15.032+0000] {override.py:1829} INFO - Created Permission View: can delete on DAG:example_kubernetes_executor
[2026-06-29T08:29:15.033+0000] {logging_mixin.py:188} INFO - [2026-06-29T08:29:15.033+0000] {dag.py:3096} INFO - Sync 1 DAGs
[2026-06-29T08:29:15.156+0000] {logging_mixin.py:188} INFO - [2026-06-29T08:29:15.132+0000] {dag.py:3118} INFO - Creating ORM DAG for example_kubernetes_executor
[2026-06-29T08:29:15.161+0000] {logging_mixin.py:188} INFO - [2026-06-29T08:29:15.159+0000] {dag.py:3954} INFO - Setting next_dagrun for example_kubernetes_executor to None, run_after=None
[2026-06-29T08:29:15.352+0000] {processor.py:183} INFO - Processing /home/airflow/.local/lib/python3.12/site-packages/airflow/example_dags/example_kubernetes_executor.py took 1.407 seconds
[2026-06-29T08:29:45.628+0000] {processor.py:161} INFO - Started process (PID=167) to work on /home/airflow/.local/lib/python3.12/site-packages/airflow/example_dags/example_kubernetes_executor.py
[2026-06-29T08:29:45.628+0000] {processor.py:830} INFO - Processing file /home/airflow/.local/lib/python3.12/site-packages/airflow/example_dags/example_kubernetes_executor.py for tasks to queue
[2026-06-29T08:29:45.630+0000] {logging_mixin.py:188} INFO - [2026-06-29T08:29:45.630+0000] {dagbag.py:545} INFO - Filling up the DagBag from /home/airflow/.local/lib/python3.12/site-packages/airflow/example_dags/example_kubernetes_executor.py
[2026-06-29T08:29:45.640+0000] {processor.py:840} INFO - DAG(s) 'example_kubernetes_executor' retrieved from /home/airflow/.local/lib/python3.12/site-packages/airflow/example_dags/example_kubernetes_executor.py
[2026-06-29T08:29:45.690+0000] {logging_mixin.py:188} INFO - [2026-06-29T08:29:45.690+0000] {dag.py:3096} INFO - Sync 1 DAGs
[2026-06-29T08:29:45.708+0000] {logging_mixin.py:188} INFO - [2026-06-29T08:29:45.707+0000] {dag.py:3954} INFO - Setting next_dagrun for example_kubernetes_executor to None, run_after=None
[2026-06-29T08:29:45.738+0000] {processor.py:183} INFO - Processing /home/airflow/.local/lib/python3.12/site-packages/airflow/example_dags/example_kubernetes_executor.py took 0.117 seconds
[2026-06-29T08:30:16.247+0000] {processor.py:161} INFO - Started process (PID=226) to work on /home/airflow/.local/lib/python3.12/site-packages/airflow/example_dags/example_kubernetes_executor.py
[2026-06-29T08:30:16.248+0000] {processor.py:830} INFO - Processing file /home/airflow/.local/lib/python3.12/site-packages/airflow/example_dags/example_kubernetes_executor.py for tasks to queue
[2026-06-29T08:30:16.250+0000] {logging_mixin.py:188} INFO - [2026-06-29T08:30:16.250+0000] {dagbag.py:545} INFO - Filling up the DagBag from /home/airflow/.local/lib/python3.12/site-packages/airflow/example_dags/example_kubernetes_executor.py
[2026-06-29T08:30:16.260+0000] {processor.py:840} INFO - DAG(s) 'example_kubernetes_executor' retrieved from /home/airflow/.local/lib/python3.12/site-packages/airflow/example_dags/example_kubernetes_executor.py
[2026-06-29T08:30:16.292+0000] {logging_mixin.py:188} INFO - [2026-06-29T08:30:16.292+0000] {dag.py:3096} INFO - Sync 1 DAGs
[2026-06-29T08:30:16.304+0000] {logging_mixin.py:188} INFO - [2026-06-29T08:30:16.304+0000] {dag.py:3954} INFO - Setting next_dagrun for example_kubernetes_executor to None, run_after=None
[2026-06-29T08:30:16.319+0000] {processor.py:183} INFO - Processing /home/airflow/.local/lib/python3.12/site-packages/airflow/example_dags/example_kubernetes_executor.py took 0.078 seconds
[2026-06-29T08:30:47.118+0000] {processor.py:161} INFO - Started process (PID=285) to work on /home/airflow/.local/lib/python3.12/site-packages/airflow/example_dags/example_kubernetes_executor.py
[2026-06-29T08:30:47.119+0000] {processor.py:830} INFO - Processing file /home/airflow/.local/lib/python3.12/site-packages/airflow/example_dags/example_kubernetes_executor.py for tasks to queue
[2026-06-29T08:30:47.120+0000] {logging_mixin.py:188} INFO - [2026-06-29T08:30:47.120+0000] {dagbag.py:545} INFO - Filling up the DagBag from /home/airflow/.local/lib/python3.12/site-packages/airflow/example_dags/example_kubernetes_executor.py
[2026-06-29T08:30:47.133+0000] {processor.py:840} INFO - DAG(s) 'example_kubernetes_executor' retrieved from /home/airflow/.local/lib/python3.12/site-packages/airflow/example_dags/example_kubernetes_executor.py
[2026-06-29T08:30:47.167+0000] {logging_mixin.py:188} INFO - [2026-06-29T08:30:47.166+0000] {dag.py:3096} INFO - Sync 1 DAGs
[2026-06-29T08:30:47.178+0000] {logging_mixin.py:188} INFO - [2026-06-29T08:30:47.178+0000] {dag.py:3954} INFO - Setting next_dagrun for example_kubernetes_executor to None, run_after=None
[2026-06-29T08:30:47.194+0000] {processor.py:183} INFO - Processing /home/airflow/.local/lib/python3.12/site-packages/airflow/example_dags/example_kubernetes_executor.py took 0.081 seconds
[2026-06-29T08:31:17.649+0000] {processor.py:161} INFO - Started process (PID=344) to work on /home/airflow/.local/lib/python3.12/site-packages/airflow/example_dags/example_kubernetes_executor.py
[2026-06-29T08:31:17.649+0000] {processor.py:830} INFO - Processing file /home/airflow/.local/lib/python3.12/site-packages/airflow/example_dags/example_kubernetes_executor.py for tasks to queue
[2026-06-29T08:31:17.651+0000] {logging_mixin.py:188} INFO - [2026-06-29T08:31:17.651+0000] {dagbag.py:545} INFO - Filling up the DagBag from /home/airflow/.local/lib/python3.12/site-packages/airflow/example_dags/example_kubernetes_executor.py
[2026-06-29T08:31:17.663+0000] {processor.py:840} INFO - DAG(s) 'example_kubernetes_executor' retrieved from /home/airflow/.local/lib/python3.12/site-packages/airflow/example_dags/example_kubernetes_executor.py
[2026-06-29T08:31:17.695+0000] {logging_mixin.py:188} INFO - [2026-06-29T08:31:17.695+0000] {dag.py:3096} INFO - Sync 1 DAGs
[2026-06-29T08:31:17.706+0000] {logging_mixin.py:188} INFO - [2026-06-29T08:31:17.706+0000] {dag.py:3954} INFO - Setting next_dagrun for example_kubernetes_executor to None, run_after=None
[2026-06-29T08:31:17.725+0000] {processor.py:183} INFO - Processing /home/airflow/.local/lib/python3.12/site-packages/airflow/example_dags/example_kubernetes_executor.py took 0.082 seconds
[2026-06-29T08:31:47.788+0000] {processor.py:161} INFO - Started process (PID=403) to work on /home/airflow/.local/lib/python3.12/site-packages/airflow/example_dags/example_kubernetes_executor.py
[2026-06-29T08:31:47.789+0000] {processor.py:830} INFO - Processing file /home/airflow/.local/lib/python3.12/site-packages/airflow/example_dags/example_kubernetes_executor.py for tasks to queue
[2026-06-29T08:31:47.790+0000] {logging_mixin.py:188} INFO - [2026-06-29T08:31:47.790+0000] {dagbag.py:545} INFO - Filling up the DagBag from /home/airflow/.local/lib/python3.12/site-packages/airflow/example_dags/example_kubernetes_executor.py
[2026-06-29T08:31:47.801+0000] {processor.py:840} INFO - DAG(s) 'example_kubernetes_executor' retrieved from /home/airflow/.local/lib/python3.12/site-packages/airflow/example_dags/example_kubernetes_executor.py
[2026-06-29T08:31:47.835+0000] {logging_mixin.py:188} INFO - [2026-06-29T08:31:47.835+0000] {dag.py:3096} INFO - Sync 1 DAGs
[2026-06-29T08:31:47.847+0000] {logging_mixin.py:188} INFO - [2026-06-29T08:31:47.847+0000] {dag.py:3954} INFO - Setting next_dagrun for example_kubernetes_executor to None, run_after=None
[2026-06-29T08:31:47.862+0000] {processor.py:183} INFO - Processing /home/airflow/.local/lib/python3.12/site-packages/airflow/example_dags/example_kubernetes_executor.py took 0.080 seconds
[2026-06-29T08:32:18.194+0000] {processor.py:161} INFO - Started process (PID=462) to work on /home/airflow/.local/lib/python3.12/site-packages/airflow/example_dags/example_kubernetes_executor.py
[2026-06-29T08:32:18.200+0000] {processor.py:830} INFO - Processing file /home/airflow/.local/lib/python3.12/site-packages/airflow/example_dags/example_kubernetes_executor.py for tasks to queue
[2026-06-29T08:32:18.215+0000] {logging_mixin.py:188} INFO - [2026-06-29T08:32:18.214+0000] {dagbag.py:545} INFO - Filling up the DagBag from /home/airflow/.local/lib/python3.12/site-packages/airflow/example_dags/example_kubernetes_executor.py
[2026-06-29T08:32:18.273+0000] {processor.py:840} INFO - DAG(s) 'example_kubernetes_executor' retrieved from /home/airflow/.local/lib/python3.12/site-packages/airflow/example_dags/example_kubernetes_executor.py
[2026-06-29T08:32:18.386+0000] {logging_mixin.py:188} INFO - [2026-06-29T08:32:18.386+0000] {dag.py:3096} INFO - Sync 1 DAGs
[2026-06-29T08:32:18.420+0000] {logging_mixin.py:188} INFO - [2026-06-29T08:32:18.419+0000] {dag.py:3954} INFO - Setting next_dagrun for example_kubernetes_executor to None, run_after=None
[2026-06-29T08:32:18.482+0000] {processor.py:183} INFO - Processing /home/airflow/.local/lib/python3.12/site-packages/airflow/example_dags/example_kubernetes_executor.py took 0.327 seconds
[2026-06-29T08:32:49.416+0000] {processor.py:161} INFO - Started process (PID=521) to work on /home/airflow/.local/lib/python3.12/site-packages/airflow/example_dags/example_kubernetes_executor.py
[2026-06-29T08:32:49.418+0000] {processor.py:830} INFO - Processing file /home/airflow/.local/lib/python3.12/site-packages/airflow/example_dags/example_kubernetes_executor.py for tasks to queue
[2026-06-29T08:32:49.422+0000] {logging_mixin.py:188} INFO - [2026-06-29T08:32:49.421+0000] {dagbag.py:545} INFO - Filling up the DagBag from /home/airflow/.local/lib/python3.12/site-packages/airflow/example_dags/example_kubernetes_executor.py
[2026-06-29T08:32:49.446+0000] {processor.py:840} INFO - DAG(s) 'example_kubernetes_executor' retrieved from /home/airflow/.local/lib/python3.12/site-packages/airflow/example_dags/example_kubernetes_executor.py
[2026-06-29T08:32:49.518+0000] {logging_mixin.py:188} INFO - [2026-06-29T08:32:49.518+0000] {dag.py:3096} INFO - Sync 1 DAGs
[2026-06-29T08:32:49.554+0000] {logging_mixin.py:188} INFO - [2026-06-29T08:32:49.553+0000] {dag.py:3954} INFO - Setting next_dagrun for example_kubernetes_executor to None, run_after=None
[2026-06-29T08:32:49.597+0000] {processor.py:183} INFO - Processing /home/airflow/.local/lib/python3.12/site-packages/airflow/example_dags/example_kubernetes_executor.py took 0.213 seconds
[2026-06-29T08:33:20.011+0000] {processor.py:161} INFO - Started process (PID=580) to work on /home/airflow/.local/lib/python3.12/site-packages/airflow/example_dags/example_kubernetes_executor.py
[2026-06-29T08:33:20.016+0000] {processor.py:830} INFO - Processing file /home/airflow/.local/lib/python3.12/site-packages/airflow/example_dags/example_kubernetes_executor.py for tasks to queue
[2026-06-29T08:33:20.021+0000] {logging_mixin.py:188} INFO - [2026-06-29T08:33:20.020+0000] {dagbag.py:545} INFO - Filling up the DagBag from /home/airflow/.local/lib/python3.12/site-packages/airflow/example_dags/example_kubernetes_executor.py
[2026-06-29T08:33:20.058+0000] {processor.py:840} INFO - DAG(s) 'example_kubernetes_executor' retrieved from /home/airflow/.local/lib/python3.12/site-packages/airflow/example_dags/example_kubernetes_executor.py
[2026-06-29T08:33:20.120+0000] {logging_mixin.py:188} INFO - [2026-06-29T08:33:20.119+0000] {dag.py:3096} INFO - Sync 1 DAGs
[2026-06-29T08:33:20.135+0000] {logging_mixin.py:188} INFO - [2026-06-29T08:33:20.135+0000] {dag.py:3954} INFO - Setting next_dagrun for example_kubernetes_executor to None, run_after=None
[2026-06-29T08:33:20.154+0000] {processor.py:183} INFO - Processing /home/airflow/.local/lib/python3.12/site-packages/airflow/example_dags/example_kubernetes_executor.py took 0.173 seconds
[2026-06-29T08:33:50.892+0000] {processor.py:161} INFO - Started process (PID=638) to work on /home/airflow/.local/lib/python3.12/site-packages/airflow/example_dags/example_kubernetes_executor.py
[2026-06-29T08:33:50.893+0000] {processor.py:830} INFO - Processing file /home/airflow/.local/lib/python3.12/site-packages/airflow/example_dags/example_kubernetes_executor.py for tasks to queue
[2026-06-29T08:33:50.895+0000] {logging_mixin.py:188} INFO - [2026-06-29T08:33:50.895+0000] {dagbag.py:545} INFO - Filling up the DagBag from /home/airflow/.local/lib/python3.12/site-packages/airflow/example_dags/example_kubernetes_executor.py
[2026-06-29T08:33:50.915+0000] {processor.py:840} INFO - DAG(s) 'example_kubernetes_executor' retrieved from /home/airflow/.local/lib/python3.12/site-packages/airflow/example_dags/example_kubernetes_executor.py
[2026-06-29T08:33:50.962+0000] {logging_mixin.py:188} INFO - [2026-06-29T08:33:50.962+0000] {dag.py:3096} INFO - Sync 1 DAGs
[2026-06-29T08:33:50.979+0000] {logging_mixin.py:188} INFO - [2026-06-29T08:33:50.979+0000] {dag.py:3954} INFO - Setting next_dagrun for example_kubernetes_executor to None, run_after=None
[2026-06-29T08:33:50.998+0000] {processor.py:183} INFO - Processing /home/airflow/.local/lib/python3.12/site-packages/airflow/example_dags/example_kubernetes_executor.py took 0.113 seconds
[2026-06-29T08:34:21.067+0000] {processor.py:161} INFO - Started process (PID=697) to work on /home/airflow/.local/lib/python3.12/site-packages/airflow/example_dags/example_kubernetes_executor.py
[2026-06-29T08:34:21.068+0000] {processor.py:830} INFO - Processing file /home/airflow/.local/lib/python3.12/site-packages/airflow/example_dags/example_kubernetes_executor.py for tasks to queue
[2026-06-29T08:34:21.071+0000] {logging_mixin.py:188} INFO - [2026-06-29T08:34:21.071+0000] {dagbag.py:545} INFO - Filling up the DagBag from /home/airflow/.local/lib/python3.12/site-packages/airflow/example_dags/example_kubernetes_executor.py
[2026-06-29T08:34:21.086+0000] {processor.py:840} INFO - DAG(s) 'example_kubernetes_executor' retrieved from /home/airflow/.local/lib/python3.12/site-packages/airflow/example_dags/example_kubernetes_executor.py
[2026-06-29T08:34:21.138+0000] {logging_mixin.py:188} INFO - [2026-06-29T08:34:21.138+0000] {dag.py:3096} INFO - Sync 1 DAGs
[2026-06-29T08:34:21.154+0000] {logging_mixin.py:188} INFO - [2026-06-29T08:34:21.153+0000] {dag.py:3954} INFO - Setting next_dagrun for example_kubernetes_executor to None, run_after=None
[2026-06-29T08:34:21.177+0000] {processor.py:183} INFO - Processing /home/airflow/.local/lib/python3.12/site-packages/airflow/example_dags/example_kubernetes_executor.py took 0.117 seconds
[2026-06-29T08:34:51.531+0000] {processor.py:161} INFO - Started process (PID=756) to work on /home/airflow/.local/lib/python3.12/site-packages/airflow/example_dags/example_kubernetes_executor.py
[2026-06-29T08:34:51.531+0000] {processor.py:830} INFO - Processing file /home/airflow/.local/lib/python3.12/site-packages/airflow/example_dags/example_kubernetes_executor.py for tasks to queue
[2026-06-29T08:34:51.533+0000] {logging_mixin.py:188} INFO - [2026-06-29T08:34:51.533+0000] {dagbag.py:545} INFO - Filling up the DagBag from /home/airflow/.local/lib/python3.12/site-packages/airflow/example_dags/example_kubernetes_executor.py
[2026-06-29T08:34:51.548+0000] {processor.py:840} INFO - DAG(s) 'example_kubernetes_executor' retrieved from /home/airflow/.local/lib/python3.12/site-packages/airflow/example_dags/example_kubernetes_executor.py
[2026-06-29T08:34:51.600+0000] {logging_mixin.py:188} INFO - [2026-06-29T08:34:51.600+0000] {dag.py:3096} INFO - Sync 1 DAGs
[2026-06-29T08:34:51.618+0000] {logging_mixin.py:188} INFO - [2026-06-29T08:34:51.618+0000] {dag.py:3954} INFO - Setting next_dagrun for example_kubernetes_executor to None, run_after=None
[2026-06-29T08:34:51.636+0000] {processor.py:183} INFO - Processing /home/airflow/.local/lib/python3.12/site-packages/airflow/example_dags/example_kubernetes_executor.py took 0.113 seconds
[2026-06-29T08:35:22.075+0000] {processor.py:161} INFO - Started process (PID=815) to work on /home/airflow/.local/lib/python3.12/site-packages/airflow/example_dags/example_kubernetes_executor.py
[2026-06-29T08:35:22.076+0000] {processor.py:830} INFO - Processing file /home/airflow/.local/lib/python3.12/site-packages/airflow/example_dags/example_kubernetes_executor.py for tasks to queue
[2026-06-29T08:35:22.078+0000] {logging_mixin.py:188} INFO - [2026-06-29T08:35:22.078+0000] {dagbag.py:545} INFO - Filling up the DagBag from /home/airflow/.local/lib/python3.12/site-packages/airflow/example_dags/example_kubernetes_executor.py
[2026-06-29T08:35:22.092+0000] {processor.py:840} INFO - DAG(s) 'example_kubernetes_executor' retrieved from /home/airflow/.local/lib/python3.12/site-packages/airflow/example_dags/example_kubernetes_executor.py
[2026-06-29T08:35:22.150+0000] {logging_mixin.py:188} INFO - [2026-06-29T08:35:22.150+0000] {dag.py:3096} INFO - Sync 1 DAGs
[2026-06-29T08:35:22.175+0000] {logging_mixin.py:188} INFO - [2026-06-29T08:35:22.175+0000] {dag.py:3954} INFO - Setting next_dagrun for example_kubernetes_executor to None, run_after=None
[2026-06-29T08:35:22.195+0000] {processor.py:183} INFO - Processing /home/airflow/.local/lib/python3.12/site-packages/airflow/example_dags/example_kubernetes_executor.py took 0.127 seconds
[2026-06-29T08:35:52.522+0000] {processor.py:161} INFO - Started process (PID=874) to work on /home/airflow/.local/lib/python3.12/site-packages/airflow/example_dags/example_kubernetes_executor.py
[2026-06-29T08:35:52.526+0000] {processor.py:830} INFO - Processing file /home/airflow/.local/lib/python3.12/site-packages/airflow/example_dags/example_kubernetes_executor.py for tasks to queue
[2026-06-29T08:35:52.530+0000] {logging_mixin.py:188} INFO - [2026-06-29T08:35:52.530+0000] {dagbag.py:545} INFO - Filling up the DagBag from /home/airflow/.local/lib/python3.12/site-packages/airflow/example_dags/example_kubernetes_executor.py
[2026-06-29T08:35:52.576+0000] {processor.py:840} INFO - DAG(s) 'example_kubernetes_executor' retrieved from /home/airflow/.local/lib/python3.12/site-packages/airflow/example_dags/example_kubernetes_executor.py
[2026-06-29T08:35:52.663+0000] {logging_mixin.py:188} INFO - [2026-06-29T08:35:52.663+0000] {dag.py:3096} INFO - Sync 1 DAGs
[2026-06-29T08:35:52.683+0000] {logging_mixin.py:188} INFO - [2026-06-29T08:35:52.682+0000] {dag.py:3954} INFO - Setting next_dagrun for example_kubernetes_executor to None, run_after=None
[2026-06-29T08:35:52.720+0000] {processor.py:183} INFO - Processing /home/airflow/.local/lib/python3.12/site-packages/airflow/example_dags/example_kubernetes_executor.py took 0.217 seconds
[2026-06-29T08:36:23.390+0000] {processor.py:161} INFO - Started process (PID=933) to work on /home/airflow/.local/lib/python3.12/site-packages/airflow/example_dags/example_kubernetes_executor.py
[2026-06-29T08:36:23.395+0000] {processor.py:830} INFO - Processing file /home/airflow/.local/lib/python3.12/site-packages/airflow/example_dags/example_kubernetes_executor.py for tasks to queue
[2026-06-29T08:36:23.401+0000] {logging_mixin.py:188} INFO - [2026-06-29T08:36:23.401+0000] {dagbag.py:545} INFO - Filling up the DagBag from /home/airflow/.local/lib/python3.12/site-packages/airflow/example_dags/example_kubernetes_executor.py
[2026-06-29T08:36:23.456+0000] {processor.py:840} INFO - DAG(s) 'example_kubernetes_executor' retrieved from /home/airflow/.local/lib/python3.12/site-packages/airflow/example_dags/example_kubernetes_executor.py
[2026-06-29T08:36:23.568+0000] {logging_mixin.py:188} INFO - [2026-06-29T08:36:23.568+0000] {dag.py:3096} INFO - Sync 1 DAGs
[2026-06-29T08:36:23.591+0000] {logging_mixin.py:188} INFO - [2026-06-29T08:36:23.591+0000] {dag.py:3954} INFO - Setting next_dagrun for example_kubernetes_executor to None, run_after=None
[2026-06-29T08:36:23.631+0000] {processor.py:183} INFO - Processing /home/airflow/.local/lib/python3.12/site-packages/airflow/example_dags/example_kubernetes_executor.py took 0.265 seconds
[2026-06-29T08:36:53.694+0000] {processor.py:161} INFO - Started process (PID=991) to work on /home/airflow/.local/lib/python3.12/site-packages/airflow/example_dags/example_kubernetes_executor.py
[2026-06-29T08:36:53.695+0000] {processor.py:830} INFO - Processing file /home/airflow/.local/lib/python3.12/site-packages/airflow/example_dags/example_kubernetes_executor.py for tasks to queue
[2026-06-29T08:36:53.696+0000] {logging_mixin.py:188} INFO - [2026-06-29T08:36:53.696+0000] {dagbag.py:545} INFO - Filling up the DagBag from /home/airflow/.local/lib/python3.12/site-packages/airflow/example_dags/example_kubernetes_executor.py
[2026-06-29T08:36:53.709+0000] {processor.py:840} INFO - DAG(s) 'example_kubernetes_executor' retrieved from /home/airflow/.local/lib/python3.12/site-packages/airflow/example_dags/example_kubernetes_executor.py
[2026-06-29T08:36:53.749+0000] {logging_mixin.py:188} INFO - [2026-06-29T08:36:53.749+0000] {dag.py:3096} INFO - Sync 1 DAGs
[2026-06-29T08:36:53.761+0000] {logging_mixin.py:188} INFO - [2026-06-29T08:36:53.761+0000] {dag.py:3954} INFO - Setting next_dagrun for example_kubernetes_executor to None, run_after=None
[2026-06-29T08:36:53.776+0000] {processor.py:183} INFO - Processing /home/airflow/.local/lib/python3.12/site-packages/airflow/example_dags/example_kubernetes_executor.py took 0.088 seconds
