[2026-06-29T08:29:29.663+0000] {processor.py:161} INFO - Started process (PID=136) to work on /home/airflow/.local/lib/python3.12/site-packages/airflow/example_dags/example_task_group.py
[2026-06-29T08:29:29.664+0000] {processor.py:830} INFO - Processing file /home/airflow/.local/lib/python3.12/site-packages/airflow/example_dags/example_task_group.py for tasks to queue
[2026-06-29T08:29:29.668+0000] {logging_mixin.py:188} INFO - [2026-06-29T08:29:29.666+0000] {dagbag.py:545} INFO - Filling up the DagBag from /home/airflow/.local/lib/python3.12/site-packages/airflow/example_dags/example_task_group.py
[2026-06-29T08:29:29.687+0000] {processor.py:840} INFO - DAG(s) 'example_task_group' retrieved from /home/airflow/.local/lib/python3.12/site-packages/airflow/example_dags/example_task_group.py
[2026-06-29T08:29:30.285+0000] {logging_mixin.py:188} INFO - [2026-06-29T08:29:30.284+0000] {override.py:1829} INFO - Created Permission View: can edit on DAG:example_task_group
[2026-06-29T08:29:30.322+0000] {logging_mixin.py:188} INFO - [2026-06-29T08:29:30.322+0000] {override.py:1829} INFO - Created Permission View: can read on DAG:example_task_group
[2026-06-29T08:29:30.347+0000] {logging_mixin.py:188} INFO - [2026-06-29T08:29:30.347+0000] {override.py:1829} INFO - Created Permission View: can delete on DAG:example_task_group
[2026-06-29T08:29:30.347+0000] {logging_mixin.py:188} INFO - [2026-06-29T08:29:30.347+0000] {dag.py:3096} INFO - Sync 1 DAGs
[2026-06-29T08:29:30.411+0000] {logging_mixin.py:188} INFO - [2026-06-29T08:29:30.411+0000] {dag.py:3118} INFO - Creating ORM DAG for example_task_group
[2026-06-29T08:29:30.481+0000] {logging_mixin.py:188} INFO - [2026-06-29T08:29:30.480+0000] {dag.py:3954} INFO - Setting next_dagrun for example_task_group to 2026-06-28 00:00:00+00:00, run_after=2026-06-29 00:00:00+00:00
[2026-06-29T08:29:30.609+0000] {processor.py:183} INFO - Processing /home/airflow/.local/lib/python3.12/site-packages/airflow/example_dags/example_task_group.py took 0.954 seconds
[2026-06-29T08:30:00.841+0000] {processor.py:161} INFO - Started process (PID=195) to work on /home/airflow/.local/lib/python3.12/site-packages/airflow/example_dags/example_task_group.py
[2026-06-29T08:30:00.842+0000] {processor.py:830} INFO - Processing file /home/airflow/.local/lib/python3.12/site-packages/airflow/example_dags/example_task_group.py for tasks to queue
[2026-06-29T08:30:00.843+0000] {logging_mixin.py:188} INFO - [2026-06-29T08:30:00.843+0000] {dagbag.py:545} INFO - Filling up the DagBag from /home/airflow/.local/lib/python3.12/site-packages/airflow/example_dags/example_task_group.py
[2026-06-29T08:30:00.850+0000] {processor.py:840} INFO - DAG(s) 'example_task_group' retrieved from /home/airflow/.local/lib/python3.12/site-packages/airflow/example_dags/example_task_group.py
[2026-06-29T08:30:00.870+0000] {logging_mixin.py:188} INFO - [2026-06-29T08:30:00.869+0000] {dag.py:3096} INFO - Sync 1 DAGs
[2026-06-29T08:30:00.891+0000] {logging_mixin.py:188} INFO - [2026-06-29T08:30:00.891+0000] {dag.py:3954} INFO - Setting next_dagrun for example_task_group to 2026-06-28 00:00:00+00:00, run_after=2026-06-29 00:00:00+00:00
[2026-06-29T08:30:00.913+0000] {processor.py:183} INFO - Processing /home/airflow/.local/lib/python3.12/site-packages/airflow/example_dags/example_task_group.py took 0.078 seconds
[2026-06-29T08:30:31.568+0000] {processor.py:161} INFO - Started process (PID=254) to work on /home/airflow/.local/lib/python3.12/site-packages/airflow/example_dags/example_task_group.py
[2026-06-29T08:30:31.571+0000] {processor.py:830} INFO - Processing file /home/airflow/.local/lib/python3.12/site-packages/airflow/example_dags/example_task_group.py for tasks to queue
[2026-06-29T08:30:31.576+0000] {logging_mixin.py:188} INFO - [2026-06-29T08:30:31.575+0000] {dagbag.py:545} INFO - Filling up the DagBag from /home/airflow/.local/lib/python3.12/site-packages/airflow/example_dags/example_task_group.py
[2026-06-29T08:30:31.592+0000] {processor.py:840} INFO - DAG(s) 'example_task_group' retrieved from /home/airflow/.local/lib/python3.12/site-packages/airflow/example_dags/example_task_group.py
[2026-06-29T08:30:31.650+0000] {logging_mixin.py:188} INFO - [2026-06-29T08:30:31.648+0000] {dag.py:3096} INFO - Sync 1 DAGs
[2026-06-29T08:30:31.702+0000] {logging_mixin.py:188} INFO - [2026-06-29T08:30:31.701+0000] {dag.py:3954} INFO - Setting next_dagrun for example_task_group to 2026-06-28 00:00:00+00:00, run_after=2026-06-29 00:00:00+00:00
[2026-06-29T08:30:31.745+0000] {processor.py:183} INFO - Processing /home/airflow/.local/lib/python3.12/site-packages/airflow/example_dags/example_task_group.py took 0.193 seconds
[2026-06-29T08:31:02.313+0000] {processor.py:161} INFO - Started process (PID=313) to work on /home/airflow/.local/lib/python3.12/site-packages/airflow/example_dags/example_task_group.py
[2026-06-29T08:31:02.318+0000] {processor.py:830} INFO - Processing file /home/airflow/.local/lib/python3.12/site-packages/airflow/example_dags/example_task_group.py for tasks to queue
[2026-06-29T08:31:02.326+0000] {logging_mixin.py:188} INFO - [2026-06-29T08:31:02.326+0000] {dagbag.py:545} INFO - Filling up the DagBag from /home/airflow/.local/lib/python3.12/site-packages/airflow/example_dags/example_task_group.py
[2026-06-29T08:31:02.360+0000] {processor.py:840} INFO - DAG(s) 'example_task_group' retrieved from /home/airflow/.local/lib/python3.12/site-packages/airflow/example_dags/example_task_group.py
[2026-06-29T08:31:02.524+0000] {logging_mixin.py:188} INFO - [2026-06-29T08:31:02.523+0000] {dag.py:3096} INFO - Sync 1 DAGs
[2026-06-29T08:31:02.632+0000] {logging_mixin.py:188} INFO - [2026-06-29T08:31:02.631+0000] {dag.py:3954} INFO - Setting next_dagrun for example_task_group to 2026-06-28 00:00:00+00:00, run_after=2026-06-29 00:00:00+00:00
[2026-06-29T08:31:02.744+0000] {processor.py:183} INFO - Processing /home/airflow/.local/lib/python3.12/site-packages/airflow/example_dags/example_task_group.py took 0.451 seconds
[2026-06-29T08:31:33.399+0000] {processor.py:161} INFO - Started process (PID=372) to work on /home/airflow/.local/lib/python3.12/site-packages/airflow/example_dags/example_task_group.py
[2026-06-29T08:31:33.400+0000] {processor.py:830} INFO - Processing file /home/airflow/.local/lib/python3.12/site-packages/airflow/example_dags/example_task_group.py for tasks to queue
[2026-06-29T08:31:33.402+0000] {logging_mixin.py:188} INFO - [2026-06-29T08:31:33.401+0000] {dagbag.py:545} INFO - Filling up the DagBag from /home/airflow/.local/lib/python3.12/site-packages/airflow/example_dags/example_task_group.py
[2026-06-29T08:31:33.410+0000] {processor.py:840} INFO - DAG(s) 'example_task_group' retrieved from /home/airflow/.local/lib/python3.12/site-packages/airflow/example_dags/example_task_group.py
[2026-06-29T08:31:33.438+0000] {logging_mixin.py:188} INFO - [2026-06-29T08:31:33.438+0000] {dag.py:3096} INFO - Sync 1 DAGs
[2026-06-29T08:31:33.464+0000] {logging_mixin.py:188} INFO - [2026-06-29T08:31:33.464+0000] {dag.py:3954} INFO - Setting next_dagrun for example_task_group to 2026-06-28 00:00:00+00:00, run_after=2026-06-29 00:00:00+00:00
[2026-06-29T08:31:33.492+0000] {processor.py:183} INFO - Processing /home/airflow/.local/lib/python3.12/site-packages/airflow/example_dags/example_task_group.py took 0.100 seconds
[2026-06-29T08:32:04.078+0000] {processor.py:161} INFO - Started process (PID=431) to work on /home/airflow/.local/lib/python3.12/site-packages/airflow/example_dags/example_task_group.py
[2026-06-29T08:32:04.085+0000] {processor.py:830} INFO - Processing file /home/airflow/.local/lib/python3.12/site-packages/airflow/example_dags/example_task_group.py for tasks to queue
[2026-06-29T08:32:04.093+0000] {logging_mixin.py:188} INFO - [2026-06-29T08:32:04.093+0000] {dagbag.py:545} INFO - Filling up the DagBag from /home/airflow/.local/lib/python3.12/site-packages/airflow/example_dags/example_task_group.py
[2026-06-29T08:32:04.145+0000] {processor.py:840} INFO - DAG(s) 'example_task_group' retrieved from /home/airflow/.local/lib/python3.12/site-packages/airflow/example_dags/example_task_group.py
[2026-06-29T08:32:04.231+0000] {logging_mixin.py:188} INFO - [2026-06-29T08:32:04.230+0000] {dag.py:3096} INFO - Sync 1 DAGs
[2026-06-29T08:32:04.267+0000] {logging_mixin.py:188} INFO - [2026-06-29T08:32:04.267+0000] {dag.py:3954} INFO - Setting next_dagrun for example_task_group to 2026-06-28 00:00:00+00:00, run_after=2026-06-29 00:00:00+00:00
[2026-06-29T08:32:04.329+0000] {processor.py:183} INFO - Processing /home/airflow/.local/lib/python3.12/site-packages/airflow/example_dags/example_task_group.py took 0.276 seconds
[2026-06-29T08:32:34.714+0000] {processor.py:161} INFO - Started process (PID=490) to work on /home/airflow/.local/lib/python3.12/site-packages/airflow/example_dags/example_task_group.py
[2026-06-29T08:32:34.715+0000] {processor.py:830} INFO - Processing file /home/airflow/.local/lib/python3.12/site-packages/airflow/example_dags/example_task_group.py for tasks to queue
[2026-06-29T08:32:34.717+0000] {logging_mixin.py:188} INFO - [2026-06-29T08:32:34.716+0000] {dagbag.py:545} INFO - Filling up the DagBag from /home/airflow/.local/lib/python3.12/site-packages/airflow/example_dags/example_task_group.py
[2026-06-29T08:32:34.725+0000] {processor.py:840} INFO - DAG(s) 'example_task_group' retrieved from /home/airflow/.local/lib/python3.12/site-packages/airflow/example_dags/example_task_group.py
[2026-06-29T08:32:34.754+0000] {logging_mixin.py:188} INFO - [2026-06-29T08:32:34.754+0000] {dag.py:3096} INFO - Sync 1 DAGs
[2026-06-29T08:32:34.780+0000] {logging_mixin.py:188} INFO - [2026-06-29T08:32:34.780+0000] {dag.py:3954} INFO - Setting next_dagrun for example_task_group to 2026-06-28 00:00:00+00:00, run_after=2026-06-29 00:00:00+00:00
[2026-06-29T08:32:34.802+0000] {processor.py:183} INFO - Processing /home/airflow/.local/lib/python3.12/site-packages/airflow/example_dags/example_task_group.py took 0.095 seconds
[2026-06-29T08:33:05.151+0000] {processor.py:161} INFO - Started process (PID=549) to work on /home/airflow/.local/lib/python3.12/site-packages/airflow/example_dags/example_task_group.py
[2026-06-29T08:33:05.152+0000] {processor.py:830} INFO - Processing file /home/airflow/.local/lib/python3.12/site-packages/airflow/example_dags/example_task_group.py for tasks to queue
[2026-06-29T08:33:05.154+0000] {logging_mixin.py:188} INFO - [2026-06-29T08:33:05.154+0000] {dagbag.py:545} INFO - Filling up the DagBag from /home/airflow/.local/lib/python3.12/site-packages/airflow/example_dags/example_task_group.py
[2026-06-29T08:33:05.163+0000] {processor.py:840} INFO - DAG(s) 'example_task_group' retrieved from /home/airflow/.local/lib/python3.12/site-packages/airflow/example_dags/example_task_group.py
[2026-06-29T08:33:05.191+0000] {logging_mixin.py:188} INFO - [2026-06-29T08:33:05.190+0000] {dag.py:3096} INFO - Sync 1 DAGs
[2026-06-29T08:33:05.217+0000] {logging_mixin.py:188} INFO - [2026-06-29T08:33:05.217+0000] {dag.py:3954} INFO - Setting next_dagrun for example_task_group to 2026-06-28 00:00:00+00:00, run_after=2026-06-29 00:00:00+00:00
[2026-06-29T08:33:05.242+0000] {processor.py:183} INFO - Processing /home/airflow/.local/lib/python3.12/site-packages/airflow/example_dags/example_task_group.py took 0.098 seconds
[2026-06-29T08:33:35.622+0000] {processor.py:161} INFO - Started process (PID=609) to work on /home/airflow/.local/lib/python3.12/site-packages/airflow/example_dags/example_task_group.py
[2026-06-29T08:33:35.623+0000] {processor.py:830} INFO - Processing file /home/airflow/.local/lib/python3.12/site-packages/airflow/example_dags/example_task_group.py for tasks to queue
[2026-06-29T08:33:35.625+0000] {logging_mixin.py:188} INFO - [2026-06-29T08:33:35.625+0000] {dagbag.py:545} INFO - Filling up the DagBag from /home/airflow/.local/lib/python3.12/site-packages/airflow/example_dags/example_task_group.py
[2026-06-29T08:33:35.634+0000] {processor.py:840} INFO - DAG(s) 'example_task_group' retrieved from /home/airflow/.local/lib/python3.12/site-packages/airflow/example_dags/example_task_group.py
[2026-06-29T08:33:35.664+0000] {logging_mixin.py:188} INFO - [2026-06-29T08:33:35.664+0000] {dag.py:3096} INFO - Sync 1 DAGs
[2026-06-29T08:33:35.726+0000] {logging_mixin.py:188} INFO - [2026-06-29T08:33:35.726+0000] {dag.py:3954} INFO - Setting next_dagrun for example_task_group to 2026-06-28 00:00:00+00:00, run_after=2026-06-29 00:00:00+00:00
[2026-06-29T08:33:35.758+0000] {processor.py:183} INFO - Processing /home/airflow/.local/lib/python3.12/site-packages/airflow/example_dags/example_task_group.py took 0.144 seconds
[2026-06-29T08:34:05.914+0000] {processor.py:161} INFO - Started process (PID=668) to work on /home/airflow/.local/lib/python3.12/site-packages/airflow/example_dags/example_task_group.py
[2026-06-29T08:34:05.921+0000] {processor.py:830} INFO - Processing file /home/airflow/.local/lib/python3.12/site-packages/airflow/example_dags/example_task_group.py for tasks to queue
[2026-06-29T08:34:05.929+0000] {logging_mixin.py:188} INFO - [2026-06-29T08:34:05.928+0000] {dagbag.py:545} INFO - Filling up the DagBag from /home/airflow/.local/lib/python3.12/site-packages/airflow/example_dags/example_task_group.py
[2026-06-29T08:34:05.974+0000] {processor.py:840} INFO - DAG(s) 'example_task_group' retrieved from /home/airflow/.local/lib/python3.12/site-packages/airflow/example_dags/example_task_group.py
[2026-06-29T08:34:06.070+0000] {logging_mixin.py:188} INFO - [2026-06-29T08:34:06.070+0000] {dag.py:3096} INFO - Sync 1 DAGs
[2026-06-29T08:34:06.176+0000] {logging_mixin.py:188} INFO - [2026-06-29T08:34:06.175+0000] {dag.py:3954} INFO - Setting next_dagrun for example_task_group to 2026-06-28 00:00:00+00:00, run_after=2026-06-29 00:00:00+00:00
[2026-06-29T08:34:06.259+0000] {processor.py:183} INFO - Processing /home/airflow/.local/lib/python3.12/site-packages/airflow/example_dags/example_task_group.py took 0.361 seconds
[2026-06-29T08:34:36.708+0000] {processor.py:161} INFO - Started process (PID=727) to work on /home/airflow/.local/lib/python3.12/site-packages/airflow/example_dags/example_task_group.py
[2026-06-29T08:34:36.711+0000] {processor.py:830} INFO - Processing file /home/airflow/.local/lib/python3.12/site-packages/airflow/example_dags/example_task_group.py for tasks to queue
[2026-06-29T08:34:36.716+0000] {logging_mixin.py:188} INFO - [2026-06-29T08:34:36.715+0000] {dagbag.py:545} INFO - Filling up the DagBag from /home/airflow/.local/lib/python3.12/site-packages/airflow/example_dags/example_task_group.py
[2026-06-29T08:34:36.735+0000] {processor.py:840} INFO - DAG(s) 'example_task_group' retrieved from /home/airflow/.local/lib/python3.12/site-packages/airflow/example_dags/example_task_group.py
[2026-06-29T08:34:36.806+0000] {logging_mixin.py:188} INFO - [2026-06-29T08:34:36.806+0000] {dag.py:3096} INFO - Sync 1 DAGs
[2026-06-29T08:34:36.884+0000] {logging_mixin.py:188} INFO - [2026-06-29T08:34:36.884+0000] {dag.py:3954} INFO - Setting next_dagrun for example_task_group to 2026-06-28 00:00:00+00:00, run_after=2026-06-29 00:00:00+00:00
[2026-06-29T08:34:36.904+0000] {processor.py:183} INFO - Processing /home/airflow/.local/lib/python3.12/site-packages/airflow/example_dags/example_task_group.py took 0.212 seconds
[2026-06-29T08:35:06.998+0000] {processor.py:161} INFO - Started process (PID=786) to work on /home/airflow/.local/lib/python3.12/site-packages/airflow/example_dags/example_task_group.py
[2026-06-29T08:35:06.998+0000] {processor.py:830} INFO - Processing file /home/airflow/.local/lib/python3.12/site-packages/airflow/example_dags/example_task_group.py for tasks to queue
[2026-06-29T08:35:07.003+0000] {logging_mixin.py:188} INFO - [2026-06-29T08:35:07.002+0000] {dagbag.py:545} INFO - Filling up the DagBag from /home/airflow/.local/lib/python3.12/site-packages/airflow/example_dags/example_task_group.py
[2026-06-29T08:35:07.021+0000] {processor.py:840} INFO - DAG(s) 'example_task_group' retrieved from /home/airflow/.local/lib/python3.12/site-packages/airflow/example_dags/example_task_group.py
[2026-06-29T08:35:07.096+0000] {logging_mixin.py:188} INFO - [2026-06-29T08:35:07.096+0000] {dag.py:3096} INFO - Sync 1 DAGs
[2026-06-29T08:35:07.157+0000] {logging_mixin.py:188} INFO - [2026-06-29T08:35:07.156+0000] {dag.py:3954} INFO - Setting next_dagrun for example_task_group to 2026-06-28 00:00:00+00:00, run_after=2026-06-29 00:00:00+00:00
[2026-06-29T08:35:07.184+0000] {processor.py:183} INFO - Processing /home/airflow/.local/lib/python3.12/site-packages/airflow/example_dags/example_task_group.py took 0.202 seconds
[2026-06-29T08:35:37.537+0000] {processor.py:161} INFO - Started process (PID=845) to work on /home/airflow/.local/lib/python3.12/site-packages/airflow/example_dags/example_task_group.py
[2026-06-29T08:35:37.538+0000] {processor.py:830} INFO - Processing file /home/airflow/.local/lib/python3.12/site-packages/airflow/example_dags/example_task_group.py for tasks to queue
[2026-06-29T08:35:37.540+0000] {logging_mixin.py:188} INFO - [2026-06-29T08:35:37.540+0000] {dagbag.py:545} INFO - Filling up the DagBag from /home/airflow/.local/lib/python3.12/site-packages/airflow/example_dags/example_task_group.py
[2026-06-29T08:35:37.549+0000] {processor.py:840} INFO - DAG(s) 'example_task_group' retrieved from /home/airflow/.local/lib/python3.12/site-packages/airflow/example_dags/example_task_group.py
[2026-06-29T08:35:37.573+0000] {logging_mixin.py:188} INFO - [2026-06-29T08:35:37.573+0000] {dag.py:3096} INFO - Sync 1 DAGs
[2026-06-29T08:35:37.599+0000] {logging_mixin.py:188} INFO - [2026-06-29T08:35:37.599+0000] {dag.py:3954} INFO - Setting next_dagrun for example_task_group to 2026-06-28 00:00:00+00:00, run_after=2026-06-29 00:00:00+00:00
[2026-06-29T08:35:37.619+0000] {processor.py:183} INFO - Processing /home/airflow/.local/lib/python3.12/site-packages/airflow/example_dags/example_task_group.py took 0.092 seconds
[2026-06-29T08:36:08.074+0000] {processor.py:161} INFO - Started process (PID=904) to work on /home/airflow/.local/lib/python3.12/site-packages/airflow/example_dags/example_task_group.py
[2026-06-29T08:36:08.074+0000] {processor.py:830} INFO - Processing file /home/airflow/.local/lib/python3.12/site-packages/airflow/example_dags/example_task_group.py for tasks to queue
[2026-06-29T08:36:08.077+0000] {logging_mixin.py:188} INFO - [2026-06-29T08:36:08.076+0000] {dagbag.py:545} INFO - Filling up the DagBag from /home/airflow/.local/lib/python3.12/site-packages/airflow/example_dags/example_task_group.py
[2026-06-29T08:36:08.085+0000] {processor.py:840} INFO - DAG(s) 'example_task_group' retrieved from /home/airflow/.local/lib/python3.12/site-packages/airflow/example_dags/example_task_group.py
[2026-06-29T08:36:08.110+0000] {logging_mixin.py:188} INFO - [2026-06-29T08:36:08.109+0000] {dag.py:3096} INFO - Sync 1 DAGs
[2026-06-29T08:36:08.136+0000] {logging_mixin.py:188} INFO - [2026-06-29T08:36:08.136+0000] {dag.py:3954} INFO - Setting next_dagrun for example_task_group to 2026-06-28 00:00:00+00:00, run_after=2026-06-29 00:00:00+00:00
[2026-06-29T08:36:08.156+0000] {processor.py:183} INFO - Processing /home/airflow/.local/lib/python3.12/site-packages/airflow/example_dags/example_task_group.py took 0.095 seconds
[2026-06-29T08:36:38.934+0000] {processor.py:161} INFO - Started process (PID=963) to work on /home/airflow/.local/lib/python3.12/site-packages/airflow/example_dags/example_task_group.py
[2026-06-29T08:36:38.935+0000] {processor.py:830} INFO - Processing file /home/airflow/.local/lib/python3.12/site-packages/airflow/example_dags/example_task_group.py for tasks to queue
[2026-06-29T08:36:38.937+0000] {logging_mixin.py:188} INFO - [2026-06-29T08:36:38.936+0000] {dagbag.py:545} INFO - Filling up the DagBag from /home/airflow/.local/lib/python3.12/site-packages/airflow/example_dags/example_task_group.py
[2026-06-29T08:36:38.945+0000] {processor.py:840} INFO - DAG(s) 'example_task_group' retrieved from /home/airflow/.local/lib/python3.12/site-packages/airflow/example_dags/example_task_group.py
[2026-06-29T08:36:38.969+0000] {logging_mixin.py:188} INFO - [2026-06-29T08:36:38.969+0000] {dag.py:3096} INFO - Sync 1 DAGs
[2026-06-29T08:36:38.999+0000] {logging_mixin.py:188} INFO - [2026-06-29T08:36:38.998+0000] {dag.py:3954} INFO - Setting next_dagrun for example_task_group to 2026-06-28 00:00:00+00:00, run_after=2026-06-29 00:00:00+00:00
[2026-06-29T08:36:39.018+0000] {processor.py:183} INFO - Processing /home/airflow/.local/lib/python3.12/site-packages/airflow/example_dags/example_task_group.py took 0.094 seconds
[2026-06-29T08:37:09.356+0000] {processor.py:161} INFO - Started process (PID=1022) to work on /home/airflow/.local/lib/python3.12/site-packages/airflow/example_dags/example_task_group.py
[2026-06-29T08:37:09.364+0000] {processor.py:830} INFO - Processing file /home/airflow/.local/lib/python3.12/site-packages/airflow/example_dags/example_task_group.py for tasks to queue
[2026-06-29T08:37:09.380+0000] {logging_mixin.py:188} INFO - [2026-06-29T08:37:09.378+0000] {dagbag.py:545} INFO - Filling up the DagBag from /home/airflow/.local/lib/python3.12/site-packages/airflow/example_dags/example_task_group.py
[2026-06-29T08:37:09.408+0000] {processor.py:840} INFO - DAG(s) 'example_task_group' retrieved from /home/airflow/.local/lib/python3.12/site-packages/airflow/example_dags/example_task_group.py
[2026-06-29T08:37:09.435+0000] {logging_mixin.py:188} INFO - [2026-06-29T08:37:09.435+0000] {dag.py:3096} INFO - Sync 1 DAGs
[2026-06-29T08:37:09.456+0000] {logging_mixin.py:188} INFO - [2026-06-29T08:37:09.456+0000] {dag.py:3954} INFO - Setting next_dagrun for example_task_group to 2026-06-28 00:00:00+00:00, run_after=2026-06-29 00:00:00+00:00
[2026-06-29T08:37:09.471+0000] {processor.py:183} INFO - Processing /home/airflow/.local/lib/python3.12/site-packages/airflow/example_dags/example_task_group.py took 0.147 seconds
