[2026-06-29T08:29:08.955+0000] {processor.py:161} INFO - Started process (PID=103) to work on /home/airflow/.local/lib/python3.12/site-packages/airflow/example_dags/example_latest_only_with_trigger.py
[2026-06-29T08:29:08.963+0000] {processor.py:830} INFO - Processing file /home/airflow/.local/lib/python3.12/site-packages/airflow/example_dags/example_latest_only_with_trigger.py for tasks to queue
[2026-06-29T08:29:08.972+0000] {logging_mixin.py:188} INFO - [2026-06-29T08:29:08.971+0000] {dagbag.py:545} INFO - Filling up the DagBag from /home/airflow/.local/lib/python3.12/site-packages/airflow/example_dags/example_latest_only_with_trigger.py
[2026-06-29T08:29:09.004+0000] {processor.py:840} INFO - DAG(s) 'latest_only_with_trigger' retrieved from /home/airflow/.local/lib/python3.12/site-packages/airflow/example_dags/example_latest_only_with_trigger.py
[2026-06-29T08:29:10.426+0000] {logging_mixin.py:188} INFO - [2026-06-29T08:29:10.425+0000] {override.py:1829} INFO - Created Permission View: can edit on DAG:latest_only_with_trigger
[2026-06-29T08:29:10.487+0000] {logging_mixin.py:188} INFO - [2026-06-29T08:29:10.486+0000] {override.py:1829} INFO - Created Permission View: can read on DAG:latest_only_with_trigger
[2026-06-29T08:29:10.513+0000] {logging_mixin.py:188} INFO - [2026-06-29T08:29:10.513+0000] {override.py:1829} INFO - Created Permission View: can delete on DAG:latest_only_with_trigger
[2026-06-29T08:29:10.514+0000] {logging_mixin.py:188} INFO - [2026-06-29T08:29:10.514+0000] {dag.py:3096} INFO - Sync 1 DAGs
[2026-06-29T08:29:10.560+0000] {logging_mixin.py:188} INFO - [2026-06-29T08:29:10.553+0000] {dag.py:3118} INFO - Creating ORM DAG for latest_only_with_trigger
[2026-06-29T08:29:10.592+0000] {logging_mixin.py:188} INFO - [2026-06-29T08:29:10.591+0000] {dag.py:3954} INFO - Setting next_dagrun for latest_only_with_trigger to 2026-06-29 04:00:00+00:00, run_after=2026-06-29 08:00:00+00:00
[2026-06-29T08:29:10.670+0000] {processor.py:183} INFO - Processing /home/airflow/.local/lib/python3.12/site-packages/airflow/example_dags/example_latest_only_with_trigger.py took 1.751 seconds
[2026-06-29T08:29:40.783+0000] {processor.py:161} INFO - Started process (PID=160) to work on /home/airflow/.local/lib/python3.12/site-packages/airflow/example_dags/example_latest_only_with_trigger.py
[2026-06-29T08:29:40.785+0000] {processor.py:830} INFO - Processing file /home/airflow/.local/lib/python3.12/site-packages/airflow/example_dags/example_latest_only_with_trigger.py for tasks to queue
[2026-06-29T08:29:40.787+0000] {logging_mixin.py:188} INFO - [2026-06-29T08:29:40.787+0000] {dagbag.py:545} INFO - Filling up the DagBag from /home/airflow/.local/lib/python3.12/site-packages/airflow/example_dags/example_latest_only_with_trigger.py
[2026-06-29T08:29:40.793+0000] {processor.py:840} INFO - DAG(s) 'latest_only_with_trigger' retrieved from /home/airflow/.local/lib/python3.12/site-packages/airflow/example_dags/example_latest_only_with_trigger.py
[2026-06-29T08:29:40.819+0000] {logging_mixin.py:188} INFO - [2026-06-29T08:29:40.819+0000] {dag.py:3096} INFO - Sync 1 DAGs
[2026-06-29T08:29:40.850+0000] {logging_mixin.py:188} INFO - [2026-06-29T08:29:40.850+0000] {dag.py:3954} INFO - Setting next_dagrun for latest_only_with_trigger to 2026-06-29 04:00:00+00:00, run_after=2026-06-29 08:00:00+00:00
[2026-06-29T08:29:40.880+0000] {processor.py:183} INFO - Processing /home/airflow/.local/lib/python3.12/site-packages/airflow/example_dags/example_latest_only_with_trigger.py took 0.107 seconds
[2026-06-29T08:30:11.264+0000] {processor.py:161} INFO - Started process (PID=220) to work on /home/airflow/.local/lib/python3.12/site-packages/airflow/example_dags/example_latest_only_with_trigger.py
[2026-06-29T08:30:11.265+0000] {processor.py:830} INFO - Processing file /home/airflow/.local/lib/python3.12/site-packages/airflow/example_dags/example_latest_only_with_trigger.py for tasks to queue
[2026-06-29T08:30:11.267+0000] {logging_mixin.py:188} INFO - [2026-06-29T08:30:11.266+0000] {dagbag.py:545} INFO - Filling up the DagBag from /home/airflow/.local/lib/python3.12/site-packages/airflow/example_dags/example_latest_only_with_trigger.py
[2026-06-29T08:30:11.274+0000] {processor.py:840} INFO - DAG(s) 'latest_only_with_trigger' retrieved from /home/airflow/.local/lib/python3.12/site-packages/airflow/example_dags/example_latest_only_with_trigger.py
[2026-06-29T08:30:11.302+0000] {logging_mixin.py:188} INFO - [2026-06-29T08:30:11.302+0000] {dag.py:3096} INFO - Sync 1 DAGs
[2026-06-29T08:30:11.330+0000] {logging_mixin.py:188} INFO - [2026-06-29T08:30:11.330+0000] {dag.py:3954} INFO - Setting next_dagrun for latest_only_with_trigger to 2026-06-29 04:00:00+00:00, run_after=2026-06-29 08:00:00+00:00
[2026-06-29T08:30:11.349+0000] {processor.py:183} INFO - Processing /home/airflow/.local/lib/python3.12/site-packages/airflow/example_dags/example_latest_only_with_trigger.py took 0.099 seconds
[2026-06-29T08:30:41.749+0000] {processor.py:161} INFO - Started process (PID=279) to work on /home/airflow/.local/lib/python3.12/site-packages/airflow/example_dags/example_latest_only_with_trigger.py
[2026-06-29T08:30:41.750+0000] {processor.py:830} INFO - Processing file /home/airflow/.local/lib/python3.12/site-packages/airflow/example_dags/example_latest_only_with_trigger.py for tasks to queue
[2026-06-29T08:30:41.752+0000] {logging_mixin.py:188} INFO - [2026-06-29T08:30:41.752+0000] {dagbag.py:545} INFO - Filling up the DagBag from /home/airflow/.local/lib/python3.12/site-packages/airflow/example_dags/example_latest_only_with_trigger.py
[2026-06-29T08:30:41.759+0000] {processor.py:840} INFO - DAG(s) 'latest_only_with_trigger' retrieved from /home/airflow/.local/lib/python3.12/site-packages/airflow/example_dags/example_latest_only_with_trigger.py
[2026-06-29T08:30:41.786+0000] {logging_mixin.py:188} INFO - [2026-06-29T08:30:41.786+0000] {dag.py:3096} INFO - Sync 1 DAGs
[2026-06-29T08:30:41.813+0000] {logging_mixin.py:188} INFO - [2026-06-29T08:30:41.812+0000] {dag.py:3954} INFO - Setting next_dagrun for latest_only_with_trigger to 2026-06-29 04:00:00+00:00, run_after=2026-06-29 08:00:00+00:00
[2026-06-29T08:30:41.833+0000] {processor.py:183} INFO - Processing /home/airflow/.local/lib/python3.12/site-packages/airflow/example_dags/example_latest_only_with_trigger.py took 0.090 seconds
[2026-06-29T08:31:12.293+0000] {processor.py:161} INFO - Started process (PID=338) to work on /home/airflow/.local/lib/python3.12/site-packages/airflow/example_dags/example_latest_only_with_trigger.py
[2026-06-29T08:31:12.294+0000] {processor.py:830} INFO - Processing file /home/airflow/.local/lib/python3.12/site-packages/airflow/example_dags/example_latest_only_with_trigger.py for tasks to queue
[2026-06-29T08:31:12.296+0000] {logging_mixin.py:188} INFO - [2026-06-29T08:31:12.296+0000] {dagbag.py:545} INFO - Filling up the DagBag from /home/airflow/.local/lib/python3.12/site-packages/airflow/example_dags/example_latest_only_with_trigger.py
[2026-06-29T08:31:12.303+0000] {processor.py:840} INFO - DAG(s) 'latest_only_with_trigger' retrieved from /home/airflow/.local/lib/python3.12/site-packages/airflow/example_dags/example_latest_only_with_trigger.py
[2026-06-29T08:31:12.327+0000] {logging_mixin.py:188} INFO - [2026-06-29T08:31:12.327+0000] {dag.py:3096} INFO - Sync 1 DAGs
[2026-06-29T08:31:12.354+0000] {logging_mixin.py:188} INFO - [2026-06-29T08:31:12.353+0000] {dag.py:3954} INFO - Setting next_dagrun for latest_only_with_trigger to 2026-06-29 04:00:00+00:00, run_after=2026-06-29 08:00:00+00:00
[2026-06-29T08:31:12.376+0000] {processor.py:183} INFO - Processing /home/airflow/.local/lib/python3.12/site-packages/airflow/example_dags/example_latest_only_with_trigger.py took 0.090 seconds
[2026-06-29T08:31:43.170+0000] {processor.py:161} INFO - Started process (PID=395) to work on /home/airflow/.local/lib/python3.12/site-packages/airflow/example_dags/example_latest_only_with_trigger.py
[2026-06-29T08:31:43.172+0000] {processor.py:830} INFO - Processing file /home/airflow/.local/lib/python3.12/site-packages/airflow/example_dags/example_latest_only_with_trigger.py for tasks to queue
[2026-06-29T08:31:43.180+0000] {logging_mixin.py:188} INFO - [2026-06-29T08:31:43.179+0000] {dagbag.py:545} INFO - Filling up the DagBag from /home/airflow/.local/lib/python3.12/site-packages/airflow/example_dags/example_latest_only_with_trigger.py
[2026-06-29T08:31:43.202+0000] {processor.py:840} INFO - DAG(s) 'latest_only_with_trigger' retrieved from /home/airflow/.local/lib/python3.12/site-packages/airflow/example_dags/example_latest_only_with_trigger.py
[2026-06-29T08:31:43.324+0000] {logging_mixin.py:188} INFO - [2026-06-29T08:31:43.323+0000] {dag.py:3096} INFO - Sync 1 DAGs
[2026-06-29T08:31:43.396+0000] {logging_mixin.py:188} INFO - [2026-06-29T08:31:43.395+0000] {dag.py:3954} INFO - Setting next_dagrun for latest_only_with_trigger to 2026-06-29 04:00:00+00:00, run_after=2026-06-29 08:00:00+00:00
[2026-06-29T08:31:43.465+0000] {processor.py:183} INFO - Processing /home/airflow/.local/lib/python3.12/site-packages/airflow/example_dags/example_latest_only_with_trigger.py took 0.319 seconds
[2026-06-29T08:32:13.806+0000] {processor.py:161} INFO - Started process (PID=454) to work on /home/airflow/.local/lib/python3.12/site-packages/airflow/example_dags/example_latest_only_with_trigger.py
[2026-06-29T08:32:13.808+0000] {processor.py:830} INFO - Processing file /home/airflow/.local/lib/python3.12/site-packages/airflow/example_dags/example_latest_only_with_trigger.py for tasks to queue
[2026-06-29T08:32:13.813+0000] {logging_mixin.py:188} INFO - [2026-06-29T08:32:13.813+0000] {dagbag.py:545} INFO - Filling up the DagBag from /home/airflow/.local/lib/python3.12/site-packages/airflow/example_dags/example_latest_only_with_trigger.py
[2026-06-29T08:32:13.839+0000] {processor.py:840} INFO - DAG(s) 'latest_only_with_trigger' retrieved from /home/airflow/.local/lib/python3.12/site-packages/airflow/example_dags/example_latest_only_with_trigger.py
[2026-06-29T08:32:13.905+0000] {logging_mixin.py:188} INFO - [2026-06-29T08:32:13.904+0000] {dag.py:3096} INFO - Sync 1 DAGs
[2026-06-29T08:32:14.030+0000] {logging_mixin.py:188} INFO - [2026-06-29T08:32:14.029+0000] {dag.py:3954} INFO - Setting next_dagrun for latest_only_with_trigger to 2026-06-29 04:00:00+00:00, run_after=2026-06-29 08:00:00+00:00
[2026-06-29T08:32:14.102+0000] {processor.py:183} INFO - Processing /home/airflow/.local/lib/python3.12/site-packages/airflow/example_dags/example_latest_only_with_trigger.py took 0.314 seconds
[2026-06-29T08:32:44.343+0000] {processor.py:161} INFO - Started process (PID=513) to work on /home/airflow/.local/lib/python3.12/site-packages/airflow/example_dags/example_latest_only_with_trigger.py
[2026-06-29T08:32:44.344+0000] {processor.py:830} INFO - Processing file /home/airflow/.local/lib/python3.12/site-packages/airflow/example_dags/example_latest_only_with_trigger.py for tasks to queue
[2026-06-29T08:32:44.347+0000] {logging_mixin.py:188} INFO - [2026-06-29T08:32:44.346+0000] {dagbag.py:545} INFO - Filling up the DagBag from /home/airflow/.local/lib/python3.12/site-packages/airflow/example_dags/example_latest_only_with_trigger.py
[2026-06-29T08:32:44.354+0000] {processor.py:840} INFO - DAG(s) 'latest_only_with_trigger' retrieved from /home/airflow/.local/lib/python3.12/site-packages/airflow/example_dags/example_latest_only_with_trigger.py
[2026-06-29T08:32:44.390+0000] {logging_mixin.py:188} INFO - [2026-06-29T08:32:44.390+0000] {dag.py:3096} INFO - Sync 1 DAGs
[2026-06-29T08:32:44.442+0000] {logging_mixin.py:188} INFO - [2026-06-29T08:32:44.442+0000] {dag.py:3954} INFO - Setting next_dagrun for latest_only_with_trigger to 2026-06-29 04:00:00+00:00, run_after=2026-06-29 08:00:00+00:00
[2026-06-29T08:32:44.529+0000] {processor.py:183} INFO - Processing /home/airflow/.local/lib/python3.12/site-packages/airflow/example_dags/example_latest_only_with_trigger.py took 0.193 seconds
[2026-06-29T08:33:14.906+0000] {processor.py:161} INFO - Started process (PID=572) to work on /home/airflow/.local/lib/python3.12/site-packages/airflow/example_dags/example_latest_only_with_trigger.py
[2026-06-29T08:33:14.907+0000] {processor.py:830} INFO - Processing file /home/airflow/.local/lib/python3.12/site-packages/airflow/example_dags/example_latest_only_with_trigger.py for tasks to queue
[2026-06-29T08:33:14.909+0000] {logging_mixin.py:188} INFO - [2026-06-29T08:33:14.909+0000] {dagbag.py:545} INFO - Filling up the DagBag from /home/airflow/.local/lib/python3.12/site-packages/airflow/example_dags/example_latest_only_with_trigger.py
[2026-06-29T08:33:14.916+0000] {processor.py:840} INFO - DAG(s) 'latest_only_with_trigger' retrieved from /home/airflow/.local/lib/python3.12/site-packages/airflow/example_dags/example_latest_only_with_trigger.py
[2026-06-29T08:33:14.941+0000] {logging_mixin.py:188} INFO - [2026-06-29T08:33:14.941+0000] {dag.py:3096} INFO - Sync 1 DAGs
[2026-06-29T08:33:14.968+0000] {logging_mixin.py:188} INFO - [2026-06-29T08:33:14.967+0000] {dag.py:3954} INFO - Setting next_dagrun for latest_only_with_trigger to 2026-06-29 04:00:00+00:00, run_after=2026-06-29 08:00:00+00:00
[2026-06-29T08:33:14.989+0000] {processor.py:183} INFO - Processing /home/airflow/.local/lib/python3.12/site-packages/airflow/example_dags/example_latest_only_with_trigger.py took 0.091 seconds
[2026-06-29T08:33:45.509+0000] {processor.py:161} INFO - Started process (PID=632) to work on /home/airflow/.local/lib/python3.12/site-packages/airflow/example_dags/example_latest_only_with_trigger.py
[2026-06-29T08:33:45.509+0000] {processor.py:830} INFO - Processing file /home/airflow/.local/lib/python3.12/site-packages/airflow/example_dags/example_latest_only_with_trigger.py for tasks to queue
[2026-06-29T08:33:45.512+0000] {logging_mixin.py:188} INFO - [2026-06-29T08:33:45.511+0000] {dagbag.py:545} INFO - Filling up the DagBag from /home/airflow/.local/lib/python3.12/site-packages/airflow/example_dags/example_latest_only_with_trigger.py
[2026-06-29T08:33:45.518+0000] {processor.py:840} INFO - DAG(s) 'latest_only_with_trigger' retrieved from /home/airflow/.local/lib/python3.12/site-packages/airflow/example_dags/example_latest_only_with_trigger.py
[2026-06-29T08:33:45.572+0000] {logging_mixin.py:188} INFO - [2026-06-29T08:33:45.570+0000] {dag.py:3096} INFO - Sync 1 DAGs
[2026-06-29T08:33:45.630+0000] {logging_mixin.py:188} INFO - [2026-06-29T08:33:45.630+0000] {dag.py:3954} INFO - Setting next_dagrun for latest_only_with_trigger to 2026-06-29 04:00:00+00:00, run_after=2026-06-29 08:00:00+00:00
[2026-06-29T08:33:45.653+0000] {processor.py:183} INFO - Processing /home/airflow/.local/lib/python3.12/site-packages/airflow/example_dags/example_latest_only_with_trigger.py took 0.152 seconds
[2026-06-29T08:34:15.916+0000] {processor.py:161} INFO - Started process (PID=691) to work on /home/airflow/.local/lib/python3.12/site-packages/airflow/example_dags/example_latest_only_with_trigger.py
[2026-06-29T08:34:15.918+0000] {processor.py:830} INFO - Processing file /home/airflow/.local/lib/python3.12/site-packages/airflow/example_dags/example_latest_only_with_trigger.py for tasks to queue
[2026-06-29T08:34:15.921+0000] {logging_mixin.py:188} INFO - [2026-06-29T08:34:15.921+0000] {dagbag.py:545} INFO - Filling up the DagBag from /home/airflow/.local/lib/python3.12/site-packages/airflow/example_dags/example_latest_only_with_trigger.py
[2026-06-29T08:34:15.928+0000] {processor.py:840} INFO - DAG(s) 'latest_only_with_trigger' retrieved from /home/airflow/.local/lib/python3.12/site-packages/airflow/example_dags/example_latest_only_with_trigger.py
[2026-06-29T08:34:15.962+0000] {logging_mixin.py:188} INFO - [2026-06-29T08:34:15.961+0000] {dag.py:3096} INFO - Sync 1 DAGs
[2026-06-29T08:34:15.995+0000] {logging_mixin.py:188} INFO - [2026-06-29T08:34:15.994+0000] {dag.py:3954} INFO - Setting next_dagrun for latest_only_with_trigger to 2026-06-29 04:00:00+00:00, run_after=2026-06-29 08:00:00+00:00
[2026-06-29T08:34:16.027+0000] {processor.py:183} INFO - Processing /home/airflow/.local/lib/python3.12/site-packages/airflow/example_dags/example_latest_only_with_trigger.py took 0.119 seconds
[2026-06-29T08:34:46.243+0000] {processor.py:161} INFO - Started process (PID=750) to work on /home/airflow/.local/lib/python3.12/site-packages/airflow/example_dags/example_latest_only_with_trigger.py
[2026-06-29T08:34:46.244+0000] {processor.py:830} INFO - Processing file /home/airflow/.local/lib/python3.12/site-packages/airflow/example_dags/example_latest_only_with_trigger.py for tasks to queue
[2026-06-29T08:34:46.247+0000] {logging_mixin.py:188} INFO - [2026-06-29T08:34:46.246+0000] {dagbag.py:545} INFO - Filling up the DagBag from /home/airflow/.local/lib/python3.12/site-packages/airflow/example_dags/example_latest_only_with_trigger.py
[2026-06-29T08:34:46.254+0000] {processor.py:840} INFO - DAG(s) 'latest_only_with_trigger' retrieved from /home/airflow/.local/lib/python3.12/site-packages/airflow/example_dags/example_latest_only_with_trigger.py
[2026-06-29T08:34:46.280+0000] {logging_mixin.py:188} INFO - [2026-06-29T08:34:46.280+0000] {dag.py:3096} INFO - Sync 1 DAGs
[2026-06-29T08:34:46.299+0000] {logging_mixin.py:188} INFO - [2026-06-29T08:34:46.299+0000] {dag.py:3954} INFO - Setting next_dagrun for latest_only_with_trigger to 2026-06-29 04:00:00+00:00, run_after=2026-06-29 08:00:00+00:00
[2026-06-29T08:34:46.315+0000] {processor.py:183} INFO - Processing /home/airflow/.local/lib/python3.12/site-packages/airflow/example_dags/example_latest_only_with_trigger.py took 0.085 seconds
[2026-06-29T08:35:16.904+0000] {processor.py:161} INFO - Started process (PID=809) to work on /home/airflow/.local/lib/python3.12/site-packages/airflow/example_dags/example_latest_only_with_trigger.py
[2026-06-29T08:35:16.909+0000] {processor.py:830} INFO - Processing file /home/airflow/.local/lib/python3.12/site-packages/airflow/example_dags/example_latest_only_with_trigger.py for tasks to queue
[2026-06-29T08:35:16.913+0000] {logging_mixin.py:188} INFO - [2026-06-29T08:35:16.911+0000] {dagbag.py:545} INFO - Filling up the DagBag from /home/airflow/.local/lib/python3.12/site-packages/airflow/example_dags/example_latest_only_with_trigger.py
[2026-06-29T08:35:16.930+0000] {processor.py:840} INFO - DAG(s) 'latest_only_with_trigger' retrieved from /home/airflow/.local/lib/python3.12/site-packages/airflow/example_dags/example_latest_only_with_trigger.py
[2026-06-29T08:35:16.989+0000] {logging_mixin.py:188} INFO - [2026-06-29T08:35:16.989+0000] {dag.py:3096} INFO - Sync 1 DAGs
[2026-06-29T08:35:17.044+0000] {logging_mixin.py:188} INFO - [2026-06-29T08:35:17.043+0000] {dag.py:3954} INFO - Setting next_dagrun for latest_only_with_trigger to 2026-06-29 04:00:00+00:00, run_after=2026-06-29 08:00:00+00:00
[2026-06-29T08:35:17.075+0000] {processor.py:183} INFO - Processing /home/airflow/.local/lib/python3.12/site-packages/airflow/example_dags/example_latest_only_with_trigger.py took 0.188 seconds
[2026-06-29T08:35:48.300+0000] {processor.py:161} INFO - Started process (PID=868) to work on /home/airflow/.local/lib/python3.12/site-packages/airflow/example_dags/example_latest_only_with_trigger.py
[2026-06-29T08:35:48.303+0000] {processor.py:830} INFO - Processing file /home/airflow/.local/lib/python3.12/site-packages/airflow/example_dags/example_latest_only_with_trigger.py for tasks to queue
[2026-06-29T08:35:48.315+0000] {logging_mixin.py:188} INFO - [2026-06-29T08:35:48.307+0000] {dagbag.py:545} INFO - Filling up the DagBag from /home/airflow/.local/lib/python3.12/site-packages/airflow/example_dags/example_latest_only_with_trigger.py
[2026-06-29T08:35:48.343+0000] {processor.py:840} INFO - DAG(s) 'latest_only_with_trigger' retrieved from /home/airflow/.local/lib/python3.12/site-packages/airflow/example_dags/example_latest_only_with_trigger.py
[2026-06-29T08:35:48.434+0000] {logging_mixin.py:188} INFO - [2026-06-29T08:35:48.434+0000] {dag.py:3096} INFO - Sync 1 DAGs
[2026-06-29T08:35:48.523+0000] {logging_mixin.py:188} INFO - [2026-06-29T08:35:48.522+0000] {dag.py:3954} INFO - Setting next_dagrun for latest_only_with_trigger to 2026-06-29 04:00:00+00:00, run_after=2026-06-29 08:00:00+00:00
[2026-06-29T08:35:48.589+0000] {processor.py:183} INFO - Processing /home/airflow/.local/lib/python3.12/site-packages/airflow/example_dags/example_latest_only_with_trigger.py took 0.327 seconds
[2026-06-29T08:36:18.821+0000] {processor.py:161} INFO - Started process (PID=927) to work on /home/airflow/.local/lib/python3.12/site-packages/airflow/example_dags/example_latest_only_with_trigger.py
[2026-06-29T08:36:18.822+0000] {processor.py:830} INFO - Processing file /home/airflow/.local/lib/python3.12/site-packages/airflow/example_dags/example_latest_only_with_trigger.py for tasks to queue
[2026-06-29T08:36:18.824+0000] {logging_mixin.py:188} INFO - [2026-06-29T08:36:18.823+0000] {dagbag.py:545} INFO - Filling up the DagBag from /home/airflow/.local/lib/python3.12/site-packages/airflow/example_dags/example_latest_only_with_trigger.py
[2026-06-29T08:36:18.829+0000] {processor.py:840} INFO - DAG(s) 'latest_only_with_trigger' retrieved from /home/airflow/.local/lib/python3.12/site-packages/airflow/example_dags/example_latest_only_with_trigger.py
[2026-06-29T08:36:18.846+0000] {logging_mixin.py:188} INFO - [2026-06-29T08:36:18.846+0000] {dag.py:3096} INFO - Sync 1 DAGs
[2026-06-29T08:36:18.865+0000] {logging_mixin.py:188} INFO - [2026-06-29T08:36:18.865+0000] {dag.py:3954} INFO - Setting next_dagrun for latest_only_with_trigger to 2026-06-29 04:00:00+00:00, run_after=2026-06-29 08:00:00+00:00
[2026-06-29T08:36:18.881+0000] {processor.py:183} INFO - Processing /home/airflow/.local/lib/python3.12/site-packages/airflow/example_dags/example_latest_only_with_trigger.py took 0.067 seconds
[2026-06-29T08:36:49.359+0000] {processor.py:161} INFO - Started process (PID=986) to work on /home/airflow/.local/lib/python3.12/site-packages/airflow/example_dags/example_latest_only_with_trigger.py
[2026-06-29T08:36:49.360+0000] {processor.py:830} INFO - Processing file /home/airflow/.local/lib/python3.12/site-packages/airflow/example_dags/example_latest_only_with_trigger.py for tasks to queue
[2026-06-29T08:36:49.363+0000] {logging_mixin.py:188} INFO - [2026-06-29T08:36:49.363+0000] {dagbag.py:545} INFO - Filling up the DagBag from /home/airflow/.local/lib/python3.12/site-packages/airflow/example_dags/example_latest_only_with_trigger.py
[2026-06-29T08:36:49.370+0000] {processor.py:840} INFO - DAG(s) 'latest_only_with_trigger' retrieved from /home/airflow/.local/lib/python3.12/site-packages/airflow/example_dags/example_latest_only_with_trigger.py
[2026-06-29T08:36:49.408+0000] {logging_mixin.py:188} INFO - [2026-06-29T08:36:49.408+0000] {dag.py:3096} INFO - Sync 1 DAGs
[2026-06-29T08:36:49.436+0000] {logging_mixin.py:188} INFO - [2026-06-29T08:36:49.435+0000] {dag.py:3954} INFO - Setting next_dagrun for latest_only_with_trigger to 2026-06-29 04:00:00+00:00, run_after=2026-06-29 08:00:00+00:00
[2026-06-29T08:36:49.452+0000] {processor.py:183} INFO - Processing /home/airflow/.local/lib/python3.12/site-packages/airflow/example_dags/example_latest_only_with_trigger.py took 0.106 seconds
