[2026-06-29T08:29:23.458+0000] {processor.py:161} INFO - Started process (PID=123) to work on /home/airflow/.local/lib/python3.12/site-packages/airflow/example_dags/example_external_task_marker_dag.py
[2026-06-29T08:29:23.459+0000] {processor.py:830} INFO - Processing file /home/airflow/.local/lib/python3.12/site-packages/airflow/example_dags/example_external_task_marker_dag.py for tasks to queue
[2026-06-29T08:29:23.463+0000] {logging_mixin.py:188} INFO - [2026-06-29T08:29:23.463+0000] {dagbag.py:545} INFO - Filling up the DagBag from /home/airflow/.local/lib/python3.12/site-packages/airflow/example_dags/example_external_task_marker_dag.py
[2026-06-29T08:29:23.491+0000] {processor.py:840} INFO - DAG(s) 'example_external_task_marker_child', 'example_external_task_marker_parent' retrieved from /home/airflow/.local/lib/python3.12/site-packages/airflow/example_dags/example_external_task_marker_dag.py
[2026-06-29T08:29:24.067+0000] {logging_mixin.py:188} INFO - [2026-06-29T08:29:24.066+0000] {override.py:1829} INFO - Created Permission View: can edit on DAG:example_external_task_marker_child
[2026-06-29T08:29:24.106+0000] {logging_mixin.py:188} INFO - [2026-06-29T08:29:24.105+0000] {override.py:1829} INFO - Created Permission View: can read on DAG:example_external_task_marker_child
[2026-06-29T08:29:24.129+0000] {logging_mixin.py:188} INFO - [2026-06-29T08:29:24.128+0000] {override.py:1829} INFO - Created Permission View: can delete on DAG:example_external_task_marker_child
[2026-06-29T08:29:24.166+0000] {logging_mixin.py:188} INFO - [2026-06-29T08:29:24.165+0000] {override.py:1829} INFO - Created Permission View: can edit on DAG:example_external_task_marker_parent
[2026-06-29T08:29:24.194+0000] {logging_mixin.py:188} INFO - [2026-06-29T08:29:24.194+0000] {override.py:1829} INFO - Created Permission View: can read on DAG:example_external_task_marker_parent
[2026-06-29T08:29:24.224+0000] {logging_mixin.py:188} INFO - [2026-06-29T08:29:24.224+0000] {override.py:1829} INFO - Created Permission View: can delete on DAG:example_external_task_marker_parent
[2026-06-29T08:29:24.225+0000] {logging_mixin.py:188} INFO - [2026-06-29T08:29:24.225+0000] {dag.py:3096} INFO - Sync 2 DAGs
[2026-06-29T08:29:24.264+0000] {logging_mixin.py:188} INFO - [2026-06-29T08:29:24.264+0000] {dag.py:3118} INFO - Creating ORM DAG for example_external_task_marker_parent
[2026-06-29T08:29:24.274+0000] {logging_mixin.py:188} INFO - [2026-06-29T08:29:24.274+0000] {dag.py:3118} INFO - Creating ORM DAG for example_external_task_marker_child
[2026-06-29T08:29:24.278+0000] {logging_mixin.py:188} INFO - [2026-06-29T08:29:24.277+0000] {dag.py:3954} INFO - Setting next_dagrun for example_external_task_marker_child to None, run_after=None
[2026-06-29T08:29:24.282+0000] {logging_mixin.py:188} INFO - [2026-06-29T08:29:24.281+0000] {dag.py:3954} INFO - Setting next_dagrun for example_external_task_marker_parent to None, run_after=None
[2026-06-29T08:29:24.345+0000] {processor.py:183} INFO - Processing /home/airflow/.local/lib/python3.12/site-packages/airflow/example_dags/example_external_task_marker_dag.py took 0.906 seconds
[2026-06-29T08:29:55.260+0000] {processor.py:161} INFO - Started process (PID=181) to work on /home/airflow/.local/lib/python3.12/site-packages/airflow/example_dags/example_external_task_marker_dag.py
[2026-06-29T08:29:55.262+0000] {processor.py:830} INFO - Processing file /home/airflow/.local/lib/python3.12/site-packages/airflow/example_dags/example_external_task_marker_dag.py for tasks to queue
[2026-06-29T08:29:55.265+0000] {logging_mixin.py:188} INFO - [2026-06-29T08:29:55.264+0000] {dagbag.py:545} INFO - Filling up the DagBag from /home/airflow/.local/lib/python3.12/site-packages/airflow/example_dags/example_external_task_marker_dag.py
[2026-06-29T08:29:55.273+0000] {processor.py:840} INFO - DAG(s) 'example_external_task_marker_child', 'example_external_task_marker_parent' retrieved from /home/airflow/.local/lib/python3.12/site-packages/airflow/example_dags/example_external_task_marker_dag.py
[2026-06-29T08:29:55.302+0000] {logging_mixin.py:188} INFO - [2026-06-29T08:29:55.302+0000] {dag.py:3096} INFO - Sync 2 DAGs
[2026-06-29T08:29:55.318+0000] {logging_mixin.py:188} INFO - [2026-06-29T08:29:55.318+0000] {dag.py:3954} INFO - Setting next_dagrun for example_external_task_marker_child to None, run_after=None
[2026-06-29T08:29:55.322+0000] {logging_mixin.py:188} INFO - [2026-06-29T08:29:55.322+0000] {dag.py:3954} INFO - Setting next_dagrun for example_external_task_marker_parent to None, run_after=None
[2026-06-29T08:29:55.339+0000] {processor.py:183} INFO - Processing /home/airflow/.local/lib/python3.12/site-packages/airflow/example_dags/example_external_task_marker_dag.py took 0.086 seconds
[2026-06-29T08:30:25.464+0000] {processor.py:161} INFO - Started process (PID=239) to work on /home/airflow/.local/lib/python3.12/site-packages/airflow/example_dags/example_external_task_marker_dag.py
[2026-06-29T08:30:25.465+0000] {processor.py:830} INFO - Processing file /home/airflow/.local/lib/python3.12/site-packages/airflow/example_dags/example_external_task_marker_dag.py for tasks to queue
[2026-06-29T08:30:25.472+0000] {logging_mixin.py:188} INFO - [2026-06-29T08:30:25.471+0000] {dagbag.py:545} INFO - Filling up the DagBag from /home/airflow/.local/lib/python3.12/site-packages/airflow/example_dags/example_external_task_marker_dag.py
[2026-06-29T08:30:25.490+0000] {processor.py:840} INFO - DAG(s) 'example_external_task_marker_child', 'example_external_task_marker_parent' retrieved from /home/airflow/.local/lib/python3.12/site-packages/airflow/example_dags/example_external_task_marker_dag.py
[2026-06-29T08:30:25.564+0000] {logging_mixin.py:188} INFO - [2026-06-29T08:30:25.564+0000] {dag.py:3096} INFO - Sync 2 DAGs
[2026-06-29T08:30:25.622+0000] {logging_mixin.py:188} INFO - [2026-06-29T08:30:25.621+0000] {dag.py:3954} INFO - Setting next_dagrun for example_external_task_marker_child to None, run_after=None
[2026-06-29T08:30:25.630+0000] {logging_mixin.py:188} INFO - [2026-06-29T08:30:25.630+0000] {dag.py:3954} INFO - Setting next_dagrun for example_external_task_marker_parent to None, run_after=None
[2026-06-29T08:30:25.696+0000] {processor.py:183} INFO - Processing /home/airflow/.local/lib/python3.12/site-packages/airflow/example_dags/example_external_task_marker_dag.py took 0.252 seconds
[2026-06-29T08:30:56.080+0000] {processor.py:161} INFO - Started process (PID=298) to work on /home/airflow/.local/lib/python3.12/site-packages/airflow/example_dags/example_external_task_marker_dag.py
[2026-06-29T08:30:56.081+0000] {processor.py:830} INFO - Processing file /home/airflow/.local/lib/python3.12/site-packages/airflow/example_dags/example_external_task_marker_dag.py for tasks to queue
[2026-06-29T08:30:56.083+0000] {logging_mixin.py:188} INFO - [2026-06-29T08:30:56.082+0000] {dagbag.py:545} INFO - Filling up the DagBag from /home/airflow/.local/lib/python3.12/site-packages/airflow/example_dags/example_external_task_marker_dag.py
[2026-06-29T08:30:56.090+0000] {processor.py:840} INFO - DAG(s) 'example_external_task_marker_parent', 'example_external_task_marker_child' retrieved from /home/airflow/.local/lib/python3.12/site-packages/airflow/example_dags/example_external_task_marker_dag.py
[2026-06-29T08:30:56.118+0000] {logging_mixin.py:188} INFO - [2026-06-29T08:30:56.118+0000] {dag.py:3096} INFO - Sync 2 DAGs
[2026-06-29T08:30:56.143+0000] {logging_mixin.py:188} INFO - [2026-06-29T08:30:56.143+0000] {dag.py:3954} INFO - Setting next_dagrun for example_external_task_marker_child to None, run_after=None
[2026-06-29T08:30:56.148+0000] {logging_mixin.py:188} INFO - [2026-06-29T08:30:56.147+0000] {dag.py:3954} INFO - Setting next_dagrun for example_external_task_marker_parent to None, run_after=None
[2026-06-29T08:30:56.165+0000] {processor.py:183} INFO - Processing /home/airflow/.local/lib/python3.12/site-packages/airflow/example_dags/example_external_task_marker_dag.py took 0.093 seconds
[2026-06-29T08:31:26.417+0000] {processor.py:161} INFO - Started process (PID=357) to work on /home/airflow/.local/lib/python3.12/site-packages/airflow/example_dags/example_external_task_marker_dag.py
[2026-06-29T08:31:26.418+0000] {processor.py:830} INFO - Processing file /home/airflow/.local/lib/python3.12/site-packages/airflow/example_dags/example_external_task_marker_dag.py for tasks to queue
[2026-06-29T08:31:26.426+0000] {logging_mixin.py:188} INFO - [2026-06-29T08:31:26.423+0000] {dagbag.py:545} INFO - Filling up the DagBag from /home/airflow/.local/lib/python3.12/site-packages/airflow/example_dags/example_external_task_marker_dag.py
[2026-06-29T08:31:26.441+0000] {processor.py:840} INFO - DAG(s) 'example_external_task_marker_parent', 'example_external_task_marker_child' retrieved from /home/airflow/.local/lib/python3.12/site-packages/airflow/example_dags/example_external_task_marker_dag.py
[2026-06-29T08:31:26.475+0000] {logging_mixin.py:188} INFO - [2026-06-29T08:31:26.474+0000] {dag.py:3096} INFO - Sync 2 DAGs
[2026-06-29T08:31:26.493+0000] {logging_mixin.py:188} INFO - [2026-06-29T08:31:26.492+0000] {dag.py:3954} INFO - Setting next_dagrun for example_external_task_marker_child to None, run_after=None
[2026-06-29T08:31:26.497+0000] {logging_mixin.py:188} INFO - [2026-06-29T08:31:26.497+0000] {dag.py:3954} INFO - Setting next_dagrun for example_external_task_marker_parent to None, run_after=None
[2026-06-29T08:31:26.521+0000] {processor.py:183} INFO - Processing /home/airflow/.local/lib/python3.12/site-packages/airflow/example_dags/example_external_task_marker_dag.py took 0.111 seconds
[2026-06-29T08:31:56.665+0000] {processor.py:161} INFO - Started process (PID=416) to work on /home/airflow/.local/lib/python3.12/site-packages/airflow/example_dags/example_external_task_marker_dag.py
[2026-06-29T08:31:56.666+0000] {processor.py:830} INFO - Processing file /home/airflow/.local/lib/python3.12/site-packages/airflow/example_dags/example_external_task_marker_dag.py for tasks to queue
[2026-06-29T08:31:56.668+0000] {logging_mixin.py:188} INFO - [2026-06-29T08:31:56.668+0000] {dagbag.py:545} INFO - Filling up the DagBag from /home/airflow/.local/lib/python3.12/site-packages/airflow/example_dags/example_external_task_marker_dag.py
[2026-06-29T08:31:56.676+0000] {processor.py:840} INFO - DAG(s) 'example_external_task_marker_parent', 'example_external_task_marker_child' retrieved from /home/airflow/.local/lib/python3.12/site-packages/airflow/example_dags/example_external_task_marker_dag.py
[2026-06-29T08:31:56.703+0000] {logging_mixin.py:188} INFO - [2026-06-29T08:31:56.703+0000] {dag.py:3096} INFO - Sync 2 DAGs
[2026-06-29T08:31:56.720+0000] {logging_mixin.py:188} INFO - [2026-06-29T08:31:56.720+0000] {dag.py:3954} INFO - Setting next_dagrun for example_external_task_marker_child to None, run_after=None
[2026-06-29T08:31:56.726+0000] {logging_mixin.py:188} INFO - [2026-06-29T08:31:56.726+0000] {dag.py:3954} INFO - Setting next_dagrun for example_external_task_marker_parent to None, run_after=None
[2026-06-29T08:31:56.763+0000] {processor.py:183} INFO - Processing /home/airflow/.local/lib/python3.12/site-packages/airflow/example_dags/example_external_task_marker_dag.py took 0.104 seconds
[2026-06-29T08:32:27.116+0000] {processor.py:161} INFO - Started process (PID=475) to work on /home/airflow/.local/lib/python3.12/site-packages/airflow/example_dags/example_external_task_marker_dag.py
[2026-06-29T08:32:27.117+0000] {processor.py:830} INFO - Processing file /home/airflow/.local/lib/python3.12/site-packages/airflow/example_dags/example_external_task_marker_dag.py for tasks to queue
[2026-06-29T08:32:27.119+0000] {logging_mixin.py:188} INFO - [2026-06-29T08:32:27.118+0000] {dagbag.py:545} INFO - Filling up the DagBag from /home/airflow/.local/lib/python3.12/site-packages/airflow/example_dags/example_external_task_marker_dag.py
[2026-06-29T08:32:27.127+0000] {processor.py:840} INFO - DAG(s) 'example_external_task_marker_child', 'example_external_task_marker_parent' retrieved from /home/airflow/.local/lib/python3.12/site-packages/airflow/example_dags/example_external_task_marker_dag.py
[2026-06-29T08:32:27.154+0000] {logging_mixin.py:188} INFO - [2026-06-29T08:32:27.154+0000] {dag.py:3096} INFO - Sync 2 DAGs
[2026-06-29T08:32:27.170+0000] {logging_mixin.py:188} INFO - [2026-06-29T08:32:27.170+0000] {dag.py:3954} INFO - Setting next_dagrun for example_external_task_marker_child to None, run_after=None
[2026-06-29T08:32:27.175+0000] {logging_mixin.py:188} INFO - [2026-06-29T08:32:27.174+0000] {dag.py:3954} INFO - Setting next_dagrun for example_external_task_marker_parent to None, run_after=None
[2026-06-29T08:32:27.193+0000] {processor.py:183} INFO - Processing /home/airflow/.local/lib/python3.12/site-packages/airflow/example_dags/example_external_task_marker_dag.py took 0.084 seconds
[2026-06-29T08:32:57.374+0000] {processor.py:161} INFO - Started process (PID=534) to work on /home/airflow/.local/lib/python3.12/site-packages/airflow/example_dags/example_external_task_marker_dag.py
[2026-06-29T08:32:57.375+0000] {processor.py:830} INFO - Processing file /home/airflow/.local/lib/python3.12/site-packages/airflow/example_dags/example_external_task_marker_dag.py for tasks to queue
[2026-06-29T08:32:57.377+0000] {logging_mixin.py:188} INFO - [2026-06-29T08:32:57.377+0000] {dagbag.py:545} INFO - Filling up the DagBag from /home/airflow/.local/lib/python3.12/site-packages/airflow/example_dags/example_external_task_marker_dag.py
[2026-06-29T08:32:57.385+0000] {processor.py:840} INFO - DAG(s) 'example_external_task_marker_parent', 'example_external_task_marker_child' retrieved from /home/airflow/.local/lib/python3.12/site-packages/airflow/example_dags/example_external_task_marker_dag.py
[2026-06-29T08:32:57.413+0000] {logging_mixin.py:188} INFO - [2026-06-29T08:32:57.413+0000] {dag.py:3096} INFO - Sync 2 DAGs
[2026-06-29T08:32:57.429+0000] {logging_mixin.py:188} INFO - [2026-06-29T08:32:57.429+0000] {dag.py:3954} INFO - Setting next_dagrun for example_external_task_marker_child to None, run_after=None
[2026-06-29T08:32:57.433+0000] {logging_mixin.py:188} INFO - [2026-06-29T08:32:57.433+0000] {dag.py:3954} INFO - Setting next_dagrun for example_external_task_marker_parent to None, run_after=None
[2026-06-29T08:32:57.451+0000] {processor.py:183} INFO - Processing /home/airflow/.local/lib/python3.12/site-packages/airflow/example_dags/example_external_task_marker_dag.py took 0.083 seconds
[2026-06-29T08:33:28.024+0000] {processor.py:161} INFO - Started process (PID=593) to work on /home/airflow/.local/lib/python3.12/site-packages/airflow/example_dags/example_external_task_marker_dag.py
[2026-06-29T08:33:28.028+0000] {processor.py:830} INFO - Processing file /home/airflow/.local/lib/python3.12/site-packages/airflow/example_dags/example_external_task_marker_dag.py for tasks to queue
[2026-06-29T08:33:28.034+0000] {logging_mixin.py:188} INFO - [2026-06-29T08:33:28.033+0000] {dagbag.py:545} INFO - Filling up the DagBag from /home/airflow/.local/lib/python3.12/site-packages/airflow/example_dags/example_external_task_marker_dag.py
[2026-06-29T08:33:28.056+0000] {processor.py:840} INFO - DAG(s) 'example_external_task_marker_parent', 'example_external_task_marker_child' retrieved from /home/airflow/.local/lib/python3.12/site-packages/airflow/example_dags/example_external_task_marker_dag.py
[2026-06-29T08:33:28.131+0000] {logging_mixin.py:188} INFO - [2026-06-29T08:33:28.130+0000] {dag.py:3096} INFO - Sync 2 DAGs
[2026-06-29T08:33:28.160+0000] {logging_mixin.py:188} INFO - [2026-06-29T08:33:28.160+0000] {dag.py:3954} INFO - Setting next_dagrun for example_external_task_marker_child to None, run_after=None
[2026-06-29T08:33:28.200+0000] {logging_mixin.py:188} INFO - [2026-06-29T08:33:28.200+0000] {dag.py:3954} INFO - Setting next_dagrun for example_external_task_marker_parent to None, run_after=None
[2026-06-29T08:33:28.233+0000] {processor.py:183} INFO - Processing /home/airflow/.local/lib/python3.12/site-packages/airflow/example_dags/example_external_task_marker_dag.py took 0.228 seconds
[2026-06-29T08:33:59.110+0000] {processor.py:161} INFO - Started process (PID=653) to work on /home/airflow/.local/lib/python3.12/site-packages/airflow/example_dags/example_external_task_marker_dag.py
[2026-06-29T08:33:59.111+0000] {processor.py:830} INFO - Processing file /home/airflow/.local/lib/python3.12/site-packages/airflow/example_dags/example_external_task_marker_dag.py for tasks to queue
[2026-06-29T08:33:59.113+0000] {logging_mixin.py:188} INFO - [2026-06-29T08:33:59.113+0000] {dagbag.py:545} INFO - Filling up the DagBag from /home/airflow/.local/lib/python3.12/site-packages/airflow/example_dags/example_external_task_marker_dag.py
[2026-06-29T08:33:59.120+0000] {processor.py:840} INFO - DAG(s) 'example_external_task_marker_parent', 'example_external_task_marker_child' retrieved from /home/airflow/.local/lib/python3.12/site-packages/airflow/example_dags/example_external_task_marker_dag.py
[2026-06-29T08:33:59.147+0000] {logging_mixin.py:188} INFO - [2026-06-29T08:33:59.147+0000] {dag.py:3096} INFO - Sync 2 DAGs
[2026-06-29T08:33:59.165+0000] {logging_mixin.py:188} INFO - [2026-06-29T08:33:59.164+0000] {dag.py:3954} INFO - Setting next_dagrun for example_external_task_marker_child to None, run_after=None
[2026-06-29T08:33:59.169+0000] {logging_mixin.py:188} INFO - [2026-06-29T08:33:59.169+0000] {dag.py:3954} INFO - Setting next_dagrun for example_external_task_marker_parent to None, run_after=None
[2026-06-29T08:33:59.185+0000] {processor.py:183} INFO - Processing /home/airflow/.local/lib/python3.12/site-packages/airflow/example_dags/example_external_task_marker_dag.py took 0.082 seconds
[2026-06-29T08:34:29.246+0000] {processor.py:161} INFO - Started process (PID=712) to work on /home/airflow/.local/lib/python3.12/site-packages/airflow/example_dags/example_external_task_marker_dag.py
[2026-06-29T08:34:29.247+0000] {processor.py:830} INFO - Processing file /home/airflow/.local/lib/python3.12/site-packages/airflow/example_dags/example_external_task_marker_dag.py for tasks to queue
[2026-06-29T08:34:29.248+0000] {logging_mixin.py:188} INFO - [2026-06-29T08:34:29.248+0000] {dagbag.py:545} INFO - Filling up the DagBag from /home/airflow/.local/lib/python3.12/site-packages/airflow/example_dags/example_external_task_marker_dag.py
[2026-06-29T08:34:29.256+0000] {processor.py:840} INFO - DAG(s) 'example_external_task_marker_child', 'example_external_task_marker_parent' retrieved from /home/airflow/.local/lib/python3.12/site-packages/airflow/example_dags/example_external_task_marker_dag.py
[2026-06-29T08:34:29.284+0000] {logging_mixin.py:188} INFO - [2026-06-29T08:34:29.284+0000] {dag.py:3096} INFO - Sync 2 DAGs
[2026-06-29T08:34:29.313+0000] {logging_mixin.py:188} INFO - [2026-06-29T08:34:29.313+0000] {dag.py:3954} INFO - Setting next_dagrun for example_external_task_marker_child to None, run_after=None
[2026-06-29T08:34:29.318+0000] {logging_mixin.py:188} INFO - [2026-06-29T08:34:29.317+0000] {dag.py:3954} INFO - Setting next_dagrun for example_external_task_marker_parent to None, run_after=None
[2026-06-29T08:34:29.336+0000] {processor.py:183} INFO - Processing /home/airflow/.local/lib/python3.12/site-packages/airflow/example_dags/example_external_task_marker_dag.py took 0.098 seconds
[2026-06-29T08:35:00.329+0000] {processor.py:161} INFO - Started process (PID=777) to work on /home/airflow/.local/lib/python3.12/site-packages/airflow/example_dags/example_external_task_marker_dag.py
[2026-06-29T08:35:00.330+0000] {processor.py:830} INFO - Processing file /home/airflow/.local/lib/python3.12/site-packages/airflow/example_dags/example_external_task_marker_dag.py for tasks to queue
[2026-06-29T08:35:00.332+0000] {logging_mixin.py:188} INFO - [2026-06-29T08:35:00.332+0000] {dagbag.py:545} INFO - Filling up the DagBag from /home/airflow/.local/lib/python3.12/site-packages/airflow/example_dags/example_external_task_marker_dag.py
[2026-06-29T08:35:00.345+0000] {processor.py:840} INFO - DAG(s) 'example_external_task_marker_parent', 'example_external_task_marker_child' retrieved from /home/airflow/.local/lib/python3.12/site-packages/airflow/example_dags/example_external_task_marker_dag.py
[2026-06-29T08:35:00.374+0000] {logging_mixin.py:188} INFO - [2026-06-29T08:35:00.374+0000] {dag.py:3096} INFO - Sync 2 DAGs
[2026-06-29T08:35:00.391+0000] {logging_mixin.py:188} INFO - [2026-06-29T08:35:00.390+0000] {dag.py:3954} INFO - Setting next_dagrun for example_external_task_marker_child to None, run_after=None
[2026-06-29T08:35:00.395+0000] {logging_mixin.py:188} INFO - [2026-06-29T08:35:00.395+0000] {dag.py:3954} INFO - Setting next_dagrun for example_external_task_marker_parent to None, run_after=None
[2026-06-29T08:35:00.412+0000] {processor.py:183} INFO - Processing /home/airflow/.local/lib/python3.12/site-packages/airflow/example_dags/example_external_task_marker_dag.py took 0.091 seconds
[2026-06-29T08:35:30.869+0000] {processor.py:161} INFO - Started process (PID=836) to work on /home/airflow/.local/lib/python3.12/site-packages/airflow/example_dags/example_external_task_marker_dag.py
[2026-06-29T08:35:30.870+0000] {processor.py:830} INFO - Processing file /home/airflow/.local/lib/python3.12/site-packages/airflow/example_dags/example_external_task_marker_dag.py for tasks to queue
[2026-06-29T08:35:30.872+0000] {logging_mixin.py:188} INFO - [2026-06-29T08:35:30.872+0000] {dagbag.py:545} INFO - Filling up the DagBag from /home/airflow/.local/lib/python3.12/site-packages/airflow/example_dags/example_external_task_marker_dag.py
[2026-06-29T08:35:30.881+0000] {processor.py:840} INFO - DAG(s) 'example_external_task_marker_parent', 'example_external_task_marker_child' retrieved from /home/airflow/.local/lib/python3.12/site-packages/airflow/example_dags/example_external_task_marker_dag.py
[2026-06-29T08:35:30.916+0000] {logging_mixin.py:188} INFO - [2026-06-29T08:35:30.916+0000] {dag.py:3096} INFO - Sync 2 DAGs
[2026-06-29T08:35:30.951+0000] {logging_mixin.py:188} INFO - [2026-06-29T08:35:30.950+0000] {dag.py:3954} INFO - Setting next_dagrun for example_external_task_marker_child to None, run_after=None
[2026-06-29T08:35:30.960+0000] {logging_mixin.py:188} INFO - [2026-06-29T08:35:30.960+0000] {dag.py:3954} INFO - Setting next_dagrun for example_external_task_marker_parent to None, run_after=None
[2026-06-29T08:35:30.992+0000] {processor.py:183} INFO - Processing /home/airflow/.local/lib/python3.12/site-packages/airflow/example_dags/example_external_task_marker_dag.py took 0.132 seconds
[2026-06-29T08:36:01.568+0000] {processor.py:161} INFO - Started process (PID=895) to work on /home/airflow/.local/lib/python3.12/site-packages/airflow/example_dags/example_external_task_marker_dag.py
[2026-06-29T08:36:01.569+0000] {processor.py:830} INFO - Processing file /home/airflow/.local/lib/python3.12/site-packages/airflow/example_dags/example_external_task_marker_dag.py for tasks to queue
[2026-06-29T08:36:01.571+0000] {logging_mixin.py:188} INFO - [2026-06-29T08:36:01.571+0000] {dagbag.py:545} INFO - Filling up the DagBag from /home/airflow/.local/lib/python3.12/site-packages/airflow/example_dags/example_external_task_marker_dag.py
[2026-06-29T08:36:01.578+0000] {processor.py:840} INFO - DAG(s) 'example_external_task_marker_parent', 'example_external_task_marker_child' retrieved from /home/airflow/.local/lib/python3.12/site-packages/airflow/example_dags/example_external_task_marker_dag.py
[2026-06-29T08:36:01.605+0000] {logging_mixin.py:188} INFO - [2026-06-29T08:36:01.605+0000] {dag.py:3096} INFO - Sync 2 DAGs
[2026-06-29T08:36:01.621+0000] {logging_mixin.py:188} INFO - [2026-06-29T08:36:01.621+0000] {dag.py:3954} INFO - Setting next_dagrun for example_external_task_marker_child to None, run_after=None
[2026-06-29T08:36:01.625+0000] {logging_mixin.py:188} INFO - [2026-06-29T08:36:01.625+0000] {dag.py:3954} INFO - Setting next_dagrun for example_external_task_marker_parent to None, run_after=None
[2026-06-29T08:36:01.642+0000] {processor.py:183} INFO - Processing /home/airflow/.local/lib/python3.12/site-packages/airflow/example_dags/example_external_task_marker_dag.py took 0.081 seconds
[2026-06-29T08:36:32.335+0000] {processor.py:161} INFO - Started process (PID=954) to work on /home/airflow/.local/lib/python3.12/site-packages/airflow/example_dags/example_external_task_marker_dag.py
[2026-06-29T08:36:32.336+0000] {processor.py:830} INFO - Processing file /home/airflow/.local/lib/python3.12/site-packages/airflow/example_dags/example_external_task_marker_dag.py for tasks to queue
[2026-06-29T08:36:32.338+0000] {logging_mixin.py:188} INFO - [2026-06-29T08:36:32.338+0000] {dagbag.py:545} INFO - Filling up the DagBag from /home/airflow/.local/lib/python3.12/site-packages/airflow/example_dags/example_external_task_marker_dag.py
[2026-06-29T08:36:32.352+0000] {processor.py:840} INFO - DAG(s) 'example_external_task_marker_parent', 'example_external_task_marker_child' retrieved from /home/airflow/.local/lib/python3.12/site-packages/airflow/example_dags/example_external_task_marker_dag.py
[2026-06-29T08:36:32.385+0000] {logging_mixin.py:188} INFO - [2026-06-29T08:36:32.384+0000] {dag.py:3096} INFO - Sync 2 DAGs
[2026-06-29T08:36:32.400+0000] {logging_mixin.py:188} INFO - [2026-06-29T08:36:32.400+0000] {dag.py:3954} INFO - Setting next_dagrun for example_external_task_marker_child to None, run_after=None
[2026-06-29T08:36:32.404+0000] {logging_mixin.py:188} INFO - [2026-06-29T08:36:32.404+0000] {dag.py:3954} INFO - Setting next_dagrun for example_external_task_marker_parent to None, run_after=None
[2026-06-29T08:36:32.427+0000] {processor.py:183} INFO - Processing /home/airflow/.local/lib/python3.12/site-packages/airflow/example_dags/example_external_task_marker_dag.py took 0.102 seconds
[2026-06-29T08:37:03.140+0000] {processor.py:161} INFO - Started process (PID=1013) to work on /home/airflow/.local/lib/python3.12/site-packages/airflow/example_dags/example_external_task_marker_dag.py
[2026-06-29T08:37:03.141+0000] {processor.py:830} INFO - Processing file /home/airflow/.local/lib/python3.12/site-packages/airflow/example_dags/example_external_task_marker_dag.py for tasks to queue
[2026-06-29T08:37:03.143+0000] {logging_mixin.py:188} INFO - [2026-06-29T08:37:03.142+0000] {dagbag.py:545} INFO - Filling up the DagBag from /home/airflow/.local/lib/python3.12/site-packages/airflow/example_dags/example_external_task_marker_dag.py
[2026-06-29T08:37:03.157+0000] {processor.py:840} INFO - DAG(s) 'example_external_task_marker_parent', 'example_external_task_marker_child' retrieved from /home/airflow/.local/lib/python3.12/site-packages/airflow/example_dags/example_external_task_marker_dag.py
[2026-06-29T08:37:03.222+0000] {logging_mixin.py:188} INFO - [2026-06-29T08:37:03.221+0000] {dag.py:3096} INFO - Sync 2 DAGs
[2026-06-29T08:37:03.258+0000] {logging_mixin.py:188} INFO - [2026-06-29T08:37:03.258+0000] {dag.py:3954} INFO - Setting next_dagrun for example_external_task_marker_child to None, run_after=None
[2026-06-29T08:37:03.265+0000] {logging_mixin.py:188} INFO - [2026-06-29T08:37:03.265+0000] {dag.py:3954} INFO - Setting next_dagrun for example_external_task_marker_parent to None, run_after=None
[2026-06-29T08:37:03.283+0000] {processor.py:183} INFO - Processing /home/airflow/.local/lib/python3.12/site-packages/airflow/example_dags/example_external_task_marker_dag.py took 0.160 seconds
