[2026-06-29T08:29:00.696+0000] {processor.py:161} INFO - Started process (PID=91) to work on /home/airflow/.local/lib/python3.12/site-packages/airflow/example_dags/example_datasets.py
[2026-06-29T08:29:00.699+0000] {processor.py:830} INFO - Processing file /home/airflow/.local/lib/python3.12/site-packages/airflow/example_dags/example_datasets.py for tasks to queue
[2026-06-29T08:29:00.712+0000] {logging_mixin.py:188} INFO - [2026-06-29T08:29:00.707+0000] {dagbag.py:545} INFO - Filling up the DagBag from /home/airflow/.local/lib/python3.12/site-packages/airflow/example_dags/example_datasets.py
[2026-06-29T08:29:00.913+0000] {processor.py:840} INFO - DAG(s) 'dataset_produces_1', 'consume_1_or_2_with_dataset_expressions', 'consume_1_and_2_with_dataset_expressions', 'dataset_consumes_unknown_never_scheduled', 'dataset_consumes_1_never_scheduled', 'consume_1_or_both_2_and_3_with_dataset_expressions', 'dataset_produces_2', 'dataset_consumes_1', 'dataset_consumes_1_and_2', 'conditional_dataset_and_time_based_timetable' retrieved from /home/airflow/.local/lib/python3.12/site-packages/airflow/example_dags/example_datasets.py
[2026-06-29T08:29:01.862+0000] {logging_mixin.py:188} INFO - [2026-06-29T08:29:01.861+0000] {override.py:1829} INFO - Created Permission View: can edit on DAG:dataset_produces_1
[2026-06-29T08:29:01.896+0000] {logging_mixin.py:188} INFO - [2026-06-29T08:29:01.896+0000] {override.py:1829} INFO - Created Permission View: can read on DAG:dataset_produces_1
[2026-06-29T08:29:01.913+0000] {logging_mixin.py:188} INFO - [2026-06-29T08:29:01.912+0000] {override.py:1829} INFO - Created Permission View: can delete on DAG:dataset_produces_1
[2026-06-29T08:29:01.965+0000] {logging_mixin.py:188} INFO - [2026-06-29T08:29:01.965+0000] {override.py:1829} INFO - Created Permission View: can edit on DAG:consume_1_or_2_with_dataset_expressions
[2026-06-29T08:29:02.000+0000] {logging_mixin.py:188} INFO - [2026-06-29T08:29:02.000+0000] {override.py:1829} INFO - Created Permission View: can read on DAG:consume_1_or_2_with_dataset_expressions
[2026-06-29T08:29:02.031+0000] {logging_mixin.py:188} INFO - [2026-06-29T08:29:02.030+0000] {override.py:1829} INFO - Created Permission View: can delete on DAG:consume_1_or_2_with_dataset_expressions
[2026-06-29T08:29:02.097+0000] {logging_mixin.py:188} INFO - [2026-06-29T08:29:02.097+0000] {override.py:1829} INFO - Created Permission View: can edit on DAG:consume_1_and_2_with_dataset_expressions
[2026-06-29T08:29:02.123+0000] {logging_mixin.py:188} INFO - [2026-06-29T08:29:02.123+0000] {override.py:1829} INFO - Created Permission View: can read on DAG:consume_1_and_2_with_dataset_expressions
[2026-06-29T08:29:02.149+0000] {logging_mixin.py:188} INFO - [2026-06-29T08:29:02.148+0000] {override.py:1829} INFO - Created Permission View: can delete on DAG:consume_1_and_2_with_dataset_expressions
[2026-06-29T08:29:02.209+0000] {logging_mixin.py:188} INFO - [2026-06-29T08:29:02.209+0000] {override.py:1829} INFO - Created Permission View: can edit on DAG:dataset_consumes_unknown_never_scheduled
[2026-06-29T08:29:02.260+0000] {logging_mixin.py:188} INFO - [2026-06-29T08:29:02.260+0000] {override.py:1829} INFO - Created Permission View: can read on DAG:dataset_consumes_unknown_never_scheduled
[2026-06-29T08:29:02.305+0000] {logging_mixin.py:188} INFO - [2026-06-29T08:29:02.303+0000] {override.py:1829} INFO - Created Permission View: can delete on DAG:dataset_consumes_unknown_never_scheduled
[2026-06-29T08:29:02.370+0000] {logging_mixin.py:188} INFO - [2026-06-29T08:29:02.369+0000] {override.py:1829} INFO - Created Permission View: can edit on DAG:dataset_consumes_1_never_scheduled
[2026-06-29T08:29:02.401+0000] {logging_mixin.py:188} INFO - [2026-06-29T08:29:02.401+0000] {override.py:1829} INFO - Created Permission View: can read on DAG:dataset_consumes_1_never_scheduled
[2026-06-29T08:29:02.427+0000] {logging_mixin.py:188} INFO - [2026-06-29T08:29:02.427+0000] {override.py:1829} INFO - Created Permission View: can delete on DAG:dataset_consumes_1_never_scheduled
[2026-06-29T08:29:02.479+0000] {logging_mixin.py:188} INFO - [2026-06-29T08:29:02.478+0000] {override.py:1829} INFO - Created Permission View: can edit on DAG:consume_1_or_both_2_and_3_with_dataset_expressions
[2026-06-29T08:29:02.499+0000] {logging_mixin.py:188} INFO - [2026-06-29T08:29:02.499+0000] {override.py:1829} INFO - Created Permission View: can read on DAG:consume_1_or_both_2_and_3_with_dataset_expressions
[2026-06-29T08:29:02.509+0000] {logging_mixin.py:188} INFO - [2026-06-29T08:29:02.508+0000] {override.py:1829} INFO - Created Permission View: can delete on DAG:consume_1_or_both_2_and_3_with_dataset_expressions
[2026-06-29T08:29:02.538+0000] {logging_mixin.py:188} INFO - [2026-06-29T08:29:02.537+0000] {override.py:1829} INFO - Created Permission View: can edit on DAG:dataset_produces_2
[2026-06-29T08:29:02.547+0000] {logging_mixin.py:188} INFO - [2026-06-29T08:29:02.547+0000] {override.py:1829} INFO - Created Permission View: can read on DAG:dataset_produces_2
[2026-06-29T08:29:02.554+0000] {logging_mixin.py:188} INFO - [2026-06-29T08:29:02.554+0000] {override.py:1829} INFO - Created Permission View: can delete on DAG:dataset_produces_2
[2026-06-29T08:29:02.566+0000] {logging_mixin.py:188} INFO - [2026-06-29T08:29:02.566+0000] {override.py:1829} INFO - Created Permission View: can edit on DAG:dataset_consumes_1
[2026-06-29T08:29:02.572+0000] {logging_mixin.py:188} INFO - [2026-06-29T08:29:02.572+0000] {override.py:1829} INFO - Created Permission View: can read on DAG:dataset_consumes_1
[2026-06-29T08:29:02.578+0000] {logging_mixin.py:188} INFO - [2026-06-29T08:29:02.577+0000] {override.py:1829} INFO - Created Permission View: can delete on DAG:dataset_consumes_1
[2026-06-29T08:29:02.598+0000] {logging_mixin.py:188} INFO - [2026-06-29T08:29:02.597+0000] {override.py:1829} INFO - Created Permission View: can edit on DAG:dataset_consumes_1_and_2
[2026-06-29T08:29:02.613+0000] {logging_mixin.py:188} INFO - [2026-06-29T08:29:02.613+0000] {override.py:1829} INFO - Created Permission View: can read on DAG:dataset_consumes_1_and_2
[2026-06-29T08:29:02.642+0000] {logging_mixin.py:188} INFO - [2026-06-29T08:29:02.642+0000] {override.py:1829} INFO - Created Permission View: can delete on DAG:dataset_consumes_1_and_2
[2026-06-29T08:29:02.695+0000] {logging_mixin.py:188} INFO - [2026-06-29T08:29:02.694+0000] {override.py:1829} INFO - Created Permission View: can edit on DAG:conditional_dataset_and_time_based_timetable
[2026-06-29T08:29:02.737+0000] {logging_mixin.py:188} INFO - [2026-06-29T08:29:02.737+0000] {override.py:1829} INFO - Created Permission View: can read on DAG:conditional_dataset_and_time_based_timetable
[2026-06-29T08:29:02.766+0000] {logging_mixin.py:188} INFO - [2026-06-29T08:29:02.766+0000] {override.py:1829} INFO - Created Permission View: can delete on DAG:conditional_dataset_and_time_based_timetable
[2026-06-29T08:29:02.768+0000] {logging_mixin.py:188} INFO - [2026-06-29T08:29:02.768+0000] {dag.py:3096} INFO - Sync 10 DAGs
[2026-06-29T08:29:02.827+0000] {logging_mixin.py:188} INFO - [2026-06-29T08:29:02.827+0000] {dag.py:3118} INFO - Creating ORM DAG for conditional_dataset_and_time_based_timetable
[2026-06-29T08:29:02.828+0000] {logging_mixin.py:188} INFO - [2026-06-29T08:29:02.828+0000] {dag.py:3118} INFO - Creating ORM DAG for dataset_produces_1
[2026-06-29T08:29:02.833+0000] {logging_mixin.py:188} INFO - [2026-06-29T08:29:02.833+0000] {dag.py:3118} INFO - Creating ORM DAG for dataset_consumes_1_and_2
[2026-06-29T08:29:02.837+0000] {logging_mixin.py:188} INFO - [2026-06-29T08:29:02.837+0000] {dag.py:3118} INFO - Creating ORM DAG for dataset_produces_2
[2026-06-29T08:29:02.843+0000] {logging_mixin.py:188} INFO - [2026-06-29T08:29:02.842+0000] {dag.py:3118} INFO - Creating ORM DAG for dataset_consumes_1
[2026-06-29T08:29:02.848+0000] {logging_mixin.py:188} INFO - [2026-06-29T08:29:02.843+0000] {dag.py:3118} INFO - Creating ORM DAG for consume_1_or_both_2_and_3_with_dataset_expressions
[2026-06-29T08:29:02.849+0000] {logging_mixin.py:188} INFO - [2026-06-29T08:29:02.849+0000] {dag.py:3118} INFO - Creating ORM DAG for dataset_consumes_unknown_never_scheduled
[2026-06-29T08:29:02.855+0000] {logging_mixin.py:188} INFO - [2026-06-29T08:29:02.855+0000] {dag.py:3118} INFO - Creating ORM DAG for consume_1_and_2_with_dataset_expressions
[2026-06-29T08:29:02.856+0000] {logging_mixin.py:188} INFO - [2026-06-29T08:29:02.856+0000] {dag.py:3118} INFO - Creating ORM DAG for consume_1_or_2_with_dataset_expressions
[2026-06-29T08:29:02.863+0000] {logging_mixin.py:188} INFO - [2026-06-29T08:29:02.863+0000] {dag.py:3118} INFO - Creating ORM DAG for dataset_consumes_1_never_scheduled
[2026-06-29T08:29:02.913+0000] {logging_mixin.py:188} INFO - [2026-06-29T08:29:02.913+0000] {dag.py:3954} INFO - Setting next_dagrun for conditional_dataset_and_time_based_timetable to 2026-06-24 01:00:00+00:00, run_after=2026-06-24 01:00:00+00:00
[2026-06-29T08:29:02.918+0000] {logging_mixin.py:188} INFO - [2026-06-29T08:29:02.914+0000] {dag.py:3954} INFO - Setting next_dagrun for consume_1_and_2_with_dataset_expressions to None, run_after=None
[2026-06-29T08:29:02.922+0000] {logging_mixin.py:188} INFO - [2026-06-29T08:29:02.918+0000] {dag.py:3954} INFO - Setting next_dagrun for consume_1_or_2_with_dataset_expressions to None, run_after=None
[2026-06-29T08:29:02.923+0000] {logging_mixin.py:188} INFO - [2026-06-29T08:29:02.923+0000] {dag.py:3954} INFO - Setting next_dagrun for consume_1_or_both_2_and_3_with_dataset_expressions to None, run_after=None
[2026-06-29T08:29:02.925+0000] {logging_mixin.py:188} INFO - [2026-06-29T08:29:02.925+0000] {dag.py:3954} INFO - Setting next_dagrun for dataset_consumes_1 to None, run_after=None
[2026-06-29T08:29:02.928+0000] {logging_mixin.py:188} INFO - [2026-06-29T08:29:02.926+0000] {dag.py:3954} INFO - Setting next_dagrun for dataset_consumes_1_and_2 to None, run_after=None
[2026-06-29T08:29:02.933+0000] {logging_mixin.py:188} INFO - [2026-06-29T08:29:02.932+0000] {dag.py:3954} INFO - Setting next_dagrun for dataset_consumes_1_never_scheduled to None, run_after=None
[2026-06-29T08:29:02.943+0000] {logging_mixin.py:188} INFO - [2026-06-29T08:29:02.933+0000] {dag.py:3954} INFO - Setting next_dagrun for dataset_consumes_unknown_never_scheduled to None, run_after=None
[2026-06-29T08:29:02.958+0000] {logging_mixin.py:188} INFO - [2026-06-29T08:29:02.958+0000] {dag.py:3954} INFO - Setting next_dagrun for dataset_produces_1 to 2026-06-28 00:00:00+00:00, run_after=2026-06-29 00:00:00+00:00
[2026-06-29T08:29:02.962+0000] {logging_mixin.py:188} INFO - [2026-06-29T08:29:02.962+0000] {dag.py:3954} INFO - Setting next_dagrun for dataset_produces_2 to None, run_after=None
[2026-06-29T08:29:03.168+0000] {processor.py:183} INFO - Processing /home/airflow/.local/lib/python3.12/site-packages/airflow/example_dags/example_datasets.py took 2.496 seconds
[2026-06-29T08:29:34.343+0000] {processor.py:161} INFO - Started process (PID=149) to work on /home/airflow/.local/lib/python3.12/site-packages/airflow/example_dags/example_datasets.py
[2026-06-29T08:29:34.354+0000] {processor.py:830} INFO - Processing file /home/airflow/.local/lib/python3.12/site-packages/airflow/example_dags/example_datasets.py for tasks to queue
[2026-06-29T08:29:34.366+0000] {logging_mixin.py:188} INFO - [2026-06-29T08:29:34.365+0000] {dagbag.py:545} INFO - Filling up the DagBag from /home/airflow/.local/lib/python3.12/site-packages/airflow/example_dags/example_datasets.py
[2026-06-29T08:29:34.432+0000] {processor.py:840} INFO - DAG(s) 'consume_1_or_2_with_dataset_expressions', 'dataset_consumes_unknown_never_scheduled', 'dataset_consumes_1_never_scheduled', 'conditional_dataset_and_time_based_timetable', 'consume_1_and_2_with_dataset_expressions', 'dataset_produces_1', 'dataset_produces_2', 'dataset_consumes_1', 'dataset_consumes_1_and_2', 'consume_1_or_both_2_and_3_with_dataset_expressions' retrieved from /home/airflow/.local/lib/python3.12/site-packages/airflow/example_dags/example_datasets.py
[2026-06-29T08:29:34.795+0000] {logging_mixin.py:188} INFO - [2026-06-29T08:29:34.795+0000] {dag.py:3096} INFO - Sync 10 DAGs
[2026-06-29T08:29:34.985+0000] {logging_mixin.py:188} INFO - [2026-06-29T08:29:34.963+0000] {dag.py:3954} INFO - Setting next_dagrun for conditional_dataset_and_time_based_timetable to 2026-06-24 01:00:00+00:00, run_after=2026-06-24 01:00:00+00:00
[2026-06-29T08:29:34.999+0000] {logging_mixin.py:188} INFO - [2026-06-29T08:29:34.999+0000] {dag.py:3954} INFO - Setting next_dagrun for consume_1_and_2_with_dataset_expressions to None, run_after=None
[2026-06-29T08:29:35.005+0000] {logging_mixin.py:188} INFO - [2026-06-29T08:29:35.005+0000] {dag.py:3954} INFO - Setting next_dagrun for consume_1_or_2_with_dataset_expressions to None, run_after=None
[2026-06-29T08:29:35.008+0000] {logging_mixin.py:188} INFO - [2026-06-29T08:29:35.008+0000] {dag.py:3954} INFO - Setting next_dagrun for consume_1_or_both_2_and_3_with_dataset_expressions to None, run_after=None
[2026-06-29T08:29:35.015+0000] {logging_mixin.py:188} INFO - [2026-06-29T08:29:35.015+0000] {dag.py:3954} INFO - Setting next_dagrun for dataset_consumes_1 to None, run_after=None
[2026-06-29T08:29:35.023+0000] {logging_mixin.py:188} INFO - [2026-06-29T08:29:35.023+0000] {dag.py:3954} INFO - Setting next_dagrun for dataset_consumes_1_and_2 to None, run_after=None
[2026-06-29T08:29:35.032+0000] {logging_mixin.py:188} INFO - [2026-06-29T08:29:35.031+0000] {dag.py:3954} INFO - Setting next_dagrun for dataset_consumes_1_never_scheduled to None, run_after=None
[2026-06-29T08:29:35.037+0000] {logging_mixin.py:188} INFO - [2026-06-29T08:29:35.036+0000] {dag.py:3954} INFO - Setting next_dagrun for dataset_consumes_unknown_never_scheduled to None, run_after=None
[2026-06-29T08:29:35.041+0000] {logging_mixin.py:188} INFO - [2026-06-29T08:29:35.040+0000] {dag.py:3954} INFO - Setting next_dagrun for dataset_produces_1 to 2026-06-28 00:00:00+00:00, run_after=2026-06-29 00:00:00+00:00
[2026-06-29T08:29:35.044+0000] {logging_mixin.py:188} INFO - [2026-06-29T08:29:35.044+0000] {dag.py:3954} INFO - Setting next_dagrun for dataset_produces_2 to None, run_after=None
[2026-06-29T08:29:35.227+0000] {processor.py:183} INFO - Processing /home/airflow/.local/lib/python3.12/site-packages/airflow/example_dags/example_datasets.py took 0.907 seconds
[2026-06-29T08:30:05.614+0000] {processor.py:161} INFO - Started process (PID=206) to work on /home/airflow/.local/lib/python3.12/site-packages/airflow/example_dags/example_datasets.py
[2026-06-29T08:30:05.617+0000] {processor.py:830} INFO - Processing file /home/airflow/.local/lib/python3.12/site-packages/airflow/example_dags/example_datasets.py for tasks to queue
[2026-06-29T08:30:05.619+0000] {logging_mixin.py:188} INFO - [2026-06-29T08:30:05.618+0000] {dagbag.py:545} INFO - Filling up the DagBag from /home/airflow/.local/lib/python3.12/site-packages/airflow/example_dags/example_datasets.py
[2026-06-29T08:30:05.637+0000] {processor.py:840} INFO - DAG(s) 'dataset_consumes_1_and_2', 'dataset_consumes_1', 'dataset_consumes_1_never_scheduled', 'consume_1_and_2_with_dataset_expressions', 'conditional_dataset_and_time_based_timetable', 'dataset_consumes_unknown_never_scheduled', 'dataset_produces_1', 'consume_1_or_both_2_and_3_with_dataset_expressions', 'consume_1_or_2_with_dataset_expressions', 'dataset_produces_2' retrieved from /home/airflow/.local/lib/python3.12/site-packages/airflow/example_dags/example_datasets.py
[2026-06-29T08:30:05.694+0000] {logging_mixin.py:188} INFO - [2026-06-29T08:30:05.694+0000] {dag.py:3096} INFO - Sync 10 DAGs
[2026-06-29T08:30:05.736+0000] {logging_mixin.py:188} INFO - [2026-06-29T08:30:05.736+0000] {dag.py:3954} INFO - Setting next_dagrun for conditional_dataset_and_time_based_timetable to 2026-06-24 01:00:00+00:00, run_after=2026-06-24 01:00:00+00:00
[2026-06-29T08:30:05.740+0000] {logging_mixin.py:188} INFO - [2026-06-29T08:30:05.740+0000] {dag.py:3954} INFO - Setting next_dagrun for consume_1_and_2_with_dataset_expressions to None, run_after=None
[2026-06-29T08:30:05.741+0000] {logging_mixin.py:188} INFO - [2026-06-29T08:30:05.741+0000] {dag.py:3954} INFO - Setting next_dagrun for consume_1_or_2_with_dataset_expressions to None, run_after=None
[2026-06-29T08:30:05.743+0000] {logging_mixin.py:188} INFO - [2026-06-29T08:30:05.742+0000] {dag.py:3954} INFO - Setting next_dagrun for consume_1_or_both_2_and_3_with_dataset_expressions to None, run_after=None
[2026-06-29T08:30:05.744+0000] {logging_mixin.py:188} INFO - [2026-06-29T08:30:05.744+0000] {dag.py:3954} INFO - Setting next_dagrun for dataset_consumes_1 to None, run_after=None
[2026-06-29T08:30:05.745+0000] {logging_mixin.py:188} INFO - [2026-06-29T08:30:05.745+0000] {dag.py:3954} INFO - Setting next_dagrun for dataset_consumes_1_and_2 to None, run_after=None
[2026-06-29T08:30:05.746+0000] {logging_mixin.py:188} INFO - [2026-06-29T08:30:05.746+0000] {dag.py:3954} INFO - Setting next_dagrun for dataset_consumes_1_never_scheduled to None, run_after=None
[2026-06-29T08:30:05.747+0000] {logging_mixin.py:188} INFO - [2026-06-29T08:30:05.747+0000] {dag.py:3954} INFO - Setting next_dagrun for dataset_consumes_unknown_never_scheduled to None, run_after=None
[2026-06-29T08:30:05.750+0000] {logging_mixin.py:188} INFO - [2026-06-29T08:30:05.749+0000] {dag.py:3954} INFO - Setting next_dagrun for dataset_produces_1 to 2026-06-28 00:00:00+00:00, run_after=2026-06-29 00:00:00+00:00
[2026-06-29T08:30:05.757+0000] {logging_mixin.py:188} INFO - [2026-06-29T08:30:05.756+0000] {dag.py:3954} INFO - Setting next_dagrun for dataset_produces_2 to None, run_after=None
[2026-06-29T08:30:05.790+0000] {processor.py:183} INFO - Processing /home/airflow/.local/lib/python3.12/site-packages/airflow/example_dags/example_datasets.py took 0.181 seconds
[2026-06-29T08:30:36.202+0000] {processor.py:161} INFO - Started process (PID=265) to work on /home/airflow/.local/lib/python3.12/site-packages/airflow/example_dags/example_datasets.py
[2026-06-29T08:30:36.202+0000] {processor.py:830} INFO - Processing file /home/airflow/.local/lib/python3.12/site-packages/airflow/example_dags/example_datasets.py for tasks to queue
[2026-06-29T08:30:36.204+0000] {logging_mixin.py:188} INFO - [2026-06-29T08:30:36.204+0000] {dagbag.py:545} INFO - Filling up the DagBag from /home/airflow/.local/lib/python3.12/site-packages/airflow/example_dags/example_datasets.py
[2026-06-29T08:30:36.222+0000] {processor.py:840} INFO - DAG(s) 'dataset_consumes_1_never_scheduled', 'consume_1_or_both_2_and_3_with_dataset_expressions', 'consume_1_or_2_with_dataset_expressions', 'dataset_consumes_1', 'conditional_dataset_and_time_based_timetable', 'dataset_consumes_unknown_never_scheduled', 'dataset_produces_2', 'dataset_produces_1', 'dataset_consumes_1_and_2', 'consume_1_and_2_with_dataset_expressions' retrieved from /home/airflow/.local/lib/python3.12/site-packages/airflow/example_dags/example_datasets.py
[2026-06-29T08:30:36.288+0000] {logging_mixin.py:188} INFO - [2026-06-29T08:30:36.287+0000] {dag.py:3096} INFO - Sync 10 DAGs
[2026-06-29T08:30:36.345+0000] {logging_mixin.py:188} INFO - [2026-06-29T08:30:36.344+0000] {dag.py:3954} INFO - Setting next_dagrun for conditional_dataset_and_time_based_timetable to 2026-06-24 01:00:00+00:00, run_after=2026-06-24 01:00:00+00:00
[2026-06-29T08:30:36.350+0000] {logging_mixin.py:188} INFO - [2026-06-29T08:30:36.350+0000] {dag.py:3954} INFO - Setting next_dagrun for consume_1_and_2_with_dataset_expressions to None, run_after=None
[2026-06-29T08:30:36.352+0000] {logging_mixin.py:188} INFO - [2026-06-29T08:30:36.351+0000] {dag.py:3954} INFO - Setting next_dagrun for consume_1_or_2_with_dataset_expressions to None, run_after=None
[2026-06-29T08:30:36.354+0000] {logging_mixin.py:188} INFO - [2026-06-29T08:30:36.354+0000] {dag.py:3954} INFO - Setting next_dagrun for consume_1_or_both_2_and_3_with_dataset_expressions to None, run_after=None
[2026-06-29T08:30:36.356+0000] {logging_mixin.py:188} INFO - [2026-06-29T08:30:36.356+0000] {dag.py:3954} INFO - Setting next_dagrun for dataset_consumes_1 to None, run_after=None
[2026-06-29T08:30:36.358+0000] {logging_mixin.py:188} INFO - [2026-06-29T08:30:36.358+0000] {dag.py:3954} INFO - Setting next_dagrun for dataset_consumes_1_and_2 to None, run_after=None
[2026-06-29T08:30:36.359+0000] {logging_mixin.py:188} INFO - [2026-06-29T08:30:36.359+0000] {dag.py:3954} INFO - Setting next_dagrun for dataset_consumes_1_never_scheduled to None, run_after=None
[2026-06-29T08:30:36.361+0000] {logging_mixin.py:188} INFO - [2026-06-29T08:30:36.360+0000] {dag.py:3954} INFO - Setting next_dagrun for dataset_consumes_unknown_never_scheduled to None, run_after=None
[2026-06-29T08:30:36.364+0000] {logging_mixin.py:188} INFO - [2026-06-29T08:30:36.363+0000] {dag.py:3954} INFO - Setting next_dagrun for dataset_produces_1 to 2026-06-28 00:00:00+00:00, run_after=2026-06-29 00:00:00+00:00
[2026-06-29T08:30:36.365+0000] {logging_mixin.py:188} INFO - [2026-06-29T08:30:36.365+0000] {dag.py:3954} INFO - Setting next_dagrun for dataset_produces_2 to None, run_after=None
[2026-06-29T08:30:36.401+0000] {processor.py:183} INFO - Processing /home/airflow/.local/lib/python3.12/site-packages/airflow/example_dags/example_datasets.py took 0.206 seconds
[2026-06-29T08:31:07.104+0000] {processor.py:161} INFO - Started process (PID=324) to work on /home/airflow/.local/lib/python3.12/site-packages/airflow/example_dags/example_datasets.py
[2026-06-29T08:31:07.107+0000] {processor.py:830} INFO - Processing file /home/airflow/.local/lib/python3.12/site-packages/airflow/example_dags/example_datasets.py for tasks to queue
[2026-06-29T08:31:07.111+0000] {logging_mixin.py:188} INFO - [2026-06-29T08:31:07.111+0000] {dagbag.py:545} INFO - Filling up the DagBag from /home/airflow/.local/lib/python3.12/site-packages/airflow/example_dags/example_datasets.py
[2026-06-29T08:31:07.129+0000] {processor.py:840} INFO - DAG(s) 'dataset_consumes_1', 'dataset_consumes_1_and_2', 'dataset_produces_2', 'consume_1_or_2_with_dataset_expressions', 'conditional_dataset_and_time_based_timetable', 'consume_1_and_2_with_dataset_expressions', 'dataset_consumes_1_never_scheduled', 'dataset_consumes_unknown_never_scheduled', 'consume_1_or_both_2_and_3_with_dataset_expressions', 'dataset_produces_1' retrieved from /home/airflow/.local/lib/python3.12/site-packages/airflow/example_dags/example_datasets.py
[2026-06-29T08:31:07.188+0000] {logging_mixin.py:188} INFO - [2026-06-29T08:31:07.188+0000] {dag.py:3096} INFO - Sync 10 DAGs
[2026-06-29T08:31:07.224+0000] {logging_mixin.py:188} INFO - [2026-06-29T08:31:07.223+0000] {dag.py:3954} INFO - Setting next_dagrun for conditional_dataset_and_time_based_timetable to 2026-06-24 01:00:00+00:00, run_after=2026-06-24 01:00:00+00:00
[2026-06-29T08:31:07.228+0000] {logging_mixin.py:188} INFO - [2026-06-29T08:31:07.228+0000] {dag.py:3954} INFO - Setting next_dagrun for consume_1_and_2_with_dataset_expressions to None, run_after=None
[2026-06-29T08:31:07.229+0000] {logging_mixin.py:188} INFO - [2026-06-29T08:31:07.229+0000] {dag.py:3954} INFO - Setting next_dagrun for consume_1_or_2_with_dataset_expressions to None, run_after=None
[2026-06-29T08:31:07.230+0000] {logging_mixin.py:188} INFO - [2026-06-29T08:31:07.230+0000] {dag.py:3954} INFO - Setting next_dagrun for consume_1_or_both_2_and_3_with_dataset_expressions to None, run_after=None
[2026-06-29T08:31:07.231+0000] {logging_mixin.py:188} INFO - [2026-06-29T08:31:07.231+0000] {dag.py:3954} INFO - Setting next_dagrun for dataset_consumes_1 to None, run_after=None
[2026-06-29T08:31:07.232+0000] {logging_mixin.py:188} INFO - [2026-06-29T08:31:07.232+0000] {dag.py:3954} INFO - Setting next_dagrun for dataset_consumes_1_and_2 to None, run_after=None
[2026-06-29T08:31:07.233+0000] {logging_mixin.py:188} INFO - [2026-06-29T08:31:07.233+0000] {dag.py:3954} INFO - Setting next_dagrun for dataset_consumes_1_never_scheduled to None, run_after=None
[2026-06-29T08:31:07.234+0000] {logging_mixin.py:188} INFO - [2026-06-29T08:31:07.234+0000] {dag.py:3954} INFO - Setting next_dagrun for dataset_consumes_unknown_never_scheduled to None, run_after=None
[2026-06-29T08:31:07.236+0000] {logging_mixin.py:188} INFO - [2026-06-29T08:31:07.236+0000] {dag.py:3954} INFO - Setting next_dagrun for dataset_produces_1 to 2026-06-28 00:00:00+00:00, run_after=2026-06-29 00:00:00+00:00
[2026-06-29T08:31:07.237+0000] {logging_mixin.py:188} INFO - [2026-06-29T08:31:07.237+0000] {dag.py:3954} INFO - Setting next_dagrun for dataset_produces_2 to None, run_after=None
[2026-06-29T08:31:07.264+0000] {processor.py:183} INFO - Processing /home/airflow/.local/lib/python3.12/site-packages/airflow/example_dags/example_datasets.py took 0.175 seconds
[2026-06-29T08:31:37.700+0000] {processor.py:161} INFO - Started process (PID=383) to work on /home/airflow/.local/lib/python3.12/site-packages/airflow/example_dags/example_datasets.py
[2026-06-29T08:31:37.708+0000] {processor.py:830} INFO - Processing file /home/airflow/.local/lib/python3.12/site-packages/airflow/example_dags/example_datasets.py for tasks to queue
[2026-06-29T08:31:37.718+0000] {logging_mixin.py:188} INFO - [2026-06-29T08:31:37.717+0000] {dagbag.py:545} INFO - Filling up the DagBag from /home/airflow/.local/lib/python3.12/site-packages/airflow/example_dags/example_datasets.py
[2026-06-29T08:31:37.785+0000] {processor.py:840} INFO - DAG(s) 'dataset_consumes_1_and_2', 'dataset_consumes_unknown_never_scheduled', 'conditional_dataset_and_time_based_timetable', 'consume_1_and_2_with_dataset_expressions', 'dataset_produces_2', 'dataset_produces_1', 'dataset_consumes_1_never_scheduled', 'consume_1_or_both_2_and_3_with_dataset_expressions', 'dataset_consumes_1', 'consume_1_or_2_with_dataset_expressions' retrieved from /home/airflow/.local/lib/python3.12/site-packages/airflow/example_dags/example_datasets.py
[2026-06-29T08:31:38.011+0000] {logging_mixin.py:188} INFO - [2026-06-29T08:31:38.009+0000] {dag.py:3096} INFO - Sync 10 DAGs
[2026-06-29T08:31:38.199+0000] {logging_mixin.py:188} INFO - [2026-06-29T08:31:38.198+0000] {dag.py:3954} INFO - Setting next_dagrun for conditional_dataset_and_time_based_timetable to 2026-06-24 01:00:00+00:00, run_after=2026-06-24 01:00:00+00:00
[2026-06-29T08:31:38.211+0000] {logging_mixin.py:188} INFO - [2026-06-29T08:31:38.211+0000] {dag.py:3954} INFO - Setting next_dagrun for consume_1_and_2_with_dataset_expressions to None, run_after=None
[2026-06-29T08:31:38.215+0000] {logging_mixin.py:188} INFO - [2026-06-29T08:31:38.215+0000] {dag.py:3954} INFO - Setting next_dagrun for consume_1_or_2_with_dataset_expressions to None, run_after=None
[2026-06-29T08:31:38.221+0000] {logging_mixin.py:188} INFO - [2026-06-29T08:31:38.221+0000] {dag.py:3954} INFO - Setting next_dagrun for consume_1_or_both_2_and_3_with_dataset_expressions to None, run_after=None
[2026-06-29T08:31:38.242+0000] {logging_mixin.py:188} INFO - [2026-06-29T08:31:38.226+0000] {dag.py:3954} INFO - Setting next_dagrun for dataset_consumes_1 to None, run_after=None
[2026-06-29T08:31:38.262+0000] {logging_mixin.py:188} INFO - [2026-06-29T08:31:38.255+0000] {dag.py:3954} INFO - Setting next_dagrun for dataset_consumes_1_and_2 to None, run_after=None
[2026-06-29T08:31:38.268+0000] {logging_mixin.py:188} INFO - [2026-06-29T08:31:38.268+0000] {dag.py:3954} INFO - Setting next_dagrun for dataset_consumes_1_never_scheduled to None, run_after=None
[2026-06-29T08:31:38.279+0000] {logging_mixin.py:188} INFO - [2026-06-29T08:31:38.279+0000] {dag.py:3954} INFO - Setting next_dagrun for dataset_consumes_unknown_never_scheduled to None, run_after=None
[2026-06-29T08:31:38.319+0000] {logging_mixin.py:188} INFO - [2026-06-29T08:31:38.318+0000] {dag.py:3954} INFO - Setting next_dagrun for dataset_produces_1 to 2026-06-28 00:00:00+00:00, run_after=2026-06-29 00:00:00+00:00
[2026-06-29T08:31:38.332+0000] {logging_mixin.py:188} INFO - [2026-06-29T08:31:38.332+0000] {dag.py:3954} INFO - Setting next_dagrun for dataset_produces_2 to None, run_after=None
[2026-06-29T08:31:38.502+0000] {processor.py:183} INFO - Processing /home/airflow/.local/lib/python3.12/site-packages/airflow/example_dags/example_datasets.py took 0.838 seconds
[2026-06-29T08:32:08.782+0000] {processor.py:161} INFO - Started process (PID=443) to work on /home/airflow/.local/lib/python3.12/site-packages/airflow/example_dags/example_datasets.py
[2026-06-29T08:32:08.783+0000] {processor.py:830} INFO - Processing file /home/airflow/.local/lib/python3.12/site-packages/airflow/example_dags/example_datasets.py for tasks to queue
[2026-06-29T08:32:08.785+0000] {logging_mixin.py:188} INFO - [2026-06-29T08:32:08.785+0000] {dagbag.py:545} INFO - Filling up the DagBag from /home/airflow/.local/lib/python3.12/site-packages/airflow/example_dags/example_datasets.py
[2026-06-29T08:32:08.816+0000] {processor.py:840} INFO - DAG(s) 'consume_1_or_2_with_dataset_expressions', 'dataset_consumes_unknown_never_scheduled', 'dataset_produces_1', 'dataset_produces_2', 'consume_1_or_both_2_and_3_with_dataset_expressions', 'consume_1_and_2_with_dataset_expressions', 'dataset_consumes_1', 'dataset_consumes_1_and_2', 'dataset_consumes_1_never_scheduled', 'conditional_dataset_and_time_based_timetable' retrieved from /home/airflow/.local/lib/python3.12/site-packages/airflow/example_dags/example_datasets.py
[2026-06-29T08:32:08.953+0000] {logging_mixin.py:188} INFO - [2026-06-29T08:32:08.952+0000] {dag.py:3096} INFO - Sync 10 DAGs
[2026-06-29T08:32:09.005+0000] {logging_mixin.py:188} INFO - [2026-06-29T08:32:09.005+0000] {dag.py:3954} INFO - Setting next_dagrun for conditional_dataset_and_time_based_timetable to 2026-06-24 01:00:00+00:00, run_after=2026-06-24 01:00:00+00:00
[2026-06-29T08:32:09.011+0000] {logging_mixin.py:188} INFO - [2026-06-29T08:32:09.011+0000] {dag.py:3954} INFO - Setting next_dagrun for consume_1_and_2_with_dataset_expressions to None, run_after=None
[2026-06-29T08:32:09.013+0000] {logging_mixin.py:188} INFO - [2026-06-29T08:32:09.012+0000] {dag.py:3954} INFO - Setting next_dagrun for consume_1_or_2_with_dataset_expressions to None, run_after=None
[2026-06-29T08:32:09.014+0000] {logging_mixin.py:188} INFO - [2026-06-29T08:32:09.014+0000] {dag.py:3954} INFO - Setting next_dagrun for consume_1_or_both_2_and_3_with_dataset_expressions to None, run_after=None
[2026-06-29T08:32:09.016+0000] {logging_mixin.py:188} INFO - [2026-06-29T08:32:09.016+0000] {dag.py:3954} INFO - Setting next_dagrun for dataset_consumes_1 to None, run_after=None
[2026-06-29T08:32:09.018+0000] {logging_mixin.py:188} INFO - [2026-06-29T08:32:09.018+0000] {dag.py:3954} INFO - Setting next_dagrun for dataset_consumes_1_and_2 to None, run_after=None
[2026-06-29T08:32:09.020+0000] {logging_mixin.py:188} INFO - [2026-06-29T08:32:09.020+0000] {dag.py:3954} INFO - Setting next_dagrun for dataset_consumes_1_never_scheduled to None, run_after=None
[2026-06-29T08:32:09.022+0000] {logging_mixin.py:188} INFO - [2026-06-29T08:32:09.022+0000] {dag.py:3954} INFO - Setting next_dagrun for dataset_consumes_unknown_never_scheduled to None, run_after=None
[2026-06-29T08:32:09.025+0000] {logging_mixin.py:188} INFO - [2026-06-29T08:32:09.025+0000] {dag.py:3954} INFO - Setting next_dagrun for dataset_produces_1 to 2026-06-28 00:00:00+00:00, run_after=2026-06-29 00:00:00+00:00
[2026-06-29T08:32:09.026+0000] {logging_mixin.py:188} INFO - [2026-06-29T08:32:09.026+0000] {dag.py:3954} INFO - Setting next_dagrun for dataset_produces_2 to None, run_after=None
[2026-06-29T08:32:09.090+0000] {processor.py:183} INFO - Processing /home/airflow/.local/lib/python3.12/site-packages/airflow/example_dags/example_datasets.py took 0.317 seconds
[2026-06-29T08:32:39.404+0000] {processor.py:161} INFO - Started process (PID=501) to work on /home/airflow/.local/lib/python3.12/site-packages/airflow/example_dags/example_datasets.py
[2026-06-29T08:32:39.407+0000] {processor.py:830} INFO - Processing file /home/airflow/.local/lib/python3.12/site-packages/airflow/example_dags/example_datasets.py for tasks to queue
[2026-06-29T08:32:39.413+0000] {logging_mixin.py:188} INFO - [2026-06-29T08:32:39.412+0000] {dagbag.py:545} INFO - Filling up the DagBag from /home/airflow/.local/lib/python3.12/site-packages/airflow/example_dags/example_datasets.py
[2026-06-29T08:32:39.449+0000] {processor.py:840} INFO - DAG(s) 'consume_1_or_both_2_and_3_with_dataset_expressions', 'dataset_produces_2', 'dataset_consumes_1_never_scheduled', 'dataset_consumes_unknown_never_scheduled', 'consume_1_and_2_with_dataset_expressions', 'consume_1_or_2_with_dataset_expressions', 'conditional_dataset_and_time_based_timetable', 'dataset_consumes_1_and_2', 'dataset_produces_1', 'dataset_consumes_1' retrieved from /home/airflow/.local/lib/python3.12/site-packages/airflow/example_dags/example_datasets.py
[2026-06-29T08:32:39.512+0000] {logging_mixin.py:188} INFO - [2026-06-29T08:32:39.512+0000] {dag.py:3096} INFO - Sync 10 DAGs
[2026-06-29T08:32:39.545+0000] {logging_mixin.py:188} INFO - [2026-06-29T08:32:39.545+0000] {dag.py:3954} INFO - Setting next_dagrun for conditional_dataset_and_time_based_timetable to 2026-06-24 01:00:00+00:00, run_after=2026-06-24 01:00:00+00:00
[2026-06-29T08:32:39.552+0000] {logging_mixin.py:188} INFO - [2026-06-29T08:32:39.552+0000] {dag.py:3954} INFO - Setting next_dagrun for consume_1_and_2_with_dataset_expressions to None, run_after=None
[2026-06-29T08:32:39.555+0000] {logging_mixin.py:188} INFO - [2026-06-29T08:32:39.555+0000] {dag.py:3954} INFO - Setting next_dagrun for consume_1_or_2_with_dataset_expressions to None, run_after=None
[2026-06-29T08:32:39.557+0000] {logging_mixin.py:188} INFO - [2026-06-29T08:32:39.557+0000] {dag.py:3954} INFO - Setting next_dagrun for consume_1_or_both_2_and_3_with_dataset_expressions to None, run_after=None
[2026-06-29T08:32:39.558+0000] {logging_mixin.py:188} INFO - [2026-06-29T08:32:39.558+0000] {dag.py:3954} INFO - Setting next_dagrun for dataset_consumes_1 to None, run_after=None
[2026-06-29T08:32:39.559+0000] {logging_mixin.py:188} INFO - [2026-06-29T08:32:39.559+0000] {dag.py:3954} INFO - Setting next_dagrun for dataset_consumes_1_and_2 to None, run_after=None
[2026-06-29T08:32:39.561+0000] {logging_mixin.py:188} INFO - [2026-06-29T08:32:39.561+0000] {dag.py:3954} INFO - Setting next_dagrun for dataset_consumes_1_never_scheduled to None, run_after=None
[2026-06-29T08:32:39.562+0000] {logging_mixin.py:188} INFO - [2026-06-29T08:32:39.562+0000] {dag.py:3954} INFO - Setting next_dagrun for dataset_consumes_unknown_never_scheduled to None, run_after=None
[2026-06-29T08:32:39.565+0000] {logging_mixin.py:188} INFO - [2026-06-29T08:32:39.565+0000] {dag.py:3954} INFO - Setting next_dagrun for dataset_produces_1 to 2026-06-28 00:00:00+00:00, run_after=2026-06-29 00:00:00+00:00
[2026-06-29T08:32:39.566+0000] {logging_mixin.py:188} INFO - [2026-06-29T08:32:39.566+0000] {dag.py:3954} INFO - Setting next_dagrun for dataset_produces_2 to None, run_after=None
[2026-06-29T08:32:39.612+0000] {processor.py:183} INFO - Processing /home/airflow/.local/lib/python3.12/site-packages/airflow/example_dags/example_datasets.py took 0.222 seconds
[2026-06-29T08:33:10.144+0000] {processor.py:161} INFO - Started process (PID=560) to work on /home/airflow/.local/lib/python3.12/site-packages/airflow/example_dags/example_datasets.py
[2026-06-29T08:33:10.145+0000] {processor.py:830} INFO - Processing file /home/airflow/.local/lib/python3.12/site-packages/airflow/example_dags/example_datasets.py for tasks to queue
[2026-06-29T08:33:10.148+0000] {logging_mixin.py:188} INFO - [2026-06-29T08:33:10.147+0000] {dagbag.py:545} INFO - Filling up the DagBag from /home/airflow/.local/lib/python3.12/site-packages/airflow/example_dags/example_datasets.py
[2026-06-29T08:33:10.165+0000] {processor.py:840} INFO - DAG(s) 'consume_1_or_both_2_and_3_with_dataset_expressions', 'dataset_consumes_1_never_scheduled', 'dataset_consumes_1', 'consume_1_or_2_with_dataset_expressions', 'consume_1_and_2_with_dataset_expressions', 'dataset_consumes_unknown_never_scheduled', 'dataset_produces_1', 'conditional_dataset_and_time_based_timetable', 'dataset_produces_2', 'dataset_consumes_1_and_2' retrieved from /home/airflow/.local/lib/python3.12/site-packages/airflow/example_dags/example_datasets.py
[2026-06-29T08:33:10.220+0000] {logging_mixin.py:188} INFO - [2026-06-29T08:33:10.220+0000] {dag.py:3096} INFO - Sync 10 DAGs
[2026-06-29T08:33:10.253+0000] {logging_mixin.py:188} INFO - [2026-06-29T08:33:10.253+0000] {dag.py:3954} INFO - Setting next_dagrun for conditional_dataset_and_time_based_timetable to 2026-06-24 01:00:00+00:00, run_after=2026-06-24 01:00:00+00:00
[2026-06-29T08:33:10.258+0000] {logging_mixin.py:188} INFO - [2026-06-29T08:33:10.258+0000] {dag.py:3954} INFO - Setting next_dagrun for consume_1_and_2_with_dataset_expressions to None, run_after=None
[2026-06-29T08:33:10.259+0000] {logging_mixin.py:188} INFO - [2026-06-29T08:33:10.259+0000] {dag.py:3954} INFO - Setting next_dagrun for consume_1_or_2_with_dataset_expressions to None, run_after=None
[2026-06-29T08:33:10.261+0000] {logging_mixin.py:188} INFO - [2026-06-29T08:33:10.260+0000] {dag.py:3954} INFO - Setting next_dagrun for consume_1_or_both_2_and_3_with_dataset_expressions to None, run_after=None
[2026-06-29T08:33:10.262+0000] {logging_mixin.py:188} INFO - [2026-06-29T08:33:10.262+0000] {dag.py:3954} INFO - Setting next_dagrun for dataset_consumes_1 to None, run_after=None
[2026-06-29T08:33:10.263+0000] {logging_mixin.py:188} INFO - [2026-06-29T08:33:10.263+0000] {dag.py:3954} INFO - Setting next_dagrun for dataset_consumes_1_and_2 to None, run_after=None
[2026-06-29T08:33:10.264+0000] {logging_mixin.py:188} INFO - [2026-06-29T08:33:10.264+0000] {dag.py:3954} INFO - Setting next_dagrun for dataset_consumes_1_never_scheduled to None, run_after=None
[2026-06-29T08:33:10.265+0000] {logging_mixin.py:188} INFO - [2026-06-29T08:33:10.265+0000] {dag.py:3954} INFO - Setting next_dagrun for dataset_consumes_unknown_never_scheduled to None, run_after=None
[2026-06-29T08:33:10.268+0000] {logging_mixin.py:188} INFO - [2026-06-29T08:33:10.268+0000] {dag.py:3954} INFO - Setting next_dagrun for dataset_produces_1 to 2026-06-28 00:00:00+00:00, run_after=2026-06-29 00:00:00+00:00
[2026-06-29T08:33:10.269+0000] {logging_mixin.py:188} INFO - [2026-06-29T08:33:10.269+0000] {dag.py:3954} INFO - Setting next_dagrun for dataset_produces_2 to None, run_after=None
[2026-06-29T08:33:10.307+0000] {processor.py:183} INFO - Processing /home/airflow/.local/lib/python3.12/site-packages/airflow/example_dags/example_datasets.py took 0.171 seconds
[2026-06-29T08:33:41.339+0000] {processor.py:161} INFO - Started process (PID=620) to work on /home/airflow/.local/lib/python3.12/site-packages/airflow/example_dags/example_datasets.py
[2026-06-29T08:33:41.344+0000] {processor.py:830} INFO - Processing file /home/airflow/.local/lib/python3.12/site-packages/airflow/example_dags/example_datasets.py for tasks to queue
[2026-06-29T08:33:41.350+0000] {logging_mixin.py:188} INFO - [2026-06-29T08:33:41.349+0000] {dagbag.py:545} INFO - Filling up the DagBag from /home/airflow/.local/lib/python3.12/site-packages/airflow/example_dags/example_datasets.py
[2026-06-29T08:33:41.379+0000] {processor.py:840} INFO - DAG(s) 'dataset_consumes_1', 'dataset_consumes_1_and_2', 'conditional_dataset_and_time_based_timetable', 'consume_1_or_2_with_dataset_expressions', 'dataset_produces_1', 'consume_1_and_2_with_dataset_expressions', 'consume_1_or_both_2_and_3_with_dataset_expressions', 'dataset_consumes_1_never_scheduled', 'dataset_produces_2', 'dataset_consumes_unknown_never_scheduled' retrieved from /home/airflow/.local/lib/python3.12/site-packages/airflow/example_dags/example_datasets.py
[2026-06-29T08:33:41.570+0000] {logging_mixin.py:188} INFO - [2026-06-29T08:33:41.569+0000] {dag.py:3096} INFO - Sync 10 DAGs
[2026-06-29T08:33:41.700+0000] {logging_mixin.py:188} INFO - [2026-06-29T08:33:41.699+0000] {dag.py:3954} INFO - Setting next_dagrun for conditional_dataset_and_time_based_timetable to 2026-06-24 01:00:00+00:00, run_after=2026-06-24 01:00:00+00:00
[2026-06-29T08:33:41.758+0000] {logging_mixin.py:188} INFO - [2026-06-29T08:33:41.755+0000] {dag.py:3954} INFO - Setting next_dagrun for consume_1_and_2_with_dataset_expressions to None, run_after=None
[2026-06-29T08:33:41.775+0000] {logging_mixin.py:188} INFO - [2026-06-29T08:33:41.775+0000] {dag.py:3954} INFO - Setting next_dagrun for consume_1_or_2_with_dataset_expressions to None, run_after=None
[2026-06-29T08:33:41.785+0000] {logging_mixin.py:188} INFO - [2026-06-29T08:33:41.784+0000] {dag.py:3954} INFO - Setting next_dagrun for consume_1_or_both_2_and_3_with_dataset_expressions to None, run_after=None
[2026-06-29T08:33:41.793+0000] {logging_mixin.py:188} INFO - [2026-06-29T08:33:41.792+0000] {dag.py:3954} INFO - Setting next_dagrun for dataset_consumes_1 to None, run_after=None
[2026-06-29T08:33:41.801+0000] {logging_mixin.py:188} INFO - [2026-06-29T08:33:41.801+0000] {dag.py:3954} INFO - Setting next_dagrun for dataset_consumes_1_and_2 to None, run_after=None
[2026-06-29T08:33:41.822+0000] {logging_mixin.py:188} INFO - [2026-06-29T08:33:41.813+0000] {dag.py:3954} INFO - Setting next_dagrun for dataset_consumes_1_never_scheduled to None, run_after=None
[2026-06-29T08:33:41.829+0000] {logging_mixin.py:188} INFO - [2026-06-29T08:33:41.824+0000] {dag.py:3954} INFO - Setting next_dagrun for dataset_consumes_unknown_never_scheduled to None, run_after=None
[2026-06-29T08:33:41.847+0000] {logging_mixin.py:188} INFO - [2026-06-29T08:33:41.847+0000] {dag.py:3954} INFO - Setting next_dagrun for dataset_produces_1 to 2026-06-28 00:00:00+00:00, run_after=2026-06-29 00:00:00+00:00
[2026-06-29T08:33:41.854+0000] {logging_mixin.py:188} INFO - [2026-06-29T08:33:41.854+0000] {dag.py:3954} INFO - Setting next_dagrun for dataset_produces_2 to None, run_after=None
[2026-06-29T08:33:41.948+0000] {processor.py:183} INFO - Processing /home/airflow/.local/lib/python3.12/site-packages/airflow/example_dags/example_datasets.py took 0.622 seconds
[2026-06-29T08:34:12.038+0000] {processor.py:161} INFO - Started process (PID=680) to work on /home/airflow/.local/lib/python3.12/site-packages/airflow/example_dags/example_datasets.py
[2026-06-29T08:34:12.039+0000] {processor.py:830} INFO - Processing file /home/airflow/.local/lib/python3.12/site-packages/airflow/example_dags/example_datasets.py for tasks to queue
[2026-06-29T08:34:12.043+0000] {logging_mixin.py:188} INFO - [2026-06-29T08:34:12.043+0000] {dagbag.py:545} INFO - Filling up the DagBag from /home/airflow/.local/lib/python3.12/site-packages/airflow/example_dags/example_datasets.py
[2026-06-29T08:34:12.057+0000] {processor.py:840} INFO - DAG(s) 'consume_1_or_both_2_and_3_with_dataset_expressions', 'dataset_consumes_1_and_2', 'dataset_consumes_1_never_scheduled', 'dataset_produces_1', 'dataset_produces_2', 'conditional_dataset_and_time_based_timetable', 'dataset_consumes_unknown_never_scheduled', 'consume_1_and_2_with_dataset_expressions', 'consume_1_or_2_with_dataset_expressions', 'dataset_consumes_1' retrieved from /home/airflow/.local/lib/python3.12/site-packages/airflow/example_dags/example_datasets.py
[2026-06-29T08:34:12.098+0000] {logging_mixin.py:188} INFO - [2026-06-29T08:34:12.098+0000] {dag.py:3096} INFO - Sync 10 DAGs
[2026-06-29T08:34:12.120+0000] {logging_mixin.py:188} INFO - [2026-06-29T08:34:12.120+0000] {dag.py:3954} INFO - Setting next_dagrun for conditional_dataset_and_time_based_timetable to 2026-06-24 01:00:00+00:00, run_after=2026-06-24 01:00:00+00:00
[2026-06-29T08:34:12.123+0000] {logging_mixin.py:188} INFO - [2026-06-29T08:34:12.123+0000] {dag.py:3954} INFO - Setting next_dagrun for consume_1_and_2_with_dataset_expressions to None, run_after=None
[2026-06-29T08:34:12.124+0000] {logging_mixin.py:188} INFO - [2026-06-29T08:34:12.124+0000] {dag.py:3954} INFO - Setting next_dagrun for consume_1_or_2_with_dataset_expressions to None, run_after=None
[2026-06-29T08:34:12.127+0000] {logging_mixin.py:188} INFO - [2026-06-29T08:34:12.127+0000] {dag.py:3954} INFO - Setting next_dagrun for consume_1_or_both_2_and_3_with_dataset_expressions to None, run_after=None
[2026-06-29T08:34:12.129+0000] {logging_mixin.py:188} INFO - [2026-06-29T08:34:12.128+0000] {dag.py:3954} INFO - Setting next_dagrun for dataset_consumes_1 to None, run_after=None
[2026-06-29T08:34:12.130+0000] {logging_mixin.py:188} INFO - [2026-06-29T08:34:12.130+0000] {dag.py:3954} INFO - Setting next_dagrun for dataset_consumes_1_and_2 to None, run_after=None
[2026-06-29T08:34:12.131+0000] {logging_mixin.py:188} INFO - [2026-06-29T08:34:12.131+0000] {dag.py:3954} INFO - Setting next_dagrun for dataset_consumes_1_never_scheduled to None, run_after=None
[2026-06-29T08:34:12.132+0000] {logging_mixin.py:188} INFO - [2026-06-29T08:34:12.132+0000] {dag.py:3954} INFO - Setting next_dagrun for dataset_consumes_unknown_never_scheduled to None, run_after=None
[2026-06-29T08:34:12.134+0000] {logging_mixin.py:188} INFO - [2026-06-29T08:34:12.134+0000] {dag.py:3954} INFO - Setting next_dagrun for dataset_produces_1 to 2026-06-28 00:00:00+00:00, run_after=2026-06-29 00:00:00+00:00
[2026-06-29T08:34:12.135+0000] {logging_mixin.py:188} INFO - [2026-06-29T08:34:12.135+0000] {dag.py:3954} INFO - Setting next_dagrun for dataset_produces_2 to None, run_after=None
[2026-06-29T08:34:12.164+0000] {processor.py:183} INFO - Processing /home/airflow/.local/lib/python3.12/site-packages/airflow/example_dags/example_datasets.py took 0.132 seconds
[2026-06-29T08:34:42.321+0000] {processor.py:161} INFO - Started process (PID=739) to work on /home/airflow/.local/lib/python3.12/site-packages/airflow/example_dags/example_datasets.py
[2026-06-29T08:34:42.322+0000] {processor.py:830} INFO - Processing file /home/airflow/.local/lib/python3.12/site-packages/airflow/example_dags/example_datasets.py for tasks to queue
[2026-06-29T08:34:42.324+0000] {logging_mixin.py:188} INFO - [2026-06-29T08:34:42.324+0000] {dagbag.py:545} INFO - Filling up the DagBag from /home/airflow/.local/lib/python3.12/site-packages/airflow/example_dags/example_datasets.py
[2026-06-29T08:34:42.342+0000] {processor.py:840} INFO - DAG(s) 'dataset_consumes_1_and_2', 'dataset_produces_2', 'consume_1_and_2_with_dataset_expressions', 'consume_1_or_2_with_dataset_expressions', 'dataset_consumes_unknown_never_scheduled', 'dataset_consumes_1_never_scheduled', 'consume_1_or_both_2_and_3_with_dataset_expressions', 'conditional_dataset_and_time_based_timetable', 'dataset_produces_1', 'dataset_consumes_1' retrieved from /home/airflow/.local/lib/python3.12/site-packages/airflow/example_dags/example_datasets.py
[2026-06-29T08:34:42.405+0000] {logging_mixin.py:188} INFO - [2026-06-29T08:34:42.404+0000] {dag.py:3096} INFO - Sync 10 DAGs
[2026-06-29T08:34:42.440+0000] {logging_mixin.py:188} INFO - [2026-06-29T08:34:42.439+0000] {dag.py:3954} INFO - Setting next_dagrun for conditional_dataset_and_time_based_timetable to 2026-06-24 01:00:00+00:00, run_after=2026-06-24 01:00:00+00:00
[2026-06-29T08:34:42.444+0000] {logging_mixin.py:188} INFO - [2026-06-29T08:34:42.444+0000] {dag.py:3954} INFO - Setting next_dagrun for consume_1_and_2_with_dataset_expressions to None, run_after=None
[2026-06-29T08:34:42.446+0000] {logging_mixin.py:188} INFO - [2026-06-29T08:34:42.446+0000] {dag.py:3954} INFO - Setting next_dagrun for consume_1_or_2_with_dataset_expressions to None, run_after=None
[2026-06-29T08:34:42.447+0000] {logging_mixin.py:188} INFO - [2026-06-29T08:34:42.447+0000] {dag.py:3954} INFO - Setting next_dagrun for consume_1_or_both_2_and_3_with_dataset_expressions to None, run_after=None
[2026-06-29T08:34:42.449+0000] {logging_mixin.py:188} INFO - [2026-06-29T08:34:42.449+0000] {dag.py:3954} INFO - Setting next_dagrun for dataset_consumes_1 to None, run_after=None
[2026-06-29T08:34:42.450+0000] {logging_mixin.py:188} INFO - [2026-06-29T08:34:42.450+0000] {dag.py:3954} INFO - Setting next_dagrun for dataset_consumes_1_and_2 to None, run_after=None
[2026-06-29T08:34:42.451+0000] {logging_mixin.py:188} INFO - [2026-06-29T08:34:42.451+0000] {dag.py:3954} INFO - Setting next_dagrun for dataset_consumes_1_never_scheduled to None, run_after=None
[2026-06-29T08:34:42.452+0000] {logging_mixin.py:188} INFO - [2026-06-29T08:34:42.452+0000] {dag.py:3954} INFO - Setting next_dagrun for dataset_consumes_unknown_never_scheduled to None, run_after=None
[2026-06-29T08:34:42.455+0000] {logging_mixin.py:188} INFO - [2026-06-29T08:34:42.455+0000] {dag.py:3954} INFO - Setting next_dagrun for dataset_produces_1 to 2026-06-28 00:00:00+00:00, run_after=2026-06-29 00:00:00+00:00
[2026-06-29T08:34:42.456+0000] {logging_mixin.py:188} INFO - [2026-06-29T08:34:42.456+0000] {dag.py:3954} INFO - Setting next_dagrun for dataset_produces_2 to None, run_after=None
[2026-06-29T08:34:42.487+0000] {processor.py:183} INFO - Processing /home/airflow/.local/lib/python3.12/site-packages/airflow/example_dags/example_datasets.py took 0.173 seconds
[2026-06-29T08:35:13.031+0000] {processor.py:161} INFO - Started process (PID=797) to work on /home/airflow/.local/lib/python3.12/site-packages/airflow/example_dags/example_datasets.py
[2026-06-29T08:35:13.033+0000] {processor.py:830} INFO - Processing file /home/airflow/.local/lib/python3.12/site-packages/airflow/example_dags/example_datasets.py for tasks to queue
[2026-06-29T08:35:13.043+0000] {logging_mixin.py:188} INFO - [2026-06-29T08:35:13.043+0000] {dagbag.py:545} INFO - Filling up the DagBag from /home/airflow/.local/lib/python3.12/site-packages/airflow/example_dags/example_datasets.py
[2026-06-29T08:35:13.120+0000] {processor.py:840} INFO - DAG(s) 'consume_1_or_both_2_and_3_with_dataset_expressions', 'consume_1_or_2_with_dataset_expressions', 'conditional_dataset_and_time_based_timetable', 'dataset_consumes_1_and_2', 'dataset_produces_1', 'dataset_consumes_unknown_never_scheduled', 'dataset_consumes_1', 'dataset_consumes_1_never_scheduled', 'consume_1_and_2_with_dataset_expressions', 'dataset_produces_2' retrieved from /home/airflow/.local/lib/python3.12/site-packages/airflow/example_dags/example_datasets.py
[2026-06-29T08:35:13.351+0000] {logging_mixin.py:188} INFO - [2026-06-29T08:35:13.350+0000] {dag.py:3096} INFO - Sync 10 DAGs
[2026-06-29T08:35:13.453+0000] {logging_mixin.py:188} INFO - [2026-06-29T08:35:13.448+0000] {dag.py:3954} INFO - Setting next_dagrun for conditional_dataset_and_time_based_timetable to 2026-06-24 01:00:00+00:00, run_after=2026-06-24 01:00:00+00:00
[2026-06-29T08:35:13.469+0000] {logging_mixin.py:188} INFO - [2026-06-29T08:35:13.469+0000] {dag.py:3954} INFO - Setting next_dagrun for consume_1_and_2_with_dataset_expressions to None, run_after=None
[2026-06-29T08:35:13.495+0000] {logging_mixin.py:188} INFO - [2026-06-29T08:35:13.481+0000] {dag.py:3954} INFO - Setting next_dagrun for consume_1_or_2_with_dataset_expressions to None, run_after=None
[2026-06-29T08:35:13.503+0000] {logging_mixin.py:188} INFO - [2026-06-29T08:35:13.503+0000] {dag.py:3954} INFO - Setting next_dagrun for consume_1_or_both_2_and_3_with_dataset_expressions to None, run_after=None
[2026-06-29T08:35:13.515+0000] {logging_mixin.py:188} INFO - [2026-06-29T08:35:13.515+0000] {dag.py:3954} INFO - Setting next_dagrun for dataset_consumes_1 to None, run_after=None
[2026-06-29T08:35:13.522+0000] {logging_mixin.py:188} INFO - [2026-06-29T08:35:13.521+0000] {dag.py:3954} INFO - Setting next_dagrun for dataset_consumes_1_and_2 to None, run_after=None
[2026-06-29T08:35:13.532+0000] {logging_mixin.py:188} INFO - [2026-06-29T08:35:13.532+0000] {dag.py:3954} INFO - Setting next_dagrun for dataset_consumes_1_never_scheduled to None, run_after=None
[2026-06-29T08:35:13.535+0000] {logging_mixin.py:188} INFO - [2026-06-29T08:35:13.534+0000] {dag.py:3954} INFO - Setting next_dagrun for dataset_consumes_unknown_never_scheduled to None, run_after=None
[2026-06-29T08:35:13.551+0000] {logging_mixin.py:188} INFO - [2026-06-29T08:35:13.551+0000] {dag.py:3954} INFO - Setting next_dagrun for dataset_produces_1 to 2026-06-28 00:00:00+00:00, run_after=2026-06-29 00:00:00+00:00
[2026-06-29T08:35:13.556+0000] {logging_mixin.py:188} INFO - [2026-06-29T08:35:13.556+0000] {dag.py:3954} INFO - Setting next_dagrun for dataset_produces_2 to None, run_after=None
[2026-06-29T08:35:13.663+0000] {processor.py:183} INFO - Processing /home/airflow/.local/lib/python3.12/site-packages/airflow/example_dags/example_datasets.py took 0.664 seconds
[2026-06-29T08:35:44.100+0000] {processor.py:161} INFO - Started process (PID=856) to work on /home/airflow/.local/lib/python3.12/site-packages/airflow/example_dags/example_datasets.py
[2026-06-29T08:35:44.101+0000] {processor.py:830} INFO - Processing file /home/airflow/.local/lib/python3.12/site-packages/airflow/example_dags/example_datasets.py for tasks to queue
[2026-06-29T08:35:44.104+0000] {logging_mixin.py:188} INFO - [2026-06-29T08:35:44.103+0000] {dagbag.py:545} INFO - Filling up the DagBag from /home/airflow/.local/lib/python3.12/site-packages/airflow/example_dags/example_datasets.py
[2026-06-29T08:35:44.120+0000] {processor.py:840} INFO - DAG(s) 'dataset_consumes_1_and_2', 'consume_1_or_2_with_dataset_expressions', 'consume_1_or_both_2_and_3_with_dataset_expressions', 'conditional_dataset_and_time_based_timetable', 'dataset_consumes_unknown_never_scheduled', 'dataset_produces_2', 'dataset_consumes_1', 'consume_1_and_2_with_dataset_expressions', 'dataset_produces_1', 'dataset_consumes_1_never_scheduled' retrieved from /home/airflow/.local/lib/python3.12/site-packages/airflow/example_dags/example_datasets.py
[2026-06-29T08:35:44.177+0000] {logging_mixin.py:188} INFO - [2026-06-29T08:35:44.177+0000] {dag.py:3096} INFO - Sync 10 DAGs
[2026-06-29T08:35:44.209+0000] {logging_mixin.py:188} INFO - [2026-06-29T08:35:44.208+0000] {dag.py:3954} INFO - Setting next_dagrun for conditional_dataset_and_time_based_timetable to 2026-06-24 01:00:00+00:00, run_after=2026-06-24 01:00:00+00:00
[2026-06-29T08:35:44.213+0000] {logging_mixin.py:188} INFO - [2026-06-29T08:35:44.213+0000] {dag.py:3954} INFO - Setting next_dagrun for consume_1_and_2_with_dataset_expressions to None, run_after=None
[2026-06-29T08:35:44.215+0000] {logging_mixin.py:188} INFO - [2026-06-29T08:35:44.214+0000] {dag.py:3954} INFO - Setting next_dagrun for consume_1_or_2_with_dataset_expressions to None, run_after=None
[2026-06-29T08:35:44.216+0000] {logging_mixin.py:188} INFO - [2026-06-29T08:35:44.216+0000] {dag.py:3954} INFO - Setting next_dagrun for consume_1_or_both_2_and_3_with_dataset_expressions to None, run_after=None
[2026-06-29T08:35:44.217+0000] {logging_mixin.py:188} INFO - [2026-06-29T08:35:44.217+0000] {dag.py:3954} INFO - Setting next_dagrun for dataset_consumes_1 to None, run_after=None
[2026-06-29T08:35:44.218+0000] {logging_mixin.py:188} INFO - [2026-06-29T08:35:44.218+0000] {dag.py:3954} INFO - Setting next_dagrun for dataset_consumes_1_and_2 to None, run_after=None
[2026-06-29T08:35:44.219+0000] {logging_mixin.py:188} INFO - [2026-06-29T08:35:44.219+0000] {dag.py:3954} INFO - Setting next_dagrun for dataset_consumes_1_never_scheduled to None, run_after=None
[2026-06-29T08:35:44.221+0000] {logging_mixin.py:188} INFO - [2026-06-29T08:35:44.220+0000] {dag.py:3954} INFO - Setting next_dagrun for dataset_consumes_unknown_never_scheduled to None, run_after=None
[2026-06-29T08:35:44.223+0000] {logging_mixin.py:188} INFO - [2026-06-29T08:35:44.223+0000] {dag.py:3954} INFO - Setting next_dagrun for dataset_produces_1 to 2026-06-28 00:00:00+00:00, run_after=2026-06-29 00:00:00+00:00
[2026-06-29T08:35:44.225+0000] {logging_mixin.py:188} INFO - [2026-06-29T08:35:44.224+0000] {dag.py:3954} INFO - Setting next_dagrun for dataset_produces_2 to None, run_after=None
[2026-06-29T08:35:44.260+0000] {processor.py:183} INFO - Processing /home/airflow/.local/lib/python3.12/site-packages/airflow/example_dags/example_datasets.py took 0.166 seconds
[2026-06-29T08:36:14.936+0000] {processor.py:161} INFO - Started process (PID=915) to work on /home/airflow/.local/lib/python3.12/site-packages/airflow/example_dags/example_datasets.py
[2026-06-29T08:36:14.937+0000] {processor.py:830} INFO - Processing file /home/airflow/.local/lib/python3.12/site-packages/airflow/example_dags/example_datasets.py for tasks to queue
[2026-06-29T08:36:14.939+0000] {logging_mixin.py:188} INFO - [2026-06-29T08:36:14.938+0000] {dagbag.py:545} INFO - Filling up the DagBag from /home/airflow/.local/lib/python3.12/site-packages/airflow/example_dags/example_datasets.py
[2026-06-29T08:36:14.956+0000] {processor.py:840} INFO - DAG(s) 'dataset_consumes_1_and_2', 'dataset_consumes_1_never_scheduled', 'dataset_produces_1', 'conditional_dataset_and_time_based_timetable', 'consume_1_and_2_with_dataset_expressions', 'dataset_consumes_unknown_never_scheduled', 'dataset_produces_2', 'consume_1_or_2_with_dataset_expressions', 'dataset_consumes_1', 'consume_1_or_both_2_and_3_with_dataset_expressions' retrieved from /home/airflow/.local/lib/python3.12/site-packages/airflow/example_dags/example_datasets.py
[2026-06-29T08:36:15.020+0000] {logging_mixin.py:188} INFO - [2026-06-29T08:36:15.019+0000] {dag.py:3096} INFO - Sync 10 DAGs
[2026-06-29T08:36:15.057+0000] {logging_mixin.py:188} INFO - [2026-06-29T08:36:15.057+0000] {dag.py:3954} INFO - Setting next_dagrun for conditional_dataset_and_time_based_timetable to 2026-06-24 01:00:00+00:00, run_after=2026-06-24 01:00:00+00:00
[2026-06-29T08:36:15.062+0000] {logging_mixin.py:188} INFO - [2026-06-29T08:36:15.061+0000] {dag.py:3954} INFO - Setting next_dagrun for consume_1_and_2_with_dataset_expressions to None, run_after=None
[2026-06-29T08:36:15.063+0000] {logging_mixin.py:188} INFO - [2026-06-29T08:36:15.063+0000] {dag.py:3954} INFO - Setting next_dagrun for consume_1_or_2_with_dataset_expressions to None, run_after=None
[2026-06-29T08:36:15.064+0000] {logging_mixin.py:188} INFO - [2026-06-29T08:36:15.064+0000] {dag.py:3954} INFO - Setting next_dagrun for consume_1_or_both_2_and_3_with_dataset_expressions to None, run_after=None
[2026-06-29T08:36:15.065+0000] {logging_mixin.py:188} INFO - [2026-06-29T08:36:15.065+0000] {dag.py:3954} INFO - Setting next_dagrun for dataset_consumes_1 to None, run_after=None
[2026-06-29T08:36:15.067+0000] {logging_mixin.py:188} INFO - [2026-06-29T08:36:15.067+0000] {dag.py:3954} INFO - Setting next_dagrun for dataset_consumes_1_and_2 to None, run_after=None
[2026-06-29T08:36:15.068+0000] {logging_mixin.py:188} INFO - [2026-06-29T08:36:15.068+0000] {dag.py:3954} INFO - Setting next_dagrun for dataset_consumes_1_never_scheduled to None, run_after=None
[2026-06-29T08:36:15.069+0000] {logging_mixin.py:188} INFO - [2026-06-29T08:36:15.069+0000] {dag.py:3954} INFO - Setting next_dagrun for dataset_consumes_unknown_never_scheduled to None, run_after=None
[2026-06-29T08:36:15.072+0000] {logging_mixin.py:188} INFO - [2026-06-29T08:36:15.072+0000] {dag.py:3954} INFO - Setting next_dagrun for dataset_produces_1 to 2026-06-28 00:00:00+00:00, run_after=2026-06-29 00:00:00+00:00
[2026-06-29T08:36:15.073+0000] {logging_mixin.py:188} INFO - [2026-06-29T08:36:15.073+0000] {dag.py:3954} INFO - Setting next_dagrun for dataset_produces_2 to None, run_after=None
[2026-06-29T08:36:15.109+0000] {processor.py:183} INFO - Processing /home/airflow/.local/lib/python3.12/site-packages/airflow/example_dags/example_datasets.py took 0.180 seconds
[2026-06-29T08:36:46.030+0000] {processor.py:161} INFO - Started process (PID=974) to work on /home/airflow/.local/lib/python3.12/site-packages/airflow/example_dags/example_datasets.py
[2026-06-29T08:36:46.031+0000] {processor.py:830} INFO - Processing file /home/airflow/.local/lib/python3.12/site-packages/airflow/example_dags/example_datasets.py for tasks to queue
[2026-06-29T08:36:46.033+0000] {logging_mixin.py:188} INFO - [2026-06-29T08:36:46.033+0000] {dagbag.py:545} INFO - Filling up the DagBag from /home/airflow/.local/lib/python3.12/site-packages/airflow/example_dags/example_datasets.py
[2026-06-29T08:36:46.063+0000] {processor.py:840} INFO - DAG(s) 'dataset_produces_1', 'conditional_dataset_and_time_based_timetable', 'dataset_consumes_1_never_scheduled', 'consume_1_and_2_with_dataset_expressions', 'dataset_consumes_unknown_never_scheduled', 'dataset_consumes_1', 'dataset_produces_2', 'consume_1_or_both_2_and_3_with_dataset_expressions', 'dataset_consumes_1_and_2', 'consume_1_or_2_with_dataset_expressions' retrieved from /home/airflow/.local/lib/python3.12/site-packages/airflow/example_dags/example_datasets.py
[2026-06-29T08:36:46.128+0000] {logging_mixin.py:188} INFO - [2026-06-29T08:36:46.128+0000] {dag.py:3096} INFO - Sync 10 DAGs
[2026-06-29T08:36:46.164+0000] {logging_mixin.py:188} INFO - [2026-06-29T08:36:46.163+0000] {dag.py:3954} INFO - Setting next_dagrun for conditional_dataset_and_time_based_timetable to 2026-06-24 01:00:00+00:00, run_after=2026-06-24 01:00:00+00:00
[2026-06-29T08:36:46.170+0000] {logging_mixin.py:188} INFO - [2026-06-29T08:36:46.170+0000] {dag.py:3954} INFO - Setting next_dagrun for consume_1_and_2_with_dataset_expressions to None, run_after=None
[2026-06-29T08:36:46.174+0000] {logging_mixin.py:188} INFO - [2026-06-29T08:36:46.174+0000] {dag.py:3954} INFO - Setting next_dagrun for consume_1_or_2_with_dataset_expressions to None, run_after=None
[2026-06-29T08:36:46.179+0000] {logging_mixin.py:188} INFO - [2026-06-29T08:36:46.179+0000] {dag.py:3954} INFO - Setting next_dagrun for consume_1_or_both_2_and_3_with_dataset_expressions to None, run_after=None
[2026-06-29T08:36:46.181+0000] {logging_mixin.py:188} INFO - [2026-06-29T08:36:46.181+0000] {dag.py:3954} INFO - Setting next_dagrun for dataset_consumes_1 to None, run_after=None
[2026-06-29T08:36:46.183+0000] {logging_mixin.py:188} INFO - [2026-06-29T08:36:46.183+0000] {dag.py:3954} INFO - Setting next_dagrun for dataset_consumes_1_and_2 to None, run_after=None
[2026-06-29T08:36:46.187+0000] {logging_mixin.py:188} INFO - [2026-06-29T08:36:46.187+0000] {dag.py:3954} INFO - Setting next_dagrun for dataset_consumes_1_never_scheduled to None, run_after=None
[2026-06-29T08:36:46.189+0000] {logging_mixin.py:188} INFO - [2026-06-29T08:36:46.189+0000] {dag.py:3954} INFO - Setting next_dagrun for dataset_consumes_unknown_never_scheduled to None, run_after=None
[2026-06-29T08:36:46.194+0000] {logging_mixin.py:188} INFO - [2026-06-29T08:36:46.194+0000] {dag.py:3954} INFO - Setting next_dagrun for dataset_produces_1 to 2026-06-28 00:00:00+00:00, run_after=2026-06-29 00:00:00+00:00
[2026-06-29T08:36:46.195+0000] {logging_mixin.py:188} INFO - [2026-06-29T08:36:46.195+0000] {dag.py:3954} INFO - Setting next_dagrun for dataset_produces_2 to None, run_after=None
[2026-06-29T08:36:46.278+0000] {processor.py:183} INFO - Processing /home/airflow/.local/lib/python3.12/site-packages/airflow/example_dags/example_datasets.py took 0.256 seconds
