[2026-06-29T08:29:03.359+0000] {processor.py:161} INFO - Started process (PID=94) to work on /home/airflow/.local/lib/python3.12/site-packages/airflow/example_dags/example_xcomargs.py
[2026-06-29T08:29:03.370+0000] {processor.py:830} INFO - Processing file /home/airflow/.local/lib/python3.12/site-packages/airflow/example_dags/example_xcomargs.py for tasks to queue
[2026-06-29T08:29:03.379+0000] {logging_mixin.py:188} INFO - [2026-06-29T08:29:03.378+0000] {dagbag.py:545} INFO - Filling up the DagBag from /home/airflow/.local/lib/python3.12/site-packages/airflow/example_dags/example_xcomargs.py
[2026-06-29T08:29:03.468+0000] {processor.py:840} INFO - DAG(s) 'example_xcom_args_with_operators', 'example_xcom_args' retrieved from /home/airflow/.local/lib/python3.12/site-packages/airflow/example_dags/example_xcomargs.py
[2026-06-29T08:29:04.235+0000] {logging_mixin.py:188} INFO - [2026-06-29T08:29:04.231+0000] {override.py:1829} INFO - Created Permission View: can edit on DAG:example_xcom_args_with_operators
[2026-06-29T08:29:04.278+0000] {logging_mixin.py:188} INFO - [2026-06-29T08:29:04.277+0000] {override.py:1829} INFO - Created Permission View: can read on DAG:example_xcom_args_with_operators
[2026-06-29T08:29:04.295+0000] {logging_mixin.py:188} INFO - [2026-06-29T08:29:04.294+0000] {override.py:1829} INFO - Created Permission View: can delete on DAG:example_xcom_args_with_operators
[2026-06-29T08:29:04.337+0000] {logging_mixin.py:188} INFO - [2026-06-29T08:29:04.336+0000] {override.py:1829} INFO - Created Permission View: can edit on DAG:example_xcom_args
[2026-06-29T08:29:04.373+0000] {logging_mixin.py:188} INFO - [2026-06-29T08:29:04.373+0000] {override.py:1829} INFO - Created Permission View: can read on DAG:example_xcom_args
[2026-06-29T08:29:04.407+0000] {logging_mixin.py:188} INFO - [2026-06-29T08:29:04.407+0000] {override.py:1829} INFO - Created Permission View: can delete on DAG:example_xcom_args
[2026-06-29T08:29:04.408+0000] {logging_mixin.py:188} INFO - [2026-06-29T08:29:04.407+0000] {dag.py:3096} INFO - Sync 2 DAGs
[2026-06-29T08:29:04.495+0000] {logging_mixin.py:188} INFO - [2026-06-29T08:29:04.489+0000] {dag.py:3118} INFO - Creating ORM DAG for example_xcom_args
[2026-06-29T08:29:04.499+0000] {logging_mixin.py:188} INFO - [2026-06-29T08:29:04.499+0000] {dag.py:3118} INFO - Creating ORM DAG for example_xcom_args_with_operators
[2026-06-29T08:29:04.504+0000] {logging_mixin.py:188} INFO - [2026-06-29T08:29:04.500+0000] {dag.py:3954} INFO - Setting next_dagrun for example_xcom_args to None, run_after=None
[2026-06-29T08:29:04.505+0000] {logging_mixin.py:188} INFO - [2026-06-29T08:29:04.505+0000] {dag.py:3954} INFO - Setting next_dagrun for example_xcom_args_with_operators to None, run_after=None
[2026-06-29T08:29:04.693+0000] {processor.py:183} INFO - Processing /home/airflow/.local/lib/python3.12/site-packages/airflow/example_dags/example_xcomargs.py took 1.404 seconds
[2026-06-29T08:29:36.767+0000] {processor.py:161} INFO - Started process (PID=152) to work on /home/airflow/.local/lib/python3.12/site-packages/airflow/example_dags/example_xcomargs.py
[2026-06-29T08:29:36.774+0000] {processor.py:830} INFO - Processing file /home/airflow/.local/lib/python3.12/site-packages/airflow/example_dags/example_xcomargs.py for tasks to queue
[2026-06-29T08:29:36.778+0000] {logging_mixin.py:188} INFO - [2026-06-29T08:29:36.777+0000] {dagbag.py:545} INFO - Filling up the DagBag from /home/airflow/.local/lib/python3.12/site-packages/airflow/example_dags/example_xcomargs.py
[2026-06-29T08:29:36.842+0000] {processor.py:840} INFO - DAG(s) 'example_xcom_args_with_operators', 'example_xcom_args' retrieved from /home/airflow/.local/lib/python3.12/site-packages/airflow/example_dags/example_xcomargs.py
[2026-06-29T08:29:36.926+0000] {logging_mixin.py:188} INFO - [2026-06-29T08:29:36.926+0000] {dag.py:3096} INFO - Sync 2 DAGs
[2026-06-29T08:29:36.968+0000] {logging_mixin.py:188} INFO - [2026-06-29T08:29:36.965+0000] {dag.py:3954} INFO - Setting next_dagrun for example_xcom_args to None, run_after=None
[2026-06-29T08:29:36.974+0000] {logging_mixin.py:188} INFO - [2026-06-29T08:29:36.974+0000] {dag.py:3954} INFO - Setting next_dagrun for example_xcom_args_with_operators to None, run_after=None
[2026-06-29T08:29:37.049+0000] {processor.py:183} INFO - Processing /home/airflow/.local/lib/python3.12/site-packages/airflow/example_dags/example_xcomargs.py took 0.295 seconds
[2026-06-29T08:30:07.844+0000] {processor.py:161} INFO - Started process (PID=209) to work on /home/airflow/.local/lib/python3.12/site-packages/airflow/example_dags/example_xcomargs.py
[2026-06-29T08:30:07.845+0000] {processor.py:830} INFO - Processing file /home/airflow/.local/lib/python3.12/site-packages/airflow/example_dags/example_xcomargs.py for tasks to queue
[2026-06-29T08:30:07.847+0000] {logging_mixin.py:188} INFO - [2026-06-29T08:30:07.846+0000] {dagbag.py:545} INFO - Filling up the DagBag from /home/airflow/.local/lib/python3.12/site-packages/airflow/example_dags/example_xcomargs.py
[2026-06-29T08:30:07.858+0000] {processor.py:840} INFO - DAG(s) 'example_xcom_args', 'example_xcom_args_with_operators' retrieved from /home/airflow/.local/lib/python3.12/site-packages/airflow/example_dags/example_xcomargs.py
[2026-06-29T08:30:07.934+0000] {logging_mixin.py:188} INFO - [2026-06-29T08:30:07.934+0000] {dag.py:3096} INFO - Sync 2 DAGs
[2026-06-29T08:30:07.954+0000] {logging_mixin.py:188} INFO - [2026-06-29T08:30:07.954+0000] {dag.py:3954} INFO - Setting next_dagrun for example_xcom_args to None, run_after=None
[2026-06-29T08:30:07.961+0000] {logging_mixin.py:188} INFO - [2026-06-29T08:30:07.961+0000] {dag.py:3954} INFO - Setting next_dagrun for example_xcom_args_with_operators to None, run_after=None
[2026-06-29T08:30:08.015+0000] {processor.py:183} INFO - Processing /home/airflow/.local/lib/python3.12/site-packages/airflow/example_dags/example_xcomargs.py took 0.183 seconds
[2026-06-29T08:30:38.566+0000] {processor.py:161} INFO - Started process (PID=268) to work on /home/airflow/.local/lib/python3.12/site-packages/airflow/example_dags/example_xcomargs.py
[2026-06-29T08:30:38.568+0000] {processor.py:830} INFO - Processing file /home/airflow/.local/lib/python3.12/site-packages/airflow/example_dags/example_xcomargs.py for tasks to queue
[2026-06-29T08:30:38.571+0000] {logging_mixin.py:188} INFO - [2026-06-29T08:30:38.570+0000] {dagbag.py:545} INFO - Filling up the DagBag from /home/airflow/.local/lib/python3.12/site-packages/airflow/example_dags/example_xcomargs.py
[2026-06-29T08:30:38.584+0000] {processor.py:840} INFO - DAG(s) 'example_xcom_args', 'example_xcom_args_with_operators' retrieved from /home/airflow/.local/lib/python3.12/site-packages/airflow/example_dags/example_xcomargs.py
[2026-06-29T08:30:38.655+0000] {logging_mixin.py:188} INFO - [2026-06-29T08:30:38.655+0000] {dag.py:3096} INFO - Sync 2 DAGs
[2026-06-29T08:30:38.671+0000] {logging_mixin.py:188} INFO - [2026-06-29T08:30:38.671+0000] {dag.py:3954} INFO - Setting next_dagrun for example_xcom_args to None, run_after=None
[2026-06-29T08:30:38.676+0000] {logging_mixin.py:188} INFO - [2026-06-29T08:30:38.675+0000] {dag.py:3954} INFO - Setting next_dagrun for example_xcom_args_with_operators to None, run_after=None
[2026-06-29T08:30:38.695+0000] {processor.py:183} INFO - Processing /home/airflow/.local/lib/python3.12/site-packages/airflow/example_dags/example_xcomargs.py took 0.148 seconds
[2026-06-29T08:31:09.299+0000] {processor.py:161} INFO - Started process (PID=327) to work on /home/airflow/.local/lib/python3.12/site-packages/airflow/example_dags/example_xcomargs.py
[2026-06-29T08:31:09.300+0000] {processor.py:830} INFO - Processing file /home/airflow/.local/lib/python3.12/site-packages/airflow/example_dags/example_xcomargs.py for tasks to queue
[2026-06-29T08:31:09.302+0000] {logging_mixin.py:188} INFO - [2026-06-29T08:31:09.302+0000] {dagbag.py:545} INFO - Filling up the DagBag from /home/airflow/.local/lib/python3.12/site-packages/airflow/example_dags/example_xcomargs.py
[2026-06-29T08:31:09.312+0000] {processor.py:840} INFO - DAG(s) 'example_xcom_args', 'example_xcom_args_with_operators' retrieved from /home/airflow/.local/lib/python3.12/site-packages/airflow/example_dags/example_xcomargs.py
[2026-06-29T08:31:09.347+0000] {logging_mixin.py:188} INFO - [2026-06-29T08:31:09.347+0000] {dag.py:3096} INFO - Sync 2 DAGs
[2026-06-29T08:31:09.364+0000] {logging_mixin.py:188} INFO - [2026-06-29T08:31:09.364+0000] {dag.py:3954} INFO - Setting next_dagrun for example_xcom_args to None, run_after=None
[2026-06-29T08:31:09.368+0000] {logging_mixin.py:188} INFO - [2026-06-29T08:31:09.368+0000] {dag.py:3954} INFO - Setting next_dagrun for example_xcom_args_with_operators to None, run_after=None
[2026-06-29T08:31:09.386+0000] {processor.py:183} INFO - Processing /home/airflow/.local/lib/python3.12/site-packages/airflow/example_dags/example_xcomargs.py took 0.093 seconds
[2026-06-29T08:31:39.597+0000] {processor.py:161} INFO - Started process (PID=386) to work on /home/airflow/.local/lib/python3.12/site-packages/airflow/example_dags/example_xcomargs.py
[2026-06-29T08:31:39.601+0000] {processor.py:830} INFO - Processing file /home/airflow/.local/lib/python3.12/site-packages/airflow/example_dags/example_xcomargs.py for tasks to queue
[2026-06-29T08:31:39.615+0000] {logging_mixin.py:188} INFO - [2026-06-29T08:31:39.614+0000] {dagbag.py:545} INFO - Filling up the DagBag from /home/airflow/.local/lib/python3.12/site-packages/airflow/example_dags/example_xcomargs.py
[2026-06-29T08:31:39.758+0000] {processor.py:840} INFO - DAG(s) 'example_xcom_args', 'example_xcom_args_with_operators' retrieved from /home/airflow/.local/lib/python3.12/site-packages/airflow/example_dags/example_xcomargs.py
[2026-06-29T08:31:40.112+0000] {logging_mixin.py:188} INFO - [2026-06-29T08:31:40.111+0000] {dag.py:3096} INFO - Sync 2 DAGs
[2026-06-29T08:31:40.400+0000] {logging_mixin.py:188} INFO - [2026-06-29T08:31:40.400+0000] {dag.py:3954} INFO - Setting next_dagrun for example_xcom_args to None, run_after=None
[2026-06-29T08:31:40.499+0000] {logging_mixin.py:188} INFO - [2026-06-29T08:31:40.492+0000] {dag.py:3954} INFO - Setting next_dagrun for example_xcom_args_with_operators to None, run_after=None
[2026-06-29T08:31:40.684+0000] {processor.py:183} INFO - Processing /home/airflow/.local/lib/python3.12/site-packages/airflow/example_dags/example_xcomargs.py took 1.101 seconds
[2026-06-29T08:32:10.991+0000] {processor.py:161} INFO - Started process (PID=445) to work on /home/airflow/.local/lib/python3.12/site-packages/airflow/example_dags/example_xcomargs.py
[2026-06-29T08:32:10.991+0000] {processor.py:830} INFO - Processing file /home/airflow/.local/lib/python3.12/site-packages/airflow/example_dags/example_xcomargs.py for tasks to queue
[2026-06-29T08:32:10.993+0000] {logging_mixin.py:188} INFO - [2026-06-29T08:32:10.993+0000] {dagbag.py:545} INFO - Filling up the DagBag from /home/airflow/.local/lib/python3.12/site-packages/airflow/example_dags/example_xcomargs.py
[2026-06-29T08:32:11.000+0000] {processor.py:840} INFO - DAG(s) 'example_xcom_args_with_operators', 'example_xcom_args' retrieved from /home/airflow/.local/lib/python3.12/site-packages/airflow/example_dags/example_xcomargs.py
[2026-06-29T08:32:11.022+0000] {logging_mixin.py:188} INFO - [2026-06-29T08:32:11.022+0000] {dag.py:3096} INFO - Sync 2 DAGs
[2026-06-29T08:32:11.033+0000] {logging_mixin.py:188} INFO - [2026-06-29T08:32:11.033+0000] {dag.py:3954} INFO - Setting next_dagrun for example_xcom_args to None, run_after=None
[2026-06-29T08:32:11.037+0000] {logging_mixin.py:188} INFO - [2026-06-29T08:32:11.036+0000] {dag.py:3954} INFO - Setting next_dagrun for example_xcom_args_with_operators to None, run_after=None
[2026-06-29T08:32:11.050+0000] {processor.py:183} INFO - Processing /home/airflow/.local/lib/python3.12/site-packages/airflow/example_dags/example_xcomargs.py took 0.068 seconds
[2026-06-29T08:32:41.662+0000] {processor.py:161} INFO - Started process (PID=504) to work on /home/airflow/.local/lib/python3.12/site-packages/airflow/example_dags/example_xcomargs.py
[2026-06-29T08:32:41.663+0000] {processor.py:830} INFO - Processing file /home/airflow/.local/lib/python3.12/site-packages/airflow/example_dags/example_xcomargs.py for tasks to queue
[2026-06-29T08:32:41.665+0000] {logging_mixin.py:188} INFO - [2026-06-29T08:32:41.665+0000] {dagbag.py:545} INFO - Filling up the DagBag from /home/airflow/.local/lib/python3.12/site-packages/airflow/example_dags/example_xcomargs.py
[2026-06-29T08:32:41.674+0000] {processor.py:840} INFO - DAG(s) 'example_xcom_args_with_operators', 'example_xcom_args' retrieved from /home/airflow/.local/lib/python3.12/site-packages/airflow/example_dags/example_xcomargs.py
[2026-06-29T08:32:41.742+0000] {logging_mixin.py:188} INFO - [2026-06-29T08:32:41.742+0000] {dag.py:3096} INFO - Sync 2 DAGs
[2026-06-29T08:32:41.780+0000] {logging_mixin.py:188} INFO - [2026-06-29T08:32:41.779+0000] {dag.py:3954} INFO - Setting next_dagrun for example_xcom_args to None, run_after=None
[2026-06-29T08:32:41.792+0000] {logging_mixin.py:188} INFO - [2026-06-29T08:32:41.792+0000] {dag.py:3954} INFO - Setting next_dagrun for example_xcom_args_with_operators to None, run_after=None
[2026-06-29T08:32:41.829+0000] {processor.py:183} INFO - Processing /home/airflow/.local/lib/python3.12/site-packages/airflow/example_dags/example_xcomargs.py took 0.174 seconds
[2026-06-29T08:33:12.351+0000] {processor.py:161} INFO - Started process (PID=563) to work on /home/airflow/.local/lib/python3.12/site-packages/airflow/example_dags/example_xcomargs.py
[2026-06-29T08:33:12.352+0000] {processor.py:830} INFO - Processing file /home/airflow/.local/lib/python3.12/site-packages/airflow/example_dags/example_xcomargs.py for tasks to queue
[2026-06-29T08:33:12.354+0000] {logging_mixin.py:188} INFO - [2026-06-29T08:33:12.353+0000] {dagbag.py:545} INFO - Filling up the DagBag from /home/airflow/.local/lib/python3.12/site-packages/airflow/example_dags/example_xcomargs.py
[2026-06-29T08:33:12.364+0000] {processor.py:840} INFO - DAG(s) 'example_xcom_args_with_operators', 'example_xcom_args' retrieved from /home/airflow/.local/lib/python3.12/site-packages/airflow/example_dags/example_xcomargs.py
[2026-06-29T08:33:12.395+0000] {logging_mixin.py:188} INFO - [2026-06-29T08:33:12.394+0000] {dag.py:3096} INFO - Sync 2 DAGs
[2026-06-29T08:33:12.425+0000] {logging_mixin.py:188} INFO - [2026-06-29T08:33:12.425+0000] {dag.py:3954} INFO - Setting next_dagrun for example_xcom_args to None, run_after=None
[2026-06-29T08:33:12.430+0000] {logging_mixin.py:188} INFO - [2026-06-29T08:33:12.430+0000] {dag.py:3954} INFO - Setting next_dagrun for example_xcom_args_with_operators to None, run_after=None
[2026-06-29T08:33:12.452+0000] {processor.py:183} INFO - Processing /home/airflow/.local/lib/python3.12/site-packages/airflow/example_dags/example_xcomargs.py took 0.108 seconds
[2026-06-29T08:33:43.001+0000] {processor.py:161} INFO - Started process (PID=623) to work on /home/airflow/.local/lib/python3.12/site-packages/airflow/example_dags/example_xcomargs.py
[2026-06-29T08:33:43.002+0000] {processor.py:830} INFO - Processing file /home/airflow/.local/lib/python3.12/site-packages/airflow/example_dags/example_xcomargs.py for tasks to queue
[2026-06-29T08:33:43.005+0000] {logging_mixin.py:188} INFO - [2026-06-29T08:33:43.004+0000] {dagbag.py:545} INFO - Filling up the DagBag from /home/airflow/.local/lib/python3.12/site-packages/airflow/example_dags/example_xcomargs.py
[2026-06-29T08:33:43.014+0000] {processor.py:840} INFO - DAG(s) 'example_xcom_args_with_operators', 'example_xcom_args' retrieved from /home/airflow/.local/lib/python3.12/site-packages/airflow/example_dags/example_xcomargs.py
[2026-06-29T08:33:43.052+0000] {logging_mixin.py:188} INFO - [2026-06-29T08:33:43.052+0000] {dag.py:3096} INFO - Sync 2 DAGs
[2026-06-29T08:33:43.068+0000] {logging_mixin.py:188} INFO - [2026-06-29T08:33:43.068+0000] {dag.py:3954} INFO - Setting next_dagrun for example_xcom_args to None, run_after=None
[2026-06-29T08:33:43.072+0000] {logging_mixin.py:188} INFO - [2026-06-29T08:33:43.072+0000] {dag.py:3954} INFO - Setting next_dagrun for example_xcom_args_with_operators to None, run_after=None
[2026-06-29T08:33:43.089+0000] {processor.py:183} INFO - Processing /home/airflow/.local/lib/python3.12/site-packages/airflow/example_dags/example_xcomargs.py took 0.094 seconds
[2026-06-29T08:34:13.201+0000] {processor.py:161} INFO - Started process (PID=682) to work on /home/airflow/.local/lib/python3.12/site-packages/airflow/example_dags/example_xcomargs.py
[2026-06-29T08:34:13.204+0000] {processor.py:830} INFO - Processing file /home/airflow/.local/lib/python3.12/site-packages/airflow/example_dags/example_xcomargs.py for tasks to queue
[2026-06-29T08:34:13.207+0000] {logging_mixin.py:188} INFO - [2026-06-29T08:34:13.206+0000] {dagbag.py:545} INFO - Filling up the DagBag from /home/airflow/.local/lib/python3.12/site-packages/airflow/example_dags/example_xcomargs.py
[2026-06-29T08:34:13.217+0000] {processor.py:840} INFO - DAG(s) 'example_xcom_args', 'example_xcom_args_with_operators' retrieved from /home/airflow/.local/lib/python3.12/site-packages/airflow/example_dags/example_xcomargs.py
[2026-06-29T08:34:13.252+0000] {logging_mixin.py:188} INFO - [2026-06-29T08:34:13.251+0000] {dag.py:3096} INFO - Sync 2 DAGs
[2026-06-29T08:34:13.306+0000] {logging_mixin.py:188} INFO - [2026-06-29T08:34:13.305+0000] {dag.py:3954} INFO - Setting next_dagrun for example_xcom_args to None, run_after=None
[2026-06-29T08:34:13.329+0000] {logging_mixin.py:188} INFO - [2026-06-29T08:34:13.329+0000] {dag.py:3954} INFO - Setting next_dagrun for example_xcom_args_with_operators to None, run_after=None
[2026-06-29T08:34:13.384+0000] {processor.py:183} INFO - Processing /home/airflow/.local/lib/python3.12/site-packages/airflow/example_dags/example_xcomargs.py took 0.189 seconds
[2026-06-29T08:34:43.476+0000] {processor.py:161} INFO - Started process (PID=741) to work on /home/airflow/.local/lib/python3.12/site-packages/airflow/example_dags/example_xcomargs.py
[2026-06-29T08:34:43.477+0000] {processor.py:830} INFO - Processing file /home/airflow/.local/lib/python3.12/site-packages/airflow/example_dags/example_xcomargs.py for tasks to queue
[2026-06-29T08:34:43.479+0000] {logging_mixin.py:188} INFO - [2026-06-29T08:34:43.478+0000] {dagbag.py:545} INFO - Filling up the DagBag from /home/airflow/.local/lib/python3.12/site-packages/airflow/example_dags/example_xcomargs.py
[2026-06-29T08:34:43.488+0000] {processor.py:840} INFO - DAG(s) 'example_xcom_args', 'example_xcom_args_with_operators' retrieved from /home/airflow/.local/lib/python3.12/site-packages/airflow/example_dags/example_xcomargs.py
[2026-06-29T08:34:43.518+0000] {logging_mixin.py:188} INFO - [2026-06-29T08:34:43.518+0000] {dag.py:3096} INFO - Sync 2 DAGs
[2026-06-29T08:34:43.534+0000] {logging_mixin.py:188} INFO - [2026-06-29T08:34:43.534+0000] {dag.py:3954} INFO - Setting next_dagrun for example_xcom_args to None, run_after=None
[2026-06-29T08:34:43.539+0000] {logging_mixin.py:188} INFO - [2026-06-29T08:34:43.538+0000] {dag.py:3954} INFO - Setting next_dagrun for example_xcom_args_with_operators to None, run_after=None
[2026-06-29T08:34:43.556+0000] {processor.py:183} INFO - Processing /home/airflow/.local/lib/python3.12/site-packages/airflow/example_dags/example_xcomargs.py took 0.087 seconds
[2026-06-29T08:35:13.771+0000] {processor.py:161} INFO - Started process (PID=800) to work on /home/airflow/.local/lib/python3.12/site-packages/airflow/example_dags/example_xcomargs.py
[2026-06-29T08:35:13.779+0000] {processor.py:830} INFO - Processing file /home/airflow/.local/lib/python3.12/site-packages/airflow/example_dags/example_xcomargs.py for tasks to queue
[2026-06-29T08:35:13.790+0000] {logging_mixin.py:188} INFO - [2026-06-29T08:35:13.790+0000] {dagbag.py:545} INFO - Filling up the DagBag from /home/airflow/.local/lib/python3.12/site-packages/airflow/example_dags/example_xcomargs.py
[2026-06-29T08:35:13.829+0000] {processor.py:840} INFO - DAG(s) 'example_xcom_args', 'example_xcom_args_with_operators' retrieved from /home/airflow/.local/lib/python3.12/site-packages/airflow/example_dags/example_xcomargs.py
[2026-06-29T08:35:13.949+0000] {logging_mixin.py:188} INFO - [2026-06-29T08:35:13.944+0000] {dag.py:3096} INFO - Sync 2 DAGs
[2026-06-29T08:35:14.028+0000] {logging_mixin.py:188} INFO - [2026-06-29T08:35:14.028+0000] {dag.py:3954} INFO - Setting next_dagrun for example_xcom_args to None, run_after=None
[2026-06-29T08:35:14.033+0000] {logging_mixin.py:188} INFO - [2026-06-29T08:35:14.032+0000] {dag.py:3954} INFO - Setting next_dagrun for example_xcom_args_with_operators to None, run_after=None
[2026-06-29T08:35:14.053+0000] {processor.py:183} INFO - Processing /home/airflow/.local/lib/python3.12/site-packages/airflow/example_dags/example_xcomargs.py took 0.300 seconds
[2026-06-29T08:35:44.303+0000] {processor.py:161} INFO - Started process (PID=859) to work on /home/airflow/.local/lib/python3.12/site-packages/airflow/example_dags/example_xcomargs.py
[2026-06-29T08:35:44.304+0000] {processor.py:830} INFO - Processing file /home/airflow/.local/lib/python3.12/site-packages/airflow/example_dags/example_xcomargs.py for tasks to queue
[2026-06-29T08:35:44.306+0000] {logging_mixin.py:188} INFO - [2026-06-29T08:35:44.306+0000] {dagbag.py:545} INFO - Filling up the DagBag from /home/airflow/.local/lib/python3.12/site-packages/airflow/example_dags/example_xcomargs.py
[2026-06-29T08:35:44.317+0000] {processor.py:840} INFO - DAG(s) 'example_xcom_args', 'example_xcom_args_with_operators' retrieved from /home/airflow/.local/lib/python3.12/site-packages/airflow/example_dags/example_xcomargs.py
[2026-06-29T08:35:44.345+0000] {logging_mixin.py:188} INFO - [2026-06-29T08:35:44.345+0000] {dag.py:3096} INFO - Sync 2 DAGs
[2026-06-29T08:35:44.361+0000] {logging_mixin.py:188} INFO - [2026-06-29T08:35:44.361+0000] {dag.py:3954} INFO - Setting next_dagrun for example_xcom_args to None, run_after=None
[2026-06-29T08:35:44.366+0000] {logging_mixin.py:188} INFO - [2026-06-29T08:35:44.366+0000] {dag.py:3954} INFO - Setting next_dagrun for example_xcom_args_with_operators to None, run_after=None
[2026-06-29T08:35:44.383+0000] {processor.py:183} INFO - Processing /home/airflow/.local/lib/python3.12/site-packages/airflow/example_dags/example_xcomargs.py took 0.088 seconds
[2026-06-29T08:36:15.170+0000] {processor.py:161} INFO - Started process (PID=918) to work on /home/airflow/.local/lib/python3.12/site-packages/airflow/example_dags/example_xcomargs.py
[2026-06-29T08:36:15.171+0000] {processor.py:830} INFO - Processing file /home/airflow/.local/lib/python3.12/site-packages/airflow/example_dags/example_xcomargs.py for tasks to queue
[2026-06-29T08:36:15.173+0000] {logging_mixin.py:188} INFO - [2026-06-29T08:36:15.172+0000] {dagbag.py:545} INFO - Filling up the DagBag from /home/airflow/.local/lib/python3.12/site-packages/airflow/example_dags/example_xcomargs.py
[2026-06-29T08:36:15.192+0000] {processor.py:840} INFO - DAG(s) 'example_xcom_args', 'example_xcom_args_with_operators' retrieved from /home/airflow/.local/lib/python3.12/site-packages/airflow/example_dags/example_xcomargs.py
[2026-06-29T08:36:15.258+0000] {logging_mixin.py:188} INFO - [2026-06-29T08:36:15.258+0000] {dag.py:3096} INFO - Sync 2 DAGs
[2026-06-29T08:36:15.289+0000] {logging_mixin.py:188} INFO - [2026-06-29T08:36:15.288+0000] {dag.py:3954} INFO - Setting next_dagrun for example_xcom_args to None, run_after=None
[2026-06-29T08:36:15.293+0000] {logging_mixin.py:188} INFO - [2026-06-29T08:36:15.293+0000] {dag.py:3954} INFO - Setting next_dagrun for example_xcom_args_with_operators to None, run_after=None
[2026-06-29T08:36:15.341+0000] {processor.py:183} INFO - Processing /home/airflow/.local/lib/python3.12/site-packages/airflow/example_dags/example_xcomargs.py took 0.184 seconds
[2026-06-29T08:36:46.333+0000] {processor.py:161} INFO - Started process (PID=977) to work on /home/airflow/.local/lib/python3.12/site-packages/airflow/example_dags/example_xcomargs.py
[2026-06-29T08:36:46.334+0000] {processor.py:830} INFO - Processing file /home/airflow/.local/lib/python3.12/site-packages/airflow/example_dags/example_xcomargs.py for tasks to queue
[2026-06-29T08:36:46.336+0000] {logging_mixin.py:188} INFO - [2026-06-29T08:36:46.336+0000] {dagbag.py:545} INFO - Filling up the DagBag from /home/airflow/.local/lib/python3.12/site-packages/airflow/example_dags/example_xcomargs.py
[2026-06-29T08:36:46.346+0000] {processor.py:840} INFO - DAG(s) 'example_xcom_args_with_operators', 'example_xcom_args' retrieved from /home/airflow/.local/lib/python3.12/site-packages/airflow/example_dags/example_xcomargs.py
[2026-06-29T08:36:46.382+0000] {logging_mixin.py:188} INFO - [2026-06-29T08:36:46.382+0000] {dag.py:3096} INFO - Sync 2 DAGs
[2026-06-29T08:36:46.400+0000] {logging_mixin.py:188} INFO - [2026-06-29T08:36:46.400+0000] {dag.py:3954} INFO - Setting next_dagrun for example_xcom_args to None, run_after=None
[2026-06-29T08:36:46.405+0000] {logging_mixin.py:188} INFO - [2026-06-29T08:36:46.405+0000] {dag.py:3954} INFO - Setting next_dagrun for example_xcom_args_with_operators to None, run_after=None
[2026-06-29T08:36:46.425+0000] {processor.py:183} INFO - Processing /home/airflow/.local/lib/python3.12/site-packages/airflow/example_dags/example_xcomargs.py took 0.100 seconds
