[2026-06-29T08:29:10.840+0000] {processor.py:161} INFO - Started process (PID=104) to work on /home/airflow/.local/lib/python3.12/site-packages/airflow/example_dags/example_time_delta_sensor_async.py
[2026-06-29T08:29:10.842+0000] {processor.py:830} INFO - Processing file /home/airflow/.local/lib/python3.12/site-packages/airflow/example_dags/example_time_delta_sensor_async.py for tasks to queue
[2026-06-29T08:29:10.849+0000] {logging_mixin.py:188} INFO - [2026-06-29T08:29:10.848+0000] {dagbag.py:545} INFO - Filling up the DagBag from /home/airflow/.local/lib/python3.12/site-packages/airflow/example_dags/example_time_delta_sensor_async.py
[2026-06-29T08:29:10.875+0000] {processor.py:840} INFO - DAG(s) 'example_time_delta_sensor_async' retrieved from /home/airflow/.local/lib/python3.12/site-packages/airflow/example_dags/example_time_delta_sensor_async.py
[2026-06-29T08:29:11.768+0000] {logging_mixin.py:188} INFO - [2026-06-29T08:29:11.765+0000] {override.py:1829} INFO - Created Permission View: can edit on DAG:example_time_delta_sensor_async
[2026-06-29T08:29:11.805+0000] {logging_mixin.py:188} INFO - [2026-06-29T08:29:11.805+0000] {override.py:1829} INFO - Created Permission View: can read on DAG:example_time_delta_sensor_async
[2026-06-29T08:29:11.845+0000] {logging_mixin.py:188} INFO - [2026-06-29T08:29:11.845+0000] {override.py:1829} INFO - Created Permission View: can delete on DAG:example_time_delta_sensor_async
[2026-06-29T08:29:11.850+0000] {logging_mixin.py:188} INFO - [2026-06-29T08:29:11.849+0000] {dag.py:3096} INFO - Sync 1 DAGs
[2026-06-29T08:29:11.909+0000] {logging_mixin.py:188} INFO - [2026-06-29T08:29:11.909+0000] {dag.py:3118} INFO - Creating ORM DAG for example_time_delta_sensor_async
[2026-06-29T08:29:11.915+0000] {logging_mixin.py:188} INFO - [2026-06-29T08:29:11.915+0000] {dag.py:3954} INFO - Setting next_dagrun for example_time_delta_sensor_async to None, run_after=None
[2026-06-29T08:29:12.004+0000] {processor.py:183} INFO - Processing /home/airflow/.local/lib/python3.12/site-packages/airflow/example_dags/example_time_delta_sensor_async.py took 1.192 seconds
[2026-06-29T08:29:42.996+0000] {processor.py:161} INFO - Started process (PID=162) to work on /home/airflow/.local/lib/python3.12/site-packages/airflow/example_dags/example_time_delta_sensor_async.py
[2026-06-29T08:29:43.011+0000] {processor.py:830} INFO - Processing file /home/airflow/.local/lib/python3.12/site-packages/airflow/example_dags/example_time_delta_sensor_async.py for tasks to queue
[2026-06-29T08:29:43.018+0000] {logging_mixin.py:188} INFO - [2026-06-29T08:29:43.017+0000] {dagbag.py:545} INFO - Filling up the DagBag from /home/airflow/.local/lib/python3.12/site-packages/airflow/example_dags/example_time_delta_sensor_async.py
[2026-06-29T08:29:43.044+0000] {processor.py:840} INFO - DAG(s) 'example_time_delta_sensor_async' retrieved from /home/airflow/.local/lib/python3.12/site-packages/airflow/example_dags/example_time_delta_sensor_async.py
[2026-06-29T08:29:43.146+0000] {logging_mixin.py:188} INFO - [2026-06-29T08:29:43.146+0000] {dag.py:3096} INFO - Sync 1 DAGs
[2026-06-29T08:29:43.229+0000] {logging_mixin.py:188} INFO - [2026-06-29T08:29:43.229+0000] {dag.py:3954} INFO - Setting next_dagrun for example_time_delta_sensor_async to None, run_after=None
[2026-06-29T08:29:43.336+0000] {processor.py:183} INFO - Processing /home/airflow/.local/lib/python3.12/site-packages/airflow/example_dags/example_time_delta_sensor_async.py took 0.366 seconds
[2026-06-29T08:30:13.538+0000] {processor.py:161} INFO - Started process (PID=222) to work on /home/airflow/.local/lib/python3.12/site-packages/airflow/example_dags/example_time_delta_sensor_async.py
[2026-06-29T08:30:13.545+0000] {processor.py:830} INFO - Processing file /home/airflow/.local/lib/python3.12/site-packages/airflow/example_dags/example_time_delta_sensor_async.py for tasks to queue
[2026-06-29T08:30:13.550+0000] {logging_mixin.py:188} INFO - [2026-06-29T08:30:13.550+0000] {dagbag.py:545} INFO - Filling up the DagBag from /home/airflow/.local/lib/python3.12/site-packages/airflow/example_dags/example_time_delta_sensor_async.py
[2026-06-29T08:30:13.584+0000] {processor.py:840} INFO - DAG(s) 'example_time_delta_sensor_async' retrieved from /home/airflow/.local/lib/python3.12/site-packages/airflow/example_dags/example_time_delta_sensor_async.py
[2026-06-29T08:30:13.769+0000] {logging_mixin.py:188} INFO - [2026-06-29T08:30:13.769+0000] {dag.py:3096} INFO - Sync 1 DAGs
[2026-06-29T08:30:13.836+0000] {logging_mixin.py:188} INFO - [2026-06-29T08:30:13.835+0000] {dag.py:3954} INFO - Setting next_dagrun for example_time_delta_sensor_async to None, run_after=None
[2026-06-29T08:30:13.931+0000] {processor.py:183} INFO - Processing /home/airflow/.local/lib/python3.12/site-packages/airflow/example_dags/example_time_delta_sensor_async.py took 0.433 seconds
[2026-06-29T08:30:44.894+0000] {processor.py:161} INFO - Started process (PID=281) to work on /home/airflow/.local/lib/python3.12/site-packages/airflow/example_dags/example_time_delta_sensor_async.py
[2026-06-29T08:30:44.895+0000] {processor.py:830} INFO - Processing file /home/airflow/.local/lib/python3.12/site-packages/airflow/example_dags/example_time_delta_sensor_async.py for tasks to queue
[2026-06-29T08:30:44.897+0000] {logging_mixin.py:188} INFO - [2026-06-29T08:30:44.897+0000] {dagbag.py:545} INFO - Filling up the DagBag from /home/airflow/.local/lib/python3.12/site-packages/airflow/example_dags/example_time_delta_sensor_async.py
[2026-06-29T08:30:44.902+0000] {processor.py:840} INFO - DAG(s) 'example_time_delta_sensor_async' retrieved from /home/airflow/.local/lib/python3.12/site-packages/airflow/example_dags/example_time_delta_sensor_async.py
[2026-06-29T08:30:44.928+0000] {logging_mixin.py:188} INFO - [2026-06-29T08:30:44.928+0000] {dag.py:3096} INFO - Sync 1 DAGs
[2026-06-29T08:30:44.944+0000] {logging_mixin.py:188} INFO - [2026-06-29T08:30:44.944+0000] {dag.py:3954} INFO - Setting next_dagrun for example_time_delta_sensor_async to None, run_after=None
[2026-06-29T08:30:44.971+0000] {processor.py:183} INFO - Processing /home/airflow/.local/lib/python3.12/site-packages/airflow/example_dags/example_time_delta_sensor_async.py took 0.084 seconds
[2026-06-29T08:31:15.437+0000] {processor.py:161} INFO - Started process (PID=340) to work on /home/airflow/.local/lib/python3.12/site-packages/airflow/example_dags/example_time_delta_sensor_async.py
[2026-06-29T08:31:15.438+0000] {processor.py:830} INFO - Processing file /home/airflow/.local/lib/python3.12/site-packages/airflow/example_dags/example_time_delta_sensor_async.py for tasks to queue
[2026-06-29T08:31:15.440+0000] {logging_mixin.py:188} INFO - [2026-06-29T08:31:15.439+0000] {dagbag.py:545} INFO - Filling up the DagBag from /home/airflow/.local/lib/python3.12/site-packages/airflow/example_dags/example_time_delta_sensor_async.py
[2026-06-29T08:31:15.445+0000] {processor.py:840} INFO - DAG(s) 'example_time_delta_sensor_async' retrieved from /home/airflow/.local/lib/python3.12/site-packages/airflow/example_dags/example_time_delta_sensor_async.py
[2026-06-29T08:31:15.470+0000] {logging_mixin.py:188} INFO - [2026-06-29T08:31:15.470+0000] {dag.py:3096} INFO - Sync 1 DAGs
[2026-06-29T08:31:15.486+0000] {logging_mixin.py:188} INFO - [2026-06-29T08:31:15.485+0000] {dag.py:3954} INFO - Setting next_dagrun for example_time_delta_sensor_async to None, run_after=None
[2026-06-29T08:31:15.507+0000] {processor.py:183} INFO - Processing /home/airflow/.local/lib/python3.12/site-packages/airflow/example_dags/example_time_delta_sensor_async.py took 0.077 seconds
[2026-06-29T08:31:45.569+0000] {processor.py:161} INFO - Started process (PID=399) to work on /home/airflow/.local/lib/python3.12/site-packages/airflow/example_dags/example_time_delta_sensor_async.py
[2026-06-29T08:31:45.570+0000] {processor.py:830} INFO - Processing file /home/airflow/.local/lib/python3.12/site-packages/airflow/example_dags/example_time_delta_sensor_async.py for tasks to queue
[2026-06-29T08:31:45.572+0000] {logging_mixin.py:188} INFO - [2026-06-29T08:31:45.571+0000] {dagbag.py:545} INFO - Filling up the DagBag from /home/airflow/.local/lib/python3.12/site-packages/airflow/example_dags/example_time_delta_sensor_async.py
[2026-06-29T08:31:45.577+0000] {processor.py:840} INFO - DAG(s) 'example_time_delta_sensor_async' retrieved from /home/airflow/.local/lib/python3.12/site-packages/airflow/example_dags/example_time_delta_sensor_async.py
[2026-06-29T08:31:45.603+0000] {logging_mixin.py:188} INFO - [2026-06-29T08:31:45.603+0000] {dag.py:3096} INFO - Sync 1 DAGs
[2026-06-29T08:31:45.619+0000] {logging_mixin.py:188} INFO - [2026-06-29T08:31:45.619+0000] {dag.py:3954} INFO - Setting next_dagrun for example_time_delta_sensor_async to None, run_after=None
[2026-06-29T08:31:45.639+0000] {processor.py:183} INFO - Processing /home/airflow/.local/lib/python3.12/site-packages/airflow/example_dags/example_time_delta_sensor_async.py took 0.077 seconds
[2026-06-29T08:32:15.979+0000] {processor.py:161} INFO - Started process (PID=458) to work on /home/airflow/.local/lib/python3.12/site-packages/airflow/example_dags/example_time_delta_sensor_async.py
[2026-06-29T08:32:15.983+0000] {processor.py:830} INFO - Processing file /home/airflow/.local/lib/python3.12/site-packages/airflow/example_dags/example_time_delta_sensor_async.py for tasks to queue
[2026-06-29T08:32:15.989+0000] {logging_mixin.py:188} INFO - [2026-06-29T08:32:15.988+0000] {dagbag.py:545} INFO - Filling up the DagBag from /home/airflow/.local/lib/python3.12/site-packages/airflow/example_dags/example_time_delta_sensor_async.py
[2026-06-29T08:32:16.006+0000] {processor.py:840} INFO - DAG(s) 'example_time_delta_sensor_async' retrieved from /home/airflow/.local/lib/python3.12/site-packages/airflow/example_dags/example_time_delta_sensor_async.py
[2026-06-29T08:32:16.071+0000] {logging_mixin.py:188} INFO - [2026-06-29T08:32:16.071+0000] {dag.py:3096} INFO - Sync 1 DAGs
[2026-06-29T08:32:16.133+0000] {logging_mixin.py:188} INFO - [2026-06-29T08:32:16.132+0000] {dag.py:3954} INFO - Setting next_dagrun for example_time_delta_sensor_async to None, run_after=None
[2026-06-29T08:32:16.188+0000] {processor.py:183} INFO - Processing /home/airflow/.local/lib/python3.12/site-packages/airflow/example_dags/example_time_delta_sensor_async.py took 0.263 seconds
[2026-06-29T08:32:46.584+0000] {processor.py:161} INFO - Started process (PID=515) to work on /home/airflow/.local/lib/python3.12/site-packages/airflow/example_dags/example_time_delta_sensor_async.py
[2026-06-29T08:32:46.584+0000] {processor.py:830} INFO - Processing file /home/airflow/.local/lib/python3.12/site-packages/airflow/example_dags/example_time_delta_sensor_async.py for tasks to queue
[2026-06-29T08:32:46.586+0000] {logging_mixin.py:188} INFO - [2026-06-29T08:32:46.586+0000] {dagbag.py:545} INFO - Filling up the DagBag from /home/airflow/.local/lib/python3.12/site-packages/airflow/example_dags/example_time_delta_sensor_async.py
[2026-06-29T08:32:46.592+0000] {processor.py:840} INFO - DAG(s) 'example_time_delta_sensor_async' retrieved from /home/airflow/.local/lib/python3.12/site-packages/airflow/example_dags/example_time_delta_sensor_async.py
[2026-06-29T08:32:46.620+0000] {logging_mixin.py:188} INFO - [2026-06-29T08:32:46.620+0000] {dag.py:3096} INFO - Sync 1 DAGs
[2026-06-29T08:32:46.636+0000] {logging_mixin.py:188} INFO - [2026-06-29T08:32:46.636+0000] {dag.py:3954} INFO - Setting next_dagrun for example_time_delta_sensor_async to None, run_after=None
[2026-06-29T08:32:46.655+0000] {processor.py:183} INFO - Processing /home/airflow/.local/lib/python3.12/site-packages/airflow/example_dags/example_time_delta_sensor_async.py took 0.078 seconds
[2026-06-29T08:33:17.041+0000] {processor.py:161} INFO - Started process (PID=574) to work on /home/airflow/.local/lib/python3.12/site-packages/airflow/example_dags/example_time_delta_sensor_async.py
[2026-06-29T08:33:17.042+0000] {processor.py:830} INFO - Processing file /home/airflow/.local/lib/python3.12/site-packages/airflow/example_dags/example_time_delta_sensor_async.py for tasks to queue
[2026-06-29T08:33:17.044+0000] {logging_mixin.py:188} INFO - [2026-06-29T08:33:17.044+0000] {dagbag.py:545} INFO - Filling up the DagBag from /home/airflow/.local/lib/python3.12/site-packages/airflow/example_dags/example_time_delta_sensor_async.py
[2026-06-29T08:33:17.050+0000] {processor.py:840} INFO - DAG(s) 'example_time_delta_sensor_async' retrieved from /home/airflow/.local/lib/python3.12/site-packages/airflow/example_dags/example_time_delta_sensor_async.py
[2026-06-29T08:33:17.074+0000] {logging_mixin.py:188} INFO - [2026-06-29T08:33:17.074+0000] {dag.py:3096} INFO - Sync 1 DAGs
[2026-06-29T08:33:17.090+0000] {logging_mixin.py:188} INFO - [2026-06-29T08:33:17.090+0000] {dag.py:3954} INFO - Setting next_dagrun for example_time_delta_sensor_async to None, run_after=None
[2026-06-29T08:33:17.113+0000] {processor.py:183} INFO - Processing /home/airflow/.local/lib/python3.12/site-packages/airflow/example_dags/example_time_delta_sensor_async.py took 0.079 seconds
[2026-06-29T08:33:47.713+0000] {processor.py:161} INFO - Started process (PID=634) to work on /home/airflow/.local/lib/python3.12/site-packages/airflow/example_dags/example_time_delta_sensor_async.py
[2026-06-29T08:33:47.714+0000] {processor.py:830} INFO - Processing file /home/airflow/.local/lib/python3.12/site-packages/airflow/example_dags/example_time_delta_sensor_async.py for tasks to queue
[2026-06-29T08:33:47.716+0000] {logging_mixin.py:188} INFO - [2026-06-29T08:33:47.715+0000] {dagbag.py:545} INFO - Filling up the DagBag from /home/airflow/.local/lib/python3.12/site-packages/airflow/example_dags/example_time_delta_sensor_async.py
[2026-06-29T08:33:47.722+0000] {processor.py:840} INFO - DAG(s) 'example_time_delta_sensor_async' retrieved from /home/airflow/.local/lib/python3.12/site-packages/airflow/example_dags/example_time_delta_sensor_async.py
[2026-06-29T08:33:47.747+0000] {logging_mixin.py:188} INFO - [2026-06-29T08:33:47.747+0000] {dag.py:3096} INFO - Sync 1 DAGs
[2026-06-29T08:33:47.763+0000] {logging_mixin.py:188} INFO - [2026-06-29T08:33:47.762+0000] {dag.py:3954} INFO - Setting next_dagrun for example_time_delta_sensor_async to None, run_after=None
[2026-06-29T08:33:47.787+0000] {processor.py:183} INFO - Processing /home/airflow/.local/lib/python3.12/site-packages/airflow/example_dags/example_time_delta_sensor_async.py took 0.081 seconds
[2026-06-29T08:34:17.954+0000] {processor.py:161} INFO - Started process (PID=693) to work on /home/airflow/.local/lib/python3.12/site-packages/airflow/example_dags/example_time_delta_sensor_async.py
[2026-06-29T08:34:17.956+0000] {processor.py:830} INFO - Processing file /home/airflow/.local/lib/python3.12/site-packages/airflow/example_dags/example_time_delta_sensor_async.py for tasks to queue
[2026-06-29T08:34:17.961+0000] {logging_mixin.py:188} INFO - [2026-06-29T08:34:17.960+0000] {dagbag.py:545} INFO - Filling up the DagBag from /home/airflow/.local/lib/python3.12/site-packages/airflow/example_dags/example_time_delta_sensor_async.py
[2026-06-29T08:34:17.968+0000] {processor.py:840} INFO - DAG(s) 'example_time_delta_sensor_async' retrieved from /home/airflow/.local/lib/python3.12/site-packages/airflow/example_dags/example_time_delta_sensor_async.py
[2026-06-29T08:34:18.027+0000] {logging_mixin.py:188} INFO - [2026-06-29T08:34:18.027+0000] {dag.py:3096} INFO - Sync 1 DAGs
[2026-06-29T08:34:18.120+0000] {logging_mixin.py:188} INFO - [2026-06-29T08:34:18.111+0000] {dag.py:3954} INFO - Setting next_dagrun for example_time_delta_sensor_async to None, run_after=None
[2026-06-29T08:34:18.158+0000] {processor.py:183} INFO - Processing /home/airflow/.local/lib/python3.12/site-packages/airflow/example_dags/example_time_delta_sensor_async.py took 0.216 seconds
[2026-06-29T08:34:48.371+0000] {processor.py:161} INFO - Started process (PID=752) to work on /home/airflow/.local/lib/python3.12/site-packages/airflow/example_dags/example_time_delta_sensor_async.py
[2026-06-29T08:34:48.372+0000] {processor.py:830} INFO - Processing file /home/airflow/.local/lib/python3.12/site-packages/airflow/example_dags/example_time_delta_sensor_async.py for tasks to queue
[2026-06-29T08:34:48.375+0000] {logging_mixin.py:188} INFO - [2026-06-29T08:34:48.374+0000] {dagbag.py:545} INFO - Filling up the DagBag from /home/airflow/.local/lib/python3.12/site-packages/airflow/example_dags/example_time_delta_sensor_async.py
[2026-06-29T08:34:48.380+0000] {processor.py:840} INFO - DAG(s) 'example_time_delta_sensor_async' retrieved from /home/airflow/.local/lib/python3.12/site-packages/airflow/example_dags/example_time_delta_sensor_async.py
[2026-06-29T08:34:48.405+0000] {logging_mixin.py:188} INFO - [2026-06-29T08:34:48.404+0000] {dag.py:3096} INFO - Sync 1 DAGs
[2026-06-29T08:34:48.420+0000] {logging_mixin.py:188} INFO - [2026-06-29T08:34:48.420+0000] {dag.py:3954} INFO - Setting next_dagrun for example_time_delta_sensor_async to None, run_after=None
[2026-06-29T08:34:48.440+0000] {processor.py:183} INFO - Processing /home/airflow/.local/lib/python3.12/site-packages/airflow/example_dags/example_time_delta_sensor_async.py took 0.076 seconds
[2026-06-29T08:35:18.935+0000] {processor.py:161} INFO - Started process (PID=811) to work on /home/airflow/.local/lib/python3.12/site-packages/airflow/example_dags/example_time_delta_sensor_async.py
[2026-06-29T08:35:18.936+0000] {processor.py:830} INFO - Processing file /home/airflow/.local/lib/python3.12/site-packages/airflow/example_dags/example_time_delta_sensor_async.py for tasks to queue
[2026-06-29T08:35:18.938+0000] {logging_mixin.py:188} INFO - [2026-06-29T08:35:18.938+0000] {dagbag.py:545} INFO - Filling up the DagBag from /home/airflow/.local/lib/python3.12/site-packages/airflow/example_dags/example_time_delta_sensor_async.py
[2026-06-29T08:35:18.943+0000] {processor.py:840} INFO - DAG(s) 'example_time_delta_sensor_async' retrieved from /home/airflow/.local/lib/python3.12/site-packages/airflow/example_dags/example_time_delta_sensor_async.py
[2026-06-29T08:35:18.968+0000] {logging_mixin.py:188} INFO - [2026-06-29T08:35:18.967+0000] {dag.py:3096} INFO - Sync 1 DAGs
[2026-06-29T08:35:18.984+0000] {logging_mixin.py:188} INFO - [2026-06-29T08:35:18.983+0000] {dag.py:3954} INFO - Setting next_dagrun for example_time_delta_sensor_async to None, run_after=None
[2026-06-29T08:35:19.003+0000] {processor.py:183} INFO - Processing /home/airflow/.local/lib/python3.12/site-packages/airflow/example_dags/example_time_delta_sensor_async.py took 0.074 seconds
[2026-06-29T08:35:49.738+0000] {processor.py:161} INFO - Started process (PID=870) to work on /home/airflow/.local/lib/python3.12/site-packages/airflow/example_dags/example_time_delta_sensor_async.py
[2026-06-29T08:35:49.743+0000] {processor.py:830} INFO - Processing file /home/airflow/.local/lib/python3.12/site-packages/airflow/example_dags/example_time_delta_sensor_async.py for tasks to queue
[2026-06-29T08:35:49.747+0000] {logging_mixin.py:188} INFO - [2026-06-29T08:35:49.747+0000] {dagbag.py:545} INFO - Filling up the DagBag from /home/airflow/.local/lib/python3.12/site-packages/airflow/example_dags/example_time_delta_sensor_async.py
[2026-06-29T08:35:49.804+0000] {processor.py:840} INFO - DAG(s) 'example_time_delta_sensor_async' retrieved from /home/airflow/.local/lib/python3.12/site-packages/airflow/example_dags/example_time_delta_sensor_async.py
[2026-06-29T08:35:49.961+0000] {logging_mixin.py:188} INFO - [2026-06-29T08:35:49.959+0000] {dag.py:3096} INFO - Sync 1 DAGs
[2026-06-29T08:35:50.076+0000] {logging_mixin.py:188} INFO - [2026-06-29T08:35:50.075+0000] {dag.py:3954} INFO - Setting next_dagrun for example_time_delta_sensor_async to None, run_after=None
[2026-06-29T08:35:50.251+0000] {processor.py:183} INFO - Processing /home/airflow/.local/lib/python3.12/site-packages/airflow/example_dags/example_time_delta_sensor_async.py took 0.549 seconds
[2026-06-29T08:36:20.951+0000] {processor.py:161} INFO - Started process (PID=929) to work on /home/airflow/.local/lib/python3.12/site-packages/airflow/example_dags/example_time_delta_sensor_async.py
[2026-06-29T08:36:20.953+0000] {processor.py:830} INFO - Processing file /home/airflow/.local/lib/python3.12/site-packages/airflow/example_dags/example_time_delta_sensor_async.py for tasks to queue
[2026-06-29T08:36:20.958+0000] {logging_mixin.py:188} INFO - [2026-06-29T08:36:20.958+0000] {dagbag.py:545} INFO - Filling up the DagBag from /home/airflow/.local/lib/python3.12/site-packages/airflow/example_dags/example_time_delta_sensor_async.py
[2026-06-29T08:36:20.967+0000] {processor.py:840} INFO - DAG(s) 'example_time_delta_sensor_async' retrieved from /home/airflow/.local/lib/python3.12/site-packages/airflow/example_dags/example_time_delta_sensor_async.py
[2026-06-29T08:36:21.006+0000] {logging_mixin.py:188} INFO - [2026-06-29T08:36:21.006+0000] {dag.py:3096} INFO - Sync 1 DAGs
[2026-06-29T08:36:21.105+0000] {logging_mixin.py:188} INFO - [2026-06-29T08:36:21.104+0000] {dag.py:3954} INFO - Setting next_dagrun for example_time_delta_sensor_async to None, run_after=None
[2026-06-29T08:36:21.236+0000] {processor.py:183} INFO - Processing /home/airflow/.local/lib/python3.12/site-packages/airflow/example_dags/example_time_delta_sensor_async.py took 0.303 seconds
[2026-06-29T08:36:51.487+0000] {processor.py:161} INFO - Started process (PID=988) to work on /home/airflow/.local/lib/python3.12/site-packages/airflow/example_dags/example_time_delta_sensor_async.py
[2026-06-29T08:36:51.488+0000] {processor.py:830} INFO - Processing file /home/airflow/.local/lib/python3.12/site-packages/airflow/example_dags/example_time_delta_sensor_async.py for tasks to queue
[2026-06-29T08:36:51.490+0000] {logging_mixin.py:188} INFO - [2026-06-29T08:36:51.490+0000] {dagbag.py:545} INFO - Filling up the DagBag from /home/airflow/.local/lib/python3.12/site-packages/airflow/example_dags/example_time_delta_sensor_async.py
[2026-06-29T08:36:51.496+0000] {processor.py:840} INFO - DAG(s) 'example_time_delta_sensor_async' retrieved from /home/airflow/.local/lib/python3.12/site-packages/airflow/example_dags/example_time_delta_sensor_async.py
[2026-06-29T08:36:51.522+0000] {logging_mixin.py:188} INFO - [2026-06-29T08:36:51.522+0000] {dag.py:3096} INFO - Sync 1 DAGs
[2026-06-29T08:36:51.544+0000] {logging_mixin.py:188} INFO - [2026-06-29T08:36:51.544+0000] {dag.py:3954} INFO - Setting next_dagrun for example_time_delta_sensor_async to None, run_after=None
[2026-06-29T08:36:51.571+0000] {processor.py:183} INFO - Processing /home/airflow/.local/lib/python3.12/site-packages/airflow/example_dags/example_time_delta_sensor_async.py took 0.091 seconds
