[2026-06-29T08:29:15.505+0000] {processor.py:161} INFO - Started process (PID=111) to work on /home/airflow/.local/lib/python3.12/site-packages/airflow/example_dags/tutorial.py
[2026-06-29T08:29:15.508+0000] {processor.py:830} INFO - Processing file /home/airflow/.local/lib/python3.12/site-packages/airflow/example_dags/tutorial.py for tasks to queue
[2026-06-29T08:29:15.517+0000] {logging_mixin.py:188} INFO - [2026-06-29T08:29:15.517+0000] {dagbag.py:545} INFO - Filling up the DagBag from /home/airflow/.local/lib/python3.12/site-packages/airflow/example_dags/tutorial.py
[2026-06-29T08:29:15.560+0000] {processor.py:840} INFO - DAG(s) 'tutorial' retrieved from /home/airflow/.local/lib/python3.12/site-packages/airflow/example_dags/tutorial.py
[2026-06-29T08:29:16.166+0000] {logging_mixin.py:188} INFO - [2026-06-29T08:29:16.163+0000] {override.py:1829} INFO - Created Permission View: can edit on DAG:tutorial
[2026-06-29T08:29:16.242+0000] {logging_mixin.py:188} INFO - [2026-06-29T08:29:16.242+0000] {override.py:1829} INFO - Created Permission View: can read on DAG:tutorial
[2026-06-29T08:29:16.291+0000] {logging_mixin.py:188} INFO - [2026-06-29T08:29:16.290+0000] {override.py:1829} INFO - Created Permission View: can delete on DAG:tutorial
[2026-06-29T08:29:16.294+0000] {logging_mixin.py:188} INFO - [2026-06-29T08:29:16.294+0000] {dag.py:3096} INFO - Sync 1 DAGs
[2026-06-29T08:29:16.317+0000] {logging_mixin.py:188} INFO - [2026-06-29T08:29:16.313+0000] {dag.py:3118} INFO - Creating ORM DAG for tutorial
[2026-06-29T08:29:16.344+0000] {logging_mixin.py:188} INFO - [2026-06-29T08:29:16.344+0000] {dag.py:3954} INFO - Setting next_dagrun for tutorial to 2026-06-28 00:00:00+00:00, run_after=2026-06-29 00:00:00+00:00
[2026-06-29T08:29:16.389+0000] {processor.py:183} INFO - Processing /home/airflow/.local/lib/python3.12/site-packages/airflow/example_dags/tutorial.py took 0.939 seconds
[2026-06-29T08:29:46.652+0000] {processor.py:161} INFO - Started process (PID=169) to work on /home/airflow/.local/lib/python3.12/site-packages/airflow/example_dags/tutorial.py
[2026-06-29T08:29:46.653+0000] {processor.py:830} INFO - Processing file /home/airflow/.local/lib/python3.12/site-packages/airflow/example_dags/tutorial.py for tasks to queue
[2026-06-29T08:29:46.655+0000] {logging_mixin.py:188} INFO - [2026-06-29T08:29:46.655+0000] {dagbag.py:545} INFO - Filling up the DagBag from /home/airflow/.local/lib/python3.12/site-packages/airflow/example_dags/tutorial.py
[2026-06-29T08:29:46.662+0000] {processor.py:840} INFO - DAG(s) 'tutorial' retrieved from /home/airflow/.local/lib/python3.12/site-packages/airflow/example_dags/tutorial.py
[2026-06-29T08:29:46.683+0000] {logging_mixin.py:188} INFO - [2026-06-29T08:29:46.683+0000] {dag.py:3096} INFO - Sync 1 DAGs
[2026-06-29T08:29:46.708+0000] {logging_mixin.py:188} INFO - [2026-06-29T08:29:46.708+0000] {dag.py:3954} INFO - Setting next_dagrun for tutorial to 2026-06-28 00:00:00+00:00, run_after=2026-06-29 00:00:00+00:00
[2026-06-29T08:29:46.727+0000] {processor.py:183} INFO - Processing /home/airflow/.local/lib/python3.12/site-packages/airflow/example_dags/tutorial.py took 0.082 seconds
[2026-06-29T08:30:17.273+0000] {processor.py:161} INFO - Started process (PID=228) to work on /home/airflow/.local/lib/python3.12/site-packages/airflow/example_dags/tutorial.py
[2026-06-29T08:30:17.275+0000] {processor.py:830} INFO - Processing file /home/airflow/.local/lib/python3.12/site-packages/airflow/example_dags/tutorial.py for tasks to queue
[2026-06-29T08:30:17.277+0000] {logging_mixin.py:188} INFO - [2026-06-29T08:30:17.276+0000] {dagbag.py:545} INFO - Filling up the DagBag from /home/airflow/.local/lib/python3.12/site-packages/airflow/example_dags/tutorial.py
[2026-06-29T08:30:17.284+0000] {processor.py:840} INFO - DAG(s) 'tutorial' retrieved from /home/airflow/.local/lib/python3.12/site-packages/airflow/example_dags/tutorial.py
[2026-06-29T08:30:17.308+0000] {logging_mixin.py:188} INFO - [2026-06-29T08:30:17.308+0000] {dag.py:3096} INFO - Sync 1 DAGs
[2026-06-29T08:30:17.334+0000] {logging_mixin.py:188} INFO - [2026-06-29T08:30:17.334+0000] {dag.py:3954} INFO - Setting next_dagrun for tutorial to 2026-06-28 00:00:00+00:00, run_after=2026-06-29 00:00:00+00:00
[2026-06-29T08:30:17.353+0000] {processor.py:183} INFO - Processing /home/airflow/.local/lib/python3.12/site-packages/airflow/example_dags/tutorial.py took 0.087 seconds
[2026-06-29T08:30:48.187+0000] {processor.py:161} INFO - Started process (PID=287) to work on /home/airflow/.local/lib/python3.12/site-packages/airflow/example_dags/tutorial.py
[2026-06-29T08:30:48.188+0000] {processor.py:830} INFO - Processing file /home/airflow/.local/lib/python3.12/site-packages/airflow/example_dags/tutorial.py for tasks to queue
[2026-06-29T08:30:48.191+0000] {logging_mixin.py:188} INFO - [2026-06-29T08:30:48.190+0000] {dagbag.py:545} INFO - Filling up the DagBag from /home/airflow/.local/lib/python3.12/site-packages/airflow/example_dags/tutorial.py
[2026-06-29T08:30:48.199+0000] {processor.py:840} INFO - DAG(s) 'tutorial' retrieved from /home/airflow/.local/lib/python3.12/site-packages/airflow/example_dags/tutorial.py
[2026-06-29T08:30:48.269+0000] {logging_mixin.py:188} INFO - [2026-06-29T08:30:48.269+0000] {dag.py:3096} INFO - Sync 1 DAGs
[2026-06-29T08:30:48.323+0000] {logging_mixin.py:188} INFO - [2026-06-29T08:30:48.323+0000] {dag.py:3954} INFO - Setting next_dagrun for tutorial to 2026-06-28 00:00:00+00:00, run_after=2026-06-29 00:00:00+00:00
[2026-06-29T08:30:48.376+0000] {processor.py:183} INFO - Processing /home/airflow/.local/lib/python3.12/site-packages/airflow/example_dags/tutorial.py took 0.205 seconds
[2026-06-29T08:31:18.685+0000] {processor.py:161} INFO - Started process (PID=346) to work on /home/airflow/.local/lib/python3.12/site-packages/airflow/example_dags/tutorial.py
[2026-06-29T08:31:18.685+0000] {processor.py:830} INFO - Processing file /home/airflow/.local/lib/python3.12/site-packages/airflow/example_dags/tutorial.py for tasks to queue
[2026-06-29T08:31:18.687+0000] {logging_mixin.py:188} INFO - [2026-06-29T08:31:18.687+0000] {dagbag.py:545} INFO - Filling up the DagBag from /home/airflow/.local/lib/python3.12/site-packages/airflow/example_dags/tutorial.py
[2026-06-29T08:31:18.695+0000] {processor.py:840} INFO - DAG(s) 'tutorial' retrieved from /home/airflow/.local/lib/python3.12/site-packages/airflow/example_dags/tutorial.py
[2026-06-29T08:31:18.723+0000] {logging_mixin.py:188} INFO - [2026-06-29T08:31:18.722+0000] {dag.py:3096} INFO - Sync 1 DAGs
[2026-06-29T08:31:18.752+0000] {logging_mixin.py:188} INFO - [2026-06-29T08:31:18.750+0000] {dag.py:3954} INFO - Setting next_dagrun for tutorial to 2026-06-28 00:00:00+00:00, run_after=2026-06-29 00:00:00+00:00
[2026-06-29T08:31:18.775+0000] {processor.py:183} INFO - Processing /home/airflow/.local/lib/python3.12/site-packages/airflow/example_dags/tutorial.py took 0.097 seconds
[2026-06-29T08:31:48.835+0000] {processor.py:161} INFO - Started process (PID=405) to work on /home/airflow/.local/lib/python3.12/site-packages/airflow/example_dags/tutorial.py
[2026-06-29T08:31:48.836+0000] {processor.py:830} INFO - Processing file /home/airflow/.local/lib/python3.12/site-packages/airflow/example_dags/tutorial.py for tasks to queue
[2026-06-29T08:31:48.838+0000] {logging_mixin.py:188} INFO - [2026-06-29T08:31:48.837+0000] {dagbag.py:545} INFO - Filling up the DagBag from /home/airflow/.local/lib/python3.12/site-packages/airflow/example_dags/tutorial.py
[2026-06-29T08:31:48.844+0000] {processor.py:840} INFO - DAG(s) 'tutorial' retrieved from /home/airflow/.local/lib/python3.12/site-packages/airflow/example_dags/tutorial.py
[2026-06-29T08:31:48.867+0000] {logging_mixin.py:188} INFO - [2026-06-29T08:31:48.866+0000] {dag.py:3096} INFO - Sync 1 DAGs
[2026-06-29T08:31:48.894+0000] {logging_mixin.py:188} INFO - [2026-06-29T08:31:48.893+0000] {dag.py:3954} INFO - Setting next_dagrun for tutorial to 2026-06-28 00:00:00+00:00, run_after=2026-06-29 00:00:00+00:00
[2026-06-29T08:31:48.928+0000] {processor.py:183} INFO - Processing /home/airflow/.local/lib/python3.12/site-packages/airflow/example_dags/tutorial.py took 0.100 seconds
[2026-06-29T08:32:19.358+0000] {processor.py:161} INFO - Started process (PID=464) to work on /home/airflow/.local/lib/python3.12/site-packages/airflow/example_dags/tutorial.py
[2026-06-29T08:32:19.361+0000] {processor.py:830} INFO - Processing file /home/airflow/.local/lib/python3.12/site-packages/airflow/example_dags/tutorial.py for tasks to queue
[2026-06-29T08:32:19.370+0000] {logging_mixin.py:188} INFO - [2026-06-29T08:32:19.369+0000] {dagbag.py:545} INFO - Filling up the DagBag from /home/airflow/.local/lib/python3.12/site-packages/airflow/example_dags/tutorial.py
[2026-06-29T08:32:19.407+0000] {processor.py:840} INFO - DAG(s) 'tutorial' retrieved from /home/airflow/.local/lib/python3.12/site-packages/airflow/example_dags/tutorial.py
[2026-06-29T08:32:19.485+0000] {logging_mixin.py:188} INFO - [2026-06-29T08:32:19.484+0000] {dag.py:3096} INFO - Sync 1 DAGs
[2026-06-29T08:32:19.534+0000] {logging_mixin.py:188} INFO - [2026-06-29T08:32:19.534+0000] {dag.py:3954} INFO - Setting next_dagrun for tutorial to 2026-06-28 00:00:00+00:00, run_after=2026-06-29 00:00:00+00:00
[2026-06-29T08:32:19.569+0000] {processor.py:183} INFO - Processing /home/airflow/.local/lib/python3.12/site-packages/airflow/example_dags/tutorial.py took 0.237 seconds
[2026-06-29T08:32:49.682+0000] {processor.py:161} INFO - Started process (PID=523) to work on /home/airflow/.local/lib/python3.12/site-packages/airflow/example_dags/tutorial.py
[2026-06-29T08:32:49.684+0000] {processor.py:830} INFO - Processing file /home/airflow/.local/lib/python3.12/site-packages/airflow/example_dags/tutorial.py for tasks to queue
[2026-06-29T08:32:49.688+0000] {logging_mixin.py:188} INFO - [2026-06-29T08:32:49.688+0000] {dagbag.py:545} INFO - Filling up the DagBag from /home/airflow/.local/lib/python3.12/site-packages/airflow/example_dags/tutorial.py
[2026-06-29T08:32:49.705+0000] {processor.py:840} INFO - DAG(s) 'tutorial' retrieved from /home/airflow/.local/lib/python3.12/site-packages/airflow/example_dags/tutorial.py
[2026-06-29T08:32:49.759+0000] {logging_mixin.py:188} INFO - [2026-06-29T08:32:49.759+0000] {dag.py:3096} INFO - Sync 1 DAGs
[2026-06-29T08:32:49.817+0000] {logging_mixin.py:188} INFO - [2026-06-29T08:32:49.817+0000] {dag.py:3954} INFO - Setting next_dagrun for tutorial to 2026-06-28 00:00:00+00:00, run_after=2026-06-29 00:00:00+00:00
[2026-06-29T08:32:49.911+0000] {processor.py:183} INFO - Processing /home/airflow/.local/lib/python3.12/site-packages/airflow/example_dags/tutorial.py took 0.245 seconds
[2026-06-29T08:33:20.194+0000] {processor.py:161} INFO - Started process (PID=582) to work on /home/airflow/.local/lib/python3.12/site-packages/airflow/example_dags/tutorial.py
[2026-06-29T08:33:20.195+0000] {processor.py:830} INFO - Processing file /home/airflow/.local/lib/python3.12/site-packages/airflow/example_dags/tutorial.py for tasks to queue
[2026-06-29T08:33:20.198+0000] {logging_mixin.py:188} INFO - [2026-06-29T08:33:20.197+0000] {dagbag.py:545} INFO - Filling up the DagBag from /home/airflow/.local/lib/python3.12/site-packages/airflow/example_dags/tutorial.py
[2026-06-29T08:33:20.204+0000] {processor.py:840} INFO - DAG(s) 'tutorial' retrieved from /home/airflow/.local/lib/python3.12/site-packages/airflow/example_dags/tutorial.py
[2026-06-29T08:33:20.226+0000] {logging_mixin.py:188} INFO - [2026-06-29T08:33:20.226+0000] {dag.py:3096} INFO - Sync 1 DAGs
[2026-06-29T08:33:20.246+0000] {logging_mixin.py:188} INFO - [2026-06-29T08:33:20.246+0000] {dag.py:3954} INFO - Setting next_dagrun for tutorial to 2026-06-28 00:00:00+00:00, run_after=2026-06-29 00:00:00+00:00
[2026-06-29T08:33:20.262+0000] {processor.py:183} INFO - Processing /home/airflow/.local/lib/python3.12/site-packages/airflow/example_dags/tutorial.py took 0.075 seconds
[2026-06-29T08:33:51.037+0000] {processor.py:161} INFO - Started process (PID=640) to work on /home/airflow/.local/lib/python3.12/site-packages/airflow/example_dags/tutorial.py
[2026-06-29T08:33:51.038+0000] {processor.py:830} INFO - Processing file /home/airflow/.local/lib/python3.12/site-packages/airflow/example_dags/tutorial.py for tasks to queue
[2026-06-29T08:33:51.040+0000] {logging_mixin.py:188} INFO - [2026-06-29T08:33:51.040+0000] {dagbag.py:545} INFO - Filling up the DagBag from /home/airflow/.local/lib/python3.12/site-packages/airflow/example_dags/tutorial.py
[2026-06-29T08:33:51.048+0000] {processor.py:840} INFO - DAG(s) 'tutorial' retrieved from /home/airflow/.local/lib/python3.12/site-packages/airflow/example_dags/tutorial.py
[2026-06-29T08:33:51.072+0000] {logging_mixin.py:188} INFO - [2026-06-29T08:33:51.072+0000] {dag.py:3096} INFO - Sync 1 DAGs
[2026-06-29T08:33:51.100+0000] {logging_mixin.py:188} INFO - [2026-06-29T08:33:51.100+0000] {dag.py:3954} INFO - Setting next_dagrun for tutorial to 2026-06-28 00:00:00+00:00, run_after=2026-06-29 00:00:00+00:00
[2026-06-29T08:33:51.119+0000] {processor.py:183} INFO - Processing /home/airflow/.local/lib/python3.12/site-packages/airflow/example_dags/tutorial.py took 0.091 seconds
[2026-06-29T08:34:21.244+0000] {processor.py:161} INFO - Started process (PID=699) to work on /home/airflow/.local/lib/python3.12/site-packages/airflow/example_dags/tutorial.py
[2026-06-29T08:34:21.252+0000] {processor.py:830} INFO - Processing file /home/airflow/.local/lib/python3.12/site-packages/airflow/example_dags/tutorial.py for tasks to queue
[2026-06-29T08:34:21.259+0000] {logging_mixin.py:188} INFO - [2026-06-29T08:34:21.258+0000] {dagbag.py:545} INFO - Filling up the DagBag from /home/airflow/.local/lib/python3.12/site-packages/airflow/example_dags/tutorial.py
[2026-06-29T08:34:21.283+0000] {processor.py:840} INFO - DAG(s) 'tutorial' retrieved from /home/airflow/.local/lib/python3.12/site-packages/airflow/example_dags/tutorial.py
[2026-06-29T08:34:21.332+0000] {logging_mixin.py:188} INFO - [2026-06-29T08:34:21.331+0000] {dag.py:3096} INFO - Sync 1 DAGs
[2026-06-29T08:34:21.363+0000] {logging_mixin.py:188} INFO - [2026-06-29T08:34:21.363+0000] {dag.py:3954} INFO - Setting next_dagrun for tutorial to 2026-06-28 00:00:00+00:00, run_after=2026-06-29 00:00:00+00:00
[2026-06-29T08:34:21.391+0000] {processor.py:183} INFO - Processing /home/airflow/.local/lib/python3.12/site-packages/airflow/example_dags/tutorial.py took 0.168 seconds
[2026-06-29T08:34:51.672+0000] {processor.py:161} INFO - Started process (PID=758) to work on /home/airflow/.local/lib/python3.12/site-packages/airflow/example_dags/tutorial.py
[2026-06-29T08:34:51.673+0000] {processor.py:830} INFO - Processing file /home/airflow/.local/lib/python3.12/site-packages/airflow/example_dags/tutorial.py for tasks to queue
[2026-06-29T08:34:51.675+0000] {logging_mixin.py:188} INFO - [2026-06-29T08:34:51.675+0000] {dagbag.py:545} INFO - Filling up the DagBag from /home/airflow/.local/lib/python3.12/site-packages/airflow/example_dags/tutorial.py
[2026-06-29T08:34:51.682+0000] {processor.py:840} INFO - DAG(s) 'tutorial' retrieved from /home/airflow/.local/lib/python3.12/site-packages/airflow/example_dags/tutorial.py
[2026-06-29T08:34:51.706+0000] {logging_mixin.py:188} INFO - [2026-06-29T08:34:51.706+0000] {dag.py:3096} INFO - Sync 1 DAGs
[2026-06-29T08:34:51.733+0000] {logging_mixin.py:188} INFO - [2026-06-29T08:34:51.732+0000] {dag.py:3954} INFO - Setting next_dagrun for tutorial to 2026-06-28 00:00:00+00:00, run_after=2026-06-29 00:00:00+00:00
[2026-06-29T08:34:51.752+0000] {processor.py:183} INFO - Processing /home/airflow/.local/lib/python3.12/site-packages/airflow/example_dags/tutorial.py took 0.087 seconds
[2026-06-29T08:35:22.236+0000] {processor.py:161} INFO - Started process (PID=817) to work on /home/airflow/.local/lib/python3.12/site-packages/airflow/example_dags/tutorial.py
[2026-06-29T08:35:22.237+0000] {processor.py:830} INFO - Processing file /home/airflow/.local/lib/python3.12/site-packages/airflow/example_dags/tutorial.py for tasks to queue
[2026-06-29T08:35:22.239+0000] {logging_mixin.py:188} INFO - [2026-06-29T08:35:22.239+0000] {dagbag.py:545} INFO - Filling up the DagBag from /home/airflow/.local/lib/python3.12/site-packages/airflow/example_dags/tutorial.py
[2026-06-29T08:35:22.246+0000] {processor.py:840} INFO - DAG(s) 'tutorial' retrieved from /home/airflow/.local/lib/python3.12/site-packages/airflow/example_dags/tutorial.py
[2026-06-29T08:35:22.273+0000] {logging_mixin.py:188} INFO - [2026-06-29T08:35:22.273+0000] {dag.py:3096} INFO - Sync 1 DAGs
[2026-06-29T08:35:22.300+0000] {logging_mixin.py:188} INFO - [2026-06-29T08:35:22.300+0000] {dag.py:3954} INFO - Setting next_dagrun for tutorial to 2026-06-28 00:00:00+00:00, run_after=2026-06-29 00:00:00+00:00
[2026-06-29T08:35:22.319+0000] {processor.py:183} INFO - Processing /home/airflow/.local/lib/python3.12/site-packages/airflow/example_dags/tutorial.py took 0.095 seconds
[2026-06-29T08:35:52.810+0000] {processor.py:161} INFO - Started process (PID=876) to work on /home/airflow/.local/lib/python3.12/site-packages/airflow/example_dags/tutorial.py
[2026-06-29T08:35:52.816+0000] {processor.py:830} INFO - Processing file /home/airflow/.local/lib/python3.12/site-packages/airflow/example_dags/tutorial.py for tasks to queue
[2026-06-29T08:35:52.819+0000] {logging_mixin.py:188} INFO - [2026-06-29T08:35:52.818+0000] {dagbag.py:545} INFO - Filling up the DagBag from /home/airflow/.local/lib/python3.12/site-packages/airflow/example_dags/tutorial.py
[2026-06-29T08:35:52.832+0000] {processor.py:840} INFO - DAG(s) 'tutorial' retrieved from /home/airflow/.local/lib/python3.12/site-packages/airflow/example_dags/tutorial.py
[2026-06-29T08:35:52.875+0000] {logging_mixin.py:188} INFO - [2026-06-29T08:35:52.875+0000] {dag.py:3096} INFO - Sync 1 DAGs
[2026-06-29T08:35:52.900+0000] {logging_mixin.py:188} INFO - [2026-06-29T08:35:52.900+0000] {dag.py:3954} INFO - Setting next_dagrun for tutorial to 2026-06-28 00:00:00+00:00, run_after=2026-06-29 00:00:00+00:00
[2026-06-29T08:35:52.919+0000] {processor.py:183} INFO - Processing /home/airflow/.local/lib/python3.12/site-packages/airflow/example_dags/tutorial.py took 0.129 seconds
[2026-06-29T08:36:23.865+0000] {processor.py:161} INFO - Started process (PID=935) to work on /home/airflow/.local/lib/python3.12/site-packages/airflow/example_dags/tutorial.py
[2026-06-29T08:36:23.872+0000] {processor.py:830} INFO - Processing file /home/airflow/.local/lib/python3.12/site-packages/airflow/example_dags/tutorial.py for tasks to queue
[2026-06-29T08:36:23.880+0000] {logging_mixin.py:188} INFO - [2026-06-29T08:36:23.879+0000] {dagbag.py:545} INFO - Filling up the DagBag from /home/airflow/.local/lib/python3.12/site-packages/airflow/example_dags/tutorial.py
[2026-06-29T08:36:23.909+0000] {processor.py:840} INFO - DAG(s) 'tutorial' retrieved from /home/airflow/.local/lib/python3.12/site-packages/airflow/example_dags/tutorial.py
[2026-06-29T08:36:24.006+0000] {logging_mixin.py:188} INFO - [2026-06-29T08:36:24.006+0000] {dag.py:3096} INFO - Sync 1 DAGs
[2026-06-29T08:36:24.083+0000] {logging_mixin.py:188} INFO - [2026-06-29T08:36:24.083+0000] {dag.py:3954} INFO - Setting next_dagrun for tutorial to 2026-06-28 00:00:00+00:00, run_after=2026-06-29 00:00:00+00:00
[2026-06-29T08:36:24.133+0000] {processor.py:183} INFO - Processing /home/airflow/.local/lib/python3.12/site-packages/airflow/example_dags/tutorial.py took 0.304 seconds
[2026-06-29T08:36:54.825+0000] {processor.py:161} INFO - Started process (PID=994) to work on /home/airflow/.local/lib/python3.12/site-packages/airflow/example_dags/tutorial.py
[2026-06-29T08:36:54.826+0000] {processor.py:830} INFO - Processing file /home/airflow/.local/lib/python3.12/site-packages/airflow/example_dags/tutorial.py for tasks to queue
[2026-06-29T08:36:54.828+0000] {logging_mixin.py:188} INFO - [2026-06-29T08:36:54.827+0000] {dagbag.py:545} INFO - Filling up the DagBag from /home/airflow/.local/lib/python3.12/site-packages/airflow/example_dags/tutorial.py
[2026-06-29T08:36:54.834+0000] {processor.py:840} INFO - DAG(s) 'tutorial' retrieved from /home/airflow/.local/lib/python3.12/site-packages/airflow/example_dags/tutorial.py
[2026-06-29T08:36:54.870+0000] {logging_mixin.py:188} INFO - [2026-06-29T08:36:54.870+0000] {dag.py:3096} INFO - Sync 1 DAGs
[2026-06-29T08:36:54.899+0000] {logging_mixin.py:188} INFO - [2026-06-29T08:36:54.899+0000] {dag.py:3954} INFO - Setting next_dagrun for tutorial to 2026-06-28 00:00:00+00:00, run_after=2026-06-29 00:00:00+00:00
[2026-06-29T08:36:54.940+0000] {processor.py:183} INFO - Processing /home/airflow/.local/lib/python3.12/site-packages/airflow/example_dags/tutorial.py took 0.122 seconds
