[2026-06-29T08:29:29.779+0000] {processor.py:161} INFO - Started process (PID=137) to work on /home/airflow/.local/lib/python3.12/site-packages/airflow/example_dags/tutorial_dag.py
[2026-06-29T08:29:29.780+0000] {processor.py:830} INFO - Processing file /home/airflow/.local/lib/python3.12/site-packages/airflow/example_dags/tutorial_dag.py for tasks to queue
[2026-06-29T08:29:29.783+0000] {logging_mixin.py:188} INFO - [2026-06-29T08:29:29.783+0000] {dagbag.py:545} INFO - Filling up the DagBag from /home/airflow/.local/lib/python3.12/site-packages/airflow/example_dags/tutorial_dag.py
[2026-06-29T08:29:29.841+0000] {processor.py:840} INFO - DAG(s) 'tutorial_dag' retrieved from /home/airflow/.local/lib/python3.12/site-packages/airflow/example_dags/tutorial_dag.py
[2026-06-29T08:29:30.562+0000] {logging_mixin.py:188} INFO - [2026-06-29T08:29:30.559+0000] {override.py:1829} INFO - Created Permission View: can edit on DAG:tutorial_dag
[2026-06-29T08:29:30.618+0000] {logging_mixin.py:188} INFO - [2026-06-29T08:29:30.617+0000] {override.py:1829} INFO - Created Permission View: can read on DAG:tutorial_dag
[2026-06-29T08:29:30.669+0000] {logging_mixin.py:188} INFO - [2026-06-29T08:29:30.668+0000] {override.py:1829} INFO - Created Permission View: can delete on DAG:tutorial_dag
[2026-06-29T08:29:30.669+0000] {logging_mixin.py:188} INFO - [2026-06-29T08:29:30.669+0000] {dag.py:3096} INFO - Sync 1 DAGs
[2026-06-29T08:29:30.761+0000] {logging_mixin.py:188} INFO - [2026-06-29T08:29:30.751+0000] {dag.py:3118} INFO - Creating ORM DAG for tutorial_dag
[2026-06-29T08:29:30.762+0000] {logging_mixin.py:188} INFO - [2026-06-29T08:29:30.762+0000] {dag.py:3954} INFO - Setting next_dagrun for tutorial_dag to None, run_after=None
[2026-06-29T08:29:30.827+0000] {processor.py:183} INFO - Processing /home/airflow/.local/lib/python3.12/site-packages/airflow/example_dags/tutorial_dag.py took 1.071 seconds
[2026-06-29T08:30:00.933+0000] {processor.py:161} INFO - Started process (PID=196) to work on /home/airflow/.local/lib/python3.12/site-packages/airflow/example_dags/tutorial_dag.py
[2026-06-29T08:30:00.934+0000] {processor.py:830} INFO - Processing file /home/airflow/.local/lib/python3.12/site-packages/airflow/example_dags/tutorial_dag.py for tasks to queue
[2026-06-29T08:30:00.936+0000] {logging_mixin.py:188} INFO - [2026-06-29T08:30:00.935+0000] {dagbag.py:545} INFO - Filling up the DagBag from /home/airflow/.local/lib/python3.12/site-packages/airflow/example_dags/tutorial_dag.py
[2026-06-29T08:30:00.941+0000] {processor.py:840} INFO - DAG(s) 'tutorial_dag' retrieved from /home/airflow/.local/lib/python3.12/site-packages/airflow/example_dags/tutorial_dag.py
[2026-06-29T08:30:00.958+0000] {logging_mixin.py:188} INFO - [2026-06-29T08:30:00.958+0000] {dag.py:3096} INFO - Sync 1 DAGs
[2026-06-29T08:30:00.971+0000] {logging_mixin.py:188} INFO - [2026-06-29T08:30:00.970+0000] {dag.py:3954} INFO - Setting next_dagrun for tutorial_dag to None, run_after=None
[2026-06-29T08:30:00.988+0000] {processor.py:183} INFO - Processing /home/airflow/.local/lib/python3.12/site-packages/airflow/example_dags/tutorial_dag.py took 0.062 seconds
[2026-06-29T08:30:31.586+0000] {processor.py:161} INFO - Started process (PID=255) to work on /home/airflow/.local/lib/python3.12/site-packages/airflow/example_dags/tutorial_dag.py
[2026-06-29T08:30:31.587+0000] {processor.py:830} INFO - Processing file /home/airflow/.local/lib/python3.12/site-packages/airflow/example_dags/tutorial_dag.py for tasks to queue
[2026-06-29T08:30:31.591+0000] {logging_mixin.py:188} INFO - [2026-06-29T08:30:31.591+0000] {dagbag.py:545} INFO - Filling up the DagBag from /home/airflow/.local/lib/python3.12/site-packages/airflow/example_dags/tutorial_dag.py
[2026-06-29T08:30:31.605+0000] {processor.py:840} INFO - DAG(s) 'tutorial_dag' retrieved from /home/airflow/.local/lib/python3.12/site-packages/airflow/example_dags/tutorial_dag.py
[2026-06-29T08:30:31.660+0000] {logging_mixin.py:188} INFO - [2026-06-29T08:30:31.660+0000] {dag.py:3096} INFO - Sync 1 DAGs
[2026-06-29T08:30:31.691+0000] {logging_mixin.py:188} INFO - [2026-06-29T08:30:31.691+0000] {dag.py:3954} INFO - Setting next_dagrun for tutorial_dag to None, run_after=None
[2026-06-29T08:30:31.721+0000] {processor.py:183} INFO - Processing /home/airflow/.local/lib/python3.12/site-packages/airflow/example_dags/tutorial_dag.py took 0.151 seconds
[2026-06-29T08:31:02.345+0000] {processor.py:161} INFO - Started process (PID=314) to work on /home/airflow/.local/lib/python3.12/site-packages/airflow/example_dags/tutorial_dag.py
[2026-06-29T08:31:02.349+0000] {processor.py:830} INFO - Processing file /home/airflow/.local/lib/python3.12/site-packages/airflow/example_dags/tutorial_dag.py for tasks to queue
[2026-06-29T08:31:02.356+0000] {logging_mixin.py:188} INFO - [2026-06-29T08:31:02.355+0000] {dagbag.py:545} INFO - Filling up the DagBag from /home/airflow/.local/lib/python3.12/site-packages/airflow/example_dags/tutorial_dag.py
[2026-06-29T08:31:02.372+0000] {processor.py:840} INFO - DAG(s) 'tutorial_dag' retrieved from /home/airflow/.local/lib/python3.12/site-packages/airflow/example_dags/tutorial_dag.py
[2026-06-29T08:31:02.473+0000] {logging_mixin.py:188} INFO - [2026-06-29T08:31:02.472+0000] {dag.py:3096} INFO - Sync 1 DAGs
[2026-06-29T08:31:02.550+0000] {logging_mixin.py:188} INFO - [2026-06-29T08:31:02.550+0000] {dag.py:3954} INFO - Setting next_dagrun for tutorial_dag to None, run_after=None
[2026-06-29T08:31:02.639+0000] {processor.py:183} INFO - Processing /home/airflow/.local/lib/python3.12/site-packages/airflow/example_dags/tutorial_dag.py took 0.312 seconds
[2026-06-29T08:31:33.409+0000] {processor.py:161} INFO - Started process (PID=373) to work on /home/airflow/.local/lib/python3.12/site-packages/airflow/example_dags/tutorial_dag.py
[2026-06-29T08:31:33.409+0000] {processor.py:830} INFO - Processing file /home/airflow/.local/lib/python3.12/site-packages/airflow/example_dags/tutorial_dag.py for tasks to queue
[2026-06-29T08:31:33.411+0000] {logging_mixin.py:188} INFO - [2026-06-29T08:31:33.411+0000] {dagbag.py:545} INFO - Filling up the DagBag from /home/airflow/.local/lib/python3.12/site-packages/airflow/example_dags/tutorial_dag.py
[2026-06-29T08:31:33.418+0000] {processor.py:840} INFO - DAG(s) 'tutorial_dag' retrieved from /home/airflow/.local/lib/python3.12/site-packages/airflow/example_dags/tutorial_dag.py
[2026-06-29T08:31:33.441+0000] {logging_mixin.py:188} INFO - [2026-06-29T08:31:33.440+0000] {dag.py:3096} INFO - Sync 1 DAGs
[2026-06-29T08:31:33.456+0000] {logging_mixin.py:188} INFO - [2026-06-29T08:31:33.456+0000] {dag.py:3954} INFO - Setting next_dagrun for tutorial_dag to None, run_after=None
[2026-06-29T08:31:33.475+0000] {processor.py:183} INFO - Processing /home/airflow/.local/lib/python3.12/site-packages/airflow/example_dags/tutorial_dag.py took 0.074 seconds
[2026-06-29T08:32:04.120+0000] {processor.py:161} INFO - Started process (PID=432) to work on /home/airflow/.local/lib/python3.12/site-packages/airflow/example_dags/tutorial_dag.py
[2026-06-29T08:32:04.126+0000] {processor.py:830} INFO - Processing file /home/airflow/.local/lib/python3.12/site-packages/airflow/example_dags/tutorial_dag.py for tasks to queue
[2026-06-29T08:32:04.129+0000] {logging_mixin.py:188} INFO - [2026-06-29T08:32:04.128+0000] {dagbag.py:545} INFO - Filling up the DagBag from /home/airflow/.local/lib/python3.12/site-packages/airflow/example_dags/tutorial_dag.py
[2026-06-29T08:32:04.166+0000] {processor.py:840} INFO - DAG(s) 'tutorial_dag' retrieved from /home/airflow/.local/lib/python3.12/site-packages/airflow/example_dags/tutorial_dag.py
[2026-06-29T08:32:04.213+0000] {logging_mixin.py:188} INFO - [2026-06-29T08:32:04.213+0000] {dag.py:3096} INFO - Sync 1 DAGs
[2026-06-29T08:32:04.237+0000] {logging_mixin.py:188} INFO - [2026-06-29T08:32:04.237+0000] {dag.py:3954} INFO - Setting next_dagrun for tutorial_dag to None, run_after=None
[2026-06-29T08:32:04.297+0000] {processor.py:183} INFO - Processing /home/airflow/.local/lib/python3.12/site-packages/airflow/example_dags/tutorial_dag.py took 0.200 seconds
[2026-06-29T08:32:34.723+0000] {processor.py:161} INFO - Started process (PID=491) to work on /home/airflow/.local/lib/python3.12/site-packages/airflow/example_dags/tutorial_dag.py
[2026-06-29T08:32:34.724+0000] {processor.py:830} INFO - Processing file /home/airflow/.local/lib/python3.12/site-packages/airflow/example_dags/tutorial_dag.py for tasks to queue
[2026-06-29T08:32:34.726+0000] {logging_mixin.py:188} INFO - [2026-06-29T08:32:34.725+0000] {dagbag.py:545} INFO - Filling up the DagBag from /home/airflow/.local/lib/python3.12/site-packages/airflow/example_dags/tutorial_dag.py
[2026-06-29T08:32:34.732+0000] {processor.py:840} INFO - DAG(s) 'tutorial_dag' retrieved from /home/airflow/.local/lib/python3.12/site-packages/airflow/example_dags/tutorial_dag.py
[2026-06-29T08:32:34.754+0000] {logging_mixin.py:188} INFO - [2026-06-29T08:32:34.754+0000] {dag.py:3096} INFO - Sync 1 DAGs
[2026-06-29T08:32:34.769+0000] {logging_mixin.py:188} INFO - [2026-06-29T08:32:34.769+0000] {dag.py:3954} INFO - Setting next_dagrun for tutorial_dag to None, run_after=None
[2026-06-29T08:32:34.794+0000] {processor.py:183} INFO - Processing /home/airflow/.local/lib/python3.12/site-packages/airflow/example_dags/tutorial_dag.py took 0.078 seconds
[2026-06-29T08:33:05.160+0000] {processor.py:161} INFO - Started process (PID=550) to work on /home/airflow/.local/lib/python3.12/site-packages/airflow/example_dags/tutorial_dag.py
[2026-06-29T08:33:05.161+0000] {processor.py:830} INFO - Processing file /home/airflow/.local/lib/python3.12/site-packages/airflow/example_dags/tutorial_dag.py for tasks to queue
[2026-06-29T08:33:05.163+0000] {logging_mixin.py:188} INFO - [2026-06-29T08:33:05.163+0000] {dagbag.py:545} INFO - Filling up the DagBag from /home/airflow/.local/lib/python3.12/site-packages/airflow/example_dags/tutorial_dag.py
[2026-06-29T08:33:05.170+0000] {processor.py:840} INFO - DAG(s) 'tutorial_dag' retrieved from /home/airflow/.local/lib/python3.12/site-packages/airflow/example_dags/tutorial_dag.py
[2026-06-29T08:33:05.194+0000] {logging_mixin.py:188} INFO - [2026-06-29T08:33:05.193+0000] {dag.py:3096} INFO - Sync 1 DAGs
[2026-06-29T08:33:05.209+0000] {logging_mixin.py:188} INFO - [2026-06-29T08:33:05.208+0000] {dag.py:3954} INFO - Setting next_dagrun for tutorial_dag to None, run_after=None
[2026-06-29T08:33:05.230+0000] {processor.py:183} INFO - Processing /home/airflow/.local/lib/python3.12/site-packages/airflow/example_dags/tutorial_dag.py took 0.076 seconds
[2026-06-29T08:33:35.643+0000] {processor.py:161} INFO - Started process (PID=610) to work on /home/airflow/.local/lib/python3.12/site-packages/airflow/example_dags/tutorial_dag.py
[2026-06-29T08:33:35.644+0000] {processor.py:830} INFO - Processing file /home/airflow/.local/lib/python3.12/site-packages/airflow/example_dags/tutorial_dag.py for tasks to queue
[2026-06-29T08:33:35.647+0000] {logging_mixin.py:188} INFO - [2026-06-29T08:33:35.646+0000] {dagbag.py:545} INFO - Filling up the DagBag from /home/airflow/.local/lib/python3.12/site-packages/airflow/example_dags/tutorial_dag.py
[2026-06-29T08:33:35.653+0000] {processor.py:840} INFO - DAG(s) 'tutorial_dag' retrieved from /home/airflow/.local/lib/python3.12/site-packages/airflow/example_dags/tutorial_dag.py
[2026-06-29T08:33:35.684+0000] {logging_mixin.py:188} INFO - [2026-06-29T08:33:35.683+0000] {dag.py:3096} INFO - Sync 1 DAGs
[2026-06-29T08:33:35.701+0000] {logging_mixin.py:188} INFO - [2026-06-29T08:33:35.701+0000] {dag.py:3954} INFO - Setting next_dagrun for tutorial_dag to None, run_after=None
[2026-06-29T08:33:35.762+0000] {processor.py:183} INFO - Processing /home/airflow/.local/lib/python3.12/site-packages/airflow/example_dags/tutorial_dag.py took 0.133 seconds
[2026-06-29T08:34:05.941+0000] {processor.py:161} INFO - Started process (PID=669) to work on /home/airflow/.local/lib/python3.12/site-packages/airflow/example_dags/tutorial_dag.py
[2026-06-29T08:34:05.944+0000] {processor.py:830} INFO - Processing file /home/airflow/.local/lib/python3.12/site-packages/airflow/example_dags/tutorial_dag.py for tasks to queue
[2026-06-29T08:34:05.946+0000] {logging_mixin.py:188} INFO - [2026-06-29T08:34:05.946+0000] {dagbag.py:545} INFO - Filling up the DagBag from /home/airflow/.local/lib/python3.12/site-packages/airflow/example_dags/tutorial_dag.py
[2026-06-29T08:34:05.955+0000] {processor.py:840} INFO - DAG(s) 'tutorial_dag' retrieved from /home/airflow/.local/lib/python3.12/site-packages/airflow/example_dags/tutorial_dag.py
[2026-06-29T08:34:06.049+0000] {logging_mixin.py:188} INFO - [2026-06-29T08:34:06.049+0000] {dag.py:3096} INFO - Sync 1 DAGs
[2026-06-29T08:34:06.107+0000] {logging_mixin.py:188} INFO - [2026-06-29T08:34:06.106+0000] {dag.py:3954} INFO - Setting next_dagrun for tutorial_dag to None, run_after=None
[2026-06-29T08:34:06.188+0000] {processor.py:183} INFO - Processing /home/airflow/.local/lib/python3.12/site-packages/airflow/example_dags/tutorial_dag.py took 0.264 seconds
[2026-06-29T08:34:36.966+0000] {processor.py:161} INFO - Started process (PID=728) to work on /home/airflow/.local/lib/python3.12/site-packages/airflow/example_dags/tutorial_dag.py
[2026-06-29T08:34:36.971+0000] {processor.py:830} INFO - Processing file /home/airflow/.local/lib/python3.12/site-packages/airflow/example_dags/tutorial_dag.py for tasks to queue
[2026-06-29T08:34:36.975+0000] {logging_mixin.py:188} INFO - [2026-06-29T08:34:36.975+0000] {dagbag.py:545} INFO - Filling up the DagBag from /home/airflow/.local/lib/python3.12/site-packages/airflow/example_dags/tutorial_dag.py
[2026-06-29T08:34:36.987+0000] {processor.py:840} INFO - DAG(s) 'tutorial_dag' retrieved from /home/airflow/.local/lib/python3.12/site-packages/airflow/example_dags/tutorial_dag.py
[2026-06-29T08:34:37.071+0000] {logging_mixin.py:188} INFO - [2026-06-29T08:34:37.071+0000] {dag.py:3096} INFO - Sync 1 DAGs
[2026-06-29T08:34:37.142+0000] {logging_mixin.py:188} INFO - [2026-06-29T08:34:37.135+0000] {dag.py:3954} INFO - Setting next_dagrun for tutorial_dag to None, run_after=None
[2026-06-29T08:34:37.268+0000] {processor.py:183} INFO - Processing /home/airflow/.local/lib/python3.12/site-packages/airflow/example_dags/tutorial_dag.py took 0.324 seconds
[2026-06-29T08:35:08.182+0000] {processor.py:161} INFO - Started process (PID=787) to work on /home/airflow/.local/lib/python3.12/site-packages/airflow/example_dags/tutorial_dag.py
[2026-06-29T08:35:08.183+0000] {processor.py:830} INFO - Processing file /home/airflow/.local/lib/python3.12/site-packages/airflow/example_dags/tutorial_dag.py for tasks to queue
[2026-06-29T08:35:08.185+0000] {logging_mixin.py:188} INFO - [2026-06-29T08:35:08.185+0000] {dagbag.py:545} INFO - Filling up the DagBag from /home/airflow/.local/lib/python3.12/site-packages/airflow/example_dags/tutorial_dag.py
[2026-06-29T08:35:08.190+0000] {processor.py:840} INFO - DAG(s) 'tutorial_dag' retrieved from /home/airflow/.local/lib/python3.12/site-packages/airflow/example_dags/tutorial_dag.py
[2026-06-29T08:35:08.210+0000] {logging_mixin.py:188} INFO - [2026-06-29T08:35:08.210+0000] {dag.py:3096} INFO - Sync 1 DAGs
[2026-06-29T08:35:08.222+0000] {logging_mixin.py:188} INFO - [2026-06-29T08:35:08.221+0000] {dag.py:3954} INFO - Setting next_dagrun for tutorial_dag to None, run_after=None
[2026-06-29T08:35:08.237+0000] {processor.py:183} INFO - Processing /home/airflow/.local/lib/python3.12/site-packages/airflow/example_dags/tutorial_dag.py took 0.062 seconds
[2026-06-29T08:35:38.567+0000] {processor.py:161} INFO - Started process (PID=846) to work on /home/airflow/.local/lib/python3.12/site-packages/airflow/example_dags/tutorial_dag.py
[2026-06-29T08:35:38.568+0000] {processor.py:830} INFO - Processing file /home/airflow/.local/lib/python3.12/site-packages/airflow/example_dags/tutorial_dag.py for tasks to queue
[2026-06-29T08:35:38.571+0000] {logging_mixin.py:188} INFO - [2026-06-29T08:35:38.570+0000] {dagbag.py:545} INFO - Filling up the DagBag from /home/airflow/.local/lib/python3.12/site-packages/airflow/example_dags/tutorial_dag.py
[2026-06-29T08:35:38.579+0000] {processor.py:840} INFO - DAG(s) 'tutorial_dag' retrieved from /home/airflow/.local/lib/python3.12/site-packages/airflow/example_dags/tutorial_dag.py
[2026-06-29T08:35:38.610+0000] {logging_mixin.py:188} INFO - [2026-06-29T08:35:38.610+0000] {dag.py:3096} INFO - Sync 1 DAGs
[2026-06-29T08:35:38.630+0000] {logging_mixin.py:188} INFO - [2026-06-29T08:35:38.630+0000] {dag.py:3954} INFO - Setting next_dagrun for tutorial_dag to None, run_after=None
[2026-06-29T08:35:38.654+0000] {processor.py:183} INFO - Processing /home/airflow/.local/lib/python3.12/site-packages/airflow/example_dags/tutorial_dag.py took 0.098 seconds
[2026-06-29T08:36:09.089+0000] {processor.py:161} INFO - Started process (PID=905) to work on /home/airflow/.local/lib/python3.12/site-packages/airflow/example_dags/tutorial_dag.py
[2026-06-29T08:36:09.089+0000] {processor.py:830} INFO - Processing file /home/airflow/.local/lib/python3.12/site-packages/airflow/example_dags/tutorial_dag.py for tasks to queue
[2026-06-29T08:36:09.091+0000] {logging_mixin.py:188} INFO - [2026-06-29T08:36:09.091+0000] {dagbag.py:545} INFO - Filling up the DagBag from /home/airflow/.local/lib/python3.12/site-packages/airflow/example_dags/tutorial_dag.py
[2026-06-29T08:36:09.096+0000] {processor.py:840} INFO - DAG(s) 'tutorial_dag' retrieved from /home/airflow/.local/lib/python3.12/site-packages/airflow/example_dags/tutorial_dag.py
[2026-06-29T08:36:09.114+0000] {logging_mixin.py:188} INFO - [2026-06-29T08:36:09.113+0000] {dag.py:3096} INFO - Sync 1 DAGs
[2026-06-29T08:36:09.126+0000] {logging_mixin.py:188} INFO - [2026-06-29T08:36:09.125+0000] {dag.py:3954} INFO - Setting next_dagrun for tutorial_dag to None, run_after=None
[2026-06-29T08:36:09.149+0000] {processor.py:183} INFO - Processing /home/airflow/.local/lib/python3.12/site-packages/airflow/example_dags/tutorial_dag.py took 0.066 seconds
[2026-06-29T08:36:39.977+0000] {processor.py:161} INFO - Started process (PID=964) to work on /home/airflow/.local/lib/python3.12/site-packages/airflow/example_dags/tutorial_dag.py
[2026-06-29T08:36:39.979+0000] {processor.py:830} INFO - Processing file /home/airflow/.local/lib/python3.12/site-packages/airflow/example_dags/tutorial_dag.py for tasks to queue
[2026-06-29T08:36:39.982+0000] {logging_mixin.py:188} INFO - [2026-06-29T08:36:39.981+0000] {dagbag.py:545} INFO - Filling up the DagBag from /home/airflow/.local/lib/python3.12/site-packages/airflow/example_dags/tutorial_dag.py
[2026-06-29T08:36:39.992+0000] {processor.py:840} INFO - DAG(s) 'tutorial_dag' retrieved from /home/airflow/.local/lib/python3.12/site-packages/airflow/example_dags/tutorial_dag.py
[2026-06-29T08:36:40.093+0000] {logging_mixin.py:188} INFO - [2026-06-29T08:36:40.093+0000] {dag.py:3096} INFO - Sync 1 DAGs
[2026-06-29T08:36:40.122+0000] {logging_mixin.py:188} INFO - [2026-06-29T08:36:40.122+0000] {dag.py:3954} INFO - Setting next_dagrun for tutorial_dag to None, run_after=None
[2026-06-29T08:36:40.189+0000] {processor.py:183} INFO - Processing /home/airflow/.local/lib/python3.12/site-packages/airflow/example_dags/tutorial_dag.py took 0.225 seconds
[2026-06-29T08:37:10.441+0000] {processor.py:161} INFO - Started process (PID=1023) to work on /home/airflow/.local/lib/python3.12/site-packages/airflow/example_dags/tutorial_dag.py
[2026-06-29T08:37:10.443+0000] {processor.py:830} INFO - Processing file /home/airflow/.local/lib/python3.12/site-packages/airflow/example_dags/tutorial_dag.py for tasks to queue
[2026-06-29T08:37:10.445+0000] {logging_mixin.py:188} INFO - [2026-06-29T08:37:10.444+0000] {dagbag.py:545} INFO - Filling up the DagBag from /home/airflow/.local/lib/python3.12/site-packages/airflow/example_dags/tutorial_dag.py
[2026-06-29T08:37:10.450+0000] {processor.py:840} INFO - DAG(s) 'tutorial_dag' retrieved from /home/airflow/.local/lib/python3.12/site-packages/airflow/example_dags/tutorial_dag.py
[2026-06-29T08:37:10.469+0000] {logging_mixin.py:188} INFO - [2026-06-29T08:37:10.469+0000] {dag.py:3096} INFO - Sync 1 DAGs
[2026-06-29T08:37:10.481+0000] {logging_mixin.py:188} INFO - [2026-06-29T08:37:10.480+0000] {dag.py:3954} INFO - Setting next_dagrun for tutorial_dag to None, run_after=None
[2026-06-29T08:37:10.501+0000] {processor.py:183} INFO - Processing /home/airflow/.local/lib/python3.12/site-packages/airflow/example_dags/tutorial_dag.py took 0.065 seconds
