[2026-06-28T16:13:36.019+0000] {local_task_job_runner.py:120} INFO - ::group::Pre task execution logs
[2026-06-28T16:13:36.057+0000] {taskinstance.py:2076} INFO - Dependencies all met for dep_context=non-requeueable deps ti=<TaskInstance: weather_daily_dag.aggregate_daily manual__2026-06-28T16:08:36.028896+00:00 [queued]>
[2026-06-28T16:13:36.076+0000] {taskinstance.py:2076} INFO - Dependencies all met for dep_context=requeueable deps ti=<TaskInstance: weather_daily_dag.aggregate_daily manual__2026-06-28T16:08:36.028896+00:00 [queued]>
[2026-06-28T16:13:36.077+0000] {taskinstance.py:2306} INFO - Starting attempt 1 of 4
[2026-06-28T16:13:36.105+0000] {taskinstance.py:2330} INFO - Executing <Task(PythonOperator): aggregate_daily> on 2026-06-28 16:08:36.028896+00:00
[2026-06-28T16:13:36.125+0000] {warnings.py:110} WARNING - /home/***/.local/lib/python3.12/site-packages/***/task/task_runner/standard_task_runner.py:61: DeprecationWarning: This process (pid=216) is multi-threaded, use of fork() may lead to deadlocks in the child.
  pid = os.fork()

[2026-06-28T16:13:36.131+0000] {standard_task_runner.py:63} INFO - Started process 220 to run task
[2026-06-28T16:13:36.135+0000] {standard_task_runner.py:90} INFO - Running: ['***', 'tasks', 'run', 'weather_daily_dag', 'aggregate_daily', 'manual__2026-06-28T16:08:36.028896+00:00', '--job-id', '7', '--raw', '--subdir', 'DAGS_FOLDER/weather_etl_dag.py', '--cfg-path', '/tmp/tmpw5ghqm_p']
[2026-06-28T16:13:36.143+0000] {standard_task_runner.py:91} INFO - Job 7: Subtask aggregate_daily
[2026-06-28T16:13:36.284+0000] {task_command.py:426} INFO - Running <TaskInstance: weather_daily_dag.aggregate_daily manual__2026-06-28T16:08:36.028896+00:00 [running]> on host c186915320bd
[2026-06-28T16:13:36.547+0000] {taskinstance.py:2648} INFO - Exporting env vars: AIRFLOW_CTX_DAG_OWNER='elia' AIRFLOW_CTX_DAG_ID='weather_daily_dag' AIRFLOW_CTX_TASK_ID='aggregate_daily' AIRFLOW_CTX_EXECUTION_DATE='2026-06-28T16:08:36.028896+00:00' AIRFLOW_CTX_TRY_NUMBER='1' AIRFLOW_CTX_DAG_RUN_ID='manual__2026-06-28T16:08:36.028896+00:00'
[2026-06-28T16:13:36.552+0000] {taskinstance.py:430} INFO - ::endgroup::
[2026-06-28T16:13:36.675+0000] {logging_mixin.py:188} INFO - [aggregate] weather_daily mis à jour
[2026-06-28T16:13:36.676+0000] {python.py:237} INFO - Done. Returned value was: None
[2026-06-28T16:13:36.677+0000] {taskinstance.py:441} INFO - ::group::Post task execution logs
[2026-06-28T16:13:36.699+0000] {taskinstance.py:1206} INFO - Marking task as SUCCESS. dag_id=weather_daily_dag, task_id=aggregate_daily, run_id=manual__2026-06-28T16:08:36.028896+00:00, execution_date=20260628T160836, start_date=20260628T161336, end_date=20260628T161336
[2026-06-28T16:13:36.764+0000] {local_task_job_runner.py:240} INFO - Task exited with return code 0
[2026-06-28T16:13:36.793+0000] {taskinstance.py:3498} INFO - 1 downstream tasks scheduled from follow-on schedule check
[2026-06-28T16:13:36.795+0000] {local_task_job_runner.py:222} INFO - ::endgroup::
