[2026-06-19T08:47:43.280+0000] {local_task_job_runner.py:120} INFO - ::group::Pre task execution logs
[2026-06-19T08:47:43.742+0000] {taskinstance.py:2076} INFO - Dependencies all met for dep_context=non-requeueable deps ti=<TaskInstance: weather_daily_dag.extract_hourly_daily manual__2026-06-19T08:20:15.164340+00:00 [queued]>
[2026-06-19T08:47:43.872+0000] {taskinstance.py:2076} INFO - Dependencies all met for dep_context=requeueable deps ti=<TaskInstance: weather_daily_dag.extract_hourly_daily manual__2026-06-19T08:20:15.164340+00:00 [queued]>
[2026-06-19T08:47:43.875+0000] {taskinstance.py:2306} INFO - Starting attempt 4 of 4
[2026-06-19T08:47:44.140+0000] {taskinstance.py:2330} INFO - Executing <Task(PythonOperator): extract_hourly_daily> on 2026-06-19 08:20:15.164340+00:00
[2026-06-19T08:47:44.274+0000] {standard_task_runner.py:90} INFO - Running: ['***', 'tasks', 'run', 'weather_daily_dag', 'extract_hourly_daily', 'manual__2026-06-19T08:20:15.164340+00:00', '--job-id', '34', '--raw', '--subdir', 'DAGS_FOLDER/weather_etl_dag.py', '--cfg-path', '/tmp/tmpk06e9w9v']
[2026-06-19T08:47:44.322+0000] {standard_task_runner.py:91} INFO - Job 34: Subtask extract_hourly_daily
[2026-06-19T08:47:44.302+0000] {warnings.py:110} WARNING - /home/***/.local/lib/python3.12/site-packages/***/task/task_runner/standard_task_runner.py:61: DeprecationWarning: This process (pid=208) is multi-threaded, use of fork() may lead to deadlocks in the child.
  pid = os.fork()

[2026-06-19T08:47:44.335+0000] {standard_task_runner.py:63} INFO - Started process 232 to run task
[2026-06-19T08:47:44.765+0000] {task_command.py:426} INFO - Running <TaskInstance: weather_daily_dag.extract_hourly_daily manual__2026-06-19T08:20:15.164340+00:00 [running]> on host 51c10e506a75
[2026-06-19T08:47:46.395+0000] {taskinstance.py:2648} INFO - Exporting env vars: AIRFLOW_CTX_DAG_OWNER='elia' AIRFLOW_CTX_DAG_ID='weather_daily_dag' AIRFLOW_CTX_TASK_ID='extract_hourly_daily' AIRFLOW_CTX_EXECUTION_DATE='2026-06-19T08:20:15.164340+00:00' AIRFLOW_CTX_TRY_NUMBER='4' AIRFLOW_CTX_DAG_RUN_ID='manual__2026-06-19T08:20:15.164340+00:00'
[2026-06-19T08:47:46.454+0000] {taskinstance.py:430} INFO - ::endgroup::
[2026-06-19T08:47:46.482+0000] {extractor.py:191} INFO - Début de l'extraction Open-Meteo (hourly)
[2026-06-19T08:47:46.653+0000] {extractor.py:219} ERROR - Erreur critique (hourly): connection to server at "localhost" (::1), port 5432 failed: Connection refused
	Is the server running on that host and accepting TCP/IP connections?
connection to server at "localhost" (127.0.0.1), port 5432 failed: Connection refused
	Is the server running on that host and accepting TCP/IP connections?

[2026-06-19T08:47:46.654+0000] {taskinstance.py:441} INFO - ::group::Post task execution logs
[2026-06-19T08:47:46.654+0000] {taskinstance.py:2905} ERROR - Task failed with exception
Traceback (most recent call last):
  File "/opt/airflow/dags/extractor.py", line 194, in run_open_meteo_extraction
    self.connect_db()
  File "/opt/airflow/dags/extractor.py", line 27, in connect_db
    self.db_conn = psycopg2.connect(
                   ^^^^^^^^^^^^^^^^^
  File "/home/airflow/.local/lib/python3.12/site-packages/psycopg2/__init__.py", line 122, in connect
    conn = _connect(dsn, connection_factory=connection_factory, **kwasync)
           ^^^^^^^^^^^^^^^^^^^^^^^^^^^^^^^^^^^^^^^^^^^^^^^^^^^^^^^^^^^^^^^
psycopg2.OperationalError: connection to server at "localhost" (::1), port 5432 failed: Connection refused
	Is the server running on that host and accepting TCP/IP connections?
connection to server at "localhost" (127.0.0.1), port 5432 failed: Connection refused
	Is the server running on that host and accepting TCP/IP connections?


During handling of the above exception, another exception occurred:

Traceback (most recent call last):
  File "/home/airflow/.local/lib/python3.12/site-packages/airflow/models/taskinstance.py", line 465, in _execute_task
    result = _execute_callable(context=context, **execute_callable_kwargs)
             ^^^^^^^^^^^^^^^^^^^^^^^^^^^^^^^^^^^^^^^^^^^^^^^^^^^^^^^^^^^^^
  File "/home/airflow/.local/lib/python3.12/site-packages/airflow/models/taskinstance.py", line 432, in _execute_callable
    return execute_callable(context=context, **execute_callable_kwargs)
           ^^^^^^^^^^^^^^^^^^^^^^^^^^^^^^^^^^^^^^^^^^^^^^^^^^^^^^^^^^^^
  File "/home/airflow/.local/lib/python3.12/site-packages/airflow/models/baseoperator.py", line 400, in wrapper
    return func(self, *args, **kwargs)
           ^^^^^^^^^^^^^^^^^^^^^^^^^^^
  File "/home/airflow/.local/lib/python3.12/site-packages/airflow/operators/python.py", line 235, in execute
    return_value = self.execute_callable()
                   ^^^^^^^^^^^^^^^^^^^^^^^
  File "/home/airflow/.local/lib/python3.12/site-packages/airflow/operators/python.py", line 252, in execute_callable
    return self.python_callable(*self.op_args, **self.op_kwargs)
           ^^^^^^^^^^^^^^^^^^^^^^^^^^^^^^^^^^^^^^^^^^^^^^^^^^^^^
  File "/opt/airflow/dags/extractor.py", line 255, in run_hourly_daily
    extractor.run_open_meteo_extraction('hourly')
  File "/opt/airflow/dags/extractor.py", line 220, in run_open_meteo_extraction
    with self.db_conn.cursor() as cur:
         ^^^^^^^^^^^^^^^^^^^
AttributeError: 'NoneType' object has no attribute 'cursor'
[2026-06-19T08:47:46.879+0000] {taskinstance.py:1206} INFO - Marking task as FAILED. dag_id=weather_daily_dag, task_id=extract_hourly_daily, run_id=manual__2026-06-19T08:20:15.164340+00:00, execution_date=20260619T082015, start_date=20260619T084743, end_date=20260619T084746
[2026-06-19T08:47:47.545+0000] {standard_task_runner.py:110} ERROR - Failed to execute job 34 for task extract_hourly_daily ('NoneType' object has no attribute 'cursor'; 232)
[2026-06-19T08:47:47.905+0000] {local_task_job_runner.py:240} INFO - Task exited with return code 1
[2026-06-19T08:47:48.224+0000] {taskinstance.py:3498} INFO - 0 downstream tasks scheduled from follow-on schedule check
[2026-06-19T08:47:48.315+0000] {local_task_job_runner.py:222} INFO - ::endgroup::
