[2026-06-28T09:23:36.784+0000] {local_task_job_runner.py:120} INFO - ::group::Pre task execution logs
[2026-06-28T09:23:36.887+0000] {taskinstance.py:2076} INFO - Dependencies all met for dep_context=non-requeueable deps ti=<TaskInstance: weather_daily_dag.transform_clean manual__2026-06-28T09:06:44.373093+00:00 [queued]>
[2026-06-28T09:23:36.896+0000] {taskinstance.py:2076} INFO - Dependencies all met for dep_context=requeueable deps ti=<TaskInstance: weather_daily_dag.transform_clean manual__2026-06-28T09:06:44.373093+00:00 [queued]>
[2026-06-28T09:23:36.896+0000] {taskinstance.py:2306} INFO - Starting attempt 1 of 4
[2026-06-28T09:23:36.957+0000] {taskinstance.py:2330} INFO - Executing <Task(PythonOperator): transform_clean> on 2026-06-28 09:06:44.373093+00:00
[2026-06-28T09:23:36.967+0000] {warnings.py:110} WARNING - /home/***/.local/lib/python3.12/site-packages/***/task/task_runner/standard_task_runner.py:61: DeprecationWarning: This process (pid=170) is multi-threaded, use of fork() may lead to deadlocks in the child.
  pid = os.fork()

[2026-06-28T09:23:36.969+0000] {standard_task_runner.py:63} INFO - Started process 172 to run task
[2026-06-28T09:23:36.969+0000] {standard_task_runner.py:90} INFO - Running: ['***', 'tasks', 'run', 'weather_daily_dag', 'transform_clean', 'manual__2026-06-28T09:06:44.373093+00:00', '--job-id', '52', '--raw', '--subdir', 'DAGS_FOLDER/weather_etl_dag.py', '--cfg-path', '/tmp/tmpybp1ekq0']
[2026-06-28T09:23:36.971+0000] {standard_task_runner.py:91} INFO - Job 52: Subtask transform_clean
[2026-06-28T09:23:37.015+0000] {task_command.py:426} INFO - Running <TaskInstance: weather_daily_dag.transform_clean manual__2026-06-28T09:06:44.373093+00:00 [running]> on host ef3b95b0c88e
[2026-06-28T09:23:37.093+0000] {taskinstance.py:2648} INFO - Exporting env vars: AIRFLOW_CTX_DAG_OWNER='elia' AIRFLOW_CTX_DAG_ID='weather_daily_dag' AIRFLOW_CTX_TASK_ID='transform_clean' AIRFLOW_CTX_EXECUTION_DATE='2026-06-28T09:06:44.373093+00:00' AIRFLOW_CTX_TRY_NUMBER='1' AIRFLOW_CTX_DAG_RUN_ID='manual__2026-06-28T09:06:44.373093+00:00'
[2026-06-28T09:23:37.095+0000] {taskinstance.py:430} INFO - ::endgroup::
[2026-06-28T09:23:37.174+0000] {logging_mixin.py:188} INFO - [transform] 49 entrées à traiter
[2026-06-28T09:24:08.466+0000] {logging_mixin.py:188} INFO - [transform] raw_id=26 ERREUR: duplicate key value violates unique constraint "weather_clean_location_id_variable_id_timestamp_key"
DETAIL:  Key (location_id, variable_id, "timestamp")=(8, 3, 2026-06-28 00:00:00) already exists.
[2026-06-28T09:24:08.502+0000] {logging_mixin.py:188} INFO - [transform] raw_id=28 ERREUR: duplicate key value violates unique constraint "weather_clean_location_id_variable_id_timestamp_key"
DETAIL:  Key (location_id, variable_id, "timestamp")=(9, 3, 2026-06-28 00:00:00) already exists.
[2026-06-28T09:24:08.517+0000] {logging_mixin.py:188} INFO - [transform] raw_id=30 ERREUR: duplicate key value violates unique constraint "weather_clean_location_id_variable_id_timestamp_key"
DETAIL:  Key (location_id, variable_id, "timestamp")=(10, 3, 2026-06-28 00:00:00) already exists.
[2026-06-28T09:24:19.898+0000] {logging_mixin.py:188} INFO - [transform] raw_id=39 ERREUR: duplicate key value violates unique constraint "weather_clean_location_id_variable_id_timestamp_key"
DETAIL:  Key (location_id, variable_id, "timestamp")=(18, 3, 2026-06-28 00:00:00) already exists.
[2026-06-28T09:24:19.899+0000] {logging_mixin.py:188} INFO - [transform] raw_id=40 ERREUR: duplicate key value violates unique constraint "weather_clean_location_id_variable_id_timestamp_key"
DETAIL:  Key (location_id, variable_id, "timestamp")=(19, 3, 2026-06-28 00:00:00) already exists.
[2026-06-28T09:24:19.900+0000] {logging_mixin.py:188} INFO - [transform] raw_id=41 ERREUR: duplicate key value violates unique constraint "weather_clean_location_id_variable_id_timestamp_key"
DETAIL:  Key (location_id, variable_id, "timestamp")=(20, 3, 2026-06-28 00:00:00) already exists.
[2026-06-28T09:24:19.901+0000] {logging_mixin.py:188} INFO - [transform] raw_id=42 ERREUR: duplicate key value violates unique constraint "weather_clean_location_id_variable_id_timestamp_key"
DETAIL:  Key (location_id, variable_id, "timestamp")=(21, 3, 2026-06-28 00:00:00) already exists.
[2026-06-28T09:24:19.902+0000] {logging_mixin.py:188} INFO - [transform] raw_id=43 ERREUR: duplicate key value violates unique constraint "weather_clean_location_id_variable_id_timestamp_key"
DETAIL:  Key (location_id, variable_id, "timestamp")=(22, 3, 2026-06-28 00:00:00) already exists.
[2026-06-28T09:24:19.904+0000] {logging_mixin.py:188} INFO - [transform] raw_id=44 ERREUR: duplicate key value violates unique constraint "weather_clean_location_id_variable_id_timestamp_key"
DETAIL:  Key (location_id, variable_id, "timestamp")=(1, 6, 2026-06-28 00:00:00) already exists.
[2026-06-28T09:24:19.905+0000] {logging_mixin.py:188} INFO - [transform] raw_id=45 ERREUR: duplicate key value violates unique constraint "weather_clean_location_id_variable_id_timestamp_key"
DETAIL:  Key (location_id, variable_id, "timestamp")=(2, 6, 2026-06-28 00:00:00) already exists.
[2026-06-28T09:24:19.906+0000] {logging_mixin.py:188} INFO - [transform] raw_id=46 ERREUR: duplicate key value violates unique constraint "weather_clean_location_id_variable_id_timestamp_key"
DETAIL:  Key (location_id, variable_id, "timestamp")=(3, 6, 2026-06-28 00:00:00) already exists.
[2026-06-28T09:24:19.935+0000] {python.py:237} INFO - Done. Returned value was: None
[2026-06-28T09:24:19.938+0000] {taskinstance.py:441} INFO - ::group::Post task execution logs
[2026-06-28T09:24:19.960+0000] {taskinstance.py:1206} INFO - Marking task as SUCCESS. dag_id=weather_daily_dag, task_id=transform_clean, run_id=manual__2026-06-28T09:06:44.373093+00:00, execution_date=20260628T090644, start_date=20260628T092336, end_date=20260628T092419
[2026-06-28T09:24:20.077+0000] {local_task_job_runner.py:240} INFO - Task exited with return code 0
[2026-06-28T09:24:20.148+0000] {taskinstance.py:3498} INFO - 1 downstream tasks scheduled from follow-on schedule check
[2026-06-28T09:24:20.172+0000] {local_task_job_runner.py:222} INFO - ::endgroup::
