[2026-06-28T16:13:17.663+0000] {local_task_job_runner.py:120} INFO - ::group::Pre task execution logs
[2026-06-28T16:13:17.716+0000] {taskinstance.py:2076} INFO - Dependencies all met for dep_context=non-requeueable deps ti=<TaskInstance: weather_daily_dag.transform_clean manual__2026-06-28T16:08:36.028896+00:00 [queued]>
[2026-06-28T16:13:17.733+0000] {taskinstance.py:2076} INFO - Dependencies all met for dep_context=requeueable deps ti=<TaskInstance: weather_daily_dag.transform_clean manual__2026-06-28T16:08:36.028896+00:00 [queued]>
[2026-06-28T16:13:17.733+0000] {taskinstance.py:2306} INFO - Starting attempt 1 of 4
[2026-06-28T16:13:17.762+0000] {taskinstance.py:2330} INFO - Executing <Task(PythonOperator): transform_clean> on 2026-06-28 16:08:36.028896+00:00
[2026-06-28T16:13:17.785+0000] {warnings.py:110} WARNING - /home/***/.local/lib/python3.12/site-packages/***/task/task_runner/standard_task_runner.py:61: DeprecationWarning: This process (pid=211) is multi-threaded, use of fork() may lead to deadlocks in the child.
  pid = os.fork()

[2026-06-28T16:13:17.791+0000] {standard_task_runner.py:63} INFO - Started process 215 to run task
[2026-06-28T16:13:17.790+0000] {standard_task_runner.py:90} INFO - Running: ['***', 'tasks', 'run', 'weather_daily_dag', 'transform_clean', 'manual__2026-06-28T16:08:36.028896+00:00', '--job-id', '6', '--raw', '--subdir', 'DAGS_FOLDER/weather_etl_dag.py', '--cfg-path', '/tmp/tmpo8_6g6ny']
[2026-06-28T16:13:17.795+0000] {standard_task_runner.py:91} INFO - Job 6: Subtask transform_clean
[2026-06-28T16:13:17.870+0000] {task_command.py:426} INFO - Running <TaskInstance: weather_daily_dag.transform_clean manual__2026-06-28T16:08:36.028896+00:00 [running]> on host c186915320bd
[2026-06-28T16:13:18.090+0000] {taskinstance.py:2648} INFO - Exporting env vars: AIRFLOW_CTX_DAG_OWNER='elia' AIRFLOW_CTX_DAG_ID='weather_daily_dag' AIRFLOW_CTX_TASK_ID='transform_clean' AIRFLOW_CTX_EXECUTION_DATE='2026-06-28T16:08:36.028896+00:00' AIRFLOW_CTX_TRY_NUMBER='1' AIRFLOW_CTX_DAG_RUN_ID='manual__2026-06-28T16:08:36.028896+00:00'
[2026-06-28T16:13:18.096+0000] {taskinstance.py:430} INFO - ::endgroup::
[2026-06-28T16:13:18.192+0000] {logging_mixin.py:188} INFO - [transform] 72 entrées à traiter
[2026-06-28T16:13:20.421+0000] {logging_mixin.py:188} INFO - [transform] raw_id=2 ERREUR: duplicate key value violates unique constraint "weather_clean_location_id_variable_id_timestamp_key"
DETAIL:  Key (location_id, variable_id, "timestamp")=(1, 3, 2026-06-28 00:00:00) already exists.
[2026-06-28T16:13:20.423+0000] {logging_mixin.py:188} INFO - [transform] raw_id=3 ERREUR: duplicate key value violates unique constraint "weather_clean_location_id_variable_id_timestamp_key"
DETAIL:  Key (location_id, variable_id, "timestamp")=(2, 3, 2026-06-28 00:00:00) already exists.
[2026-06-28T16:13:20.425+0000] {logging_mixin.py:188} INFO - [transform] raw_id=4 ERREUR: duplicate key value violates unique constraint "weather_clean_location_id_variable_id_timestamp_key"
DETAIL:  Key (location_id, variable_id, "timestamp")=(2, 3, 2026-06-28 00:00:00) already exists.
[2026-06-28T16:13:21.639+0000] {logging_mixin.py:188} INFO - [transform] raw_id=6 ERREUR: duplicate key value violates unique constraint "weather_clean_location_id_variable_id_timestamp_key"
DETAIL:  Key (location_id, variable_id, "timestamp")=(3, 3, 2026-06-28 00:00:00) already exists.
[2026-06-28T16:13:21.642+0000] {logging_mixin.py:188} INFO - [transform] raw_id=7 ERREUR: duplicate key value violates unique constraint "weather_clean_location_id_variable_id_timestamp_key"
DETAIL:  Key (location_id, variable_id, "timestamp")=(4, 3, 2026-06-28 00:00:00) already exists.
[2026-06-28T16:13:21.643+0000] {logging_mixin.py:188} INFO - [transform] raw_id=8 ERREUR: duplicate key value violates unique constraint "weather_clean_location_id_variable_id_timestamp_key"
DETAIL:  Key (location_id, variable_id, "timestamp")=(4, 3, 2026-06-28 00:00:00) already exists.
[2026-06-28T16:13:23.324+0000] {logging_mixin.py:188} INFO - [transform] raw_id=10 ERREUR: duplicate key value violates unique constraint "weather_clean_location_id_variable_id_timestamp_key"
DETAIL:  Key (location_id, variable_id, "timestamp")=(5, 3, 2026-06-28 00:00:00) already exists.
[2026-06-28T16:13:23.327+0000] {logging_mixin.py:188} INFO - [transform] raw_id=11 ERREUR: duplicate key value violates unique constraint "weather_clean_location_id_variable_id_timestamp_key"
DETAIL:  Key (location_id, variable_id, "timestamp")=(6, 3, 2026-06-28 00:00:00) already exists.
[2026-06-28T16:13:23.328+0000] {logging_mixin.py:188} INFO - [transform] raw_id=12 ERREUR: duplicate key value violates unique constraint "weather_clean_location_id_variable_id_timestamp_key"
DETAIL:  Key (location_id, variable_id, "timestamp")=(6, 3, 2026-06-28 00:00:00) already exists.
[2026-06-28T16:13:23.336+0000] {logging_mixin.py:188} INFO - [transform] raw_id=13 ERREUR: duplicate key value violates unique constraint "weather_clean_location_id_variable_id_timestamp_key"
DETAIL:  Key (location_id, variable_id, "timestamp")=(7, 3, 2026-06-28 00:00:00) already exists.
[2026-06-28T16:13:23.336+0000] {logging_mixin.py:188} INFO - [transform] raw_id=14 ERREUR: duplicate key value violates unique constraint "weather_clean_location_id_variable_id_timestamp_key"
DETAIL:  Key (location_id, variable_id, "timestamp")=(7, 3, 2026-06-28 00:00:00) already exists.
[2026-06-28T16:13:25.011+0000] {logging_mixin.py:188} INFO - [transform] raw_id=16 ERREUR: duplicate key value violates unique constraint "weather_clean_location_id_variable_id_timestamp_key"
DETAIL:  Key (location_id, variable_id, "timestamp")=(8, 3, 2026-06-28 00:00:00) already exists.
[2026-06-28T16:13:25.012+0000] {logging_mixin.py:188} INFO - [transform] raw_id=17 ERREUR: duplicate key value violates unique constraint "weather_clean_location_id_variable_id_timestamp_key"
DETAIL:  Key (location_id, variable_id, "timestamp")=(9, 3, 2026-06-28 00:00:00) already exists.
[2026-06-28T16:13:25.014+0000] {logging_mixin.py:188} INFO - [transform] raw_id=18 ERREUR: duplicate key value violates unique constraint "weather_clean_location_id_variable_id_timestamp_key"
DETAIL:  Key (location_id, variable_id, "timestamp")=(9, 3, 2026-06-28 00:00:00) already exists.
[2026-06-28T16:13:26.577+0000] {logging_mixin.py:188} INFO - [transform] raw_id=20 ERREUR: duplicate key value violates unique constraint "weather_clean_location_id_variable_id_timestamp_key"
DETAIL:  Key (location_id, variable_id, "timestamp")=(10, 3, 2026-06-28 00:00:00) already exists.
[2026-06-28T16:13:26.579+0000] {logging_mixin.py:188} INFO - [transform] raw_id=21 ERREUR: duplicate key value violates unique constraint "weather_clean_location_id_variable_id_timestamp_key"
DETAIL:  Key (location_id, variable_id, "timestamp")=(11, 3, 2026-06-28 00:00:00) already exists.
[2026-06-28T16:13:26.582+0000] {logging_mixin.py:188} INFO - [transform] raw_id=22 ERREUR: duplicate key value violates unique constraint "weather_clean_location_id_variable_id_timestamp_key"
DETAIL:  Key (location_id, variable_id, "timestamp")=(11, 3, 2026-06-28 00:00:00) already exists.
[2026-06-28T16:13:27.821+0000] {logging_mixin.py:188} INFO - [transform] raw_id=24 ERREUR: duplicate key value violates unique constraint "weather_clean_location_id_variable_id_timestamp_key"
DETAIL:  Key (location_id, variable_id, "timestamp")=(12, 3, 2026-06-28 00:00:00) already exists.
[2026-06-28T16:13:27.822+0000] {logging_mixin.py:188} INFO - [transform] raw_id=25 ERREUR: duplicate key value violates unique constraint "weather_clean_location_id_variable_id_timestamp_key"
DETAIL:  Key (location_id, variable_id, "timestamp")=(13, 3, 2026-06-28 00:00:00) already exists.
[2026-06-28T16:13:27.824+0000] {logging_mixin.py:188} INFO - [transform] raw_id=26 ERREUR: duplicate key value violates unique constraint "weather_clean_location_id_variable_id_timestamp_key"
DETAIL:  Key (location_id, variable_id, "timestamp")=(13, 3, 2026-06-28 00:00:00) already exists.
[2026-06-28T16:13:28.986+0000] {logging_mixin.py:188} INFO - [transform] raw_id=28 ERREUR: duplicate key value violates unique constraint "weather_clean_location_id_variable_id_timestamp_key"
DETAIL:  Key (location_id, variable_id, "timestamp")=(18, 3, 2026-06-28 00:00:00) already exists.
[2026-06-28T16:13:28.987+0000] {logging_mixin.py:188} INFO - [transform] raw_id=29 ERREUR: duplicate key value violates unique constraint "weather_clean_location_id_variable_id_timestamp_key"
DETAIL:  Key (location_id, variable_id, "timestamp")=(19, 3, 2026-06-28 00:00:00) already exists.
[2026-06-28T16:13:28.988+0000] {logging_mixin.py:188} INFO - [transform] raw_id=30 ERREUR: duplicate key value violates unique constraint "weather_clean_location_id_variable_id_timestamp_key"
DETAIL:  Key (location_id, variable_id, "timestamp")=(19, 3, 2026-06-28 00:00:00) already exists.
[2026-06-28T16:13:30.553+0000] {logging_mixin.py:188} INFO - [transform] raw_id=32 ERREUR: duplicate key value violates unique constraint "weather_clean_location_id_variable_id_timestamp_key"
DETAIL:  Key (location_id, variable_id, "timestamp")=(20, 3, 2026-06-28 00:00:00) already exists.
[2026-06-28T16:13:30.554+0000] {logging_mixin.py:188} INFO - [transform] raw_id=33 ERREUR: duplicate key value violates unique constraint "weather_clean_location_id_variable_id_timestamp_key"
DETAIL:  Key (location_id, variable_id, "timestamp")=(21, 3, 2026-06-28 00:00:00) already exists.
[2026-06-28T16:13:30.555+0000] {logging_mixin.py:188} INFO - [transform] raw_id=34 ERREUR: duplicate key value violates unique constraint "weather_clean_location_id_variable_id_timestamp_key"
DETAIL:  Key (location_id, variable_id, "timestamp")=(21, 3, 2026-06-28 00:00:00) already exists.
[2026-06-28T16:13:31.790+0000] {logging_mixin.py:188} INFO - [transform] raw_id=36 ERREUR: duplicate key value violates unique constraint "weather_clean_location_id_variable_id_timestamp_key"
DETAIL:  Key (location_id, variable_id, "timestamp")=(22, 3, 2026-06-28 00:00:00) already exists.
[2026-06-28T16:13:31.791+0000] {logging_mixin.py:188} INFO - [transform] raw_id=37 ERREUR: duplicate key value violates unique constraint "weather_clean_location_id_variable_id_timestamp_key"
DETAIL:  Key (location_id, variable_id, "timestamp")=(1, 6, 2026-06-28 00:00:00) already exists.
[2026-06-28T16:13:31.792+0000] {logging_mixin.py:188} INFO - [transform] raw_id=38 ERREUR: duplicate key value violates unique constraint "weather_clean_location_id_variable_id_timestamp_key"
DETAIL:  Key (location_id, variable_id, "timestamp")=(1, 6, 2026-06-28 00:00:00) already exists.
[2026-06-28T16:13:31.793+0000] {logging_mixin.py:188} INFO - [transform] raw_id=39 ERREUR: duplicate key value violates unique constraint "weather_clean_location_id_variable_id_timestamp_key"
DETAIL:  Key (location_id, variable_id, "timestamp")=(2, 6, 2026-06-28 00:00:00) already exists.
[2026-06-28T16:13:31.794+0000] {logging_mixin.py:188} INFO - [transform] raw_id=40 ERREUR: duplicate key value violates unique constraint "weather_clean_location_id_variable_id_timestamp_key"
DETAIL:  Key (location_id, variable_id, "timestamp")=(2, 6, 2026-06-28 00:00:00) already exists.
[2026-06-28T16:13:31.794+0000] {logging_mixin.py:188} INFO - [transform] raw_id=41 ERREUR: duplicate key value violates unique constraint "weather_clean_location_id_variable_id_timestamp_key"
DETAIL:  Key (location_id, variable_id, "timestamp")=(3, 6, 2026-06-28 00:00:00) already exists.
[2026-06-28T16:13:31.796+0000] {logging_mixin.py:188} INFO - [transform] raw_id=42 ERREUR: duplicate key value violates unique constraint "weather_clean_location_id_variable_id_timestamp_key"
DETAIL:  Key (location_id, variable_id, "timestamp")=(3, 6, 2026-06-28 00:00:00) already exists.
[2026-06-28T16:13:31.797+0000] {logging_mixin.py:188} INFO - [transform] raw_id=43 ERREUR: duplicate key value violates unique constraint "weather_clean_location_id_variable_id_timestamp_key"
DETAIL:  Key (location_id, variable_id, "timestamp")=(4, 6, 2026-06-28 00:00:00) already exists.
[2026-06-28T16:13:31.797+0000] {logging_mixin.py:188} INFO - [transform] raw_id=44 ERREUR: duplicate key value violates unique constraint "weather_clean_location_id_variable_id_timestamp_key"
DETAIL:  Key (location_id, variable_id, "timestamp")=(4, 6, 2026-06-28 00:00:00) already exists.
[2026-06-28T16:13:31.798+0000] {logging_mixin.py:188} INFO - [transform] raw_id=45 ERREUR: duplicate key value violates unique constraint "weather_clean_location_id_variable_id_timestamp_key"
DETAIL:  Key (location_id, variable_id, "timestamp")=(5, 6, 2026-06-28 00:00:00) already exists.
[2026-06-28T16:13:31.799+0000] {logging_mixin.py:188} INFO - [transform] raw_id=46 ERREUR: duplicate key value violates unique constraint "weather_clean_location_id_variable_id_timestamp_key"
DETAIL:  Key (location_id, variable_id, "timestamp")=(5, 6, 2026-06-28 00:00:00) already exists.
[2026-06-28T16:13:31.800+0000] {logging_mixin.py:188} INFO - [transform] raw_id=47 ERREUR: duplicate key value violates unique constraint "weather_clean_location_id_variable_id_timestamp_key"
DETAIL:  Key (location_id, variable_id, "timestamp")=(6, 6, 2026-06-28 00:00:00) already exists.
[2026-06-28T16:13:31.801+0000] {logging_mixin.py:188} INFO - [transform] raw_id=48 ERREUR: duplicate key value violates unique constraint "weather_clean_location_id_variable_id_timestamp_key"
DETAIL:  Key (location_id, variable_id, "timestamp")=(6, 6, 2026-06-28 00:00:00) already exists.
[2026-06-28T16:13:31.802+0000] {logging_mixin.py:188} INFO - [transform] raw_id=49 ERREUR: duplicate key value violates unique constraint "weather_clean_location_id_variable_id_timestamp_key"
DETAIL:  Key (location_id, variable_id, "timestamp")=(7, 6, 2026-06-28 00:00:00) already exists.
[2026-06-28T16:13:31.802+0000] {logging_mixin.py:188} INFO - [transform] raw_id=50 ERREUR: duplicate key value violates unique constraint "weather_clean_location_id_variable_id_timestamp_key"
DETAIL:  Key (location_id, variable_id, "timestamp")=(7, 6, 2026-06-28 00:00:00) already exists.
[2026-06-28T16:13:31.803+0000] {logging_mixin.py:188} INFO - [transform] raw_id=51 ERREUR: duplicate key value violates unique constraint "weather_clean_location_id_variable_id_timestamp_key"
DETAIL:  Key (location_id, variable_id, "timestamp")=(8, 6, 2026-06-28 00:00:00) already exists.
[2026-06-28T16:13:31.804+0000] {logging_mixin.py:188} INFO - [transform] raw_id=52 ERREUR: duplicate key value violates unique constraint "weather_clean_location_id_variable_id_timestamp_key"
DETAIL:  Key (location_id, variable_id, "timestamp")=(8, 6, 2026-06-28 00:00:00) already exists.
[2026-06-28T16:13:31.805+0000] {logging_mixin.py:188} INFO - [transform] raw_id=53 ERREUR: duplicate key value violates unique constraint "weather_clean_location_id_variable_id_timestamp_key"
DETAIL:  Key (location_id, variable_id, "timestamp")=(13, 6, 2026-06-28 00:00:00) already exists.
[2026-06-28T16:13:31.806+0000] {logging_mixin.py:188} INFO - [transform] raw_id=54 ERREUR: duplicate key value violates unique constraint "weather_clean_location_id_variable_id_timestamp_key"
DETAIL:  Key (location_id, variable_id, "timestamp")=(13, 6, 2026-06-28 00:00:00) already exists.
[2026-06-28T16:13:31.807+0000] {logging_mixin.py:188} INFO - [transform] raw_id=55 ERREUR: duplicate key value violates unique constraint "weather_clean_location_id_variable_id_timestamp_key"
DETAIL:  Key (location_id, variable_id, "timestamp")=(14, 6, 2026-06-28 00:00:00) already exists.
[2026-06-28T16:13:31.808+0000] {logging_mixin.py:188} INFO - [transform] raw_id=56 ERREUR: duplicate key value violates unique constraint "weather_clean_location_id_variable_id_timestamp_key"
DETAIL:  Key (location_id, variable_id, "timestamp")=(14, 6, 2026-06-28 00:00:00) already exists.
[2026-06-28T16:13:31.809+0000] {logging_mixin.py:188} INFO - [transform] raw_id=57 ERREUR: duplicate key value violates unique constraint "weather_clean_location_id_variable_id_timestamp_key"
DETAIL:  Key (location_id, variable_id, "timestamp")=(15, 6, 2026-06-28 00:00:00) already exists.
[2026-06-28T16:13:31.810+0000] {logging_mixin.py:188} INFO - [transform] raw_id=58 ERREUR: duplicate key value violates unique constraint "weather_clean_location_id_variable_id_timestamp_key"
DETAIL:  Key (location_id, variable_id, "timestamp")=(15, 6, 2026-06-28 00:00:00) already exists.
[2026-06-28T16:13:31.812+0000] {logging_mixin.py:188} INFO - [transform] raw_id=59 ERREUR: duplicate key value violates unique constraint "weather_clean_location_id_variable_id_timestamp_key"
DETAIL:  Key (location_id, variable_id, "timestamp")=(16, 6, 2026-06-28 00:00:00) already exists.
[2026-06-28T16:13:31.814+0000] {logging_mixin.py:188} INFO - [transform] raw_id=60 ERREUR: duplicate key value violates unique constraint "weather_clean_location_id_variable_id_timestamp_key"
DETAIL:  Key (location_id, variable_id, "timestamp")=(16, 6, 2026-06-28 00:00:00) already exists.
[2026-06-28T16:13:31.815+0000] {logging_mixin.py:188} INFO - [transform] raw_id=61 ERREUR: duplicate key value violates unique constraint "weather_clean_location_id_variable_id_timestamp_key"
DETAIL:  Key (location_id, variable_id, "timestamp")=(17, 6, 2026-06-28 00:00:00) already exists.
[2026-06-28T16:13:31.815+0000] {logging_mixin.py:188} INFO - [transform] raw_id=62 ERREUR: duplicate key value violates unique constraint "weather_clean_location_id_variable_id_timestamp_key"
DETAIL:  Key (location_id, variable_id, "timestamp")=(17, 6, 2026-06-28 00:00:00) already exists.
[2026-06-28T16:13:31.817+0000] {logging_mixin.py:188} INFO - [transform] raw_id=63 ERREUR: duplicate key value violates unique constraint "weather_clean_location_id_variable_id_timestamp_key"
DETAIL:  Key (location_id, variable_id, "timestamp")=(18, 6, 2026-06-28 00:00:00) already exists.
[2026-06-28T16:13:31.818+0000] {logging_mixin.py:188} INFO - [transform] raw_id=64 ERREUR: duplicate key value violates unique constraint "weather_clean_location_id_variable_id_timestamp_key"
DETAIL:  Key (location_id, variable_id, "timestamp")=(18, 6, 2026-06-28 00:00:00) already exists.
[2026-06-28T16:13:31.819+0000] {logging_mixin.py:188} INFO - [transform] raw_id=65 ERREUR: duplicate key value violates unique constraint "weather_clean_location_id_variable_id_timestamp_key"
DETAIL:  Key (location_id, variable_id, "timestamp")=(19, 6, 2026-06-28 00:00:00) already exists.
[2026-06-28T16:13:31.820+0000] {logging_mixin.py:188} INFO - [transform] raw_id=66 ERREUR: duplicate key value violates unique constraint "weather_clean_location_id_variable_id_timestamp_key"
DETAIL:  Key (location_id, variable_id, "timestamp")=(19, 6, 2026-06-28 00:00:00) already exists.
[2026-06-28T16:13:31.822+0000] {logging_mixin.py:188} INFO - [transform] raw_id=67 ERREUR: duplicate key value violates unique constraint "weather_clean_location_id_variable_id_timestamp_key"
DETAIL:  Key (location_id, variable_id, "timestamp")=(20, 6, 2026-06-28 00:00:00) already exists.
[2026-06-28T16:13:31.823+0000] {logging_mixin.py:188} INFO - [transform] raw_id=68 ERREUR: duplicate key value violates unique constraint "weather_clean_location_id_variable_id_timestamp_key"
DETAIL:  Key (location_id, variable_id, "timestamp")=(20, 6, 2026-06-28 00:00:00) already exists.
[2026-06-28T16:13:31.823+0000] {logging_mixin.py:188} INFO - [transform] raw_id=69 ERREUR: duplicate key value violates unique constraint "weather_clean_location_id_variable_id_timestamp_key"
DETAIL:  Key (location_id, variable_id, "timestamp")=(21, 6, 2026-06-28 00:00:00) already exists.
[2026-06-28T16:13:31.824+0000] {logging_mixin.py:188} INFO - [transform] raw_id=70 ERREUR: duplicate key value violates unique constraint "weather_clean_location_id_variable_id_timestamp_key"
DETAIL:  Key (location_id, variable_id, "timestamp")=(21, 6, 2026-06-28 00:00:00) already exists.
[2026-06-28T16:13:31.825+0000] {logging_mixin.py:188} INFO - [transform] raw_id=71 ERREUR: duplicate key value violates unique constraint "weather_clean_location_id_variable_id_timestamp_key"
DETAIL:  Key (location_id, variable_id, "timestamp")=(22, 6, 2026-06-28 00:00:00) already exists.
[2026-06-28T16:13:31.825+0000] {logging_mixin.py:188} INFO - [transform] raw_id=72 ERREUR: duplicate key value violates unique constraint "weather_clean_location_id_variable_id_timestamp_key"
DETAIL:  Key (location_id, variable_id, "timestamp")=(22, 6, 2026-06-28 00:00:00) already exists.
[2026-06-28T16:13:31.829+0000] {python.py:237} INFO - Done. Returned value was: None
[2026-06-28T16:13:31.829+0000] {taskinstance.py:441} INFO - ::group::Post task execution logs
[2026-06-28T16:13:31.841+0000] {taskinstance.py:1206} INFO - Marking task as SUCCESS. dag_id=weather_daily_dag, task_id=transform_clean, run_id=manual__2026-06-28T16:08:36.028896+00:00, execution_date=20260628T160836, start_date=20260628T161317, end_date=20260628T161331
[2026-06-28T16:13:31.902+0000] {local_task_job_runner.py:240} INFO - Task exited with return code 0
[2026-06-28T16:13:31.935+0000] {taskinstance.py:3498} INFO - 1 downstream tasks scheduled from follow-on schedule check
[2026-06-28T16:13:31.939+0000] {local_task_job_runner.py:222} INFO - ::endgroup::
