[2026-06-29T11:03:54.508+0000] {local_task_job_runner.py:120} INFO - ::group::Pre task execution logs
[2026-06-29T11:03:54.627+0000] {taskinstance.py:2076} INFO - Dependencies all met for dep_context=non-requeueable deps ti=<TaskInstance: weather_daily_dag.extract_hourly_daily manual__2026-06-29T11:03:47.460407+00:00 [queued]>
[2026-06-29T11:03:54.661+0000] {taskinstance.py:2076} INFO - Dependencies all met for dep_context=requeueable deps ti=<TaskInstance: weather_daily_dag.extract_hourly_daily manual__2026-06-29T11:03:47.460407+00:00 [queued]>
[2026-06-29T11:03:54.663+0000] {taskinstance.py:2306} INFO - Starting attempt 1 of 4
[2026-06-29T11:03:54.714+0000] {taskinstance.py:2330} INFO - Executing <Task(PythonOperator): extract_hourly_daily> on 2026-06-29 11:03:47.460407+00:00
[2026-06-29T11:03:54.752+0000] {warnings.py:110} WARNING - /home/***/.local/lib/python3.12/site-packages/***/task/task_runner/standard_task_runner.py:61: DeprecationWarning: This process (pid=116) is multi-threaded, use of fork() may lead to deadlocks in the child.
  pid = os.fork()

[2026-06-29T11:03:54.762+0000] {standard_task_runner.py:63} INFO - Started process 120 to run task
[2026-06-29T11:03:54.762+0000] {standard_task_runner.py:90} INFO - Running: ['***', 'tasks', 'run', 'weather_daily_dag', 'extract_hourly_daily', 'manual__2026-06-29T11:03:47.460407+00:00', '--job-id', '4', '--raw', '--subdir', 'DAGS_FOLDER/weather_etl_dag.py', '--cfg-path', '/tmp/tmp9oqpyvj7']
[2026-06-29T11:03:54.770+0000] {standard_task_runner.py:91} INFO - Job 4: Subtask extract_hourly_daily
[2026-06-29T11:03:54.876+0000] {task_command.py:426} INFO - Running <TaskInstance: weather_daily_dag.extract_hourly_daily manual__2026-06-29T11:03:47.460407+00:00 [running]> on host 19e056e589ad
[2026-06-29T11:03:55.087+0000] {taskinstance.py:2648} INFO - Exporting env vars: AIRFLOW_CTX_DAG_OWNER='elia' AIRFLOW_CTX_DAG_ID='weather_daily_dag' AIRFLOW_CTX_TASK_ID='extract_hourly_daily' AIRFLOW_CTX_EXECUTION_DATE='2026-06-29T11:03:47.460407+00:00' AIRFLOW_CTX_TRY_NUMBER='1' AIRFLOW_CTX_DAG_RUN_ID='manual__2026-06-29T11:03:47.460407+00:00'
[2026-06-29T11:03:55.092+0000] {taskinstance.py:430} INFO - ::endgroup::
[2026-06-29T11:03:55.093+0000] {extractor.py:191} INFO - Début de l'extraction Open-Meteo (hourly)
[2026-06-29T11:03:55.102+0000] {extractor.py:196} INFO - 22 stations à traiter
[2026-06-29T11:03:55.113+0000] {extractor.py:201} INFO - [hourly] Traitement de  Antananarivo (-18.87920000, 47.50790000)
[2026-06-29T11:03:56.014+0000] {extractor.py:99} INFO - weather_raw sauvegardé pour location 1 (hourly)
[2026-06-29T11:03:56.017+0000] {extractor.py:201} INFO - [hourly] Traitement de  Antsirabe (-19.86560000, 47.03330000)
[2026-06-29T11:03:56.652+0000] {extractor.py:99} INFO - weather_raw sauvegardé pour location 2 (hourly)
[2026-06-29T11:03:56.652+0000] {extractor.py:201} INFO - [hourly] Traitement de  Miarinarivo (-18.87410000, 46.26060000)
[2026-06-29T11:03:57.367+0000] {extractor.py:99} INFO - weather_raw sauvegardé pour location 3 (hourly)
[2026-06-29T11:03:57.367+0000] {extractor.py:201} INFO - [hourly] Traitement de  Tsiroanomandidy (-18.76670000, 46.03330000)
[2026-06-29T11:03:58.031+0000] {extractor.py:99} INFO - weather_raw sauvegardé pour location 4 (hourly)
[2026-06-29T11:03:58.031+0000] {extractor.py:201} INFO - [hourly] Traitement de  Fianarantsoa (-21.45280000, 47.08550000)
[2026-06-29T11:03:58.817+0000] {extractor.py:99} INFO - weather_raw sauvegardé pour location 5 (hourly)
[2026-06-29T11:03:58.818+0000] {extractor.py:201} INFO - [hourly] Traitement de  Ambositra (-20.52500000, 47.22660000)
[2026-06-29T11:03:59.334+0000] {extractor.py:99} INFO - weather_raw sauvegardé pour location 6 (hourly)
[2026-06-29T11:03:59.335+0000] {extractor.py:201} INFO - [hourly] Traitement de  Fenoarivo (-18.86670000, 48.46670000)
[2026-06-29T11:03:59.900+0000] {extractor.py:99} INFO - weather_raw sauvegardé pour location 7 (hourly)
[2026-06-29T11:03:59.901+0000] {extractor.py:201} INFO - [hourly] Traitement de  Farafangana (-21.77360000, 47.83190000)
[2026-06-29T11:04:00.524+0000] {extractor.py:99} INFO - weather_raw sauvegardé pour location 8 (hourly)
[2026-06-29T11:04:00.524+0000] {extractor.py:201} INFO - [hourly] Traitement de  Manakara (-21.78330000, 48.01670000)
[2026-06-29T11:04:01.033+0000] {extractor.py:99} INFO - weather_raw sauvegardé pour location 9 (hourly)
[2026-06-29T11:04:01.033+0000] {extractor.py:201} INFO - [hourly] Traitement de  Toamasina (-18.14920000, 49.40230000)
[2026-06-29T11:04:01.822+0000] {extractor.py:99} INFO - weather_raw sauvegardé pour location 10 (hourly)
[2026-06-29T11:04:01.822+0000] {extractor.py:201} INFO - [hourly] Traitement de  Fenoarivo Anj (-17.41670000, 49.16670000)
[2026-06-29T11:04:32.023+0000] {extractor.py:85} ERROR - Erreur API Open-Meteo (hourly): HTTPSConnectionPool(host='api.open-meteo.com', port=443): Read timed out. (read timeout=30)
[2026-06-29T11:04:32.023+0000] {extractor.py:201} INFO - [hourly] Traitement de  Ambatondrazaka (-17.83330000, 48.41670000)
[2026-06-29T11:05:02.388+0000] {extractor.py:85} ERROR - Erreur API Open-Meteo (hourly): HTTPSConnectionPool(host='api.open-meteo.com', port=443): Read timed out. (read timeout=30)
[2026-06-29T11:05:02.388+0000] {extractor.py:201} INFO - [hourly] Traitement de  Mahajanga (-15.71670000, 46.31670000)
[2026-06-29T11:05:32.583+0000] {extractor.py:85} ERROR - Erreur API Open-Meteo (hourly): HTTPSConnectionPool(host='api.open-meteo.com', port=443): Read timed out. (read timeout=30)
[2026-06-29T11:05:32.584+0000] {extractor.py:201} INFO - [hourly] Traitement de  Antsohihy (-14.86670000, 48.76670000)
[2026-06-29T11:06:02.866+0000] {extractor.py:85} ERROR - Erreur API Open-Meteo (hourly): HTTPSConnectionPool(host='api.open-meteo.com', port=443): Read timed out. (read timeout=30)
[2026-06-29T11:06:02.866+0000] {extractor.py:201} INFO - [hourly] Traitement de  Maevatanana (-16.38330000, 46.83330000)
[2026-06-29T11:06:03.434+0000] {extractor.py:99} INFO - weather_raw sauvegardé pour location 15 (hourly)
[2026-06-29T11:06:03.435+0000] {extractor.py:201} INFO - [hourly] Traitement de  Melaky (-16.99360000, 44.71390000)
[2026-06-29T11:06:03.998+0000] {extractor.py:99} INFO - weather_raw sauvegardé pour location 16 (hourly)
[2026-06-29T11:06:03.999+0000] {extractor.py:201} INFO - [hourly] Traitement de  Toliara (-23.35140000, 43.66670000)
[2026-06-29T11:06:04.735+0000] {extractor.py:99} INFO - weather_raw sauvegardé pour location 17 (hourly)
[2026-06-29T11:06:04.736+0000] {extractor.py:201} INFO - [hourly] Traitement de  Ambovombe (-25.16670000, 46.11670000)
[2026-06-29T11:06:05.327+0000] {extractor.py:99} INFO - weather_raw sauvegardé pour location 18 (hourly)
[2026-06-29T11:06:05.328+0000] {extractor.py:201} INFO - [hourly] Traitement de  Tolanaro (-25.03000000, 46.98000000)
[2026-06-29T11:06:05.898+0000] {extractor.py:99} INFO - weather_raw sauvegardé pour location 19 (hourly)
[2026-06-29T11:06:05.899+0000] {extractor.py:201} INFO - [hourly] Traitement de  Morondava (-20.28410000, 44.31610000)
[2026-06-29T11:06:06.488+0000] {extractor.py:99} INFO - weather_raw sauvegardé pour location 20 (hourly)
[2026-06-29T11:06:06.488+0000] {extractor.py:201} INFO - [hourly] Traitement de  Antsiranana (-12.26280000, 49.28610000)
[2026-06-29T11:06:07.088+0000] {extractor.py:99} INFO - weather_raw sauvegardé pour location 21 (hourly)
[2026-06-29T11:06:07.088+0000] {extractor.py:201} INFO - [hourly] Traitement de  Sambava (-14.26670000, 50.16670000)
[2026-06-29T11:06:07.676+0000] {extractor.py:99} INFO - weather_raw sauvegardé pour location 22 (hourly)
[2026-06-29T11:06:07.677+0000] {extractor.py:208} INFO - Extraction hourly terminée: 18/22 succès
[2026-06-29T11:06:07.678+0000] {extractor.py:191} INFO - Début de l'extraction Open-Meteo (daily)
[2026-06-29T11:06:07.683+0000] {extractor.py:196} INFO - 22 stations à traiter
[2026-06-29T11:06:07.683+0000] {extractor.py:201} INFO - [daily] Traitement de  Antananarivo (-18.87920000, 47.50790000)
[2026-06-29T11:06:08.225+0000] {extractor.py:99} INFO - weather_raw sauvegardé pour location 1 (daily)
[2026-06-29T11:06:08.225+0000] {extractor.py:201} INFO - [daily] Traitement de  Antsirabe (-19.86560000, 47.03330000)
[2026-06-29T11:06:08.823+0000] {extractor.py:99} INFO - weather_raw sauvegardé pour location 2 (daily)
[2026-06-29T11:06:08.823+0000] {extractor.py:201} INFO - [daily] Traitement de  Miarinarivo (-18.87410000, 46.26060000)
[2026-06-29T11:06:09.357+0000] {extractor.py:99} INFO - weather_raw sauvegardé pour location 3 (daily)
[2026-06-29T11:06:09.357+0000] {extractor.py:201} INFO - [daily] Traitement de  Tsiroanomandidy (-18.76670000, 46.03330000)
[2026-06-29T11:06:39.577+0000] {extractor.py:85} ERROR - Erreur API Open-Meteo (daily): HTTPSConnectionPool(host='api.open-meteo.com', port=443): Read timed out. (read timeout=30)
[2026-06-29T11:06:39.577+0000] {extractor.py:201} INFO - [daily] Traitement de  Fianarantsoa (-21.45280000, 47.08550000)
[2026-06-29T11:07:09.785+0000] {extractor.py:85} ERROR - Erreur API Open-Meteo (daily): HTTPSConnectionPool(host='api.open-meteo.com', port=443): Read timed out. (read timeout=30)
[2026-06-29T11:07:09.787+0000] {extractor.py:201} INFO - [daily] Traitement de  Ambositra (-20.52500000, 47.22660000)
[2026-06-29T11:07:40.141+0000] {extractor.py:85} ERROR - Erreur API Open-Meteo (daily): HTTPSConnectionPool(host='api.open-meteo.com', port=443): Read timed out. (read timeout=30)
[2026-06-29T11:07:40.142+0000] {extractor.py:201} INFO - [daily] Traitement de  Fenoarivo (-18.86670000, 48.46670000)
[2026-06-29T11:08:10.399+0000] {extractor.py:85} ERROR - Erreur API Open-Meteo (daily): HTTPSConnectionPool(host='api.open-meteo.com', port=443): Read timed out. (read timeout=30)
[2026-06-29T11:08:10.402+0000] {extractor.py:201} INFO - [daily] Traitement de  Farafangana (-21.77360000, 47.83190000)
[2026-06-29T11:08:10.960+0000] {extractor.py:99} INFO - weather_raw sauvegardé pour location 8 (daily)
[2026-06-29T11:08:10.960+0000] {extractor.py:201} INFO - [daily] Traitement de  Manakara (-21.78330000, 48.01670000)
[2026-06-29T11:08:11.549+0000] {extractor.py:99} INFO - weather_raw sauvegardé pour location 9 (daily)
[2026-06-29T11:08:11.549+0000] {extractor.py:201} INFO - [daily] Traitement de  Toamasina (-18.14920000, 49.40230000)
[2026-06-29T11:08:12.150+0000] {extractor.py:99} INFO - weather_raw sauvegardé pour location 10 (daily)
[2026-06-29T11:08:12.151+0000] {extractor.py:201} INFO - [daily] Traitement de  Fenoarivo Anj (-17.41670000, 49.16670000)
[2026-06-29T11:08:12.746+0000] {extractor.py:99} INFO - weather_raw sauvegardé pour location 11 (daily)
[2026-06-29T11:08:12.747+0000] {extractor.py:201} INFO - [daily] Traitement de  Ambatondrazaka (-17.83330000, 48.41670000)
[2026-06-29T11:08:13.279+0000] {extractor.py:99} INFO - weather_raw sauvegardé pour location 12 (daily)
[2026-06-29T11:08:13.279+0000] {extractor.py:201} INFO - [daily] Traitement de  Mahajanga (-15.71670000, 46.31670000)
[2026-06-29T11:08:13.883+0000] {extractor.py:99} INFO - weather_raw sauvegardé pour location 13 (daily)
[2026-06-29T11:08:13.884+0000] {extractor.py:201} INFO - [daily] Traitement de  Antsohihy (-14.86670000, 48.76670000)
[2026-06-29T11:08:14.422+0000] {extractor.py:99} INFO - weather_raw sauvegardé pour location 14 (daily)
[2026-06-29T11:08:14.423+0000] {extractor.py:201} INFO - [daily] Traitement de  Maevatanana (-16.38330000, 46.83330000)
[2026-06-29T11:08:15.027+0000] {extractor.py:99} INFO - weather_raw sauvegardé pour location 15 (daily)
[2026-06-29T11:08:15.028+0000] {extractor.py:201} INFO - [daily] Traitement de  Melaky (-16.99360000, 44.71390000)
[2026-06-29T11:08:15.570+0000] {extractor.py:99} INFO - weather_raw sauvegardé pour location 16 (daily)
[2026-06-29T11:08:15.572+0000] {extractor.py:201} INFO - [daily] Traitement de  Toliara (-23.35140000, 43.66670000)
[2026-06-29T11:08:16.139+0000] {extractor.py:99} INFO - weather_raw sauvegardé pour location 17 (daily)
[2026-06-29T11:08:16.140+0000] {extractor.py:201} INFO - [daily] Traitement de  Ambovombe (-25.16670000, 46.11670000)
[2026-06-29T11:08:16.707+0000] {extractor.py:99} INFO - weather_raw sauvegardé pour location 18 (daily)
[2026-06-29T11:08:16.708+0000] {extractor.py:201} INFO - [daily] Traitement de  Tolanaro (-25.03000000, 46.98000000)
[2026-06-29T11:08:46.893+0000] {extractor.py:85} ERROR - Erreur API Open-Meteo (daily): HTTPSConnectionPool(host='api.open-meteo.com', port=443): Read timed out. (read timeout=30)
[2026-06-29T11:08:46.894+0000] {extractor.py:201} INFO - [daily] Traitement de  Morondava (-20.28410000, 44.31610000)
[2026-06-29T11:09:17.142+0000] {extractor.py:85} ERROR - Erreur API Open-Meteo (daily): HTTPSConnectionPool(host='api.open-meteo.com', port=443): Read timed out. (read timeout=30)
[2026-06-29T11:09:17.143+0000] {extractor.py:201} INFO - [daily] Traitement de  Antsiranana (-12.26280000, 49.28610000)
[2026-06-29T11:09:47.386+0000] {extractor.py:85} ERROR - Erreur API Open-Meteo (daily): HTTPSConnectionPool(host='api.open-meteo.com', port=443): Read timed out. (read timeout=30)
[2026-06-29T11:09:47.386+0000] {extractor.py:201} INFO - [daily] Traitement de  Sambava (-14.26670000, 50.16670000)
[2026-06-29T11:10:17.676+0000] {extractor.py:85} ERROR - Erreur API Open-Meteo (daily): HTTPSConnectionPool(host='api.open-meteo.com', port=443): Read timed out. (read timeout=30)
[2026-06-29T11:10:17.678+0000] {extractor.py:208} INFO - Extraction daily terminée: 14/22 succès
[2026-06-29T11:10:17.684+0000] {python.py:237} INFO - Done. Returned value was: None
[2026-06-29T11:10:17.686+0000] {taskinstance.py:441} INFO - ::group::Post task execution logs
[2026-06-29T11:10:17.709+0000] {taskinstance.py:1206} INFO - Marking task as SUCCESS. dag_id=weather_daily_dag, task_id=extract_hourly_daily, run_id=manual__2026-06-29T11:03:47.460407+00:00, execution_date=20260629T110347, start_date=20260629T110354, end_date=20260629T111017
[2026-06-29T11:10:17.770+0000] {local_task_job_runner.py:240} INFO - Task exited with return code 0
[2026-06-29T11:10:17.808+0000] {taskinstance.py:3498} INFO - 1 downstream tasks scheduled from follow-on schedule check
[2026-06-29T11:10:17.810+0000] {local_task_job_runner.py:222} INFO - ::endgroup::
