[2026-06-28T09:30:39.463+0000] {local_task_job_runner.py:120} INFO - ::group::Pre task execution logs
[2026-06-28T09:30:39.610+0000] {taskinstance.py:2076} INFO - Dependencies all met for dep_context=non-requeueable deps ti=<TaskInstance: weather_daily_dag.transform_clean manual__2026-06-28T09:21:04+00:00 [queued]>
[2026-06-28T09:30:39.619+0000] {taskinstance.py:2076} INFO - Dependencies all met for dep_context=requeueable deps ti=<TaskInstance: weather_daily_dag.transform_clean manual__2026-06-28T09:21:04+00:00 [queued]>
[2026-06-28T09:30:39.620+0000] {taskinstance.py:2306} INFO - Starting attempt 1 of 4
[2026-06-28T09:30:39.636+0000] {taskinstance.py:2330} INFO - Executing <Task(PythonOperator): transform_clean> on 2026-06-28 09:21:04+00:00
[2026-06-28T09:30:39.656+0000] {warnings.py:110} WARNING - /home/***/.local/lib/python3.12/site-packages/***/task/task_runner/standard_task_runner.py:61: DeprecationWarning: This process (pid=263) is multi-threaded, use of fork() may lead to deadlocks in the child.
  pid = os.fork()

[2026-06-28T09:30:39.659+0000] {standard_task_runner.py:63} INFO - Started process 265 to run task
[2026-06-28T09:30:39.657+0000] {standard_task_runner.py:90} INFO - Running: ['***', 'tasks', 'run', 'weather_daily_dag', 'transform_clean', 'manual__2026-06-28T09:21:04+00:00', '--job-id', '60', '--raw', '--subdir', 'DAGS_FOLDER/weather_etl_dag.py', '--cfg-path', '/tmp/tmp7nm9wbd3']
[2026-06-28T09:30:39.660+0000] {standard_task_runner.py:91} INFO - Job 60: Subtask transform_clean
[2026-06-28T09:30:39.722+0000] {task_command.py:426} INFO - Running <TaskInstance: weather_daily_dag.transform_clean manual__2026-06-28T09:21:04+00:00 [running]> on host ef3b95b0c88e
[2026-06-28T09:30:39.871+0000] {taskinstance.py:2648} INFO - Exporting env vars: AIRFLOW_CTX_DAG_OWNER='elia' AIRFLOW_CTX_DAG_ID='weather_daily_dag' AIRFLOW_CTX_TASK_ID='transform_clean' AIRFLOW_CTX_EXECUTION_DATE='2026-06-28T09:21:04+00:00' AIRFLOW_CTX_TRY_NUMBER='1' AIRFLOW_CTX_DAG_RUN_ID='manual__2026-06-28T09:21:04+00:00'
[2026-06-28T09:30:39.876+0000] {taskinstance.py:430} INFO - ::endgroup::
[2026-06-28T09:30:39.908+0000] {logging_mixin.py:188} INFO - [transform] 42 entrées à traiter
[2026-06-28T09:30:39.912+0000] {logging_mixin.py:188} INFO - [transform] raw_id=26 ERREUR: duplicate key value violates unique constraint "weather_clean_location_id_variable_id_timestamp_key"
DETAIL:  Key (location_id, variable_id, "timestamp")=(8, 3, 2026-06-28 00:00:00) already exists.
[2026-06-28T09:30:39.914+0000] {logging_mixin.py:188} INFO - [transform] raw_id=28 ERREUR: duplicate key value violates unique constraint "weather_clean_location_id_variable_id_timestamp_key"
DETAIL:  Key (location_id, variable_id, "timestamp")=(9, 3, 2026-06-28 00:00:00) already exists.
[2026-06-28T09:30:39.915+0000] {logging_mixin.py:188} INFO - [transform] raw_id=30 ERREUR: duplicate key value violates unique constraint "weather_clean_location_id_variable_id_timestamp_key"
DETAIL:  Key (location_id, variable_id, "timestamp")=(10, 3, 2026-06-28 00:00:00) already exists.
[2026-06-28T09:30:39.917+0000] {logging_mixin.py:188} INFO - [transform] raw_id=39 ERREUR: duplicate key value violates unique constraint "weather_clean_location_id_variable_id_timestamp_key"
DETAIL:  Key (location_id, variable_id, "timestamp")=(18, 3, 2026-06-28 00:00:00) already exists.
[2026-06-28T09:30:39.918+0000] {logging_mixin.py:188} INFO - [transform] raw_id=40 ERREUR: duplicate key value violates unique constraint "weather_clean_location_id_variable_id_timestamp_key"
DETAIL:  Key (location_id, variable_id, "timestamp")=(19, 3, 2026-06-28 00:00:00) already exists.
[2026-06-28T09:30:39.918+0000] {logging_mixin.py:188} INFO - [transform] raw_id=41 ERREUR: duplicate key value violates unique constraint "weather_clean_location_id_variable_id_timestamp_key"
DETAIL:  Key (location_id, variable_id, "timestamp")=(20, 3, 2026-06-28 00:00:00) already exists.
[2026-06-28T09:30:39.921+0000] {logging_mixin.py:188} INFO - [transform] raw_id=42 ERREUR: duplicate key value violates unique constraint "weather_clean_location_id_variable_id_timestamp_key"
DETAIL:  Key (location_id, variable_id, "timestamp")=(21, 3, 2026-06-28 00:00:00) already exists.
[2026-06-28T09:30:39.922+0000] {logging_mixin.py:188} INFO - [transform] raw_id=43 ERREUR: duplicate key value violates unique constraint "weather_clean_location_id_variable_id_timestamp_key"
DETAIL:  Key (location_id, variable_id, "timestamp")=(22, 3, 2026-06-28 00:00:00) already exists.
[2026-06-28T09:30:39.923+0000] {logging_mixin.py:188} INFO - [transform] raw_id=44 ERREUR: duplicate key value violates unique constraint "weather_clean_location_id_variable_id_timestamp_key"
DETAIL:  Key (location_id, variable_id, "timestamp")=(1, 6, 2026-06-28 00:00:00) already exists.
[2026-06-28T09:30:39.924+0000] {logging_mixin.py:188} INFO - [transform] raw_id=45 ERREUR: duplicate key value violates unique constraint "weather_clean_location_id_variable_id_timestamp_key"
DETAIL:  Key (location_id, variable_id, "timestamp")=(2, 6, 2026-06-28 00:00:00) already exists.
[2026-06-28T09:30:39.929+0000] {logging_mixin.py:188} INFO - [transform] raw_id=46 ERREUR: duplicate key value violates unique constraint "weather_clean_location_id_variable_id_timestamp_key"
DETAIL:  Key (location_id, variable_id, "timestamp")=(3, 6, 2026-06-28 00:00:00) already exists.
[2026-06-28T09:30:39.929+0000] {logging_mixin.py:188} INFO - [transform] raw_id=51 ERREUR: duplicate key value violates unique constraint "weather_clean_location_id_variable_id_timestamp_key"
DETAIL:  Key (location_id, variable_id, "timestamp")=(6, 3, 2026-06-28 00:00:00) already exists.
[2026-06-28T09:30:39.932+0000] {logging_mixin.py:188} INFO - [transform] raw_id=52 ERREUR: duplicate key value violates unique constraint "weather_clean_location_id_variable_id_timestamp_key"
DETAIL:  Key (location_id, variable_id, "timestamp")=(8, 3, 2026-06-28 00:00:00) already exists.
[2026-06-28T09:30:39.935+0000] {logging_mixin.py:188} INFO - [transform] raw_id=53 ERREUR: duplicate key value violates unique constraint "weather_clean_location_id_variable_id_timestamp_key"
DETAIL:  Key (location_id, variable_id, "timestamp")=(11, 6, 2026-06-28 00:00:00) already exists.
[2026-06-28T09:30:39.939+0000] {logging_mixin.py:188} INFO - [transform] raw_id=54 ERREUR: duplicate key value violates unique constraint "weather_clean_location_id_variable_id_timestamp_key"
DETAIL:  Key (location_id, variable_id, "timestamp")=(12, 6, 2026-06-28 00:00:00) already exists.
[2026-06-28T09:30:39.949+0000] {logging_mixin.py:188} INFO - [transform] raw_id=55 ERREUR: duplicate key value violates unique constraint "weather_clean_location_id_variable_id_timestamp_key"
DETAIL:  Key (location_id, variable_id, "timestamp")=(13, 6, 2026-06-28 00:00:00) already exists.
[2026-06-28T09:30:39.951+0000] {logging_mixin.py:188} INFO - [transform] raw_id=56 ERREUR: duplicate key value violates unique constraint "weather_clean_location_id_variable_id_timestamp_key"
DETAIL:  Key (location_id, variable_id, "timestamp")=(16, 6, 2026-06-28 00:00:00) already exists.
[2026-06-28T09:30:39.958+0000] {logging_mixin.py:188} INFO - [transform] raw_id=57 ERREUR: duplicate key value violates unique constraint "weather_clean_location_id_variable_id_timestamp_key"
DETAIL:  Key (location_id, variable_id, "timestamp")=(17, 6, 2026-06-28 00:00:00) already exists.
[2026-06-28T09:30:39.958+0000] {logging_mixin.py:188} INFO - [transform] raw_id=58 ERREUR: duplicate key value violates unique constraint "weather_clean_location_id_variable_id_timestamp_key"
DETAIL:  Key (location_id, variable_id, "timestamp")=(18, 6, 2026-06-28 00:00:00) already exists.
[2026-06-28T09:30:39.963+0000] {logging_mixin.py:188} INFO - [transform] raw_id=63 ERREUR: duplicate key value violates unique constraint "weather_clean_location_id_variable_id_timestamp_key"
DETAIL:  Key (location_id, variable_id, "timestamp")=(13, 3, 2026-06-28 00:00:00) already exists.
[2026-06-28T09:30:39.965+0000] {logging_mixin.py:188} INFO - [transform] raw_id=65 ERREUR: duplicate key value violates unique constraint "weather_clean_location_id_variable_id_timestamp_key"
DETAIL:  Key (location_id, variable_id, "timestamp")=(15, 3, 2026-06-28 00:00:00) already exists.
[2026-06-28T09:30:39.967+0000] {logging_mixin.py:188} INFO - [transform] raw_id=66 ERREUR: duplicate key value violates unique constraint "weather_clean_location_id_variable_id_timestamp_key"
DETAIL:  Key (location_id, variable_id, "timestamp")=(20, 3, 2026-06-28 00:00:00) already exists.
[2026-06-28T09:30:39.969+0000] {logging_mixin.py:188} INFO - [transform] raw_id=67 ERREUR: duplicate key value violates unique constraint "weather_clean_location_id_variable_id_timestamp_key"
DETAIL:  Key (location_id, variable_id, "timestamp")=(21, 3, 2026-06-28 00:00:00) already exists.
[2026-06-28T09:30:39.971+0000] {logging_mixin.py:188} INFO - [transform] raw_id=68 ERREUR: duplicate key value violates unique constraint "weather_clean_location_id_variable_id_timestamp_key"
DETAIL:  Key (location_id, variable_id, "timestamp")=(22, 3, 2026-06-28 00:00:00) already exists.
[2026-06-28T09:30:39.972+0000] {logging_mixin.py:188} INFO - [transform] raw_id=69 ERREUR: duplicate key value violates unique constraint "weather_clean_location_id_variable_id_timestamp_key"
DETAIL:  Key (location_id, variable_id, "timestamp")=(1, 6, 2026-06-28 00:00:00) already exists.
[2026-06-28T09:30:39.975+0000] {logging_mixin.py:188} INFO - [transform] raw_id=70 ERREUR: duplicate key value violates unique constraint "weather_clean_location_id_variable_id_timestamp_key"
DETAIL:  Key (location_id, variable_id, "timestamp")=(2, 6, 2026-06-28 00:00:00) already exists.
[2026-06-28T09:30:39.977+0000] {logging_mixin.py:188} INFO - [transform] raw_id=71 ERREUR: duplicate key value violates unique constraint "weather_clean_location_id_variable_id_timestamp_key"
DETAIL:  Key (location_id, variable_id, "timestamp")=(3, 6, 2026-06-28 00:00:00) already exists.
[2026-06-28T09:30:39.977+0000] {logging_mixin.py:188} INFO - [transform] raw_id=72 ERREUR: duplicate key value violates unique constraint "weather_clean_location_id_variable_id_timestamp_key"
DETAIL:  Key (location_id, variable_id, "timestamp")=(4, 6, 2026-06-28 00:00:00) already exists.
[2026-06-28T09:30:39.978+0000] {logging_mixin.py:188} INFO - [transform] raw_id=73 ERREUR: duplicate key value violates unique constraint "weather_clean_location_id_variable_id_timestamp_key"
DETAIL:  Key (location_id, variable_id, "timestamp")=(5, 6, 2026-06-28 00:00:00) already exists.
[2026-06-28T09:30:39.979+0000] {logging_mixin.py:188} INFO - [transform] raw_id=74 ERREUR: duplicate key value violates unique constraint "weather_clean_location_id_variable_id_timestamp_key"
DETAIL:  Key (location_id, variable_id, "timestamp")=(6, 6, 2026-06-28 00:00:00) already exists.
[2026-06-28T09:30:39.980+0000] {logging_mixin.py:188} INFO - [transform] raw_id=75 ERREUR: duplicate key value violates unique constraint "weather_clean_location_id_variable_id_timestamp_key"
DETAIL:  Key (location_id, variable_id, "timestamp")=(7, 6, 2026-06-28 00:00:00) already exists.
[2026-06-28T09:30:39.982+0000] {logging_mixin.py:188} INFO - [transform] raw_id=76 ERREUR: duplicate key value violates unique constraint "weather_clean_location_id_variable_id_timestamp_key"
DETAIL:  Key (location_id, variable_id, "timestamp")=(8, 6, 2026-06-28 00:00:00) already exists.
[2026-06-28T09:30:39.982+0000] {logging_mixin.py:188} INFO - [transform] raw_id=77 ERREUR: duplicate key value violates unique constraint "weather_clean_location_id_variable_id_timestamp_key"
DETAIL:  Key (location_id, variable_id, "timestamp")=(9, 6, 2026-06-28 00:00:00) already exists.
[2026-06-28T09:30:39.983+0000] {logging_mixin.py:188} INFO - [transform] raw_id=78 ERREUR: duplicate key value violates unique constraint "weather_clean_location_id_variable_id_timestamp_key"
DETAIL:  Key (location_id, variable_id, "timestamp")=(14, 6, 2026-06-28 00:00:00) already exists.
[2026-06-28T09:30:39.985+0000] {logging_mixin.py:188} INFO - [transform] raw_id=79 ERREUR: duplicate key value violates unique constraint "weather_clean_location_id_variable_id_timestamp_key"
DETAIL:  Key (location_id, variable_id, "timestamp")=(15, 6, 2026-06-28 00:00:00) already exists.
[2026-06-28T09:30:39.985+0000] {logging_mixin.py:188} INFO - [transform] raw_id=80 ERREUR: duplicate key value violates unique constraint "weather_clean_location_id_variable_id_timestamp_key"
DETAIL:  Key (location_id, variable_id, "timestamp")=(16, 6, 2026-06-28 00:00:00) already exists.
[2026-06-28T09:30:39.986+0000] {logging_mixin.py:188} INFO - [transform] raw_id=81 ERREUR: duplicate key value violates unique constraint "weather_clean_location_id_variable_id_timestamp_key"
DETAIL:  Key (location_id, variable_id, "timestamp")=(17, 6, 2026-06-28 00:00:00) already exists.
[2026-06-28T09:30:39.988+0000] {logging_mixin.py:188} INFO - [transform] raw_id=82 ERREUR: duplicate key value violates unique constraint "weather_clean_location_id_variable_id_timestamp_key"
DETAIL:  Key (location_id, variable_id, "timestamp")=(18, 6, 2026-06-28 00:00:00) already exists.
[2026-06-28T09:30:39.989+0000] {logging_mixin.py:188} INFO - [transform] raw_id=83 ERREUR: duplicate key value violates unique constraint "weather_clean_location_id_variable_id_timestamp_key"
DETAIL:  Key (location_id, variable_id, "timestamp")=(19, 6, 2026-06-28 00:00:00) already exists.
[2026-06-28T09:30:39.990+0000] {logging_mixin.py:188} INFO - [transform] raw_id=84 ERREUR: duplicate key value violates unique constraint "weather_clean_location_id_variable_id_timestamp_key"
DETAIL:  Key (location_id, variable_id, "timestamp")=(20, 6, 2026-06-28 00:00:00) already exists.
[2026-06-28T09:30:39.990+0000] {logging_mixin.py:188} INFO - [transform] raw_id=85 ERREUR: duplicate key value violates unique constraint "weather_clean_location_id_variable_id_timestamp_key"
DETAIL:  Key (location_id, variable_id, "timestamp")=(21, 6, 2026-06-28 00:00:00) already exists.
[2026-06-28T09:30:39.994+0000] {logging_mixin.py:188} INFO - [transform] raw_id=86 ERREUR: duplicate key value violates unique constraint "weather_clean_location_id_variable_id_timestamp_key"
DETAIL:  Key (location_id, variable_id, "timestamp")=(22, 6, 2026-06-28 00:00:00) already exists.
[2026-06-28T09:30:39.994+0000] {python.py:237} INFO - Done. Returned value was: None
[2026-06-28T09:30:39.995+0000] {taskinstance.py:441} INFO - ::group::Post task execution logs
[2026-06-28T09:30:40.010+0000] {taskinstance.py:1206} INFO - Marking task as SUCCESS. dag_id=weather_daily_dag, task_id=transform_clean, run_id=manual__2026-06-28T09:21:04+00:00, execution_date=20260628T092104, start_date=20260628T093039, end_date=20260628T093040
[2026-06-28T09:30:40.086+0000] {local_task_job_runner.py:240} INFO - Task exited with return code 0
[2026-06-28T09:30:40.190+0000] {taskinstance.py:3498} INFO - 1 downstream tasks scheduled from follow-on schedule check
[2026-06-28T09:30:40.198+0000] {local_task_job_runner.py:222} INFO - ::endgroup::
