[2026-06-28T09:17:04.789+0000] {local_task_job_runner.py:120} INFO - ::group::Pre task execution logs
[2026-06-28T09:17:04.880+0000] {taskinstance.py:2076} INFO - Dependencies all met for dep_context=non-requeueable deps ti=<TaskInstance: weather_daily_dag.extract_hourly_daily manual__2026-06-28T09:06:44.373093+00:00 [queued]>
[2026-06-28T09:17:04.896+0000] {taskinstance.py:2076} INFO - Dependencies all met for dep_context=requeueable deps ti=<TaskInstance: weather_daily_dag.extract_hourly_daily manual__2026-06-28T09:06:44.373093+00:00 [queued]>
[2026-06-28T09:17:04.898+0000] {taskinstance.py:2306} INFO - Starting attempt 3 of 4
[2026-06-28T09:17:04.933+0000] {taskinstance.py:2330} INFO - Executing <Task(PythonOperator): extract_hourly_daily> on 2026-06-28 09:06:44.373093+00:00
[2026-06-28T09:17:04.948+0000] {warnings.py:110} WARNING - /home/***/.local/lib/python3.12/site-packages/***/task/task_runner/standard_task_runner.py:61: DeprecationWarning: This process (pid=87) is multi-threaded, use of fork() may lead to deadlocks in the child.
  pid = os.fork()

[2026-06-28T09:17:04.949+0000] {standard_task_runner.py:63} INFO - Started process 89 to run task
[2026-06-28T09:17:04.951+0000] {standard_task_runner.py:90} INFO - Running: ['***', 'tasks', 'run', 'weather_daily_dag', 'extract_hourly_daily', 'manual__2026-06-28T09:06:44.373093+00:00', '--job-id', '49', '--raw', '--subdir', 'DAGS_FOLDER/weather_etl_dag.py', '--cfg-path', '/tmp/tmp1out7gbc']
[2026-06-28T09:17:04.954+0000] {standard_task_runner.py:91} INFO - Job 49: Subtask extract_hourly_daily
[2026-06-28T09:17:05.151+0000] {task_command.py:426} INFO - Running <TaskInstance: weather_daily_dag.extract_hourly_daily manual__2026-06-28T09:06:44.373093+00:00 [running]> on host ef3b95b0c88e
[2026-06-28T09:17:05.500+0000] {taskinstance.py:2648} INFO - Exporting env vars: AIRFLOW_CTX_DAG_OWNER='elia' AIRFLOW_CTX_DAG_ID='weather_daily_dag' AIRFLOW_CTX_TASK_ID='extract_hourly_daily' AIRFLOW_CTX_EXECUTION_DATE='2026-06-28T09:06:44.373093+00:00' AIRFLOW_CTX_TRY_NUMBER='3' AIRFLOW_CTX_DAG_RUN_ID='manual__2026-06-28T09:06:44.373093+00:00'
[2026-06-28T09:17:05.509+0000] {taskinstance.py:430} INFO - ::endgroup::
[2026-06-28T09:17:05.510+0000] {extractor.py:191} INFO - Début de l'extraction Open-Meteo (hourly)
[2026-06-28T09:17:05.656+0000] {extractor.py:196} INFO - 22 stations à traiter
[2026-06-28T09:17:05.658+0000] {extractor.py:201} INFO - [hourly] Traitement de Station Antananarivo (-18.87920000, 47.50790000)
[2026-06-28T09:17:06.310+0000] {extractor.py:99} INFO - weather_raw sauvegardé pour location 1 (hourly)
[2026-06-28T09:17:06.311+0000] {extractor.py:201} INFO - [hourly] Traitement de Station Antsirabe (-19.86560000, 47.03330000)
[2026-06-28T09:17:06.981+0000] {extractor.py:99} INFO - weather_raw sauvegardé pour location 2 (hourly)
[2026-06-28T09:17:06.981+0000] {extractor.py:201} INFO - [hourly] Traitement de Station Miarinarivo (-18.87410000, 46.26060000)
[2026-06-28T09:17:07.682+0000] {extractor.py:99} INFO - weather_raw sauvegardé pour location 3 (hourly)
[2026-06-28T09:17:07.682+0000] {extractor.py:201} INFO - [hourly] Traitement de Station Tsiroanomandidy (-18.76670000, 46.03330000)
[2026-06-28T09:17:08.324+0000] {extractor.py:99} INFO - weather_raw sauvegardé pour location 4 (hourly)
[2026-06-28T09:17:08.324+0000] {extractor.py:201} INFO - [hourly] Traitement de Station Fianarantsoa (-21.45280000, 47.08550000)
[2026-06-28T09:17:08.972+0000] {extractor.py:99} INFO - weather_raw sauvegardé pour location 5 (hourly)
[2026-06-28T09:17:08.973+0000] {extractor.py:201} INFO - [hourly] Traitement de Station Ambositra (-20.52500000, 47.22660000)
[2026-06-28T09:17:09.660+0000] {extractor.py:99} INFO - weather_raw sauvegardé pour location 6 (hourly)
[2026-06-28T09:17:09.660+0000] {extractor.py:201} INFO - [hourly] Traitement de Station Fenoarivo (-18.86670000, 48.46670000)
[2026-06-28T09:17:10.255+0000] {extractor.py:99} INFO - weather_raw sauvegardé pour location 7 (hourly)
[2026-06-28T09:17:10.258+0000] {extractor.py:201} INFO - [hourly] Traitement de Station Farafangana (-21.77360000, 47.83190000)
[2026-06-28T09:17:10.846+0000] {extractor.py:99} INFO - weather_raw sauvegardé pour location 8 (hourly)
[2026-06-28T09:17:10.846+0000] {extractor.py:201} INFO - [hourly] Traitement de Station Manakara (-21.78330000, 48.01670000)
[2026-06-28T09:17:11.530+0000] {extractor.py:99} INFO - weather_raw sauvegardé pour location 9 (hourly)
[2026-06-28T09:17:11.530+0000] {extractor.py:201} INFO - [hourly] Traitement de Station Toamasina (-18.14920000, 49.40230000)
[2026-06-28T09:17:12.112+0000] {extractor.py:99} INFO - weather_raw sauvegardé pour location 10 (hourly)
[2026-06-28T09:17:12.114+0000] {extractor.py:201} INFO - [hourly] Traitement de Station Fenoarivo Anj (-17.41670000, 49.16670000)
[2026-06-28T09:17:42.347+0000] {extractor.py:85} ERROR - Erreur API Open-Meteo (hourly): HTTPSConnectionPool(host='api.open-meteo.com', port=443): Read timed out. (read timeout=30)
[2026-06-28T09:17:42.382+0000] {extractor.py:201} INFO - [hourly] Traitement de Station Ambatondrazaka (-17.83330000, 48.41670000)
[2026-06-28T09:18:12.733+0000] {extractor.py:85} ERROR - Erreur API Open-Meteo (hourly): HTTPSConnectionPool(host='api.open-meteo.com', port=443): Read timed out. (read timeout=30)
[2026-06-28T09:18:12.733+0000] {extractor.py:201} INFO - [hourly] Traitement de Station Mahajanga (-15.71670000, 46.31670000)
[2026-06-28T09:18:43.229+0000] {extractor.py:85} ERROR - Erreur API Open-Meteo (hourly): HTTPSConnectionPool(host='api.open-meteo.com', port=443): Read timed out. (read timeout=30)
[2026-06-28T09:18:43.234+0000] {extractor.py:201} INFO - [hourly] Traitement de Station Antsohihy (-14.86670000, 48.76670000)
[2026-06-28T09:19:13.455+0000] {extractor.py:85} ERROR - Erreur API Open-Meteo (hourly): HTTPSConnectionPool(host='api.open-meteo.com', port=443): Read timed out. (read timeout=30)
[2026-06-28T09:19:13.465+0000] {extractor.py:201} INFO - [hourly] Traitement de Station Maevatanana (-16.38330000, 46.83330000)
[2026-06-28T09:19:14.436+0000] {extractor.py:99} INFO - weather_raw sauvegardé pour location 15 (hourly)
[2026-06-28T09:19:14.436+0000] {extractor.py:201} INFO - [hourly] Traitement de Station Melaky (-16.99360000, 44.71390000)
[2026-06-28T09:19:15.037+0000] {extractor.py:99} INFO - weather_raw sauvegardé pour location 16 (hourly)
[2026-06-28T09:19:15.037+0000] {extractor.py:201} INFO - [hourly] Traitement de Station Toliara (-23.35140000, 43.66670000)
[2026-06-28T09:19:15.711+0000] {extractor.py:99} INFO - weather_raw sauvegardé pour location 17 (hourly)
[2026-06-28T09:19:15.713+0000] {extractor.py:201} INFO - [hourly] Traitement de Station Ambovombe (-25.16670000, 46.11670000)
[2026-06-28T09:19:16.282+0000] {extractor.py:99} INFO - weather_raw sauvegardé pour location 18 (hourly)
[2026-06-28T09:19:16.284+0000] {extractor.py:201} INFO - [hourly] Traitement de Station Tolanaro (-25.03000000, 46.98000000)
[2026-06-28T09:19:16.845+0000] {extractor.py:99} INFO - weather_raw sauvegardé pour location 19 (hourly)
[2026-06-28T09:19:16.846+0000] {extractor.py:201} INFO - [hourly] Traitement de Station Morondava (-20.28410000, 44.31610000)
[2026-06-28T09:19:17.445+0000] {extractor.py:99} INFO - weather_raw sauvegardé pour location 20 (hourly)
[2026-06-28T09:19:17.445+0000] {extractor.py:201} INFO - [hourly] Traitement de Station Antsiranana (-12.26280000, 49.28610000)
[2026-06-28T09:19:18.046+0000] {extractor.py:99} INFO - weather_raw sauvegardé pour location 21 (hourly)
[2026-06-28T09:19:18.046+0000] {extractor.py:201} INFO - [hourly] Traitement de Station Sambava (-14.26670000, 50.16670000)
[2026-06-28T09:19:18.759+0000] {extractor.py:99} INFO - weather_raw sauvegardé pour location 22 (hourly)
[2026-06-28T09:19:18.760+0000] {extractor.py:208} INFO - Extraction hourly terminée: 18/22 succès
[2026-06-28T09:19:18.975+0000] {extractor.py:191} INFO - Début de l'extraction Open-Meteo (daily)
[2026-06-28T09:19:19.038+0000] {extractor.py:196} INFO - 22 stations à traiter
[2026-06-28T09:19:19.038+0000] {extractor.py:201} INFO - [daily] Traitement de Station Antananarivo (-18.87920000, 47.50790000)
[2026-06-28T09:19:19.585+0000] {extractor.py:99} INFO - weather_raw sauvegardé pour location 1 (daily)
[2026-06-28T09:19:19.586+0000] {extractor.py:201} INFO - [daily] Traitement de Station Antsirabe (-19.86560000, 47.03330000)
[2026-06-28T09:19:20.118+0000] {extractor.py:99} INFO - weather_raw sauvegardé pour location 2 (daily)
[2026-06-28T09:19:20.119+0000] {extractor.py:201} INFO - [daily] Traitement de Station Miarinarivo (-18.87410000, 46.26060000)
[2026-06-28T09:19:20.678+0000] {extractor.py:99} INFO - weather_raw sauvegardé pour location 3 (daily)
[2026-06-28T09:19:20.680+0000] {extractor.py:201} INFO - [daily] Traitement de Station Tsiroanomandidy (-18.76670000, 46.03330000)
[2026-06-28T09:19:50.985+0000] {extractor.py:85} ERROR - Erreur API Open-Meteo (daily): HTTPSConnectionPool(host='api.open-meteo.com', port=443): Read timed out. (read timeout=30)
[2026-06-28T09:19:51.000+0000] {extractor.py:201} INFO - [daily] Traitement de Station Fianarantsoa (-21.45280000, 47.08550000)
[2026-06-28T09:20:21.288+0000] {extractor.py:85} ERROR - Erreur API Open-Meteo (daily): HTTPSConnectionPool(host='api.open-meteo.com', port=443): Read timed out. (read timeout=30)
[2026-06-28T09:20:21.288+0000] {extractor.py:201} INFO - [daily] Traitement de Station Ambositra (-20.52500000, 47.22660000)
[2026-06-28T09:20:51.691+0000] {extractor.py:85} ERROR - Erreur API Open-Meteo (daily): HTTPSConnectionPool(host='api.open-meteo.com', port=443): Read timed out. (read timeout=30)
[2026-06-28T09:20:51.699+0000] {extractor.py:201} INFO - [daily] Traitement de Station Fenoarivo (-18.86670000, 48.46670000)
[2026-06-28T09:21:22.247+0000] {extractor.py:85} ERROR - Erreur API Open-Meteo (daily): HTTPSConnectionPool(host='api.open-meteo.com', port=443): Read timed out. (read timeout=30)
[2026-06-28T09:21:22.254+0000] {extractor.py:201} INFO - [daily] Traitement de Station Farafangana (-21.77360000, 47.83190000)
[2026-06-28T09:21:23.266+0000] {extractor.py:99} INFO - weather_raw sauvegardé pour location 8 (daily)
[2026-06-28T09:21:23.270+0000] {extractor.py:201} INFO - [daily] Traitement de Station Manakara (-21.78330000, 48.01670000)
[2026-06-28T09:21:24.212+0000] {extractor.py:99} INFO - weather_raw sauvegardé pour location 9 (daily)
[2026-06-28T09:21:24.212+0000] {extractor.py:201} INFO - [daily] Traitement de Station Toamasina (-18.14920000, 49.40230000)
[2026-06-28T09:21:24.866+0000] {extractor.py:99} INFO - weather_raw sauvegardé pour location 10 (daily)
[2026-06-28T09:21:24.867+0000] {extractor.py:201} INFO - [daily] Traitement de Station Fenoarivo Anj (-17.41670000, 49.16670000)
[2026-06-28T09:21:25.461+0000] {extractor.py:99} INFO - weather_raw sauvegardé pour location 11 (daily)
[2026-06-28T09:21:25.461+0000] {extractor.py:201} INFO - [daily] Traitement de Station Ambatondrazaka (-17.83330000, 48.41670000)
[2026-06-28T09:21:26.025+0000] {extractor.py:99} INFO - weather_raw sauvegardé pour location 12 (daily)
[2026-06-28T09:21:26.025+0000] {extractor.py:201} INFO - [daily] Traitement de Station Mahajanga (-15.71670000, 46.31670000)
[2026-06-28T09:21:26.685+0000] {extractor.py:99} INFO - weather_raw sauvegardé pour location 13 (daily)
[2026-06-28T09:21:26.685+0000] {extractor.py:201} INFO - [daily] Traitement de Station Antsohihy (-14.86670000, 48.76670000)
[2026-06-28T09:21:27.285+0000] {extractor.py:99} INFO - weather_raw sauvegardé pour location 14 (daily)
[2026-06-28T09:21:27.286+0000] {extractor.py:201} INFO - [daily] Traitement de Station Maevatanana (-16.38330000, 46.83330000)
[2026-06-28T09:21:27.972+0000] {extractor.py:99} INFO - weather_raw sauvegardé pour location 15 (daily)
[2026-06-28T09:21:27.973+0000] {extractor.py:201} INFO - [daily] Traitement de Station Melaky (-16.99360000, 44.71390000)
[2026-06-28T09:21:28.788+0000] {extractor.py:99} INFO - weather_raw sauvegardé pour location 16 (daily)
[2026-06-28T09:21:28.793+0000] {extractor.py:201} INFO - [daily] Traitement de Station Toliara (-23.35140000, 43.66670000)
[2026-06-28T09:21:29.517+0000] {extractor.py:99} INFO - weather_raw sauvegardé pour location 17 (daily)
[2026-06-28T09:21:29.524+0000] {extractor.py:201} INFO - [daily] Traitement de Station Ambovombe (-25.16670000, 46.11670000)
[2026-06-28T09:21:30.107+0000] {extractor.py:99} INFO - weather_raw sauvegardé pour location 18 (daily)
[2026-06-28T09:21:30.107+0000] {extractor.py:201} INFO - [daily] Traitement de Station Tolanaro (-25.03000000, 46.98000000)
[2026-06-28T09:22:00.429+0000] {extractor.py:85} ERROR - Erreur API Open-Meteo (daily): HTTPSConnectionPool(host='api.open-meteo.com', port=443): Read timed out. (read timeout=30)
[2026-06-28T09:22:00.435+0000] {extractor.py:201} INFO - [daily] Traitement de Station Morondava (-20.28410000, 44.31610000)
[2026-06-28T09:22:30.899+0000] {extractor.py:85} ERROR - Erreur API Open-Meteo (daily): HTTPSConnectionPool(host='api.open-meteo.com', port=443): Read timed out. (read timeout=30)
[2026-06-28T09:22:30.900+0000] {extractor.py:201} INFO - [daily] Traitement de Station Antsiranana (-12.26280000, 49.28610000)
[2026-06-28T09:23:01.294+0000] {extractor.py:85} ERROR - Erreur API Open-Meteo (daily): HTTPSConnectionPool(host='api.open-meteo.com', port=443): Read timed out. (read timeout=30)
[2026-06-28T09:23:01.303+0000] {extractor.py:201} INFO - [daily] Traitement de Station Sambava (-14.26670000, 50.16670000)
[2026-06-28T09:23:31.837+0000] {extractor.py:85} ERROR - Erreur API Open-Meteo (daily): HTTPSConnectionPool(host='api.open-meteo.com', port=443): Read timed out. (read timeout=30)
[2026-06-28T09:23:31.877+0000] {extractor.py:208} INFO - Extraction daily terminée: 14/22 succès
[2026-06-28T09:23:31.897+0000] {python.py:237} INFO - Done. Returned value was: None
[2026-06-28T09:23:31.897+0000] {taskinstance.py:441} INFO - ::group::Post task execution logs
[2026-06-28T09:23:31.978+0000] {taskinstance.py:1206} INFO - Marking task as SUCCESS. dag_id=weather_daily_dag, task_id=extract_hourly_daily, run_id=manual__2026-06-28T09:06:44.373093+00:00, execution_date=20260628T090644, start_date=20260628T091704, end_date=20260628T092331
[2026-06-28T09:23:32.069+0000] {local_task_job_runner.py:240} INFO - Task exited with return code 0
[2026-06-28T09:23:32.169+0000] {taskinstance.py:3498} INFO - 1 downstream tasks scheduled from follow-on schedule check
[2026-06-28T09:23:32.171+0000] {local_task_job_runner.py:222} INFO - ::endgroup::
