[2026-06-29T09:18:43.973+0000] {local_task_job_runner.py:120} INFO - ::group::Pre task execution logs
[2026-06-29T09:18:44.016+0000] {taskinstance.py:2076} INFO - Dependencies all met for dep_context=non-requeueable deps ti=<TaskInstance: weather_daily_dag.extract_hourly_daily manual__2026-06-29T09:18:30.519998+00:00 [queued]>
[2026-06-29T09:18:44.030+0000] {taskinstance.py:2076} INFO - Dependencies all met for dep_context=requeueable deps ti=<TaskInstance: weather_daily_dag.extract_hourly_daily manual__2026-06-29T09:18:30.519998+00:00 [queued]>
[2026-06-29T09:18:44.035+0000] {taskinstance.py:2306} INFO - Starting attempt 1 of 4
[2026-06-29T09:18:44.066+0000] {taskinstance.py:2330} INFO - Executing <Task(PythonOperator): extract_hourly_daily> on 2026-06-29 09:18:30.519998+00:00
[2026-06-29T09:18:44.085+0000] {warnings.py:110} WARNING - /home/***/.local/lib/python3.12/site-packages/***/task/task_runner/standard_task_runner.py:61: DeprecationWarning: This process (pid=108) is multi-threaded, use of fork() may lead to deadlocks in the child.
  pid = os.fork()

[2026-06-29T09:18:44.093+0000] {standard_task_runner.py:63} INFO - Started process 112 to run task
[2026-06-29T09:18:44.089+0000] {standard_task_runner.py:90} INFO - Running: ['***', 'tasks', 'run', 'weather_daily_dag', 'extract_hourly_daily', 'manual__2026-06-29T09:18:30.519998+00:00', '--job-id', '4', '--raw', '--subdir', 'DAGS_FOLDER/weather_etl_dag.py', '--cfg-path', '/tmp/tmp__q_he74']
[2026-06-29T09:18:44.101+0000] {standard_task_runner.py:91} INFO - Job 4: Subtask extract_hourly_daily
[2026-06-29T09:18:44.224+0000] {task_command.py:426} INFO - Running <TaskInstance: weather_daily_dag.extract_hourly_daily manual__2026-06-29T09:18:30.519998+00:00 [running]> on host 154fe34466cc
[2026-06-29T09:18:44.503+0000] {taskinstance.py:2648} INFO - Exporting env vars: AIRFLOW_CTX_DAG_OWNER='elia' AIRFLOW_CTX_DAG_ID='weather_daily_dag' AIRFLOW_CTX_TASK_ID='extract_hourly_daily' AIRFLOW_CTX_EXECUTION_DATE='2026-06-29T09:18:30.519998+00:00' AIRFLOW_CTX_TRY_NUMBER='1' AIRFLOW_CTX_DAG_RUN_ID='manual__2026-06-29T09:18:30.519998+00:00'
[2026-06-29T09:18:44.506+0000] {taskinstance.py:430} INFO - ::endgroup::
[2026-06-29T09:18:44.506+0000] {extractor.py:191} INFO - Début de l'extraction Open-Meteo (hourly)
[2026-06-29T09:18:44.521+0000] {extractor.py:196} INFO - 22 stations à traiter
[2026-06-29T09:18:44.523+0000] {extractor.py:201} INFO - [hourly] Traitement de Station Antananarivo (-18.87920000, 47.50790000)
[2026-06-29T09:18:45.349+0000] {extractor.py:99} INFO - weather_raw sauvegardé pour location 1 (hourly)
[2026-06-29T09:18:45.350+0000] {extractor.py:201} INFO - [hourly] Traitement de Station Antsirabe (-19.86560000, 47.03330000)
[2026-06-29T09:18:46.266+0000] {extractor.py:99} INFO - weather_raw sauvegardé pour location 2 (hourly)
[2026-06-29T09:18:46.267+0000] {extractor.py:201} INFO - [hourly] Traitement de Station Miarinarivo (-18.87410000, 46.26060000)
[2026-06-29T09:18:46.905+0000] {extractor.py:99} INFO - weather_raw sauvegardé pour location 3 (hourly)
[2026-06-29T09:18:46.905+0000] {extractor.py:201} INFO - [hourly] Traitement de Station Tsiroanomandidy (-18.76670000, 46.03330000)
[2026-06-29T09:18:47.443+0000] {extractor.py:99} INFO - weather_raw sauvegardé pour location 4 (hourly)
[2026-06-29T09:18:47.443+0000] {extractor.py:201} INFO - [hourly] Traitement de Station Fianarantsoa (-21.45280000, 47.08550000)
[2026-06-29T09:18:48.004+0000] {extractor.py:99} INFO - weather_raw sauvegardé pour location 5 (hourly)
[2026-06-29T09:18:48.005+0000] {extractor.py:201} INFO - [hourly] Traitement de Station Ambositra (-20.52500000, 47.22660000)
[2026-06-29T09:18:48.604+0000] {extractor.py:99} INFO - weather_raw sauvegardé pour location 6 (hourly)
[2026-06-29T09:18:48.605+0000] {extractor.py:201} INFO - [hourly] Traitement de Station Fenoarivo (-18.86670000, 48.46670000)
[2026-06-29T09:18:49.245+0000] {extractor.py:99} INFO - weather_raw sauvegardé pour location 7 (hourly)
[2026-06-29T09:18:49.245+0000] {extractor.py:201} INFO - [hourly] Traitement de Station Farafangana (-21.77360000, 47.83190000)
[2026-06-29T09:18:49.842+0000] {extractor.py:99} INFO - weather_raw sauvegardé pour location 8 (hourly)
[2026-06-29T09:18:49.843+0000] {extractor.py:201} INFO - [hourly] Traitement de Station Manakara (-21.78330000, 48.01670000)
[2026-06-29T09:18:50.397+0000] {extractor.py:99} INFO - weather_raw sauvegardé pour location 9 (hourly)
[2026-06-29T09:18:50.397+0000] {extractor.py:201} INFO - [hourly] Traitement de Station Toamasina (-18.14920000, 49.40230000)
[2026-06-29T09:18:51.010+0000] {extractor.py:99} INFO - weather_raw sauvegardé pour location 10 (hourly)
[2026-06-29T09:18:51.010+0000] {extractor.py:201} INFO - [hourly] Traitement de Station Fenoarivo Anj (-17.41670000, 49.16670000)
[2026-06-29T09:18:51.557+0000] {extractor.py:99} INFO - weather_raw sauvegardé pour location 11 (hourly)
[2026-06-29T09:18:51.558+0000] {extractor.py:201} INFO - [hourly] Traitement de Station Ambatondrazaka (-17.83330000, 48.41670000)
[2026-06-29T09:19:21.813+0000] {extractor.py:85} ERROR - Erreur API Open-Meteo (hourly): HTTPSConnectionPool(host='api.open-meteo.com', port=443): Read timed out. (read timeout=30)
[2026-06-29T09:19:21.813+0000] {extractor.py:201} INFO - [hourly] Traitement de Station Mahajanga (-15.71670000, 46.31670000)
[2026-06-29T09:19:52.041+0000] {extractor.py:85} ERROR - Erreur API Open-Meteo (hourly): HTTPSConnectionPool(host='api.open-meteo.com', port=443): Read timed out. (read timeout=30)
[2026-06-29T09:19:52.046+0000] {extractor.py:201} INFO - [hourly] Traitement de Station Antsohihy (-14.86670000, 48.76670000)
[2026-06-29T09:20:22.406+0000] {extractor.py:85} ERROR - Erreur API Open-Meteo (hourly): HTTPSConnectionPool(host='api.open-meteo.com', port=443): Read timed out. (read timeout=30)
[2026-06-29T09:20:22.409+0000] {extractor.py:201} INFO - [hourly] Traitement de Station Maevatanana (-16.38330000, 46.83330000)
[2026-06-29T09:20:52.627+0000] {extractor.py:85} ERROR - Erreur API Open-Meteo (hourly): HTTPSConnectionPool(host='api.open-meteo.com', port=443): Read timed out. (read timeout=30)
[2026-06-29T09:20:52.628+0000] {extractor.py:201} INFO - [hourly] Traitement de Station Melaky (-16.99360000, 44.71390000)
[2026-06-29T09:20:53.169+0000] {extractor.py:99} INFO - weather_raw sauvegardé pour location 16 (hourly)
[2026-06-29T09:20:53.170+0000] {extractor.py:201} INFO - [hourly] Traitement de Station Toliara (-23.35140000, 43.66670000)
[2026-06-29T09:20:54.029+0000] {extractor.py:99} INFO - weather_raw sauvegardé pour location 17 (hourly)
[2026-06-29T09:20:54.030+0000] {extractor.py:201} INFO - [hourly] Traitement de Station Ambovombe (-25.16670000, 46.11670000)
[2026-06-29T09:20:54.682+0000] {extractor.py:99} INFO - weather_raw sauvegardé pour location 18 (hourly)
[2026-06-29T09:20:54.683+0000] {extractor.py:201} INFO - [hourly] Traitement de Station Tolanaro (-25.03000000, 46.98000000)
[2026-06-29T09:20:55.305+0000] {extractor.py:99} INFO - weather_raw sauvegardé pour location 19 (hourly)
[2026-06-29T09:20:55.306+0000] {extractor.py:201} INFO - [hourly] Traitement de Station Morondava (-20.28410000, 44.31610000)
[2026-06-29T09:20:55.912+0000] {extractor.py:99} INFO - weather_raw sauvegardé pour location 20 (hourly)
[2026-06-29T09:20:55.913+0000] {extractor.py:201} INFO - [hourly] Traitement de Station Antsiranana (-12.26280000, 49.28610000)
[2026-06-29T09:20:56.531+0000] {extractor.py:99} INFO - weather_raw sauvegardé pour location 21 (hourly)
[2026-06-29T09:20:56.531+0000] {extractor.py:201} INFO - [hourly] Traitement de Station Sambava (-14.26670000, 50.16670000)
[2026-06-29T09:20:57.122+0000] {extractor.py:99} INFO - weather_raw sauvegardé pour location 22 (hourly)
[2026-06-29T09:20:57.124+0000] {extractor.py:208} INFO - Extraction hourly terminée: 18/22 succès
[2026-06-29T09:20:57.126+0000] {extractor.py:191} INFO - Début de l'extraction Open-Meteo (daily)
[2026-06-29T09:20:57.141+0000] {extractor.py:196} INFO - 22 stations à traiter
[2026-06-29T09:20:57.142+0000] {extractor.py:201} INFO - [daily] Traitement de Station Antananarivo (-18.87920000, 47.50790000)
[2026-06-29T09:20:57.825+0000] {extractor.py:99} INFO - weather_raw sauvegardé pour location 1 (daily)
[2026-06-29T09:20:57.826+0000] {extractor.py:201} INFO - [daily] Traitement de Station Antsirabe (-19.86560000, 47.03330000)
[2026-06-29T09:21:28.050+0000] {extractor.py:85} ERROR - Erreur API Open-Meteo (daily): HTTPSConnectionPool(host='api.open-meteo.com', port=443): Read timed out. (read timeout=30)
[2026-06-29T09:21:28.050+0000] {extractor.py:201} INFO - [daily] Traitement de Station Miarinarivo (-18.87410000, 46.26060000)
[2026-06-29T09:21:58.264+0000] {extractor.py:85} ERROR - Erreur API Open-Meteo (daily): HTTPSConnectionPool(host='api.open-meteo.com', port=443): Read timed out. (read timeout=30)
[2026-06-29T09:21:58.265+0000] {extractor.py:201} INFO - [daily] Traitement de Station Tsiroanomandidy (-18.76670000, 46.03330000)
[2026-06-29T09:22:28.535+0000] {extractor.py:85} ERROR - Erreur API Open-Meteo (daily): HTTPSConnectionPool(host='api.open-meteo.com', port=443): Read timed out. (read timeout=30)
[2026-06-29T09:22:28.538+0000] {extractor.py:201} INFO - [daily] Traitement de Station Fianarantsoa (-21.45280000, 47.08550000)
[2026-06-29T09:22:59.076+0000] {extractor.py:85} ERROR - Erreur API Open-Meteo (daily): HTTPSConnectionPool(host='api.open-meteo.com', port=443): Read timed out. (read timeout=30)
[2026-06-29T09:22:59.079+0000] {extractor.py:201} INFO - [daily] Traitement de Station Ambositra (-20.52500000, 47.22660000)
[2026-06-29T09:22:59.699+0000] {extractor.py:99} INFO - weather_raw sauvegardé pour location 6 (daily)
[2026-06-29T09:22:59.700+0000] {extractor.py:201} INFO - [daily] Traitement de Station Fenoarivo (-18.86670000, 48.46670000)
[2026-06-29T09:23:00.293+0000] {extractor.py:99} INFO - weather_raw sauvegardé pour location 7 (daily)
[2026-06-29T09:23:00.294+0000] {extractor.py:201} INFO - [daily] Traitement de Station Farafangana (-21.77360000, 47.83190000)
[2026-06-29T09:23:00.872+0000] {extractor.py:99} INFO - weather_raw sauvegardé pour location 8 (daily)
[2026-06-29T09:23:00.873+0000] {extractor.py:201} INFO - [daily] Traitement de Station Manakara (-21.78330000, 48.01670000)
[2026-06-29T09:23:01.439+0000] {extractor.py:99} INFO - weather_raw sauvegardé pour location 9 (daily)
[2026-06-29T09:23:01.440+0000] {extractor.py:201} INFO - [daily] Traitement de Station Toamasina (-18.14920000, 49.40230000)
[2026-06-29T09:23:01.974+0000] {extractor.py:99} INFO - weather_raw sauvegardé pour location 10 (daily)
[2026-06-29T09:23:01.974+0000] {extractor.py:201} INFO - [daily] Traitement de Station Fenoarivo Anj (-17.41670000, 49.16670000)
[2026-06-29T09:23:02.542+0000] {extractor.py:99} INFO - weather_raw sauvegardé pour location 11 (daily)
[2026-06-29T09:23:02.542+0000] {extractor.py:201} INFO - [daily] Traitement de Station Ambatondrazaka (-17.83330000, 48.41670000)
[2026-06-29T09:23:03.124+0000] {extractor.py:99} INFO - weather_raw sauvegardé pour location 12 (daily)
[2026-06-29T09:23:03.124+0000] {extractor.py:201} INFO - [daily] Traitement de Station Mahajanga (-15.71670000, 46.31670000)
[2026-06-29T09:23:03.691+0000] {extractor.py:99} INFO - weather_raw sauvegardé pour location 13 (daily)
[2026-06-29T09:23:03.691+0000] {extractor.py:201} INFO - [daily] Traitement de Station Antsohihy (-14.86670000, 48.76670000)
[2026-06-29T09:23:04.230+0000] {extractor.py:99} INFO - weather_raw sauvegardé pour location 14 (daily)
[2026-06-29T09:23:04.231+0000] {extractor.py:201} INFO - [daily] Traitement de Station Maevatanana (-16.38330000, 46.83330000)
[2026-06-29T09:23:04.808+0000] {extractor.py:99} INFO - weather_raw sauvegardé pour location 15 (daily)
[2026-06-29T09:23:04.809+0000] {extractor.py:201} INFO - [daily] Traitement de Station Melaky (-16.99360000, 44.71390000)
[2026-06-29T09:23:05.395+0000] {extractor.py:99} INFO - weather_raw sauvegardé pour location 16 (daily)
[2026-06-29T09:23:05.397+0000] {extractor.py:201} INFO - [daily] Traitement de Station Toliara (-23.35140000, 43.66670000)
[2026-06-29T09:23:06.108+0000] {extractor.py:99} INFO - weather_raw sauvegardé pour location 17 (daily)
[2026-06-29T09:23:06.109+0000] {extractor.py:201} INFO - [daily] Traitement de Station Ambovombe (-25.16670000, 46.11670000)
[2026-06-29T09:23:06.730+0000] {extractor.py:99} INFO - weather_raw sauvegardé pour location 18 (daily)
[2026-06-29T09:23:06.730+0000] {extractor.py:201} INFO - [daily] Traitement de Station Tolanaro (-25.03000000, 46.98000000)
[2026-06-29T09:23:37.035+0000] {extractor.py:85} ERROR - Erreur API Open-Meteo (daily): HTTPSConnectionPool(host='api.open-meteo.com', port=443): Read timed out. (read timeout=30)
[2026-06-29T09:23:37.036+0000] {extractor.py:201} INFO - [daily] Traitement de Station Morondava (-20.28410000, 44.31610000)
[2026-06-29T09:23:37.581+0000] {extractor.py:99} INFO - weather_raw sauvegardé pour location 20 (daily)
[2026-06-29T09:23:37.581+0000] {extractor.py:201} INFO - [daily] Traitement de Station Antsiranana (-12.26280000, 49.28610000)
[2026-06-29T09:24:07.792+0000] {extractor.py:85} ERROR - Erreur API Open-Meteo (daily): HTTPSConnectionPool(host='api.open-meteo.com', port=443): Read timed out. (read timeout=30)
[2026-06-29T09:24:07.793+0000] {extractor.py:201} INFO - [daily] Traitement de Station Sambava (-14.26670000, 50.16670000)
[2026-06-29T09:24:38.003+0000] {extractor.py:85} ERROR - Erreur API Open-Meteo (daily): HTTPSConnectionPool(host='api.open-meteo.com', port=443): Read timed out. (read timeout=30)
[2026-06-29T09:24:38.005+0000] {extractor.py:208} INFO - Extraction daily terminée: 15/22 succès
[2026-06-29T09:24:38.016+0000] {python.py:237} INFO - Done. Returned value was: None
[2026-06-29T09:24:38.019+0000] {taskinstance.py:441} INFO - ::group::Post task execution logs
[2026-06-29T09:24:38.072+0000] {taskinstance.py:1206} INFO - Marking task as SUCCESS. dag_id=weather_daily_dag, task_id=extract_hourly_daily, run_id=manual__2026-06-29T09:18:30.519998+00:00, execution_date=20260629T091830, start_date=20260629T091844, end_date=20260629T092438
[2026-06-29T09:24:38.194+0000] {local_task_job_runner.py:240} INFO - Task exited with return code 0
[2026-06-29T09:24:38.229+0000] {local_task_job_runner.py:222} INFO - ::endgroup::
