[2026-06-28T09:30:51.347+0000] {local_task_job_runner.py:120} INFO - ::group::Pre task execution logs
[2026-06-28T09:30:51.623+0000] {taskinstance.py:2076} INFO - Dependencies all met for dep_context=non-requeueable deps ti=<TaskInstance: weather_daily_dag.generate_reports manual__2026-06-28T09:21:04+00:00 [queued]>
[2026-06-28T09:30:51.641+0000] {taskinstance.py:2076} INFO - Dependencies all met for dep_context=requeueable deps ti=<TaskInstance: weather_daily_dag.generate_reports manual__2026-06-28T09:21:04+00:00 [queued]>
[2026-06-28T09:30:51.643+0000] {taskinstance.py:2306} INFO - Starting attempt 1 of 4
[2026-06-28T09:30:51.690+0000] {taskinstance.py:2330} INFO - Executing <Task(PythonOperator): generate_reports> on 2026-06-28 09:21:04+00:00
[2026-06-28T09:30:51.726+0000] {warnings.py:110} WARNING - /home/***/.local/lib/python3.12/site-packages/***/task/task_runner/standard_task_runner.py:61: DeprecationWarning: This process (pid=276) is multi-threaded, use of fork() may lead to deadlocks in the child.
  pid = os.fork()

[2026-06-28T09:30:51.720+0000] {standard_task_runner.py:90} INFO - Running: ['***', 'tasks', 'run', 'weather_daily_dag', 'generate_reports', 'manual__2026-06-28T09:21:04+00:00', '--job-id', '62', '--raw', '--subdir', 'DAGS_FOLDER/weather_etl_dag.py', '--cfg-path', '/tmp/tmp_bycs6uq']
[2026-06-28T09:30:51.728+0000] {standard_task_runner.py:91} INFO - Job 62: Subtask generate_reports
[2026-06-28T09:30:51.730+0000] {standard_task_runner.py:63} INFO - Started process 278 to run task
[2026-06-28T09:30:51.869+0000] {task_command.py:426} INFO - Running <TaskInstance: weather_daily_dag.generate_reports manual__2026-06-28T09:21:04+00:00 [running]> on host ef3b95b0c88e
[2026-06-28T09:30:52.072+0000] {taskinstance.py:2648} INFO - Exporting env vars: AIRFLOW_CTX_DAG_OWNER='elia' AIRFLOW_CTX_DAG_ID='weather_daily_dag' AIRFLOW_CTX_TASK_ID='generate_reports' AIRFLOW_CTX_EXECUTION_DATE='2026-06-28T09:21:04+00:00' AIRFLOW_CTX_TRY_NUMBER='1' AIRFLOW_CTX_DAG_RUN_ID='manual__2026-06-28T09:21:04+00:00'
[2026-06-28T09:30:52.076+0000] {taskinstance.py:430} INFO - ::endgroup::
[2026-06-28T09:30:52.171+0000] {logging_mixin.py:188} INFO - [reporter] 0 rapports à générer
[2026-06-28T09:30:52.172+0000] {logging_mixin.py:188} INFO - [reporter] terminé
[2026-06-28T09:30:52.175+0000] {python.py:237} INFO - Done. Returned value was: None
[2026-06-28T09:30:52.179+0000] {taskinstance.py:441} INFO - ::group::Post task execution logs
[2026-06-28T09:30:52.197+0000] {taskinstance.py:1206} INFO - Marking task as SUCCESS. dag_id=weather_daily_dag, task_id=generate_reports, run_id=manual__2026-06-28T09:21:04+00:00, execution_date=20260628T092104, start_date=20260628T093051, end_date=20260628T093052
[2026-06-28T09:30:52.243+0000] {local_task_job_runner.py:240} INFO - Task exited with return code 0
[2026-06-28T09:30:52.297+0000] {taskinstance.py:3498} INFO - 1 downstream tasks scheduled from follow-on schedule check
[2026-06-28T09:30:52.299+0000] {local_task_job_runner.py:222} INFO - ::endgroup::
