[2026-06-29T09:25:23.584+0000] {local_task_job_runner.py:120} INFO - ::group::Pre task execution logs
[2026-06-29T09:25:23.628+0000] {taskinstance.py:2076} INFO - Dependencies all met for dep_context=non-requeueable deps ti=<TaskInstance: weather_daily_dag.generate_reports manual__2026-06-29T09:18:30.519998+00:00 [queued]>
[2026-06-29T09:25:23.641+0000] {taskinstance.py:2076} INFO - Dependencies all met for dep_context=requeueable deps ti=<TaskInstance: weather_daily_dag.generate_reports manual__2026-06-29T09:18:30.519998+00:00 [queued]>
[2026-06-29T09:25:23.642+0000] {taskinstance.py:2306} INFO - Starting attempt 1 of 4
[2026-06-29T09:25:23.661+0000] {taskinstance.py:2330} INFO - Executing <Task(PythonOperator): generate_reports> on 2026-06-29 09:18:30.519998+00:00
[2026-06-29T09:25:23.704+0000] {warnings.py:110} WARNING - /home/***/.local/lib/python3.12/site-packages/***/task/task_runner/standard_task_runner.py:61: DeprecationWarning: This process (pid=190) is multi-threaded, use of fork() may lead to deadlocks in the child.
  pid = os.fork()

[2026-06-29T09:25:23.713+0000] {standard_task_runner.py:63} INFO - Started process 194 to run task
[2026-06-29T09:25:23.714+0000] {standard_task_runner.py:90} INFO - Running: ['***', 'tasks', 'run', 'weather_daily_dag', 'generate_reports', 'manual__2026-06-29T09:18:30.519998+00:00', '--job-id', '8', '--raw', '--subdir', 'DAGS_FOLDER/weather_etl_dag.py', '--cfg-path', '/tmp/tmps6rsoh_t']
[2026-06-29T09:25:23.722+0000] {standard_task_runner.py:91} INFO - Job 8: Subtask generate_reports
[2026-06-29T09:25:23.909+0000] {task_command.py:426} INFO - Running <TaskInstance: weather_daily_dag.generate_reports manual__2026-06-29T09:18:30.519998+00:00 [running]> on host 154fe34466cc
[2026-06-29T09:25:24.286+0000] {taskinstance.py:2648} INFO - Exporting env vars: AIRFLOW_CTX_DAG_OWNER='elia' AIRFLOW_CTX_DAG_ID='weather_daily_dag' AIRFLOW_CTX_TASK_ID='generate_reports' AIRFLOW_CTX_EXECUTION_DATE='2026-06-29T09:18:30.519998+00:00' AIRFLOW_CTX_TRY_NUMBER='1' AIRFLOW_CTX_DAG_RUN_ID='manual__2026-06-29T09:18:30.519998+00:00'
[2026-06-29T09:25:24.297+0000] {taskinstance.py:430} INFO - ::endgroup::
[2026-06-29T09:25:24.347+0000] {logging_mixin.py:188} INFO - [reporter] 154 rapports à générer
[2026-06-29T09:25:25.468+0000] {logging_mixin.py:188} INFO - [reporter] terminé
[2026-06-29T09:25:25.468+0000] {python.py:237} INFO - Done. Returned value was: None
[2026-06-29T09:25:25.473+0000] {taskinstance.py:441} INFO - ::group::Post task execution logs
[2026-06-29T09:25:25.489+0000] {taskinstance.py:1206} INFO - Marking task as SUCCESS. dag_id=weather_daily_dag, task_id=generate_reports, run_id=manual__2026-06-29T09:18:30.519998+00:00, execution_date=20260629T091830, start_date=20260629T092523, end_date=20260629T092525
[2026-06-29T09:25:25.532+0000] {local_task_job_runner.py:240} INFO - Task exited with return code 0
[2026-06-29T09:25:25.558+0000] {taskinstance.py:3498} INFO - 1 downstream tasks scheduled from follow-on schedule check
[2026-06-29T09:25:25.561+0000] {local_task_job_runner.py:222} INFO - ::endgroup::
