[2026-06-29T08:38:57.927+0000] {local_task_job_runner.py:120} INFO - ::group::Pre task execution logs
[2026-06-29T08:38:57.968+0000] {taskinstance.py:2076} INFO - Dependencies all met for dep_context=non-requeueable deps ti=<TaskInstance: weather_daily_dag.extract_hourly_daily scheduled__2026-06-28T00:00:00+00:00 [queued]>
[2026-06-29T08:38:57.983+0000] {taskinstance.py:2076} INFO - Dependencies all met for dep_context=requeueable deps ti=<TaskInstance: weather_daily_dag.extract_hourly_daily scheduled__2026-06-28T00:00:00+00:00 [queued]>
[2026-06-29T08:38:57.984+0000] {taskinstance.py:2306} INFO - Starting attempt 1 of 4
[2026-06-29T08:38:58.030+0000] {taskinstance.py:2330} INFO - Executing <Task(PythonOperator): extract_hourly_daily> on 2026-06-28 00:00:00+00:00
[2026-06-29T08:38:58.056+0000] {warnings.py:110} WARNING - /home/***/.local/lib/python3.12/site-packages/***/task/task_runner/standard_task_runner.py:61: DeprecationWarning: This process (pid=198) is multi-threaded, use of fork() may lead to deadlocks in the child.
  pid = os.fork()

[2026-06-29T08:38:58.060+0000] {standard_task_runner.py:63} INFO - Started process 202 to run task
[2026-06-29T08:38:58.067+0000] {standard_task_runner.py:90} INFO - Running: ['***', 'tasks', 'run', 'weather_daily_dag', 'extract_hourly_daily', 'scheduled__2026-06-28T00:00:00+00:00', '--job-id', '4', '--raw', '--subdir', 'DAGS_FOLDER/weather_etl_dag.py', '--cfg-path', '/tmp/tmpjifg85wy']
[2026-06-29T08:38:58.076+0000] {standard_task_runner.py:91} INFO - Job 4: Subtask extract_hourly_daily
[2026-06-29T08:38:58.191+0000] {task_command.py:426} INFO - Running <TaskInstance: weather_daily_dag.extract_hourly_daily scheduled__2026-06-28T00:00:00+00:00 [running]> on host ae5ab0cb5e0e
[2026-06-29T08:38:58.358+0000] {taskinstance.py:2648} INFO - Exporting env vars: AIRFLOW_CTX_DAG_OWNER='elia' AIRFLOW_CTX_DAG_ID='weather_daily_dag' AIRFLOW_CTX_TASK_ID='extract_hourly_daily' AIRFLOW_CTX_EXECUTION_DATE='2026-06-28T00:00:00+00:00' AIRFLOW_CTX_TRY_NUMBER='1' AIRFLOW_CTX_DAG_RUN_ID='scheduled__2026-06-28T00:00:00+00:00'
[2026-06-29T08:38:58.362+0000] {taskinstance.py:430} INFO - ::endgroup::
[2026-06-29T08:38:58.363+0000] {extractor.py:191} INFO - Début de l'extraction Open-Meteo (hourly)
[2026-06-29T08:38:58.406+0000] {extractor.py:219} ERROR - Erreur critique (hourly): relation "weather_locations" does not exist
LINE 3:                 FROM weather_locations
                             ^

[2026-06-29T08:38:58.409+0000] {taskinstance.py:441} INFO - ::group::Post task execution logs
[2026-06-29T08:38:58.409+0000] {taskinstance.py:2905} ERROR - Task failed with exception
Traceback (most recent call last):
  File "/opt/airflow/dags/extractor.py", line 195, in run_open_meteo_extraction
    locations = self.get_locations()
                ^^^^^^^^^^^^^^^^^^^^
  File "/opt/airflow/dags/extractor.py", line 39, in get_locations
    cur.execute("""
psycopg2.errors.UndefinedTable: relation "weather_locations" does not exist
LINE 3:                 FROM weather_locations
                             ^


During handling of the above exception, another exception occurred:

Traceback (most recent call last):
  File "/home/airflow/.local/lib/python3.12/site-packages/airflow/models/taskinstance.py", line 465, in _execute_task
    result = _execute_callable(context=context, **execute_callable_kwargs)
             ^^^^^^^^^^^^^^^^^^^^^^^^^^^^^^^^^^^^^^^^^^^^^^^^^^^^^^^^^^^^^
  File "/home/airflow/.local/lib/python3.12/site-packages/airflow/models/taskinstance.py", line 432, in _execute_callable
    return execute_callable(context=context, **execute_callable_kwargs)
           ^^^^^^^^^^^^^^^^^^^^^^^^^^^^^^^^^^^^^^^^^^^^^^^^^^^^^^^^^^^^
  File "/home/airflow/.local/lib/python3.12/site-packages/airflow/models/baseoperator.py", line 400, in wrapper
    return func(self, *args, **kwargs)
           ^^^^^^^^^^^^^^^^^^^^^^^^^^^
  File "/home/airflow/.local/lib/python3.12/site-packages/airflow/operators/python.py", line 235, in execute
    return_value = self.execute_callable()
                   ^^^^^^^^^^^^^^^^^^^^^^^
  File "/home/airflow/.local/lib/python3.12/site-packages/airflow/operators/python.py", line 252, in execute_callable
    return self.python_callable(*self.op_args, **self.op_kwargs)
           ^^^^^^^^^^^^^^^^^^^^^^^^^^^^^^^^^^^^^^^^^^^^^^^^^^^^^
  File "/opt/airflow/dags/extractor.py", line 255, in run_hourly_daily
    extractor.run_open_meteo_extraction('hourly')
  File "/opt/airflow/dags/extractor.py", line 221, in run_open_meteo_extraction
    cur.execute("""
psycopg2.errors.InFailedSqlTransaction: current transaction is aborted, commands ignored until end of transaction block

[2026-06-29T08:38:58.443+0000] {taskinstance.py:1206} INFO - Marking task as UP_FOR_RETRY. dag_id=weather_daily_dag, task_id=extract_hourly_daily, run_id=scheduled__2026-06-28T00:00:00+00:00, execution_date=20260628T000000, start_date=20260629T083857, end_date=20260629T083858
[2026-06-29T08:38:58.484+0000] {standard_task_runner.py:110} ERROR - Failed to execute job 4 for task extract_hourly_daily (current transaction is aborted, commands ignored until end of transaction block
; 202)
[2026-06-29T08:38:58.524+0000] {local_task_job_runner.py:240} INFO - Task exited with return code 1
[2026-06-29T08:38:58.584+0000] {taskinstance.py:3498} INFO - 0 downstream tasks scheduled from follow-on schedule check
[2026-06-29T08:38:58.594+0000] {local_task_job_runner.py:222} INFO - ::endgroup::
[2026-06-29T09:18:43.973+0000] {local_task_job_runner.py:120} INFO - ::group::Pre task execution logs
[2026-06-29T09:18:44.035+0000] {taskinstance.py:2076} INFO - Dependencies all met for dep_context=non-requeueable deps ti=<TaskInstance: weather_daily_dag.extract_hourly_daily scheduled__2026-06-28T00:00:00+00:00 [queued]>
[2026-06-29T09:18:44.053+0000] {taskinstance.py:2076} INFO - Dependencies all met for dep_context=requeueable deps ti=<TaskInstance: weather_daily_dag.extract_hourly_daily scheduled__2026-06-28T00:00:00+00:00 [queued]>
[2026-06-29T09:18:44.053+0000] {taskinstance.py:2306} INFO - Starting attempt 1 of 4
[2026-06-29T09:18:44.085+0000] {taskinstance.py:2330} INFO - Executing <Task(PythonOperator): extract_hourly_daily> on 2026-06-28 00:00:00+00:00
[2026-06-29T09:18:44.109+0000] {warnings.py:110} WARNING - /home/***/.local/lib/python3.12/site-packages/***/task/task_runner/standard_task_runner.py:61: DeprecationWarning: This process (pid=109) is multi-threaded, use of fork() may lead to deadlocks in the child.
  pid = os.fork()

[2026-06-29T09:18:44.119+0000] {standard_task_runner.py:63} INFO - Started process 113 to run task
[2026-06-29T09:18:44.119+0000] {standard_task_runner.py:90} INFO - Running: ['***', 'tasks', 'run', 'weather_daily_dag', 'extract_hourly_daily', 'scheduled__2026-06-28T00:00:00+00:00', '--job-id', '3', '--raw', '--subdir', 'DAGS_FOLDER/weather_etl_dag.py', '--cfg-path', '/tmp/tmp6_l9n2xh']
[2026-06-29T09:18:44.127+0000] {standard_task_runner.py:91} INFO - Job 3: Subtask extract_hourly_daily
[2026-06-29T09:18:44.334+0000] {task_command.py:426} INFO - Running <TaskInstance: weather_daily_dag.extract_hourly_daily scheduled__2026-06-28T00:00:00+00:00 [running]> on host 154fe34466cc
[2026-06-29T09:18:44.491+0000] {taskinstance.py:2648} INFO - Exporting env vars: AIRFLOW_CTX_DAG_OWNER='elia' AIRFLOW_CTX_DAG_ID='weather_daily_dag' AIRFLOW_CTX_TASK_ID='extract_hourly_daily' AIRFLOW_CTX_EXECUTION_DATE='2026-06-28T00:00:00+00:00' AIRFLOW_CTX_TRY_NUMBER='1' AIRFLOW_CTX_DAG_RUN_ID='scheduled__2026-06-28T00:00:00+00:00'
[2026-06-29T09:18:44.494+0000] {taskinstance.py:430} INFO - ::endgroup::
[2026-06-29T09:18:44.495+0000] {extractor.py:191} INFO - Début de l'extraction Open-Meteo (hourly)
[2026-06-29T09:18:44.503+0000] {extractor.py:196} INFO - 22 stations à traiter
[2026-06-29T09:18:44.506+0000] {extractor.py:201} INFO - [hourly] Traitement de Station Antananarivo (-18.87920000, 47.50790000)
[2026-06-29T09:18:45.344+0000] {extractor.py:99} INFO - weather_raw sauvegardé pour location 1 (hourly)
[2026-06-29T09:18:45.345+0000] {extractor.py:201} INFO - [hourly] Traitement de Station Antsirabe (-19.86560000, 47.03330000)
[2026-06-29T09:18:46.015+0000] {extractor.py:99} INFO - weather_raw sauvegardé pour location 2 (hourly)
[2026-06-29T09:18:46.019+0000] {extractor.py:201} INFO - [hourly] Traitement de Station Miarinarivo (-18.87410000, 46.26060000)
[2026-06-29T09:18:46.642+0000] {extractor.py:99} INFO - weather_raw sauvegardé pour location 3 (hourly)
[2026-06-29T09:18:46.642+0000] {extractor.py:201} INFO - [hourly] Traitement de Station Tsiroanomandidy (-18.76670000, 46.03330000)
[2026-06-29T09:18:47.272+0000] {extractor.py:99} INFO - weather_raw sauvegardé pour location 4 (hourly)
[2026-06-29T09:18:47.273+0000] {extractor.py:201} INFO - [hourly] Traitement de Station Fianarantsoa (-21.45280000, 47.08550000)
[2026-06-29T09:18:47.905+0000] {extractor.py:99} INFO - weather_raw sauvegardé pour location 5 (hourly)
[2026-06-29T09:18:47.906+0000] {extractor.py:201} INFO - [hourly] Traitement de Station Ambositra (-20.52500000, 47.22660000)
[2026-06-29T09:18:48.510+0000] {extractor.py:99} INFO - weather_raw sauvegardé pour location 6 (hourly)
[2026-06-29T09:18:48.511+0000] {extractor.py:201} INFO - [hourly] Traitement de Station Fenoarivo (-18.86670000, 48.46670000)
[2026-06-29T09:18:49.056+0000] {extractor.py:99} INFO - weather_raw sauvegardé pour location 7 (hourly)
[2026-06-29T09:18:49.056+0000] {extractor.py:201} INFO - [hourly] Traitement de Station Farafangana (-21.77360000, 47.83190000)
[2026-06-29T09:18:49.635+0000] {extractor.py:99} INFO - weather_raw sauvegardé pour location 8 (hourly)
[2026-06-29T09:18:49.635+0000] {extractor.py:201} INFO - [hourly] Traitement de Station Manakara (-21.78330000, 48.01670000)
[2026-06-29T09:18:50.199+0000] {extractor.py:99} INFO - weather_raw sauvegardé pour location 9 (hourly)
[2026-06-29T09:18:50.199+0000] {extractor.py:201} INFO - [hourly] Traitement de Station Toamasina (-18.14920000, 49.40230000)
[2026-06-29T09:18:50.830+0000] {extractor.py:99} INFO - weather_raw sauvegardé pour location 10 (hourly)
[2026-06-29T09:18:50.831+0000] {extractor.py:201} INFO - [hourly] Traitement de Station Fenoarivo Anj (-17.41670000, 49.16670000)
[2026-06-29T09:19:21.050+0000] {extractor.py:85} ERROR - Erreur API Open-Meteo (hourly): HTTPSConnectionPool(host='api.open-meteo.com', port=443): Read timed out. (read timeout=30)
[2026-06-29T09:19:21.051+0000] {extractor.py:201} INFO - [hourly] Traitement de Station Ambatondrazaka (-17.83330000, 48.41670000)
[2026-06-29T09:19:51.265+0000] {extractor.py:85} ERROR - Erreur API Open-Meteo (hourly): HTTPSConnectionPool(host='api.open-meteo.com', port=443): Read timed out. (read timeout=30)
[2026-06-29T09:19:51.270+0000] {extractor.py:201} INFO - [hourly] Traitement de Station Mahajanga (-15.71670000, 46.31670000)
[2026-06-29T09:20:21.572+0000] {extractor.py:85} ERROR - Erreur API Open-Meteo (hourly): HTTPSConnectionPool(host='api.open-meteo.com', port=443): Read timed out. (read timeout=30)
[2026-06-29T09:20:21.573+0000] {extractor.py:201} INFO - [hourly] Traitement de Station Antsohihy (-14.86670000, 48.76670000)
[2026-06-29T09:20:51.780+0000] {extractor.py:85} ERROR - Erreur API Open-Meteo (hourly): HTTPSConnectionPool(host='api.open-meteo.com', port=443): Read timed out. (read timeout=30)
[2026-06-29T09:20:51.781+0000] {extractor.py:201} INFO - [hourly] Traitement de Station Maevatanana (-16.38330000, 46.83330000)
[2026-06-29T09:20:52.406+0000] {extractor.py:99} INFO - weather_raw sauvegardé pour location 15 (hourly)
[2026-06-29T09:20:52.406+0000] {extractor.py:201} INFO - [hourly] Traitement de Station Melaky (-16.99360000, 44.71390000)
[2026-06-29T09:20:53.049+0000] {extractor.py:99} INFO - weather_raw sauvegardé pour location 16 (hourly)
[2026-06-29T09:20:53.049+0000] {extractor.py:201} INFO - [hourly] Traitement de Station Toliara (-23.35140000, 43.66670000)
[2026-06-29T09:20:53.657+0000] {extractor.py:99} INFO - weather_raw sauvegardé pour location 17 (hourly)
[2026-06-29T09:20:53.658+0000] {extractor.py:201} INFO - [hourly] Traitement de Station Ambovombe (-25.16670000, 46.11670000)
[2026-06-29T09:20:54.295+0000] {extractor.py:99} INFO - weather_raw sauvegardé pour location 18 (hourly)
[2026-06-29T09:20:54.296+0000] {extractor.py:201} INFO - [hourly] Traitement de Station Tolanaro (-25.03000000, 46.98000000)
[2026-06-29T09:20:54.922+0000] {extractor.py:99} INFO - weather_raw sauvegardé pour location 19 (hourly)
[2026-06-29T09:20:54.923+0000] {extractor.py:201} INFO - [hourly] Traitement de Station Morondava (-20.28410000, 44.31610000)
[2026-06-29T09:20:55.578+0000] {extractor.py:99} INFO - weather_raw sauvegardé pour location 20 (hourly)
[2026-06-29T09:20:55.578+0000] {extractor.py:201} INFO - [hourly] Traitement de Station Antsiranana (-12.26280000, 49.28610000)
[2026-06-29T09:20:56.157+0000] {extractor.py:99} INFO - weather_raw sauvegardé pour location 21 (hourly)
[2026-06-29T09:20:56.157+0000] {extractor.py:201} INFO - [hourly] Traitement de Station Sambava (-14.26670000, 50.16670000)
[2026-06-29T09:20:56.715+0000] {extractor.py:99} INFO - weather_raw sauvegardé pour location 22 (hourly)
[2026-06-29T09:20:56.716+0000] {extractor.py:208} INFO - Extraction hourly terminée: 18/22 succès
[2026-06-29T09:20:56.728+0000] {extractor.py:191} INFO - Début de l'extraction Open-Meteo (daily)
[2026-06-29T09:20:56.742+0000] {extractor.py:196} INFO - 22 stations à traiter
[2026-06-29T09:20:56.743+0000] {extractor.py:201} INFO - [daily] Traitement de Station Antananarivo (-18.87920000, 47.50790000)
[2026-06-29T09:20:57.623+0000] {extractor.py:99} INFO - weather_raw sauvegardé pour location 1 (daily)
[2026-06-29T09:20:57.624+0000] {extractor.py:201} INFO - [daily] Traitement de Station Antsirabe (-19.86560000, 47.03330000)
[2026-06-29T09:20:58.308+0000] {extractor.py:99} INFO - weather_raw sauvegardé pour location 2 (daily)
[2026-06-29T09:20:58.308+0000] {extractor.py:201} INFO - [daily] Traitement de Station Miarinarivo (-18.87410000, 46.26060000)
[2026-06-29T09:20:58.970+0000] {extractor.py:99} INFO - weather_raw sauvegardé pour location 3 (daily)
[2026-06-29T09:20:58.971+0000] {extractor.py:201} INFO - [daily] Traitement de Station Tsiroanomandidy (-18.76670000, 46.03330000)
[2026-06-29T09:21:29.512+0000] {extractor.py:85} ERROR - Erreur API Open-Meteo (daily): HTTPSConnectionPool(host='api.open-meteo.com', port=443): Read timed out. (read timeout=30)
[2026-06-29T09:21:29.513+0000] {extractor.py:201} INFO - [daily] Traitement de Station Fianarantsoa (-21.45280000, 47.08550000)
[2026-06-29T09:21:59.721+0000] {extractor.py:85} ERROR - Erreur API Open-Meteo (daily): HTTPSConnectionPool(host='api.open-meteo.com', port=443): Read timed out. (read timeout=30)
[2026-06-29T09:21:59.722+0000] {extractor.py:201} INFO - [daily] Traitement de Station Ambositra (-20.52500000, 47.22660000)
[2026-06-29T09:22:29.939+0000] {extractor.py:85} ERROR - Erreur API Open-Meteo (daily): HTTPSConnectionPool(host='api.open-meteo.com', port=443): Read timed out. (read timeout=30)
[2026-06-29T09:22:29.944+0000] {extractor.py:201} INFO - [daily] Traitement de Station Fenoarivo (-18.86670000, 48.46670000)
[2026-06-29T09:23:00.289+0000] {extractor.py:85} ERROR - Erreur API Open-Meteo (daily): HTTPSConnectionPool(host='api.open-meteo.com', port=443): Read timed out. (read timeout=30)
[2026-06-29T09:23:00.306+0000] {extractor.py:201} INFO - [daily] Traitement de Station Farafangana (-21.77360000, 47.83190000)
[2026-06-29T09:23:00.900+0000] {extractor.py:99} INFO - weather_raw sauvegardé pour location 8 (daily)
[2026-06-29T09:23:00.900+0000] {extractor.py:201} INFO - [daily] Traitement de Station Manakara (-21.78330000, 48.01670000)
[2026-06-29T09:23:01.463+0000] {extractor.py:99} INFO - weather_raw sauvegardé pour location 9 (daily)
[2026-06-29T09:23:01.464+0000] {extractor.py:201} INFO - [daily] Traitement de Station Toamasina (-18.14920000, 49.40230000)
[2026-06-29T09:23:02.085+0000] {extractor.py:99} INFO - weather_raw sauvegardé pour location 10 (daily)
[2026-06-29T09:23:02.086+0000] {extractor.py:201} INFO - [daily] Traitement de Station Fenoarivo Anj (-17.41670000, 49.16670000)
[2026-06-29T09:23:02.646+0000] {extractor.py:99} INFO - weather_raw sauvegardé pour location 11 (daily)
[2026-06-29T09:23:02.647+0000] {extractor.py:201} INFO - [daily] Traitement de Station Ambatondrazaka (-17.83330000, 48.41670000)
[2026-06-29T09:23:03.277+0000] {extractor.py:99} INFO - weather_raw sauvegardé pour location 12 (daily)
[2026-06-29T09:23:03.277+0000] {extractor.py:201} INFO - [daily] Traitement de Station Mahajanga (-15.71670000, 46.31670000)
[2026-06-29T09:23:03.858+0000] {extractor.py:99} INFO - weather_raw sauvegardé pour location 13 (daily)
[2026-06-29T09:23:03.859+0000] {extractor.py:201} INFO - [daily] Traitement de Station Antsohihy (-14.86670000, 48.76670000)
[2026-06-29T09:23:04.480+0000] {extractor.py:99} INFO - weather_raw sauvegardé pour location 14 (daily)
[2026-06-29T09:23:04.480+0000] {extractor.py:201} INFO - [daily] Traitement de Station Maevatanana (-16.38330000, 46.83330000)
[2026-06-29T09:23:05.085+0000] {extractor.py:99} INFO - weather_raw sauvegardé pour location 15 (daily)
[2026-06-29T09:23:05.086+0000] {extractor.py:201} INFO - [daily] Traitement de Station Melaky (-16.99360000, 44.71390000)
[2026-06-29T09:23:35.502+0000] {extractor.py:85} ERROR - Erreur API Open-Meteo (daily): HTTPSConnectionPool(host='api.open-meteo.com', port=443): Read timed out. (read timeout=30)
[2026-06-29T09:23:35.507+0000] {extractor.py:201} INFO - [daily] Traitement de Station Toliara (-23.35140000, 43.66670000)
[2026-06-29T09:24:05.867+0000] {extractor.py:85} ERROR - Erreur API Open-Meteo (daily): HTTPSConnectionPool(host='api.open-meteo.com', port=443): Read timed out. (read timeout=30)
[2026-06-29T09:24:05.867+0000] {extractor.py:201} INFO - [daily] Traitement de Station Ambovombe (-25.16670000, 46.11670000)
[2026-06-29T09:24:36.112+0000] {extractor.py:85} ERROR - Erreur API Open-Meteo (daily): HTTPSConnectionPool(host='api.open-meteo.com', port=443): Read timed out. (read timeout=30)
[2026-06-29T09:24:36.120+0000] {extractor.py:201} INFO - [daily] Traitement de Station Tolanaro (-25.03000000, 46.98000000)
[2026-06-29T09:25:06.408+0000] {extractor.py:85} ERROR - Erreur API Open-Meteo (daily): HTTPSConnectionPool(host='api.open-meteo.com', port=443): Read timed out. (read timeout=30)
[2026-06-29T09:25:06.409+0000] {extractor.py:201} INFO - [daily] Traitement de Station Morondava (-20.28410000, 44.31610000)
[2026-06-29T09:25:07.002+0000] {extractor.py:99} INFO - weather_raw sauvegardé pour location 20 (daily)
[2026-06-29T09:25:07.003+0000] {extractor.py:201} INFO - [daily] Traitement de Station Antsiranana (-12.26280000, 49.28610000)
[2026-06-29T09:25:07.643+0000] {extractor.py:99} INFO - weather_raw sauvegardé pour location 21 (daily)
[2026-06-29T09:25:07.647+0000] {extractor.py:201} INFO - [daily] Traitement de Station Sambava (-14.26670000, 50.16670000)
[2026-06-29T09:25:08.662+0000] {extractor.py:99} INFO - weather_raw sauvegardé pour location 22 (daily)
[2026-06-29T09:25:08.663+0000] {extractor.py:208} INFO - Extraction daily terminée: 14/22 succès
[2026-06-29T09:25:08.679+0000] {python.py:237} INFO - Done. Returned value was: None
[2026-06-29T09:25:08.722+0000] {taskinstance.py:441} INFO - ::group::Post task execution logs
[2026-06-29T09:25:08.763+0000] {taskinstance.py:1206} INFO - Marking task as SUCCESS. dag_id=weather_daily_dag, task_id=extract_hourly_daily, run_id=scheduled__2026-06-28T00:00:00+00:00, execution_date=20260628T000000, start_date=20260629T091844, end_date=20260629T092508
[2026-06-29T09:25:08.923+0000] {local_task_job_runner.py:240} INFO - Task exited with return code 0
[2026-06-29T09:25:09.049+0000] {taskinstance.py:3498} INFO - 1 downstream tasks scheduled from follow-on schedule check
[2026-06-29T09:25:09.062+0000] {local_task_job_runner.py:222} INFO - ::endgroup::
