[2026-06-29T09:24:43.208+0000] {local_task_job_runner.py:120} INFO - ::group::Pre task execution logs
[2026-06-29T09:24:43.350+0000] {taskinstance.py:2076} INFO - Dependencies all met for dep_context=non-requeueable deps ti=<TaskInstance: weather_daily_dag.transform_clean manual__2026-06-29T09:18:30.519998+00:00 [queued]>
[2026-06-29T09:24:43.371+0000] {taskinstance.py:2076} INFO - Dependencies all met for dep_context=requeueable deps ti=<TaskInstance: weather_daily_dag.transform_clean manual__2026-06-29T09:18:30.519998+00:00 [queued]>
[2026-06-29T09:24:43.372+0000] {taskinstance.py:2306} INFO - Starting attempt 1 of 4
[2026-06-29T09:24:43.408+0000] {taskinstance.py:2330} INFO - Executing <Task(PythonOperator): transform_clean> on 2026-06-29 09:18:30.519998+00:00
[2026-06-29T09:24:43.430+0000] {warnings.py:110} WARNING - /home/***/.local/lib/python3.12/site-packages/***/task/task_runner/standard_task_runner.py:61: DeprecationWarning: This process (pid=174) is multi-threaded, use of fork() may lead to deadlocks in the child.
  pid = os.fork()

[2026-06-29T09:24:43.434+0000] {standard_task_runner.py:63} INFO - Started process 176 to run task
[2026-06-29T09:24:43.436+0000] {standard_task_runner.py:90} INFO - Running: ['***', 'tasks', 'run', 'weather_daily_dag', 'transform_clean', 'manual__2026-06-29T09:18:30.519998+00:00', '--job-id', '5', '--raw', '--subdir', 'DAGS_FOLDER/weather_etl_dag.py', '--cfg-path', '/tmp/tmpnvnta0rz']
[2026-06-29T09:24:43.443+0000] {standard_task_runner.py:91} INFO - Job 5: Subtask transform_clean
[2026-06-29T09:24:43.634+0000] {task_command.py:426} INFO - Running <TaskInstance: weather_daily_dag.transform_clean manual__2026-06-29T09:18:30.519998+00:00 [running]> on host 154fe34466cc
[2026-06-29T09:24:43.968+0000] {taskinstance.py:2648} INFO - Exporting env vars: AIRFLOW_CTX_DAG_OWNER='elia' AIRFLOW_CTX_DAG_ID='weather_daily_dag' AIRFLOW_CTX_TASK_ID='transform_clean' AIRFLOW_CTX_EXECUTION_DATE='2026-06-29T09:18:30.519998+00:00' AIRFLOW_CTX_TRY_NUMBER='1' AIRFLOW_CTX_DAG_RUN_ID='manual__2026-06-29T09:18:30.519998+00:00'
[2026-06-29T09:24:43.975+0000] {taskinstance.py:430} INFO - ::endgroup::
[2026-06-29T09:24:44.066+0000] {logging_mixin.py:188} INFO - [transform] 62 entrées à traiter
[2026-06-29T09:24:44.926+0000] {logging_mixin.py:188} INFO - [transform] raw_id=2 ERREUR: duplicate key value violates unique constraint "weather_clean_location_id_variable_id_timestamp_key"
DETAIL:  Key (location_id, variable_id, "timestamp")=(1, 3, 2026-06-29 00:00:00) already exists.
[2026-06-29T09:24:45.741+0000] {logging_mixin.py:188} INFO - [transform] raw_id=4 ERREUR: duplicate key value violates unique constraint "weather_clean_location_id_variable_id_timestamp_key"
DETAIL:  Key (location_id, variable_id, "timestamp")=(2, 3, 2026-06-29 00:00:00) already exists.
[2026-06-29T09:24:47.020+0000] {logging_mixin.py:188} INFO - [transform] raw_id=6 ERREUR: duplicate key value violates unique constraint "weather_clean_location_id_variable_id_timestamp_key"
DETAIL:  Key (location_id, variable_id, "timestamp")=(3, 3, 2026-06-29 00:00:00) already exists.
[2026-06-29T09:24:48.381+0000] {logging_mixin.py:188} INFO - [transform] raw_id=8 ERREUR: duplicate key value violates unique constraint "weather_clean_location_id_variable_id_timestamp_key"
DETAIL:  Key (location_id, variable_id, "timestamp")=(4, 3, 2026-06-29 00:00:00) already exists.
[2026-06-29T09:24:49.257+0000] {logging_mixin.py:188} INFO - [transform] raw_id=10 ERREUR: duplicate key value violates unique constraint "weather_clean_location_id_variable_id_timestamp_key"
DETAIL:  Key (location_id, variable_id, "timestamp")=(5, 3, 2026-06-29 00:00:00) already exists.
[2026-06-29T09:24:49.949+0000] {logging_mixin.py:188} INFO - [transform] raw_id=12 ERREUR: duplicate key value violates unique constraint "weather_clean_location_id_variable_id_timestamp_key"
DETAIL:  Key (location_id, variable_id, "timestamp")=(6, 3, 2026-06-29 00:00:00) already exists.
[2026-06-29T09:24:50.851+0000] {logging_mixin.py:188} INFO - [transform] raw_id=14 ERREUR: duplicate key value violates unique constraint "weather_clean_location_id_variable_id_timestamp_key"
DETAIL:  Key (location_id, variable_id, "timestamp")=(7, 3, 2026-06-29 00:00:00) already exists.
[2026-06-29T09:24:52.084+0000] {logging_mixin.py:188} INFO - [transform] raw_id=16 ERREUR: duplicate key value violates unique constraint "weather_clean_location_id_variable_id_timestamp_key"
DETAIL:  Key (location_id, variable_id, "timestamp")=(8, 3, 2026-06-29 00:00:00) already exists.
[2026-06-29T09:24:54.527+0000] {logging_mixin.py:188} INFO - [transform] raw_id=18 ERREUR: duplicate key value violates unique constraint "weather_clean_location_id_variable_id_timestamp_key"
DETAIL:  Key (location_id, variable_id, "timestamp")=(9, 3, 2026-06-29 00:00:00) already exists.
[2026-06-29T09:24:55.350+0000] {logging_mixin.py:188} INFO - [transform] raw_id=20 ERREUR: duplicate key value violates unique constraint "weather_clean_location_id_variable_id_timestamp_key"
DETAIL:  Key (location_id, variable_id, "timestamp")=(10, 3, 2026-06-29 00:00:00) already exists.
[2026-06-29T09:24:58.410+0000] {logging_mixin.py:188} INFO - [transform] raw_id=24 ERREUR: duplicate key value violates unique constraint "weather_clean_location_id_variable_id_timestamp_key"
DETAIL:  Key (location_id, variable_id, "timestamp")=(16, 3, 2026-06-29 00:00:00) already exists.
[2026-06-29T09:25:00.050+0000] {logging_mixin.py:188} INFO - [transform] raw_id=26 ERREUR: duplicate key value violates unique constraint "weather_clean_location_id_variable_id_timestamp_key"
DETAIL:  Key (location_id, variable_id, "timestamp")=(17, 3, 2026-06-29 00:00:00) already exists.
[2026-06-29T09:25:00.905+0000] {logging_mixin.py:188} INFO - [transform] raw_id=28 ERREUR: duplicate key value violates unique constraint "weather_clean_location_id_variable_id_timestamp_key"
DETAIL:  Key (location_id, variable_id, "timestamp")=(18, 3, 2026-06-29 00:00:00) already exists.
[2026-06-29T09:25:01.913+0000] {logging_mixin.py:188} INFO - [transform] raw_id=30 ERREUR: duplicate key value violates unique constraint "weather_clean_location_id_variable_id_timestamp_key"
DETAIL:  Key (location_id, variable_id, "timestamp")=(19, 3, 2026-06-29 00:00:00) already exists.
[2026-06-29T09:25:02.674+0000] {logging_mixin.py:188} INFO - [transform] raw_id=32 ERREUR: duplicate key value violates unique constraint "weather_clean_location_id_variable_id_timestamp_key"
DETAIL:  Key (location_id, variable_id, "timestamp")=(20, 3, 2026-06-29 00:00:00) already exists.
[2026-06-29T09:25:03.431+0000] {logging_mixin.py:188} INFO - [transform] raw_id=34 ERREUR: duplicate key value violates unique constraint "weather_clean_location_id_variable_id_timestamp_key"
DETAIL:  Key (location_id, variable_id, "timestamp")=(21, 3, 2026-06-29 00:00:00) already exists.
[2026-06-29T09:25:05.173+0000] {logging_mixin.py:188} INFO - [transform] raw_id=36 ERREUR: duplicate key value violates unique constraint "weather_clean_location_id_variable_id_timestamp_key"
DETAIL:  Key (location_id, variable_id, "timestamp")=(22, 3, 2026-06-29 00:00:00) already exists.
[2026-06-29T09:25:05.209+0000] {logging_mixin.py:188} INFO - [transform] raw_id=38 ERREUR: duplicate key value violates unique constraint "weather_clean_location_id_variable_id_timestamp_key"
DETAIL:  Key (location_id, variable_id, "timestamp")=(1, 10, 2026-06-29 00:00:00) already exists.
[2026-06-29T09:25:05.397+0000] {logging_mixin.py:188} INFO - [transform] raw_id=44 ERREUR: duplicate key value violates unique constraint "weather_clean_location_id_variable_id_timestamp_key"
DETAIL:  Key (location_id, variable_id, "timestamp")=(8, 10, 2026-06-29 00:00:00) already exists.
[2026-06-29T09:25:05.431+0000] {logging_mixin.py:188} INFO - [transform] raw_id=46 ERREUR: duplicate key value violates unique constraint "weather_clean_location_id_variable_id_timestamp_key"
DETAIL:  Key (location_id, variable_id, "timestamp")=(9, 10, 2026-06-29 00:00:00) already exists.
[2026-06-29T09:25:05.488+0000] {logging_mixin.py:188} INFO - [transform] raw_id=48 ERREUR: duplicate key value violates unique constraint "weather_clean_location_id_variable_id_timestamp_key"
DETAIL:  Key (location_id, variable_id, "timestamp")=(10, 10, 2026-06-29 00:00:00) already exists.
[2026-06-29T09:25:05.572+0000] {logging_mixin.py:188} INFO - [transform] raw_id=50 ERREUR: duplicate key value violates unique constraint "weather_clean_location_id_variable_id_timestamp_key"
DETAIL:  Key (location_id, variable_id, "timestamp")=(11, 10, 2026-06-29 00:00:00) already exists.
[2026-06-29T09:25:05.616+0000] {logging_mixin.py:188} INFO - [transform] raw_id=52 ERREUR: duplicate key value violates unique constraint "weather_clean_location_id_variable_id_timestamp_key"
DETAIL:  Key (location_id, variable_id, "timestamp")=(12, 10, 2026-06-29 00:00:00) already exists.
[2026-06-29T09:25:05.661+0000] {logging_mixin.py:188} INFO - [transform] raw_id=54 ERREUR: duplicate key value violates unique constraint "weather_clean_location_id_variable_id_timestamp_key"
DETAIL:  Key (location_id, variable_id, "timestamp")=(13, 10, 2026-06-29 00:00:00) already exists.
[2026-06-29T09:25:05.721+0000] {logging_mixin.py:188} INFO - [transform] raw_id=56 ERREUR: duplicate key value violates unique constraint "weather_clean_location_id_variable_id_timestamp_key"
DETAIL:  Key (location_id, variable_id, "timestamp")=(14, 10, 2026-06-29 00:00:00) already exists.
[2026-06-29T09:25:05.782+0000] {logging_mixin.py:188} INFO - [transform] raw_id=58 ERREUR: duplicate key value violates unique constraint "weather_clean_location_id_variable_id_timestamp_key"
DETAIL:  Key (location_id, variable_id, "timestamp")=(15, 10, 2026-06-29 00:00:00) already exists.
[2026-06-29T09:25:06.228+0000] {python.py:237} INFO - Done. Returned value was: None
[2026-06-29T09:25:06.229+0000] {taskinstance.py:441} INFO - ::group::Post task execution logs
[2026-06-29T09:25:06.264+0000] {taskinstance.py:1206} INFO - Marking task as SUCCESS. dag_id=weather_daily_dag, task_id=transform_clean, run_id=manual__2026-06-29T09:18:30.519998+00:00, execution_date=20260629T091830, start_date=20260629T092443, end_date=20260629T092506
[2026-06-29T09:25:06.364+0000] {local_task_job_runner.py:240} INFO - Task exited with return code 0
[2026-06-29T09:25:06.397+0000] {taskinstance.py:3498} INFO - 1 downstream tasks scheduled from follow-on schedule check
[2026-06-29T09:25:06.399+0000] {local_task_job_runner.py:222} INFO - ::endgroup::
