[2026-06-28T09:26:22.391+0000] {local_task_job_runner.py:120} INFO - ::group::Pre task execution logs
[2026-06-28T09:26:22.513+0000] {taskinstance.py:2076} INFO - Dependencies all met for dep_context=non-requeueable deps ti=<TaskInstance: weather_daily_dag.transform_clean manual__2026-06-28T09:07:41+00:00 [queued]>
[2026-06-28T09:26:22.521+0000] {taskinstance.py:2076} INFO - Dependencies all met for dep_context=requeueable deps ti=<TaskInstance: weather_daily_dag.transform_clean manual__2026-06-28T09:07:41+00:00 [queued]>
[2026-06-28T09:26:22.521+0000] {taskinstance.py:2306} INFO - Starting attempt 1 of 4
[2026-06-28T09:26:22.533+0000] {taskinstance.py:2330} INFO - Executing <Task(PythonOperator): transform_clean> on 2026-06-28 09:07:41+00:00
[2026-06-28T09:26:22.547+0000] {warnings.py:110} WARNING - /home/***/.local/lib/python3.12/site-packages/***/task/task_runner/standard_task_runner.py:61: DeprecationWarning: This process (pid=208) is multi-threaded, use of fork() may lead to deadlocks in the child.
  pid = os.fork()

[2026-06-28T09:26:22.545+0000] {standard_task_runner.py:90} INFO - Running: ['***', 'tasks', 'run', 'weather_daily_dag', 'transform_clean', 'manual__2026-06-28T09:07:41+00:00', '--job-id', '56', '--raw', '--subdir', 'DAGS_FOLDER/weather_etl_dag.py', '--cfg-path', '/tmp/tmpqqk3s9ly']
[2026-06-28T09:26:22.549+0000] {standard_task_runner.py:91} INFO - Job 56: Subtask transform_clean
[2026-06-28T09:26:22.549+0000] {standard_task_runner.py:63} INFO - Started process 210 to run task
[2026-06-28T09:26:22.594+0000] {task_command.py:426} INFO - Running <TaskInstance: weather_daily_dag.transform_clean manual__2026-06-28T09:07:41+00:00 [running]> on host ef3b95b0c88e
[2026-06-28T09:26:22.677+0000] {taskinstance.py:2648} INFO - Exporting env vars: AIRFLOW_CTX_DAG_OWNER='elia' AIRFLOW_CTX_DAG_ID='weather_daily_dag' AIRFLOW_CTX_TASK_ID='transform_clean' AIRFLOW_CTX_EXECUTION_DATE='2026-06-28T09:07:41+00:00' AIRFLOW_CTX_TRY_NUMBER='1' AIRFLOW_CTX_DAG_RUN_ID='manual__2026-06-28T09:07:41+00:00'
[2026-06-28T09:26:22.679+0000] {taskinstance.py:430} INFO - ::endgroup::
[2026-06-28T09:26:22.693+0000] {logging_mixin.py:188} INFO - [transform] 27 entrées à traiter
[2026-06-28T09:26:22.693+0000] {logging_mixin.py:188} INFO - [transform] raw_id=26 ERREUR: duplicate key value violates unique constraint "weather_clean_location_id_variable_id_timestamp_key"
DETAIL:  Key (location_id, variable_id, "timestamp")=(8, 3, 2026-06-28 00:00:00) already exists.
[2026-06-28T09:26:22.694+0000] {logging_mixin.py:188} INFO - [transform] raw_id=28 ERREUR: duplicate key value violates unique constraint "weather_clean_location_id_variable_id_timestamp_key"
DETAIL:  Key (location_id, variable_id, "timestamp")=(9, 3, 2026-06-28 00:00:00) already exists.
[2026-06-28T09:26:22.695+0000] {logging_mixin.py:188} INFO - [transform] raw_id=30 ERREUR: duplicate key value violates unique constraint "weather_clean_location_id_variable_id_timestamp_key"
DETAIL:  Key (location_id, variable_id, "timestamp")=(10, 3, 2026-06-28 00:00:00) already exists.
[2026-06-28T09:26:22.696+0000] {logging_mixin.py:188} INFO - [transform] raw_id=39 ERREUR: duplicate key value violates unique constraint "weather_clean_location_id_variable_id_timestamp_key"
DETAIL:  Key (location_id, variable_id, "timestamp")=(18, 3, 2026-06-28 00:00:00) already exists.
[2026-06-28T09:26:22.696+0000] {logging_mixin.py:188} INFO - [transform] raw_id=40 ERREUR: duplicate key value violates unique constraint "weather_clean_location_id_variable_id_timestamp_key"
DETAIL:  Key (location_id, variable_id, "timestamp")=(19, 3, 2026-06-28 00:00:00) already exists.
[2026-06-28T09:26:22.697+0000] {logging_mixin.py:188} INFO - [transform] raw_id=41 ERREUR: duplicate key value violates unique constraint "weather_clean_location_id_variable_id_timestamp_key"
DETAIL:  Key (location_id, variable_id, "timestamp")=(20, 3, 2026-06-28 00:00:00) already exists.
[2026-06-28T09:26:22.698+0000] {logging_mixin.py:188} INFO - [transform] raw_id=42 ERREUR: duplicate key value violates unique constraint "weather_clean_location_id_variable_id_timestamp_key"
DETAIL:  Key (location_id, variable_id, "timestamp")=(21, 3, 2026-06-28 00:00:00) already exists.
[2026-06-28T09:26:22.699+0000] {logging_mixin.py:188} INFO - [transform] raw_id=43 ERREUR: duplicate key value violates unique constraint "weather_clean_location_id_variable_id_timestamp_key"
DETAIL:  Key (location_id, variable_id, "timestamp")=(22, 3, 2026-06-28 00:00:00) already exists.
[2026-06-28T09:26:22.699+0000] {logging_mixin.py:188} INFO - [transform] raw_id=44 ERREUR: duplicate key value violates unique constraint "weather_clean_location_id_variable_id_timestamp_key"
DETAIL:  Key (location_id, variable_id, "timestamp")=(1, 6, 2026-06-28 00:00:00) already exists.
[2026-06-28T09:26:22.700+0000] {logging_mixin.py:188} INFO - [transform] raw_id=45 ERREUR: duplicate key value violates unique constraint "weather_clean_location_id_variable_id_timestamp_key"
DETAIL:  Key (location_id, variable_id, "timestamp")=(2, 6, 2026-06-28 00:00:00) already exists.
[2026-06-28T09:26:22.700+0000] {logging_mixin.py:188} INFO - [transform] raw_id=46 ERREUR: duplicate key value violates unique constraint "weather_clean_location_id_variable_id_timestamp_key"
DETAIL:  Key (location_id, variable_id, "timestamp")=(3, 6, 2026-06-28 00:00:00) already exists.
[2026-06-28T09:26:22.709+0000] {logging_mixin.py:188} INFO - [transform] raw_id=51 ERREUR: duplicate key value violates unique constraint "weather_clean_location_id_variable_id_timestamp_key"
DETAIL:  Key (location_id, variable_id, "timestamp")=(6, 3, 2026-06-28 00:00:00) already exists.
[2026-06-28T09:26:22.709+0000] {logging_mixin.py:188} INFO - [transform] raw_id=52 ERREUR: duplicate key value violates unique constraint "weather_clean_location_id_variable_id_timestamp_key"
DETAIL:  Key (location_id, variable_id, "timestamp")=(8, 3, 2026-06-28 00:00:00) already exists.
[2026-06-28T09:26:22.710+0000] {logging_mixin.py:188} INFO - [transform] raw_id=53 ERREUR: duplicate key value violates unique constraint "weather_clean_location_id_variable_id_timestamp_key"
DETAIL:  Key (location_id, variable_id, "timestamp")=(11, 6, 2026-06-28 00:00:00) already exists.
[2026-06-28T09:26:22.711+0000] {logging_mixin.py:188} INFO - [transform] raw_id=54 ERREUR: duplicate key value violates unique constraint "weather_clean_location_id_variable_id_timestamp_key"
DETAIL:  Key (location_id, variable_id, "timestamp")=(12, 6, 2026-06-28 00:00:00) already exists.
[2026-06-28T09:26:22.711+0000] {logging_mixin.py:188} INFO - [transform] raw_id=55 ERREUR: duplicate key value violates unique constraint "weather_clean_location_id_variable_id_timestamp_key"
DETAIL:  Key (location_id, variable_id, "timestamp")=(13, 6, 2026-06-28 00:00:00) already exists.
[2026-06-28T09:26:22.712+0000] {logging_mixin.py:188} INFO - [transform] raw_id=56 ERREUR: duplicate key value violates unique constraint "weather_clean_location_id_variable_id_timestamp_key"
DETAIL:  Key (location_id, variable_id, "timestamp")=(16, 6, 2026-06-28 00:00:00) already exists.
[2026-06-28T09:26:22.713+0000] {logging_mixin.py:188} INFO - [transform] raw_id=57 ERREUR: duplicate key value violates unique constraint "weather_clean_location_id_variable_id_timestamp_key"
DETAIL:  Key (location_id, variable_id, "timestamp")=(17, 6, 2026-06-28 00:00:00) already exists.
[2026-06-28T09:26:22.713+0000] {logging_mixin.py:188} INFO - [transform] raw_id=58 ERREUR: duplicate key value violates unique constraint "weather_clean_location_id_variable_id_timestamp_key"
DETAIL:  Key (location_id, variable_id, "timestamp")=(18, 6, 2026-06-28 00:00:00) already exists.
[2026-06-28T09:26:22.745+0000] {logging_mixin.py:188} INFO - [transform] raw_id=63 ERREUR: duplicate key value violates unique constraint "weather_clean_location_id_variable_id_timestamp_key"
DETAIL:  Key (location_id, variable_id, "timestamp")=(13, 3, 2026-06-28 00:00:00) already exists.
[2026-06-28T09:26:23.823+0000] {logging_mixin.py:188} INFO - [transform] raw_id=65 ERREUR: duplicate key value violates unique constraint "weather_clean_location_id_variable_id_timestamp_key"
DETAIL:  Key (location_id, variable_id, "timestamp")=(15, 3, 2026-06-28 00:00:00) already exists.
[2026-06-28T09:26:23.824+0000] {python.py:237} INFO - Done. Returned value was: None
[2026-06-28T09:26:23.825+0000] {taskinstance.py:441} INFO - ::group::Post task execution logs
[2026-06-28T09:26:23.848+0000] {taskinstance.py:1206} INFO - Marking task as SUCCESS. dag_id=weather_daily_dag, task_id=transform_clean, run_id=manual__2026-06-28T09:07:41+00:00, execution_date=20260628T090741, start_date=20260628T092622, end_date=20260628T092623
[2026-06-28T09:26:23.899+0000] {local_task_job_runner.py:240} INFO - Task exited with return code 0
[2026-06-28T09:26:23.967+0000] {taskinstance.py:3498} INFO - 1 downstream tasks scheduled from follow-on schedule check
[2026-06-28T09:26:23.970+0000] {local_task_job_runner.py:222} INFO - ::endgroup::
