[2026-06-29T11:10:21.511+0000] {local_task_job_runner.py:120} INFO - ::group::Pre task execution logs
[2026-06-29T11:10:21.607+0000] {taskinstance.py:2076} INFO - Dependencies all met for dep_context=non-requeueable deps ti=<TaskInstance: weather_daily_dag.transform_clean manual__2026-06-29T11:03:47.460407+00:00 [queued]>
[2026-06-29T11:10:21.639+0000] {taskinstance.py:2076} INFO - Dependencies all met for dep_context=requeueable deps ti=<TaskInstance: weather_daily_dag.transform_clean manual__2026-06-29T11:03:47.460407+00:00 [queued]>
[2026-06-29T11:10:21.640+0000] {taskinstance.py:2306} INFO - Starting attempt 1 of 4
[2026-06-29T11:10:21.675+0000] {taskinstance.py:2330} INFO - Executing <Task(PythonOperator): transform_clean> on 2026-06-29 11:03:47.460407+00:00
[2026-06-29T11:10:21.719+0000] {warnings.py:110} WARNING - /home/***/.local/lib/python3.12/site-packages/***/task/task_runner/standard_task_runner.py:61: DeprecationWarning: This process (pid=205) is multi-threaded, use of fork() may lead to deadlocks in the child.
  pid = os.fork()

[2026-06-29T11:10:21.734+0000] {standard_task_runner.py:63} INFO - Started process 209 to run task
[2026-06-29T11:10:21.732+0000] {standard_task_runner.py:90} INFO - Running: ['***', 'tasks', 'run', 'weather_daily_dag', 'transform_clean', 'manual__2026-06-29T11:03:47.460407+00:00', '--job-id', '8', '--raw', '--subdir', 'DAGS_FOLDER/weather_etl_dag.py', '--cfg-path', '/tmp/tmpkdnrqb0v']
[2026-06-29T11:10:21.742+0000] {standard_task_runner.py:91} INFO - Job 8: Subtask transform_clean
[2026-06-29T11:10:21.852+0000] {task_command.py:426} INFO - Running <TaskInstance: weather_daily_dag.transform_clean manual__2026-06-29T11:03:47.460407+00:00 [running]> on host 19e056e589ad
[2026-06-29T11:10:22.092+0000] {taskinstance.py:2648} INFO - Exporting env vars: AIRFLOW_CTX_DAG_OWNER='elia' AIRFLOW_CTX_DAG_ID='weather_daily_dag' AIRFLOW_CTX_TASK_ID='transform_clean' AIRFLOW_CTX_EXECUTION_DATE='2026-06-29T11:03:47.460407+00:00' AIRFLOW_CTX_TRY_NUMBER='1' AIRFLOW_CTX_DAG_RUN_ID='manual__2026-06-29T11:03:47.460407+00:00'
[2026-06-29T11:10:22.096+0000] {taskinstance.py:430} INFO - ::endgroup::
[2026-06-29T11:10:22.119+0000] {logging_mixin.py:188} INFO - [transform] 32 entrées à traiter
[2026-06-29T11:10:22.120+0000] {logging_mixin.py:188} INFO - [transform] raw_id=2 ERREUR: duplicate key value violates unique constraint "weather_clean_location_id_variable_id_timestamp_key"
DETAIL:  Key (location_id, variable_id, "timestamp")=(1, 3, 2026-06-29 00:00:00) already exists.
[2026-06-29T11:10:22.121+0000] {logging_mixin.py:188} INFO - [transform] raw_id=4 ERREUR: duplicate key value violates unique constraint "weather_clean_location_id_variable_id_timestamp_key"
DETAIL:  Key (location_id, variable_id, "timestamp")=(2, 3, 2026-06-29 00:00:00) already exists.
[2026-06-29T11:10:22.122+0000] {logging_mixin.py:188} INFO - [transform] raw_id=6 ERREUR: duplicate key value violates unique constraint "weather_clean_location_id_variable_id_timestamp_key"
DETAIL:  Key (location_id, variable_id, "timestamp")=(3, 3, 2026-06-29 00:00:00) already exists.
[2026-06-29T11:10:22.122+0000] {logging_mixin.py:188} INFO - [transform] raw_id=8 ERREUR: duplicate key value violates unique constraint "weather_clean_location_id_variable_id_timestamp_key"
DETAIL:  Key (location_id, variable_id, "timestamp")=(4, 3, 2026-06-29 00:00:00) already exists.
[2026-06-29T11:10:22.124+0000] {logging_mixin.py:188} INFO - [transform] raw_id=10 ERREUR: duplicate key value violates unique constraint "weather_clean_location_id_variable_id_timestamp_key"
DETAIL:  Key (location_id, variable_id, "timestamp")=(5, 3, 2026-06-29 00:00:00) already exists.
[2026-06-29T11:10:22.124+0000] {logging_mixin.py:188} INFO - [transform] raw_id=12 ERREUR: duplicate key value violates unique constraint "weather_clean_location_id_variable_id_timestamp_key"
DETAIL:  Key (location_id, variable_id, "timestamp")=(6, 3, 2026-06-29 00:00:00) already exists.
[2026-06-29T11:10:22.125+0000] {logging_mixin.py:188} INFO - [transform] raw_id=14 ERREUR: duplicate key value violates unique constraint "weather_clean_location_id_variable_id_timestamp_key"
DETAIL:  Key (location_id, variable_id, "timestamp")=(7, 3, 2026-06-29 00:00:00) already exists.
[2026-06-29T11:10:22.126+0000] {logging_mixin.py:188} INFO - [transform] raw_id=16 ERREUR: duplicate key value violates unique constraint "weather_clean_location_id_variable_id_timestamp_key"
DETAIL:  Key (location_id, variable_id, "timestamp")=(8, 3, 2026-06-29 00:00:00) already exists.
[2026-06-29T11:10:22.127+0000] {logging_mixin.py:188} INFO - [transform] raw_id=18 ERREUR: duplicate key value violates unique constraint "weather_clean_location_id_variable_id_timestamp_key"
DETAIL:  Key (location_id, variable_id, "timestamp")=(9, 3, 2026-06-29 00:00:00) already exists.
[2026-06-29T11:10:22.127+0000] {logging_mixin.py:188} INFO - [transform] raw_id=20 ERREUR: duplicate key value violates unique constraint "weather_clean_location_id_variable_id_timestamp_key"
DETAIL:  Key (location_id, variable_id, "timestamp")=(10, 3, 2026-06-29 00:00:00) already exists.
[2026-06-29T11:10:22.128+0000] {logging_mixin.py:188} INFO - [transform] raw_id=22 ERREUR: duplicate key value violates unique constraint "weather_clean_location_id_variable_id_timestamp_key"
DETAIL:  Key (location_id, variable_id, "timestamp")=(15, 3, 2026-06-29 00:00:00) already exists.
[2026-06-29T11:10:22.129+0000] {logging_mixin.py:188} INFO - [transform] raw_id=24 ERREUR: duplicate key value violates unique constraint "weather_clean_location_id_variable_id_timestamp_key"
DETAIL:  Key (location_id, variable_id, "timestamp")=(16, 3, 2026-06-29 00:00:00) already exists.
[2026-06-29T11:10:22.129+0000] {logging_mixin.py:188} INFO - [transform] raw_id=26 ERREUR: duplicate key value violates unique constraint "weather_clean_location_id_variable_id_timestamp_key"
DETAIL:  Key (location_id, variable_id, "timestamp")=(17, 3, 2026-06-29 00:00:00) already exists.
[2026-06-29T11:10:22.130+0000] {logging_mixin.py:188} INFO - [transform] raw_id=28 ERREUR: duplicate key value violates unique constraint "weather_clean_location_id_variable_id_timestamp_key"
DETAIL:  Key (location_id, variable_id, "timestamp")=(18, 3, 2026-06-29 00:00:00) already exists.
[2026-06-29T11:10:22.131+0000] {logging_mixin.py:188} INFO - [transform] raw_id=30 ERREUR: duplicate key value violates unique constraint "weather_clean_location_id_variable_id_timestamp_key"
DETAIL:  Key (location_id, variable_id, "timestamp")=(19, 3, 2026-06-29 00:00:00) already exists.
[2026-06-29T11:10:22.132+0000] {logging_mixin.py:188} INFO - [transform] raw_id=32 ERREUR: duplicate key value violates unique constraint "weather_clean_location_id_variable_id_timestamp_key"
DETAIL:  Key (location_id, variable_id, "timestamp")=(20, 3, 2026-06-29 00:00:00) already exists.
[2026-06-29T11:10:22.132+0000] {logging_mixin.py:188} INFO - [transform] raw_id=34 ERREUR: duplicate key value violates unique constraint "weather_clean_location_id_variable_id_timestamp_key"
DETAIL:  Key (location_id, variable_id, "timestamp")=(21, 3, 2026-06-29 00:00:00) already exists.
[2026-06-29T11:10:22.133+0000] {logging_mixin.py:188} INFO - [transform] raw_id=36 ERREUR: duplicate key value violates unique constraint "weather_clean_location_id_variable_id_timestamp_key"
DETAIL:  Key (location_id, variable_id, "timestamp")=(22, 3, 2026-06-29 00:00:00) already exists.
[2026-06-29T11:10:22.134+0000] {logging_mixin.py:188} INFO - [transform] raw_id=38 ERREUR: duplicate key value violates unique constraint "weather_clean_location_id_variable_id_timestamp_key"
DETAIL:  Key (location_id, variable_id, "timestamp")=(1, 10, 2026-06-29 00:00:00) already exists.
[2026-06-29T11:10:22.135+0000] {logging_mixin.py:188} INFO - [transform] raw_id=40 ERREUR: duplicate key value violates unique constraint "weather_clean_location_id_variable_id_timestamp_key"
DETAIL:  Key (location_id, variable_id, "timestamp")=(2, 10, 2026-06-29 00:00:00) already exists.
[2026-06-29T11:10:22.136+0000] {logging_mixin.py:188} INFO - [transform] raw_id=42 ERREUR: duplicate key value violates unique constraint "weather_clean_location_id_variable_id_timestamp_key"
DETAIL:  Key (location_id, variable_id, "timestamp")=(3, 10, 2026-06-29 00:00:00) already exists.
[2026-06-29T11:10:22.137+0000] {logging_mixin.py:188} INFO - [transform] raw_id=44 ERREUR: duplicate key value violates unique constraint "weather_clean_location_id_variable_id_timestamp_key"
DETAIL:  Key (location_id, variable_id, "timestamp")=(8, 10, 2026-06-29 00:00:00) already exists.
[2026-06-29T11:10:22.138+0000] {logging_mixin.py:188} INFO - [transform] raw_id=46 ERREUR: duplicate key value violates unique constraint "weather_clean_location_id_variable_id_timestamp_key"
DETAIL:  Key (location_id, variable_id, "timestamp")=(9, 10, 2026-06-29 00:00:00) already exists.
[2026-06-29T11:10:22.139+0000] {logging_mixin.py:188} INFO - [transform] raw_id=48 ERREUR: duplicate key value violates unique constraint "weather_clean_location_id_variable_id_timestamp_key"
DETAIL:  Key (location_id, variable_id, "timestamp")=(10, 10, 2026-06-29 00:00:00) already exists.
[2026-06-29T11:10:22.140+0000] {logging_mixin.py:188} INFO - [transform] raw_id=50 ERREUR: duplicate key value violates unique constraint "weather_clean_location_id_variable_id_timestamp_key"
DETAIL:  Key (location_id, variable_id, "timestamp")=(11, 10, 2026-06-29 00:00:00) already exists.
[2026-06-29T11:10:22.140+0000] {logging_mixin.py:188} INFO - [transform] raw_id=52 ERREUR: duplicate key value violates unique constraint "weather_clean_location_id_variable_id_timestamp_key"
DETAIL:  Key (location_id, variable_id, "timestamp")=(12, 10, 2026-06-29 00:00:00) already exists.
[2026-06-29T11:10:22.141+0000] {logging_mixin.py:188} INFO - [transform] raw_id=55 ERREUR: duplicate key value violates unique constraint "weather_clean_location_id_variable_id_timestamp_key"
DETAIL:  Key (location_id, variable_id, "timestamp")=(13, 10, 2026-06-29 00:00:00) already exists.
[2026-06-29T11:10:22.142+0000] {logging_mixin.py:188} INFO - [transform] raw_id=56 ERREUR: duplicate key value violates unique constraint "weather_clean_location_id_variable_id_timestamp_key"
DETAIL:  Key (location_id, variable_id, "timestamp")=(14, 10, 2026-06-29 00:00:00) already exists.
[2026-06-29T11:10:22.143+0000] {logging_mixin.py:188} INFO - [transform] raw_id=58 ERREUR: duplicate key value violates unique constraint "weather_clean_location_id_variable_id_timestamp_key"
DETAIL:  Key (location_id, variable_id, "timestamp")=(15, 10, 2026-06-29 00:00:00) already exists.
[2026-06-29T11:10:22.143+0000] {logging_mixin.py:188} INFO - [transform] raw_id=60 ERREUR: duplicate key value violates unique constraint "weather_clean_location_id_variable_id_timestamp_key"
DETAIL:  Key (location_id, variable_id, "timestamp")=(16, 10, 2026-06-29 00:00:00) already exists.
[2026-06-29T11:10:22.144+0000] {logging_mixin.py:188} INFO - [transform] raw_id=62 ERREUR: duplicate key value violates unique constraint "weather_clean_location_id_variable_id_timestamp_key"
DETAIL:  Key (location_id, variable_id, "timestamp")=(17, 10, 2026-06-29 00:00:00) already exists.
[2026-06-29T11:10:22.145+0000] {logging_mixin.py:188} INFO - [transform] raw_id=64 ERREUR: duplicate key value violates unique constraint "weather_clean_location_id_variable_id_timestamp_key"
DETAIL:  Key (location_id, variable_id, "timestamp")=(18, 10, 2026-06-29 00:00:00) already exists.
[2026-06-29T11:10:22.146+0000] {python.py:237} INFO - Done. Returned value was: None
[2026-06-29T11:10:22.148+0000] {taskinstance.py:441} INFO - ::group::Post task execution logs
[2026-06-29T11:10:22.162+0000] {taskinstance.py:1206} INFO - Marking task as SUCCESS. dag_id=weather_daily_dag, task_id=transform_clean, run_id=manual__2026-06-29T11:03:47.460407+00:00, execution_date=20260629T110347, start_date=20260629T111021, end_date=20260629T111022
[2026-06-29T11:10:22.216+0000] {local_task_job_runner.py:240} INFO - Task exited with return code 0
[2026-06-29T11:10:22.325+0000] {taskinstance.py:3498} INFO - 0 downstream tasks scheduled from follow-on schedule check
[2026-06-29T11:10:22.341+0000] {local_task_job_runner.py:222} INFO - ::endgroup::
